nohup: ignoring input
[Config] CUDA detected: NVIDIA RTX A6000 x2
[Utils] Random seed set to 42
============================================================
  1D-DDPM Generation Pipeline
============================================================
  Device:       cuda
  Checkpoint:   logs/deep_v9_dit_b/checkpoint_final.pt
  Scaler:       logs/deep_v9_dit_b/scaler.pt
  Num samples:  5120
  Batch size:   64
  Use EMA:      True
  Output:       output/deep_v9.csv
============================================================

[Step 1] Loading scaler...
[Scaler] Parameters loaded from logs/deep_v9_dit_b/scaler.pt
  sp500: mean=0.000315, std=0.010551
  DGS10: mean=0.000026, std=0.066899
  Found run configuration: /home/u00134/src/logs/deep_v9_dit_b/config.json
  Loaded model config: channel_dims=[64, 128, 256, 512, 1024], time_emb_dim=256, T=1000

[Step 2] Loading model...
  Loaded EMA weights
  Trained epoch: 7999
  DIT-B parameters: 57,932,320

[Step 2.5] Loading dataset for conditional generation initial states...
[Dataset] Loaded 14734 rows from /home/u00134/data/train_sp500_us10y.csv
[Dataset] 2538 windows (seq_len=2048, stride=5, total_rows=14734)
  Dataset loaded. Number of available conditions: 2538

[Step 3] Generating 5120 paths...

  --- Batch 1 (64 samples) ---
  [DDIM Scheduler] Step  1/50 (t_curr=999 -> t_prev=979) | x range: [-4.397, 4.769]
  [DDIM Scheduler] Step  6/50 (t_curr=899 -> t_prev=879) | x range: [-4.397, 4.769]
  [DDIM Scheduler] Step 11/50 (t_curr=799 -> t_prev=779) | x range: [-4.397, 4.770]
  [DDIM Scheduler] Step 16/50 (t_curr=699 -> t_prev=679) | x range: [-4.398, 4.768]
  [DDIM Scheduler] Step 21/50 (t_curr=599 -> t_prev=579) | x range: [-4.381, 4.752]
  [DDIM Scheduler] Step 26/50 (t_curr=499 -> t_prev=479) | x range: [-4.397, 4.611]
  [DDIM Scheduler] Step 31/50 (t_curr=399 -> t_prev=379) | x range: [-4.956, 5.102]
  [DDIM Scheduler] Step 36/50 (t_curr=299 -> t_prev=279) | x range: [-5.425, 5.595]
  [DDIM Scheduler] Step 41/50 (t_curr=199 -> t_prev=179) | x range: [-5.644, 5.778]
  [DDIM Scheduler] Step 46/50 (t_curr= 99 -> t_prev= 79) | x range: [-5.522, 5.483]
  [DDIM Scheduler] Step 50/50 (t_curr= 19 -> t_prev= -1) | x range: [-5.044, 5.024]
  Generated: 64/5120

  --- Batch 2 (64 samples) ---
  [DDIM Scheduler] Step  1/50 (t_curr=999 -> t_prev=979) | x range: [-4.211, 4.190]
  [DDIM Scheduler] Step  6/50 (t_curr=899 -> t_prev=879) | x range: [-4.214, 4.190]
  [DDIM Scheduler] Step 11/50 (t_curr=799 -> t_prev=779) | x range: [-4.217, 4.191]
  [DDIM Scheduler] Step 16/50 (t_curr=699 -> t_prev=679) | x range: [-4.218, 4.189]
  [DDIM Scheduler] Step 21/50 (t_curr=599 -> t_prev=579) | x range: [-4.192, 4.155]
  [DDIM Scheduler] Step 26/50 (t_curr=499 -> t_prev=479) | x range: [-4.323, 4.096]
  [DDIM Scheduler] Step 31/50 (t_curr=399 -> t_prev=379) | x range: [-4.935, 4.410]
  [DDIM Scheduler] Step 36/50 (t_curr=299 -> t_prev=279) | x range: [-5.468, 4.966]
  [DDIM Scheduler] Step 41/50 (t_curr=199 -> t_prev=179) | x range: [-5.714, 5.319]
  [DDIM Scheduler] Step 46/50 (t_curr= 99 -> t_prev= 79) | x range: [-5.503, 5.308]
  [DDIM Scheduler] Step 50/50 (t_curr= 19 -> t_prev= -1) | x range: [-5.017, 5.020]
  Generated: 128/5120

  --- Batch 3 (64 samples) ---
  [DDIM Scheduler] Step  1/50 (t_curr=999 -> t_prev=979) | x range: [-4.497, 4.919]
  [DDIM Scheduler] Step  6/50 (t_curr=899 -> t_prev=879) | x range: [-4.496, 4.920]
  [DDIM Scheduler] Step 11/50 (t_curr=799 -> t_prev=779) | x range: [-4.494, 4.920]
  [DDIM Scheduler] Step 16/50 (t_curr=699 -> t_prev=679) | x range: [-4.482, 4.915]
  [DDIM Scheduler] Step 21/50 (t_curr=599 -> t_prev=579) | x range: [-4.397, 4.836]
  [DDIM Scheduler] Step 26/50 (t_curr=499 -> t_prev=479) | x range: [-4.661, 4.616]
  [DDIM Scheduler] Step 31/50 (t_curr=399 -> t_prev=379) | x range: [-5.273, 4.510]
  [DDIM Scheduler] Step 36/50 (t_curr=299 -> t_prev=279) | x range: [-5.788, 5.147]
  [DDIM Scheduler] Step 41/50 (t_curr=199 -> t_prev=179) | x range: [-5.990, 5.532]
  [DDIM Scheduler] Step 46/50 (t_curr= 99 -> t_prev= 79) | x range: [-5.691, 5.477]
  [DDIM Scheduler] Step 50/50 (t_curr= 19 -> t_prev= -1) | x range: [-5.018, 5.026]
  Generated: 192/5120

  --- Batch 4 (64 samples) ---
  [DDIM Scheduler] Step  1/50 (t_curr=999 -> t_prev=979) | x range: [-4.700, 4.746]
  [DDIM Scheduler] Step  6/50 (t_curr=899 -> t_prev=879) | x range: [-4.700, 4.748]
  [DDIM Scheduler] Step 11/50 (t_curr=799 -> t_prev=779) | x range: [-4.701, 4.748]
  [DDIM Scheduler] Step 16/50 (t_curr=699 -> t_prev=679) | x range: [-4.693, 4.751]
  [DDIM Scheduler] Step 21/50 (t_curr=599 -> t_prev=579) | x range: [-4.721, 4.762]
  [DDIM Scheduler] Step 26/50 (t_curr=499 -> t_prev=479) | x range: [-4.566, 4.759]
  [DDIM Scheduler] Step 31/50 (t_curr=399 -> t_prev=379) | x range: [-4.483, 5.170]
  [DDIM Scheduler] Step 36/50 (t_curr=299 -> t_prev=279) | x range: [-5.057, 5.584]
  [DDIM Scheduler] Step 41/50 (t_curr=199 -> t_prev=179) | x range: [-5.378, 5.826]
  [DDIM Scheduler] Step 46/50 (t_curr= 99 -> t_prev= 79) | x range: [-5.346, 5.602]
  [DDIM Scheduler] Step 50/50 (t_curr= 19 -> t_prev= -1) | x range: [-5.177, 5.040]
  Generated: 256/5120

  --- Batch 5 (64 samples) ---
  [DDIM Scheduler] Step  1/50 (t_curr=999 -> t_prev=979) | x range: [-4.382, 4.885]
  [DDIM Scheduler] Step  6/50 (t_curr=899 -> t_prev=879) | x range: [-4.383, 4.883]
  [DDIM Scheduler] Step 11/50 (t_curr=799 -> t_prev=779) | x range: [-4.384, 4.882]
  [DDIM Scheduler] Step 16/50 (t_curr=699 -> t_prev=679) | x range: [-4.379, 4.897]
  [DDIM Scheduler] Step 21/50 (t_curr=599 -> t_prev=579) | x range: [-4.351, 4.956]
  [DDIM Scheduler] Step 26/50 (t_curr=499 -> t_prev=479) | x range: [-4.282, 4.971]
  [DDIM Scheduler] Step 31/50 (t_curr=399 -> t_prev=379) | x range: [-4.682, 4.826]
  [DDIM Scheduler] Step 36/50 (t_curr=299 -> t_prev=279) | x range: [-5.109, 5.114]
  [DDIM Scheduler] Step 41/50 (t_curr=199 -> t_prev=179) | x range: [-5.499, 5.511]
  [DDIM Scheduler] Step 46/50 (t_curr= 99 -> t_prev= 79) | x range: [-5.458, 5.463]
  [DDIM Scheduler] Step 50/50 (t_curr= 19 -> t_prev= -1) | x range: [-5.024, 5.634]
  Generated: 320/5120

  --- Batch 6 (64 samples) ---
  [DDIM Scheduler] Step  1/50 (t_curr=999 -> t_prev=979) | x range: [-4.335, 4.848]
  [DDIM Scheduler] Step  6/50 (t_curr=899 -> t_prev=879) | x range: [-4.335, 4.849]
  [DDIM Scheduler] Step 11/50 (t_curr=799 -> t_prev=779) | x range: [-4.336, 4.848]
  [DDIM Scheduler] Step 16/50 (t_curr=699 -> t_prev=679) | x range: [-4.334, 4.847]
  [DDIM Scheduler] Step 21/50 (t_curr=599 -> t_prev=579) | x range: [-4.317, 4.817]
  [DDIM Scheduler] Step 26/50 (t_curr=499 -> t_prev=479) | x range: [-4.310, 4.553]
  [DDIM Scheduler] Step 31/50 (t_curr=399 -> t_prev=379) | x range: [-4.727, 4.497]
  [DDIM Scheduler] Step 36/50 (t_curr=299 -> t_prev=279) | x range: [-5.329, 5.067]
  [DDIM Scheduler] Step 41/50 (t_curr=199 -> t_prev=179) | x range: [-5.662, 5.387]
  [DDIM Scheduler] Step 46/50 (t_curr= 99 -> t_prev= 79) | x range: [-5.538, 5.394]
  [DDIM Scheduler] Step 50/50 (t_curr= 19 -> t_prev= -1) | x range: [-5.033, 5.018]
  Generated: 384/5120

  --- Batch 7 (64 samples) ---
  [DDIM Scheduler] Step  1/50 (t_curr=999 -> t_prev=979) | x range: [-4.395, 4.442]
  [DDIM Scheduler] Step  6/50 (t_curr=899 -> t_prev=879) | x range: [-4.394, 4.442]
  [DDIM Scheduler] Step 11/50 (t_curr=799 -> t_prev=779) | x range: [-4.394, 4.443]
  [DDIM Scheduler] Step 16/50 (t_curr=699 -> t_prev=679) | x range: [-4.392, 4.438]
  [DDIM Scheduler] Step 21/50 (t_curr=599 -> t_prev=579) | x range: [-4.376, 4.330]
  [DDIM Scheduler] Step 26/50 (t_curr=499 -> t_prev=479) | x range: [-4.811, 4.700]
  [DDIM Scheduler] Step 31/50 (t_curr=399 -> t_prev=379) | x range: [-5.375, 5.118]
  [DDIM Scheduler] Step 36/50 (t_curr=299 -> t_prev=279) | x range: [-5.839, 5.398]
  [DDIM Scheduler] Step 41/50 (t_curr=199 -> t_prev=179) | x range: [-5.989, 5.589]
  [DDIM Scheduler] Step 46/50 (t_curr= 99 -> t_prev= 79) | x range: [-5.639, 5.516]
  [DDIM Scheduler] Step 50/50 (t_curr= 19 -> t_prev= -1) | x range: [-5.093, 5.131]
  Generated: 448/5120

  --- Batch 8 (64 samples) ---
  [DDIM Scheduler] Step  1/50 (t_curr=999 -> t_prev=979) | x range: [-4.782, 4.702]
  [DDIM Scheduler] Step  6/50 (t_curr=899 -> t_prev=879) | x range: [-4.781, 4.705]
  [DDIM Scheduler] Step 11/50 (t_curr=799 -> t_prev=779) | x range: [-4.780, 4.706]
  [DDIM Scheduler] Step 16/50 (t_curr=699 -> t_prev=679) | x range: [-4.771, 4.701]
  [DDIM Scheduler] Step 21/50 (t_curr=599 -> t_prev=579) | x range: [-4.726, 4.900]
  [DDIM Scheduler] Step 26/50 (t_curr=499 -> t_prev=479) | x range: [-4.511, 5.394]
  [DDIM Scheduler] Step 31/50 (t_curr=399 -> t_prev=379) | x range: [-4.885, 5.936]
  [DDIM Scheduler] Step 36/50 (t_curr=299 -> t_prev=279) | x range: [-5.462, 6.323]
  [DDIM Scheduler] Step 41/50 (t_curr=199 -> t_prev=179) | x range: [-5.761, 6.330]
  [DDIM Scheduler] Step 46/50 (t_curr= 99 -> t_prev= 79) | x range: [-5.585, 5.781]
  [DDIM Scheduler] Step 50/50 (t_curr= 19 -> t_prev= -1) | x range: [-5.051, 5.024]
  Generated: 512/5120

  --- Batch 9 (64 samples) ---
  [DDIM Scheduler] Step  1/50 (t_curr=999 -> t_prev=979) | x range: [-4.725, 4.532]
  [DDIM Scheduler] Step  6/50 (t_curr=899 -> t_prev=879) | x range: [-4.727, 4.534]
  [DDIM Scheduler] Step 11/50 (t_curr=799 -> t_prev=779) | x range: [-4.728, 4.534]
  [DDIM Scheduler] Step 16/50 (t_curr=699 -> t_prev=679) | x range: [-4.725, 4.523]
  [DDIM Scheduler] Step 21/50 (t_curr=599 -> t_prev=579) | x range: [-4.698, 4.487]
  [DDIM Scheduler] Step 26/50 (t_curr=499 -> t_prev=479) | x range: [-4.680, 4.337]
  [DDIM Scheduler] Step 31/50 (t_curr=399 -> t_prev=379) | x range: [-5.305, 4.921]
  [DDIM Scheduler] Step 36/50 (t_curr=299 -> t_prev=279) | x range: [-5.829, 5.485]
  [DDIM Scheduler] Step 41/50 (t_curr=199 -> t_prev=179) | x range: [-6.029, 5.771]
  [DDIM Scheduler] Step 46/50 (t_curr= 99 -> t_prev= 79) | x range: [-5.719, 5.584]
  [DDIM Scheduler] Step 50/50 (t_curr= 19 -> t_prev= -1) | x range: [-5.033, 5.026]
  Generated: 576/5120

  --- Batch 10 (64 samples) ---
  [DDIM Scheduler] Step  1/50 (t_curr=999 -> t_prev=979) | x range: [-4.247, 5.150]
  [DDIM Scheduler] Step  6/50 (t_curr=899 -> t_prev=879) | x range: [-4.247, 5.144]
  [DDIM Scheduler] Step 11/50 (t_curr=799 -> t_prev=779) | x range: [-4.248, 5.138]
  [DDIM Scheduler] Step 16/50 (t_curr=699 -> t_prev=679) | x range: [-4.255, 5.135]
  [DDIM Scheduler] Step 21/50 (t_curr=599 -> t_prev=579) | x range: [-4.245, 5.121]
  [DDIM Scheduler] Step 26/50 (t_curr=499 -> t_prev=479) | x range: [-4.283, 5.000]
  [DDIM Scheduler] Step 31/50 (t_curr=399 -> t_prev=379) | x range: [-4.404, 4.579]
  [DDIM Scheduler] Step 36/50 (t_curr=299 -> t_prev=279) | x range: [-5.043, 4.969]
  [DDIM Scheduler] Step 41/50 (t_curr=199 -> t_prev=179) | x range: [-5.446, 5.402]
  [DDIM Scheduler] Step 46/50 (t_curr= 99 -> t_prev= 79) | x range: [-5.423, 5.414]
  [DDIM Scheduler] Step 50/50 (t_curr= 19 -> t_prev= -1) | x range: [-5.043, 5.017]
  Generated: 640/5120

  --- Batch 11 (64 samples) ---
  [DDIM Scheduler] Step  1/50 (t_curr=999 -> t_prev=979) | x range: [-4.554, 4.287]
  [DDIM Scheduler] Step  6/50 (t_curr=899 -> t_prev=879) | x range: [-4.555, 4.284]
  [DDIM Scheduler] Step 11/50 (t_curr=799 -> t_prev=779) | x range: [-4.556, 4.282]
  [DDIM Scheduler] Step 16/50 (t_curr=699 -> t_prev=679) | x range: [-4.555, 4.279]
  [DDIM Scheduler] Step 21/50 (t_curr=599 -> t_prev=579) | x range: [-4.529, 4.265]
  [DDIM Scheduler] Step 26/50 (t_curr=499 -> t_prev=479) | x range: [-4.429, 4.182]
  [DDIM Scheduler] Step 31/50 (t_curr=399 -> t_prev=379) | x range: [-4.620, 4.507]
  [DDIM Scheduler] Step 36/50 (t_curr=299 -> t_prev=279) | x range: [-5.233, 5.145]
  [DDIM Scheduler] Step 41/50 (t_curr=199 -> t_prev=179) | x range: [-5.588, 5.531]
  [DDIM Scheduler] Step 46/50 (t_curr= 99 -> t_prev= 79) | x range: [-5.494, 5.482]
  [DDIM Scheduler] Step 50/50 (t_curr= 19 -> t_prev= -1) | x range: [-5.025, 5.026]
  Generated: 704/5120

  --- Batch 12 (64 samples) ---
  [DDIM Scheduler] Step  1/50 (t_curr=999 -> t_prev=979) | x range: [-5.326, 4.403]
  [DDIM Scheduler] Step  6/50 (t_curr=899 -> t_prev=879) | x range: [-5.325, 4.399]
  [DDIM Scheduler] Step 11/50 (t_curr=799 -> t_prev=779) | x range: [-5.323, 4.395]
  [DDIM Scheduler] Step 16/50 (t_curr=699 -> t_prev=679) | x range: [-5.323, 4.393]
  [DDIM Scheduler] Step 21/50 (t_curr=599 -> t_prev=579) | x range: [-5.275, 4.380]
  [DDIM Scheduler] Step 26/50 (t_curr=499 -> t_prev=479) | x range: [-5.216, 4.406]
  [DDIM Scheduler] Step 31/50 (t_curr=399 -> t_prev=379) | x range: [-4.822, 4.635]
  [DDIM Scheduler] Step 36/50 (t_curr=299 -> t_prev=279) | x range: [-4.777, 4.710]
  [DDIM Scheduler] Step 41/50 (t_curr=199 -> t_prev=179) | x range: [-5.250, 5.193]
  [DDIM Scheduler] Step 46/50 (t_curr= 99 -> t_prev= 79) | x range: [-5.332, 5.307]
  [DDIM Scheduler] Step 50/50 (t_curr= 19 -> t_prev= -1) | x range: [-5.024, 5.038]
  Generated: 768/5120

  --- Batch 13 (64 samples) ---
  [DDIM Scheduler] Step  1/50 (t_curr=999 -> t_prev=979) | x range: [-4.287, 4.570]
  [DDIM Scheduler] Step  6/50 (t_curr=899 -> t_prev=879) | x range: [-4.287, 4.575]
  [DDIM Scheduler] Step 11/50 (t_curr=799 -> t_prev=779) | x range: [-4.287, 4.579]
  [DDIM Scheduler] Step 16/50 (t_curr=699 -> t_prev=679) | x range: [-4.293, 4.575]
  [DDIM Scheduler] Step 21/50 (t_curr=599 -> t_prev=579) | x range: [-4.298, 4.549]
  [DDIM Scheduler] Step 26/50 (t_curr=499 -> t_prev=479) | x range: [-4.239, 4.454]
  [DDIM Scheduler] Step 31/50 (t_curr=399 -> t_prev=379) | x range: [-4.514, 4.753]
  [DDIM Scheduler] Step 36/50 (t_curr=299 -> t_prev=279) | x range: [-5.138, 5.187]
  [DDIM Scheduler] Step 41/50 (t_curr=199 -> t_prev=179) | x range: [-5.507, 5.539]
  [DDIM Scheduler] Step 46/50 (t_curr= 99 -> t_prev= 79) | x range: [-5.432, 5.478]
  [DDIM Scheduler] Step 50/50 (t_curr= 19 -> t_prev= -1) | x range: [-5.031, 5.032]
  Generated: 832/5120

  --- Batch 14 (64 samples) ---
  [DDIM Scheduler] Step  1/50 (t_curr=999 -> t_prev=979) | x range: [-4.747, 4.758]
  [DDIM Scheduler] Step  6/50 (t_curr=899 -> t_prev=879) | x range: [-4.743, 4.756]
  [DDIM Scheduler] Step 11/50 (t_curr=799 -> t_prev=779) | x range: [-4.739, 4.753]
  [DDIM Scheduler] Step 16/50 (t_curr=699 -> t_prev=679) | x range: [-4.729, 4.748]
  [DDIM Scheduler] Step 21/50 (t_curr=599 -> t_prev=579) | x range: [-4.778, 4.731]
  [DDIM Scheduler] Step 26/50 (t_curr=499 -> t_prev=479) | x range: [-4.965, 4.704]
  [DDIM Scheduler] Step 31/50 (t_curr=399 -> t_prev=379) | x range: [-5.554, 4.802]
  [DDIM Scheduler] Step 36/50 (t_curr=299 -> t_prev=279) | x range: [-6.026, 5.382]
  [DDIM Scheduler] Step 41/50 (t_curr=199 -> t_prev=179) | x range: [-6.160, 5.692]
  [DDIM Scheduler] Step 46/50 (t_curr= 99 -> t_prev= 79) | x range: [-5.776, 5.545]
  [DDIM Scheduler] Step 50/50 (t_curr= 19 -> t_prev= -1) | x range: [-5.025, 5.052]
  Generated: 896/5120

  --- Batch 15 (64 samples) ---
  [DDIM Scheduler] Step  1/50 (t_curr=999 -> t_prev=979) | x range: [-4.548, 4.929]
  [DDIM Scheduler] Step  6/50 (t_curr=899 -> t_prev=879) | x range: [-4.547, 4.928]
  [DDIM Scheduler] Step 11/50 (t_curr=799 -> t_prev=779) | x range: [-4.546, 4.928]
  [DDIM Scheduler] Step 16/50 (t_curr=699 -> t_prev=679) | x range: [-4.541, 4.918]
  [DDIM Scheduler] Step 21/50 (t_curr=599 -> t_prev=579) | x range: [-4.474, 4.830]
  [DDIM Scheduler] Step 26/50 (t_curr=499 -> t_prev=479) | x range: [-4.514, 4.603]
  [DDIM Scheduler] Step 31/50 (t_curr=399 -> t_prev=379) | x range: [-4.660, 4.581]
  [DDIM Scheduler] Step 36/50 (t_curr=299 -> t_prev=279) | x range: [-5.029, 5.187]
  [DDIM Scheduler] Step 41/50 (t_curr=199 -> t_prev=179) | x range: [-5.437, 5.541]
  [DDIM Scheduler] Step 46/50 (t_curr= 99 -> t_prev= 79) | x range: [-5.417, 5.462]
  [DDIM Scheduler] Step 50/50 (t_curr= 19 -> t_prev= -1) | x range: [-5.047, 5.028]
  Generated: 960/5120

  --- Batch 16 (64 samples) ---
  [DDIM Scheduler] Step  1/50 (t_curr=999 -> t_prev=979) | x range: [-4.406, 4.467]
  [DDIM Scheduler] Step  6/50 (t_curr=899 -> t_prev=879) | x range: [-4.406, 4.467]
  [DDIM Scheduler] Step 11/50 (t_curr=799 -> t_prev=779) | x range: [-4.407, 4.466]
  [DDIM Scheduler] Step 16/50 (t_curr=699 -> t_prev=679) | x range: [-4.407, 4.463]
  [DDIM Scheduler] Step 21/50 (t_curr=599 -> t_prev=579) | x range: [-4.400, 4.450]
  [DDIM Scheduler] Step 26/50 (t_curr=499 -> t_prev=479) | x range: [-4.351, 4.471]
  [DDIM Scheduler] Step 31/50 (t_curr=399 -> t_prev=379) | x range: [-4.712, 4.679]
  [DDIM Scheduler] Step 36/50 (t_curr=299 -> t_prev=279) | x range: [-5.307, 5.275]
  [DDIM Scheduler] Step 41/50 (t_curr=199 -> t_prev=179) | x range: [-5.638, 5.611]
  [DDIM Scheduler] Step 46/50 (t_curr= 99 -> t_prev= 79) | x range: [-5.518, 5.499]
  [DDIM Scheduler] Step 50/50 (t_curr= 19 -> t_prev= -1) | x range: [-5.071, 5.061]
  Generated: 1024/5120

  --- Batch 17 (64 samples) ---
  [DDIM Scheduler] Step  1/50 (t_curr=999 -> t_prev=979) | x range: [-4.385, 4.499]
  [DDIM Scheduler] Step  6/50 (t_curr=899 -> t_prev=879) | x range: [-4.387, 4.501]
  [DDIM Scheduler] Step 11/50 (t_curr=799 -> t_prev=779) | x range: [-4.389, 4.504]
  [DDIM Scheduler] Step 16/50 (t_curr=699 -> t_prev=679) | x range: [-4.390, 4.508]
  [DDIM Scheduler] Step 21/50 (t_curr=599 -> t_prev=579) | x range: [-4.419, 4.489]
  [DDIM Scheduler] Step 26/50 (t_curr=499 -> t_prev=479) | x range: [-4.516, 4.383]
  [DDIM Scheduler] Step 31/50 (t_curr=399 -> t_prev=379) | x range: [-5.130, 4.437]
  [DDIM Scheduler] Step 36/50 (t_curr=299 -> t_prev=279) | x range: [-5.651, 4.911]
  [DDIM Scheduler] Step 41/50 (t_curr=199 -> t_prev=179) | x range: [-5.874, 5.345]
  [DDIM Scheduler] Step 46/50 (t_curr= 99 -> t_prev= 79) | x range: [-5.623, 5.369]
  [DDIM Scheduler] Step 50/50 (t_curr= 19 -> t_prev= -1) | x range: [-5.026, 5.021]
  Generated: 1088/5120

  --- Batch 18 (64 samples) ---
  [DDIM Scheduler] Step  1/50 (t_curr=999 -> t_prev=979) | x range: [-4.984, 4.744]
  [DDIM Scheduler] Step  6/50 (t_curr=899 -> t_prev=879) | x range: [-4.984, 4.743]
  [DDIM Scheduler] Step 11/50 (t_curr=799 -> t_prev=779) | x range: [-4.984, 4.741]
  [DDIM Scheduler] Step 16/50 (t_curr=699 -> t_prev=679) | x range: [-4.981, 4.737]
  [DDIM Scheduler] Step 21/50 (t_curr=599 -> t_prev=579) | x range: [-4.961, 4.721]
  [DDIM Scheduler] Step 26/50 (t_curr=499 -> t_prev=479) | x range: [-4.999, 4.576]
  [DDIM Scheduler] Step 31/50 (t_curr=399 -> t_prev=379) | x range: [-4.875, 4.311]
  [DDIM Scheduler] Step 36/50 (t_curr=299 -> t_prev=279) | x range: [-5.099, 4.957]
  [DDIM Scheduler] Step 41/50 (t_curr=199 -> t_prev=179) | x range: [-5.487, 5.385]
  [DDIM Scheduler] Step 46/50 (t_curr= 99 -> t_prev= 79) | x range: [-5.442, 5.397]
  [DDIM Scheduler] Step 50/50 (t_curr= 19 -> t_prev= -1) | x range: [-5.030, 5.018]
  Generated: 1152/5120

  --- Batch 19 (64 samples) ---
  [DDIM Scheduler] Step  1/50 (t_curr=999 -> t_prev=979) | x range: [-4.271, 4.569]
  [DDIM Scheduler] Step  6/50 (t_curr=899 -> t_prev=879) | x range: [-4.272, 4.568]
  [DDIM Scheduler] Step 11/50 (t_curr=799 -> t_prev=779) | x range: [-4.274, 4.567]
  [DDIM Scheduler] Step 16/50 (t_curr=699 -> t_prev=679) | x range: [-4.279, 4.561]
  [DDIM Scheduler] Step 21/50 (t_curr=599 -> t_prev=579) | x range: [-4.282, 4.534]
  [DDIM Scheduler] Step 26/50 (t_curr=499 -> t_prev=479) | x range: [-4.441, 4.436]
  [DDIM Scheduler] Step 31/50 (t_curr=399 -> t_prev=379) | x range: [-5.059, 4.732]
  [DDIM Scheduler] Step 36/50 (t_curr=299 -> t_prev=279) | x range: [-5.595, 5.312]
  [DDIM Scheduler] Step 41/50 (t_curr=199 -> t_prev=179) | x range: [-5.836, 5.635]
  [DDIM Scheduler] Step 46/50 (t_curr= 99 -> t_prev= 79) | x range: [-5.595, 5.515]
  [DDIM Scheduler] Step 50/50 (t_curr= 19 -> t_prev= -1) | x range: [-5.017, 5.021]
  Generated: 1216/5120

  --- Batch 20 (64 samples) ---
  [DDIM Scheduler] Step  1/50 (t_curr=999 -> t_prev=979) | x range: [-4.566, 4.637]
  [DDIM Scheduler] Step  6/50 (t_curr=899 -> t_prev=879) | x range: [-4.565, 4.635]
  [DDIM Scheduler] Step 11/50 (t_curr=799 -> t_prev=779) | x range: [-4.564, 4.633]
  [DDIM Scheduler] Step 16/50 (t_curr=699 -> t_prev=679) | x range: [-4.559, 4.638]
  [DDIM Scheduler] Step 21/50 (t_curr=599 -> t_prev=579) | x range: [-4.485, 4.567]
  [DDIM Scheduler] Step 26/50 (t_curr=499 -> t_prev=479) | x range: [-4.269, 4.542]
  [DDIM Scheduler] Step 31/50 (t_curr=399 -> t_prev=379) | x range: [-4.525, 5.035]
  [DDIM Scheduler] Step 36/50 (t_curr=299 -> t_prev=279) | x range: [-5.153, 5.419]
  [DDIM Scheduler] Step 41/50 (t_curr=199 -> t_prev=179) | x range: [-5.531, 5.690]
  [DDIM Scheduler] Step 46/50 (t_curr= 99 -> t_prev= 79) | x range: [-5.466, 5.549]
  [DDIM Scheduler] Step 50/50 (t_curr= 19 -> t_prev= -1) | x range: [-5.029, 5.019]
  Generated: 1280/5120

  --- Batch 21 (64 samples) ---
  [DDIM Scheduler] Step  1/50 (t_curr=999 -> t_prev=979) | x range: [-4.735, 4.275]
  [DDIM Scheduler] Step  6/50 (t_curr=899 -> t_prev=879) | x range: [-4.736, 4.274]
  [DDIM Scheduler] Step 11/50 (t_curr=799 -> t_prev=779) | x range: [-4.736, 4.273]
  [DDIM Scheduler] Step 16/50 (t_curr=699 -> t_prev=679) | x range: [-4.732, 4.269]
  [DDIM Scheduler] Step 21/50 (t_curr=599 -> t_prev=579) | x range: [-4.710, 4.346]
  [DDIM Scheduler] Step 26/50 (t_curr=499 -> t_prev=479) | x range: [-4.557, 4.469]
  [DDIM Scheduler] Step 31/50 (t_curr=399 -> t_prev=379) | x range: [-4.554, 4.653]
  [DDIM Scheduler] Step 36/50 (t_curr=299 -> t_prev=279) | x range: [-5.152, 4.989]
  [DDIM Scheduler] Step 41/50 (t_curr=199 -> t_prev=179) | x range: [-5.506, 5.263]
  [DDIM Scheduler] Step 46/50 (t_curr= 99 -> t_prev= 79) | x range: [-5.436, 5.343]
  [DDIM Scheduler] Step 50/50 (t_curr= 19 -> t_prev= -1) | x range: [-5.049, 5.023]
  Generated: 1344/5120

  --- Batch 22 (64 samples) ---
  [DDIM Scheduler] Step  1/50 (t_curr=999 -> t_prev=979) | x range: [-4.844, 4.442]
  [DDIM Scheduler] Step  6/50 (t_curr=899 -> t_prev=879) | x range: [-4.842, 4.442]
  [DDIM Scheduler] Step 11/50 (t_curr=799 -> t_prev=779) | x range: [-4.840, 4.441]
  [DDIM Scheduler] Step 16/50 (t_curr=699 -> t_prev=679) | x range: [-4.827, 4.444]
  [DDIM Scheduler] Step 21/50 (t_curr=599 -> t_prev=579) | x range: [-4.799, 4.438]
  [DDIM Scheduler] Step 26/50 (t_curr=499 -> t_prev=479) | x range: [-4.740, 4.334]
  [DDIM Scheduler] Step 31/50 (t_curr=399 -> t_prev=379) | x range: [-5.324, 4.961]
  [DDIM Scheduler] Step 36/50 (t_curr=299 -> t_prev=279) | x range: [-5.820, 5.528]
  [DDIM Scheduler] Step 41/50 (t_curr=199 -> t_prev=179) | x range: [-6.004, 5.810]
  [DDIM Scheduler] Step 46/50 (t_curr= 99 -> t_prev= 79) | x range: [-5.689, 5.615]
  [DDIM Scheduler] Step 50/50 (t_curr= 19 -> t_prev= -1) | x range: [-5.028, 5.028]
  Generated: 1408/5120

  --- Batch 23 (64 samples) ---
  [DDIM Scheduler] Step  1/50 (t_curr=999 -> t_prev=979) | x range: [-4.626, 4.450]
  [DDIM Scheduler] Step  6/50 (t_curr=899 -> t_prev=879) | x range: [-4.627, 4.449]
  [DDIM Scheduler] Step 11/50 (t_curr=799 -> t_prev=779) | x range: [-4.627, 4.448]
  [DDIM Scheduler] Step 16/50 (t_curr=699 -> t_prev=679) | x range: [-4.623, 4.445]
  [DDIM Scheduler] Step 21/50 (t_curr=599 -> t_prev=579) | x range: [-4.584, 4.410]
  [DDIM Scheduler] Step 26/50 (t_curr=499 -> t_prev=479) | x range: [-4.449, 4.705]
  [DDIM Scheduler] Step 31/50 (t_curr=399 -> t_prev=379) | x range: [-4.733, 5.264]
  [DDIM Scheduler] Step 36/50 (t_curr=299 -> t_prev=279) | x range: [-5.291, 5.755]
  [DDIM Scheduler] Step 41/50 (t_curr=199 -> t_prev=179) | x range: [-5.610, 5.941]
  [DDIM Scheduler] Step 46/50 (t_curr= 99 -> t_prev= 79) | x range: [-5.490, 5.637]
  [DDIM Scheduler] Step 50/50 (t_curr= 19 -> t_prev= -1) | x range: [-5.037, 5.083]
  Generated: 1472/5120

  --- Batch 24 (64 samples) ---
  [DDIM Scheduler] Step  1/50 (t_curr=999 -> t_prev=979) | x range: [-4.497, 4.419]
  [DDIM Scheduler] Step  6/50 (t_curr=899 -> t_prev=879) | x range: [-4.498, 4.418]
  [DDIM Scheduler] Step 11/50 (t_curr=799 -> t_prev=779) | x range: [-4.498, 4.417]
  [DDIM Scheduler] Step 16/50 (t_curr=699 -> t_prev=679) | x range: [-4.491, 4.422]
  [DDIM Scheduler] Step 21/50 (t_curr=599 -> t_prev=579) | x range: [-4.461, 4.425]
  [DDIM Scheduler] Step 26/50 (t_curr=499 -> t_prev=479) | x range: [-4.368, 4.341]
  [DDIM Scheduler] Step 31/50 (t_curr=399 -> t_prev=379) | x range: [-4.478, 4.903]
  [DDIM Scheduler] Step 36/50 (t_curr=299 -> t_prev=279) | x range: [-5.093, 5.452]
  [DDIM Scheduler] Step 41/50 (t_curr=199 -> t_prev=179) | x range: [-5.473, 5.722]
  [DDIM Scheduler] Step 46/50 (t_curr= 99 -> t_prev= 79) | x range: [-5.433, 5.526]
  [DDIM Scheduler] Step 50/50 (t_curr= 19 -> t_prev= -1) | x range: [-5.031, 5.017]
  Generated: 1536/5120

  --- Batch 25 (64 samples) ---
  [DDIM Scheduler] Step  1/50 (t_curr=999 -> t_prev=979) | x range: [-4.632, 5.162]
  [DDIM Scheduler] Step  6/50 (t_curr=899 -> t_prev=879) | x range: [-4.632, 5.161]
  [DDIM Scheduler] Step 11/50 (t_curr=799 -> t_prev=779) | x range: [-4.634, 5.159]
  [DDIM Scheduler] Step 16/50 (t_curr=699 -> t_prev=679) | x range: [-4.632, 5.154]
  [DDIM Scheduler] Step 21/50 (t_curr=599 -> t_prev=579) | x range: [-4.614, 5.078]
  [DDIM Scheduler] Step 26/50 (t_curr=499 -> t_prev=479) | x range: [-4.519, 4.874]
  [DDIM Scheduler] Step 31/50 (t_curr=399 -> t_prev=379) | x range: [-4.286, 4.651]
  [DDIM Scheduler] Step 36/50 (t_curr=299 -> t_prev=279) | x range: [-4.893, 5.241]
  [DDIM Scheduler] Step 41/50 (t_curr=199 -> t_prev=179) | x range: [-5.345, 5.577]
  [DDIM Scheduler] Step 46/50 (t_curr= 99 -> t_prev= 79) | x range: [-5.373, 5.482]
  [DDIM Scheduler] Step 50/50 (t_curr= 19 -> t_prev= -1) | x range: [-5.016, 5.012]
  Generated: 1600/5120

  --- Batch 26 (64 samples) ---
  [DDIM Scheduler] Step  1/50 (t_curr=999 -> t_prev=979) | x range: [-4.562, 4.612]
  [DDIM Scheduler] Step  6/50 (t_curr=899 -> t_prev=879) | x range: [-4.560, 4.613]
  [DDIM Scheduler] Step 11/50 (t_curr=799 -> t_prev=779) | x range: [-4.558, 4.613]
  [DDIM Scheduler] Step 16/50 (t_curr=699 -> t_prev=679) | x range: [-4.563, 4.617]
  [DDIM Scheduler] Step 21/50 (t_curr=599 -> t_prev=579) | x range: [-4.577, 4.577]
  [DDIM Scheduler] Step 26/50 (t_curr=499 -> t_prev=479) | x range: [-4.623, 4.440]
  [DDIM Scheduler] Step 31/50 (t_curr=399 -> t_prev=379) | x range: [-5.203, 4.578]
  [DDIM Scheduler] Step 36/50 (t_curr=299 -> t_prev=279) | x range: [-5.731, 5.047]
  [DDIM Scheduler] Step 41/50 (t_curr=199 -> t_prev=179) | x range: [-5.952, 5.430]
  [DDIM Scheduler] Step 46/50 (t_curr= 99 -> t_prev= 79) | x range: [-5.683, 5.425]
  [DDIM Scheduler] Step 50/50 (t_curr= 19 -> t_prev= -1) | x range: [-5.023, 5.024]
  Generated: 1664/5120

  --- Batch 27 (64 samples) ---
  [DDIM Scheduler] Step  1/50 (t_curr=999 -> t_prev=979) | x range: [-4.443, 4.637]
  [DDIM Scheduler] Step  6/50 (t_curr=899 -> t_prev=879) | x range: [-4.440, 4.636]
  [DDIM Scheduler] Step 11/50 (t_curr=799 -> t_prev=779) | x range: [-4.437, 4.634]
  [DDIM Scheduler] Step 16/50 (t_curr=699 -> t_prev=679) | x range: [-4.434, 4.628]
  [DDIM Scheduler] Step 21/50 (t_curr=599 -> t_prev=579) | x range: [-4.577, 4.604]
  [DDIM Scheduler] Step 26/50 (t_curr=499 -> t_prev=479) | x range: [-4.772, 4.460]
  [DDIM Scheduler] Step 31/50 (t_curr=399 -> t_prev=379) | x range: [-4.921, 4.981]
  [DDIM Scheduler] Step 36/50 (t_curr=299 -> t_prev=279) | x range: [-5.231, 5.542]
  [DDIM Scheduler] Step 41/50 (t_curr=199 -> t_prev=179) | x range: [-5.571, 5.812]
  [DDIM Scheduler] Step 46/50 (t_curr= 99 -> t_prev= 79) | x range: [-5.464, 5.607]
  [DDIM Scheduler] Step 50/50 (t_curr= 19 -> t_prev= -1) | x range: [-5.042, 5.016]
  Generated: 1728/5120

  --- Batch 28 (64 samples) ---
  [DDIM Scheduler] Step  1/50 (t_curr=999 -> t_prev=979) | x range: [-4.759, 4.700]
  [DDIM Scheduler] Step  6/50 (t_curr=899 -> t_prev=879) | x range: [-4.759, 4.703]
  [DDIM Scheduler] Step 11/50 (t_curr=799 -> t_prev=779) | x range: [-4.759, 4.706]
  [DDIM Scheduler] Step 16/50 (t_curr=699 -> t_prev=679) | x range: [-4.754, 4.712]
  [DDIM Scheduler] Step 21/50 (t_curr=599 -> t_prev=579) | x range: [-4.736, 4.707]
  [DDIM Scheduler] Step 26/50 (t_curr=499 -> t_prev=479) | x range: [-4.657, 4.631]
  [DDIM Scheduler] Step 31/50 (t_curr=399 -> t_prev=379) | x range: [-4.451, 4.924]
  [DDIM Scheduler] Step 36/50 (t_curr=299 -> t_prev=279) | x range: [-5.027, 5.493]
  [DDIM Scheduler] Step 41/50 (t_curr=199 -> t_prev=179) | x range: [-5.440, 5.778]
  [DDIM Scheduler] Step 46/50 (t_curr= 99 -> t_prev= 79) | x range: [-5.430, 5.595]
  [DDIM Scheduler] Step 50/50 (t_curr= 19 -> t_prev= -1) | x range: [-5.028, 5.020]
  Generated: 1792/5120

  --- Batch 29 (64 samples) ---
  [DDIM Scheduler] Step  1/50 (t_curr=999 -> t_prev=979) | x range: [-4.381, 4.637]
  [DDIM Scheduler] Step  6/50 (t_curr=899 -> t_prev=879) | x range: [-4.381, 4.640]
  [DDIM Scheduler] Step 11/50 (t_curr=799 -> t_prev=779) | x range: [-4.381, 4.643]
  [DDIM Scheduler] Step 16/50 (t_curr=699 -> t_prev=679) | x range: [-4.377, 4.643]
  [DDIM Scheduler] Step 21/50 (t_curr=599 -> t_prev=579) | x range: [-4.510, 4.627]
  [DDIM Scheduler] Step 26/50 (t_curr=499 -> t_prev=479) | x range: [-4.865, 4.597]
  [DDIM Scheduler] Step 31/50 (t_curr=399 -> t_prev=379) | x range: [-5.233, 4.436]
  [DDIM Scheduler] Step 36/50 (t_curr=299 -> t_prev=279) | x range: [-5.451, 5.084]
  [DDIM Scheduler] Step 41/50 (t_curr=199 -> t_prev=179) | x range: [-5.656, 5.487]
  [DDIM Scheduler] Step 46/50 (t_curr= 99 -> t_prev= 79) | x range: [-5.519, 5.452]
  [DDIM Scheduler] Step 50/50 (t_curr= 19 -> t_prev= -1) | x range: [-5.020, 5.018]
  Generated: 1856/5120

  --- Batch 30 (64 samples) ---
  [DDIM Scheduler] Step  1/50 (t_curr=999 -> t_prev=979) | x range: [-4.677, 4.303]
  [DDIM Scheduler] Step  6/50 (t_curr=899 -> t_prev=879) | x range: [-4.677, 4.303]
  [DDIM Scheduler] Step 11/50 (t_curr=799 -> t_prev=779) | x range: [-4.678, 4.303]
  [DDIM Scheduler] Step 16/50 (t_curr=699 -> t_prev=679) | x range: [-4.677, 4.274]
  [DDIM Scheduler] Step 21/50 (t_curr=599 -> t_prev=579) | x range: [-4.666, 4.242]
  [DDIM Scheduler] Step 26/50 (t_curr=499 -> t_prev=479) | x range: [-4.594, 4.105]
  [DDIM Scheduler] Step 31/50 (t_curr=399 -> t_prev=379) | x range: [-4.662, 4.572]
  [DDIM Scheduler] Step 36/50 (t_curr=299 -> t_prev=279) | x range: [-5.238, 5.092]
  [DDIM Scheduler] Step 41/50 (t_curr=199 -> t_prev=179) | x range: [-5.571, 5.412]
  [DDIM Scheduler] Step 46/50 (t_curr= 99 -> t_prev= 79) | x range: [-5.489, 5.404]
  [DDIM Scheduler] Step 50/50 (t_curr= 19 -> t_prev= -1) | x range: [-5.019, 5.050]
  Generated: 1920/5120

  --- Batch 31 (64 samples) ---
  [DDIM Scheduler] Step  1/50 (t_curr=999 -> t_prev=979) | x range: [-4.281, 4.833]
  [DDIM Scheduler] Step  6/50 (t_curr=899 -> t_prev=879) | x range: [-4.281, 4.832]
  [DDIM Scheduler] Step 11/50 (t_curr=799 -> t_prev=779) | x range: [-4.282, 4.830]
  [DDIM Scheduler] Step 16/50 (t_curr=699 -> t_prev=679) | x range: [-4.286, 4.831]
  [DDIM Scheduler] Step 21/50 (t_curr=599 -> t_prev=579) | x range: [-4.278, 4.831]
  [DDIM Scheduler] Step 26/50 (t_curr=499 -> t_prev=479) | x range: [-4.462, 4.768]
  [DDIM Scheduler] Step 31/50 (t_curr=399 -> t_prev=379) | x range: [-4.671, 4.821]
  [DDIM Scheduler] Step 36/50 (t_curr=299 -> t_prev=279) | x range: [-5.184, 5.395]
  [DDIM Scheduler] Step 41/50 (t_curr=199 -> t_prev=179) | x range: [-5.544, 5.718]
  [DDIM Scheduler] Step 46/50 (t_curr= 99 -> t_prev= 79) | x range: [-5.469, 5.567]
  [DDIM Scheduler] Step 50/50 (t_curr= 19 -> t_prev= -1) | x range: [-5.016, 5.017]
  Generated: 1984/5120

  --- Batch 32 (64 samples) ---
  [DDIM Scheduler] Step  1/50 (t_curr=999 -> t_prev=979) | x range: [-4.320, 4.379]
  [DDIM Scheduler] Step  6/50 (t_curr=899 -> t_prev=879) | x range: [-4.320, 4.380]
  [DDIM Scheduler] Step 11/50 (t_curr=799 -> t_prev=779) | x range: [-4.320, 4.381]
  [DDIM Scheduler] Step 16/50 (t_curr=699 -> t_prev=679) | x range: [-4.327, 4.376]
  [DDIM Scheduler] Step 21/50 (t_curr=599 -> t_prev=579) | x range: [-4.332, 4.353]
  [DDIM Scheduler] Step 26/50 (t_curr=499 -> t_prev=479) | x range: [-4.292, 4.247]
  [DDIM Scheduler] Step 31/50 (t_curr=399 -> t_prev=379) | x range: [-4.904, 4.736]
  [DDIM Scheduler] Step 36/50 (t_curr=299 -> t_prev=279) | x range: [-5.452, 5.233]
  [DDIM Scheduler] Step 41/50 (t_curr=199 -> t_prev=179) | x range: [-5.719, 5.510]
  [DDIM Scheduler] Step 46/50 (t_curr= 99 -> t_prev= 79) | x range: [-5.520, 5.389]
  [DDIM Scheduler] Step 50/50 (t_curr= 19 -> t_prev= -1) | x range: [-5.042, 5.022]
  Generated: 2048/5120

  --- Batch 33 (64 samples) ---
  [DDIM Scheduler] Step  1/50 (t_curr=999 -> t_prev=979) | x range: [-4.559, 4.746]
  [DDIM Scheduler] Step  6/50 (t_curr=899 -> t_prev=879) | x range: [-4.557, 4.745]
  [DDIM Scheduler] Step 11/50 (t_curr=799 -> t_prev=779) | x range: [-4.554, 4.743]
  [DDIM Scheduler] Step 16/50 (t_curr=699 -> t_prev=679) | x range: [-4.547, 4.729]
  [DDIM Scheduler] Step 21/50 (t_curr=599 -> t_prev=579) | x range: [-4.486, 4.619]
  [DDIM Scheduler] Step 26/50 (t_curr=499 -> t_prev=479) | x range: [-4.322, 4.389]
  [DDIM Scheduler] Step 31/50 (t_curr=399 -> t_prev=379) | x range: [-4.958, 4.827]
  [DDIM Scheduler] Step 36/50 (t_curr=299 -> t_prev=279) | x range: [-5.519, 5.415]
  [DDIM Scheduler] Step 41/50 (t_curr=199 -> t_prev=179) | x range: [-5.789, 5.729]
  [DDIM Scheduler] Step 46/50 (t_curr= 99 -> t_prev= 79) | x range: [-5.587, 5.579]
  [DDIM Scheduler] Step 50/50 (t_curr= 19 -> t_prev= -1) | x range: [-5.033, 5.025]
  Generated: 2112/5120

  --- Batch 34 (64 samples) ---
  [DDIM Scheduler] Step  1/50 (t_curr=999 -> t_prev=979) | x range: [-4.283, 4.216]
  [DDIM Scheduler] Step  6/50 (t_curr=899 -> t_prev=879) | x range: [-4.283, 4.216]
  [DDIM Scheduler] Step 11/50 (t_curr=799 -> t_prev=779) | x range: [-4.283, 4.216]
  [DDIM Scheduler] Step 16/50 (t_curr=699 -> t_prev=679) | x range: [-4.278, 4.212]
  [DDIM Scheduler] Step 21/50 (t_curr=599 -> t_prev=579) | x range: [-4.241, 4.175]
  [DDIM Scheduler] Step 26/50 (t_curr=499 -> t_prev=479) | x range: [-4.424, 4.059]
  [DDIM Scheduler] Step 31/50 (t_curr=399 -> t_prev=379) | x range: [-4.754, 4.496]
  [DDIM Scheduler] Step 36/50 (t_curr=299 -> t_prev=279) | x range: [-5.356, 5.127]
  [DDIM Scheduler] Step 41/50 (t_curr=199 -> t_prev=179) | x range: [-5.680, 5.517]
  [DDIM Scheduler] Step 46/50 (t_curr= 99 -> t_prev= 79) | x range: [-5.535, 5.470]
  [DDIM Scheduler] Step 50/50 (t_curr= 19 -> t_prev= -1) | x range: [-5.019, 5.168]
  Generated: 2176/5120

  --- Batch 35 (64 samples) ---
  [DDIM Scheduler] Step  1/50 (t_curr=999 -> t_prev=979) | x range: [-4.969, 4.755]
  [DDIM Scheduler] Step  6/50 (t_curr=899 -> t_prev=879) | x range: [-4.972, 4.752]
  [DDIM Scheduler] Step 11/50 (t_curr=799 -> t_prev=779) | x range: [-4.974, 4.750]
  [DDIM Scheduler] Step 16/50 (t_curr=699 -> t_prev=679) | x range: [-4.975, 4.747]
  [DDIM Scheduler] Step 21/50 (t_curr=599 -> t_prev=579) | x range: [-4.955, 4.713]
  [DDIM Scheduler] Step 26/50 (t_curr=499 -> t_prev=479) | x range: [-4.882, 4.729]
  [DDIM Scheduler] Step 31/50 (t_curr=399 -> t_prev=379) | x range: [-5.031, 4.782]
  [DDIM Scheduler] Step 36/50 (t_curr=299 -> t_prev=279) | x range: [-5.572, 5.071]
  [DDIM Scheduler] Step 41/50 (t_curr=199 -> t_prev=179) | x range: [-5.824, 5.484]
  [DDIM Scheduler] Step 46/50 (t_curr= 99 -> t_prev= 79) | x range: [-5.602, 5.456]
  [DDIM Scheduler] Step 50/50 (t_curr= 19 -> t_prev= -1) | x range: [-5.016, 5.019]
  Generated: 2240/5120

  --- Batch 36 (64 samples) ---
  [DDIM Scheduler] Step  1/50 (t_curr=999 -> t_prev=979) | x range: [-4.443, 4.253]
  [DDIM Scheduler] Step  6/50 (t_curr=899 -> t_prev=879) | x range: [-4.444, 4.254]
  [DDIM Scheduler] Step 11/50 (t_curr=799 -> t_prev=779) | x range: [-4.444, 4.254]
  [DDIM Scheduler] Step 16/50 (t_curr=699 -> t_prev=679) | x range: [-4.445, 4.258]
  [DDIM Scheduler] Step 21/50 (t_curr=599 -> t_prev=579) | x range: [-4.425, 4.463]
  [DDIM Scheduler] Step 26/50 (t_curr=499 -> t_prev=479) | x range: [-4.328, 4.999]
  [DDIM Scheduler] Step 31/50 (t_curr=399 -> t_prev=379) | x range: [-4.260, 5.594]
  [DDIM Scheduler] Step 36/50 (t_curr=299 -> t_prev=279) | x range: [-4.919, 6.067]
  [DDIM Scheduler] Step 41/50 (t_curr=199 -> t_prev=179) | x range: [-5.349, 6.195]
  [DDIM Scheduler] Step 46/50 (t_curr= 99 -> t_prev= 79) | x range: [-5.363, 5.800]
  [DDIM Scheduler] Step 50/50 (t_curr= 19 -> t_prev= -1) | x range: [-5.171, 5.033]
  Generated: 2304/5120

  --- Batch 37 (64 samples) ---
  [DDIM Scheduler] Step  1/50 (t_curr=999 -> t_prev=979) | x range: [-4.444, 4.951]
  [DDIM Scheduler] Step  6/50 (t_curr=899 -> t_prev=879) | x range: [-4.446, 4.951]
  [DDIM Scheduler] Step 11/50 (t_curr=799 -> t_prev=779) | x range: [-4.447, 4.951]
  [DDIM Scheduler] Step 16/50 (t_curr=699 -> t_prev=679) | x range: [-4.451, 4.951]
  [DDIM Scheduler] Step 21/50 (t_curr=599 -> t_prev=579) | x range: [-4.414, 4.911]
  [DDIM Scheduler] Step 26/50 (t_curr=499 -> t_prev=479) | x range: [-4.605, 4.828]
  [DDIM Scheduler] Step 31/50 (t_curr=399 -> t_prev=379) | x range: [-5.197, 5.407]
  [DDIM Scheduler] Step 36/50 (t_curr=299 -> t_prev=279) | x range: [-5.714, 5.888]
  [DDIM Scheduler] Step 41/50 (t_curr=199 -> t_prev=179) | x range: [-5.930, 6.053]
  [DDIM Scheduler] Step 46/50 (t_curr= 99 -> t_prev= 79) | x range: [-5.657, 5.722]
  [DDIM Scheduler] Step 50/50 (t_curr= 19 -> t_prev= -1) | x range: [-5.034, 5.023]
  Generated: 2368/5120

  --- Batch 38 (64 samples) ---
  [DDIM Scheduler] Step  1/50 (t_curr=999 -> t_prev=979) | x range: [-4.991, 4.808]
  [DDIM Scheduler] Step  6/50 (t_curr=899 -> t_prev=879) | x range: [-4.990, 4.808]
  [DDIM Scheduler] Step 11/50 (t_curr=799 -> t_prev=779) | x range: [-4.990, 4.807]
  [DDIM Scheduler] Step 16/50 (t_curr=699 -> t_prev=679) | x range: [-4.992, 4.805]
  [DDIM Scheduler] Step 21/50 (t_curr=599 -> t_prev=579) | x range: [-4.976, 4.781]
  [DDIM Scheduler] Step 26/50 (t_curr=499 -> t_prev=479) | x range: [-4.840, 4.641]
  [DDIM Scheduler] Step 31/50 (t_curr=399 -> t_prev=379) | x range: [-4.976, 4.796]
  [DDIM Scheduler] Step 36/50 (t_curr=299 -> t_prev=279) | x range: [-5.490, 5.380]
  [DDIM Scheduler] Step 41/50 (t_curr=199 -> t_prev=179) | x range: [-5.748, 5.697]
  [DDIM Scheduler] Step 46/50 (t_curr= 99 -> t_prev= 79) | x range: [-5.557, 5.556]
  [DDIM Scheduler] Step 50/50 (t_curr= 19 -> t_prev= -1) | x range: [-5.056, 5.015]
  Generated: 2432/5120

  --- Batch 39 (64 samples) ---
  [DDIM Scheduler] Step  1/50 (t_curr=999 -> t_prev=979) | x range: [-5.228, 4.695]
  [DDIM Scheduler] Step  6/50 (t_curr=899 -> t_prev=879) | x range: [-5.228, 4.695]
  [DDIM Scheduler] Step 11/50 (t_curr=799 -> t_prev=779) | x range: [-5.229, 4.694]
  [DDIM Scheduler] Step 16/50 (t_curr=699 -> t_prev=679) | x range: [-5.223, 4.689]
  [DDIM Scheduler] Step 21/50 (t_curr=599 -> t_prev=579) | x range: [-5.196, 4.656]
  [DDIM Scheduler] Step 26/50 (t_curr=499 -> t_prev=479) | x range: [-5.067, 4.580]
  [DDIM Scheduler] Step 31/50 (t_curr=399 -> t_prev=379) | x range: [-4.674, 4.371]
  [DDIM Scheduler] Step 36/50 (t_curr=299 -> t_prev=279) | x range: [-4.994, 4.852]
  [DDIM Scheduler] Step 41/50 (t_curr=199 -> t_prev=179) | x range: [-5.406, 5.323]
  [DDIM Scheduler] Step 46/50 (t_curr= 99 -> t_prev= 79) | x range: [-5.400, 5.386]
  [DDIM Scheduler] Step 50/50 (t_curr= 19 -> t_prev= -1) | x range: [-5.026, 5.021]
  Generated: 2496/5120

  --- Batch 40 (64 samples) ---
  [DDIM Scheduler] Step  1/50 (t_curr=999 -> t_prev=979) | x range: [-4.645, 5.088]
  [DDIM Scheduler] Step  6/50 (t_curr=899 -> t_prev=879) | x range: [-4.646, 5.089]
  [DDIM Scheduler] Step 11/50 (t_curr=799 -> t_prev=779) | x range: [-4.647, 5.089]
  [DDIM Scheduler] Step 16/50 (t_curr=699 -> t_prev=679) | x range: [-4.648, 5.088]
  [DDIM Scheduler] Step 21/50 (t_curr=599 -> t_prev=579) | x range: [-4.679, 4.991]
  [DDIM Scheduler] Step 26/50 (t_curr=499 -> t_prev=479) | x range: [-4.680, 4.687]
  [DDIM Scheduler] Step 31/50 (t_curr=399 -> t_prev=379) | x range: [-4.566, 5.094]
  [DDIM Scheduler] Step 36/50 (t_curr=299 -> t_prev=279) | x range: [-5.178, 5.625]
  [DDIM Scheduler] Step 41/50 (t_curr=199 -> t_prev=179) | x range: [-5.542, 5.867]
  [DDIM Scheduler] Step 46/50 (t_curr= 99 -> t_prev= 79) | x range: [-5.474, 5.637]
  [DDIM Scheduler] Step 50/50 (t_curr= 19 -> t_prev= -1) | x range: [-5.041, 5.038]
  Generated: 2560/5120

  --- Batch 41 (64 samples) ---
  [DDIM Scheduler] Step  1/50 (t_curr=999 -> t_prev=979) | x range: [-4.499, 4.567]
  [DDIM Scheduler] Step  6/50 (t_curr=899 -> t_prev=879) | x range: [-4.499, 4.569]
  [DDIM Scheduler] Step 11/50 (t_curr=799 -> t_prev=779) | x range: [-4.499, 4.569]
  [DDIM Scheduler] Step 16/50 (t_curr=699 -> t_prev=679) | x range: [-4.497, 4.564]
  [DDIM Scheduler] Step 21/50 (t_curr=599 -> t_prev=579) | x range: [-4.470, 4.487]
  [DDIM Scheduler] Step 26/50 (t_curr=499 -> t_prev=479) | x range: [-4.303, 4.637]
  [DDIM Scheduler] Step 31/50 (t_curr=399 -> t_prev=379) | x range: [-4.662, 4.680]
  [DDIM Scheduler] Step 36/50 (t_curr=299 -> t_prev=279) | x range: [-5.271, 5.293]
  [DDIM Scheduler] Step 41/50 (t_curr=199 -> t_prev=179) | x range: [-5.621, 5.649]
  [DDIM Scheduler] Step 46/50 (t_curr= 99 -> t_prev= 79) | x range: [-5.518, 5.539]
  [DDIM Scheduler] Step 50/50 (t_curr= 19 -> t_prev= -1) | x range: [-5.034, 5.029]
  Generated: 2624/5120

  --- Batch 42 (64 samples) ---
  [DDIM Scheduler] Step  1/50 (t_curr=999 -> t_prev=979) | x range: [-4.609, 4.776]
  [DDIM Scheduler] Step  6/50 (t_curr=899 -> t_prev=879) | x range: [-4.609, 4.776]
  [DDIM Scheduler] Step 11/50 (t_curr=799 -> t_prev=779) | x range: [-4.609, 4.775]
  [DDIM Scheduler] Step 16/50 (t_curr=699 -> t_prev=679) | x range: [-4.614, 4.771]
  [DDIM Scheduler] Step 21/50 (t_curr=599 -> t_prev=579) | x range: [-4.568, 4.718]
  [DDIM Scheduler] Step 26/50 (t_curr=499 -> t_prev=479) | x range: [-4.984, 4.540]
  [DDIM Scheduler] Step 31/50 (t_curr=399 -> t_prev=379) | x range: [-5.468, 4.890]
  [DDIM Scheduler] Step 36/50 (t_curr=299 -> t_prev=279) | x range: [-5.810, 5.451]
  [DDIM Scheduler] Step 41/50 (t_curr=199 -> t_prev=179) | x range: [-5.810, 5.732]
  [DDIM Scheduler] Step 46/50 (t_curr= 99 -> t_prev= 79) | x range: [-5.536, 5.552]
  [DDIM Scheduler] Step 50/50 (t_curr= 19 -> t_prev= -1) | x range: [-5.018, 5.020]
  Generated: 2688/5120

  --- Batch 43 (64 samples) ---
  [DDIM Scheduler] Step  1/50 (t_curr=999 -> t_prev=979) | x range: [-4.410, 4.462]
  [DDIM Scheduler] Step  6/50 (t_curr=899 -> t_prev=879) | x range: [-4.409, 4.457]
  [DDIM Scheduler] Step 11/50 (t_curr=799 -> t_prev=779) | x range: [-4.409, 4.452]
  [DDIM Scheduler] Step 16/50 (t_curr=699 -> t_prev=679) | x range: [-4.402, 4.448]
  [DDIM Scheduler] Step 21/50 (t_curr=599 -> t_prev=579) | x range: [-4.382, 4.399]
  [DDIM Scheduler] Step 26/50 (t_curr=499 -> t_prev=479) | x range: [-4.489, 4.418]
  [DDIM Scheduler] Step 31/50 (t_curr=399 -> t_prev=379) | x range: [-4.590, 5.013]
  [DDIM Scheduler] Step 36/50 (t_curr=299 -> t_prev=279) | x range: [-5.145, 5.543]
  [DDIM Scheduler] Step 41/50 (t_curr=199 -> t_prev=179) | x range: [-5.512, 5.806]
  [DDIM Scheduler] Step 46/50 (t_curr= 99 -> t_prev= 79) | x range: [-5.445, 5.611]
  [DDIM Scheduler] Step 50/50 (t_curr= 19 -> t_prev= -1) | x range: [-5.020, 5.202]
  Generated: 2752/5120

  --- Batch 44 (64 samples) ---
  [DDIM Scheduler] Step  1/50 (t_curr=999 -> t_prev=979) | x range: [-5.110, 4.777]
  [DDIM Scheduler] Step  6/50 (t_curr=899 -> t_prev=879) | x range: [-5.109, 4.773]
  [DDIM Scheduler] Step 11/50 (t_curr=799 -> t_prev=779) | x range: [-5.110, 4.770]
  [DDIM Scheduler] Step 16/50 (t_curr=699 -> t_prev=679) | x range: [-5.107, 4.769]
  [DDIM Scheduler] Step 21/50 (t_curr=599 -> t_prev=579) | x range: [-5.106, 4.757]
  [DDIM Scheduler] Step 26/50 (t_curr=499 -> t_prev=479) | x range: [-5.053, 4.701]
  [DDIM Scheduler] Step 31/50 (t_curr=399 -> t_prev=379) | x range: [-4.807, 4.737]
  [DDIM Scheduler] Step 36/50 (t_curr=299 -> t_prev=279) | x range: [-5.036, 5.245]
  [DDIM Scheduler] Step 41/50 (t_curr=199 -> t_prev=179) | x range: [-5.454, 5.480]
  [DDIM Scheduler] Step 46/50 (t_curr= 99 -> t_prev= 79) | x range: [-5.442, 5.389]
  [DDIM Scheduler] Step 50/50 (t_curr= 19 -> t_prev= -1) | x range: [-5.035, 5.048]
  Generated: 2816/5120

  --- Batch 45 (64 samples) ---
  [DDIM Scheduler] Step  1/50 (t_curr=999 -> t_prev=979) | x range: [-4.963, 4.514]
  [DDIM Scheduler] Step  6/50 (t_curr=899 -> t_prev=879) | x range: [-4.963, 4.514]
  [DDIM Scheduler] Step 11/50 (t_curr=799 -> t_prev=779) | x range: [-4.961, 4.514]
  [DDIM Scheduler] Step 16/50 (t_curr=699 -> t_prev=679) | x range: [-4.959, 4.508]
  [DDIM Scheduler] Step 21/50 (t_curr=599 -> t_prev=579) | x range: [-4.972, 4.445]
  [DDIM Scheduler] Step 26/50 (t_curr=499 -> t_prev=479) | x range: [-4.931, 4.272]
  [DDIM Scheduler] Step 31/50 (t_curr=399 -> t_prev=379) | x range: [-4.904, 4.455]
  [DDIM Scheduler] Step 36/50 (t_curr=299 -> t_prev=279) | x range: [-5.470, 5.089]
  [DDIM Scheduler] Step 41/50 (t_curr=199 -> t_prev=179) | x range: [-5.755, 5.485]
  [DDIM Scheduler] Step 46/50 (t_curr= 99 -> t_prev= 79) | x range: [-5.574, 5.459]
  [DDIM Scheduler] Step 50/50 (t_curr= 19 -> t_prev= -1) | x range: [-5.021, 5.025]
  Generated: 2880/5120

  --- Batch 46 (64 samples) ---
  [DDIM Scheduler] Step  1/50 (t_curr=999 -> t_prev=979) | x range: [-4.868, 4.344]
  [DDIM Scheduler] Step  6/50 (t_curr=899 -> t_prev=879) | x range: [-4.866, 4.344]
  [DDIM Scheduler] Step 11/50 (t_curr=799 -> t_prev=779) | x range: [-4.864, 4.345]
  [DDIM Scheduler] Step 16/50 (t_curr=699 -> t_prev=679) | x range: [-4.867, 4.349]
  [DDIM Scheduler] Step 21/50 (t_curr=599 -> t_prev=579) | x range: [-4.855, 4.335]
  [DDIM Scheduler] Step 26/50 (t_curr=499 -> t_prev=479) | x range: [-4.756, 4.302]
  [DDIM Scheduler] Step 31/50 (t_curr=399 -> t_prev=379) | x range: [-4.476, 4.192]
  [DDIM Scheduler] Step 36/50 (t_curr=299 -> t_prev=279) | x range: [-5.099, 4.823]
  [DDIM Scheduler] Step 41/50 (t_curr=199 -> t_prev=179) | x range: [-5.475, 5.267]
  [DDIM Scheduler] Step 46/50 (t_curr= 99 -> t_prev= 79) | x range: [-5.428, 5.315]
  [DDIM Scheduler] Step 50/50 (t_curr= 19 -> t_prev= -1) | x range: [-5.025, 5.015]
  Generated: 2944/5120

  --- Batch 47 (64 samples) ---
  [DDIM Scheduler] Step  1/50 (t_curr=999 -> t_prev=979) | x range: [-4.490, 4.961]
  [DDIM Scheduler] Step  6/50 (t_curr=899 -> t_prev=879) | x range: [-4.490, 4.962]
  [DDIM Scheduler] Step 11/50 (t_curr=799 -> t_prev=779) | x range: [-4.490, 4.961]
  [DDIM Scheduler] Step 16/50 (t_curr=699 -> t_prev=679) | x range: [-4.482, 4.965]
  [DDIM Scheduler] Step 21/50 (t_curr=599 -> t_prev=579) | x range: [-4.456, 4.971]
  [DDIM Scheduler] Step 26/50 (t_curr=499 -> t_prev=479) | x range: [-4.570, 4.919]
  [DDIM Scheduler] Step 31/50 (t_curr=399 -> t_prev=379) | x range: [-4.874, 4.736]
  [DDIM Scheduler] Step 36/50 (t_curr=299 -> t_prev=279) | x range: [-5.432, 5.278]
  [DDIM Scheduler] Step 41/50 (t_curr=199 -> t_prev=179) | x range: [-5.720, 5.624]
  [DDIM Scheduler] Step 46/50 (t_curr= 99 -> t_prev= 79) | x range: [-5.552, 5.511]
  [DDIM Scheduler] Step 50/50 (t_curr= 19 -> t_prev= -1) | x range: [-5.021, 5.018]
  Generated: 3008/5120

  --- Batch 48 (64 samples) ---
  [DDIM Scheduler] Step  1/50 (t_curr=999 -> t_prev=979) | x range: [-5.280, 4.697]
  [DDIM Scheduler] Step  6/50 (t_curr=899 -> t_prev=879) | x range: [-5.280, 4.699]
  [DDIM Scheduler] Step 11/50 (t_curr=799 -> t_prev=779) | x range: [-5.279, 4.699]
  [DDIM Scheduler] Step 16/50 (t_curr=699 -> t_prev=679) | x range: [-5.305, 4.695]
  [DDIM Scheduler] Step 21/50 (t_curr=599 -> t_prev=579) | x range: [-5.515, 4.671]
  [DDIM Scheduler] Step 26/50 (t_curr=499 -> t_prev=479) | x range: [-5.863, 4.594]
  [DDIM Scheduler] Step 31/50 (t_curr=399 -> t_prev=379) | x range: [-6.195, 4.436]
  [DDIM Scheduler] Step 36/50 (t_curr=299 -> t_prev=279) | x range: [-6.324, 4.897]
  [DDIM Scheduler] Step 41/50 (t_curr=199 -> t_prev=179) | x range: [-6.058, 5.130]
  [DDIM Scheduler] Step 46/50 (t_curr= 99 -> t_prev= 79) | x range: [-5.611, 5.270]
  [DDIM Scheduler] Step 50/50 (t_curr= 19 -> t_prev= -1) | x range: [-5.062, 5.022]
  Generated: 3072/5120

  --- Batch 49 (64 samples) ---
  [DDIM Scheduler] Step  1/50 (t_curr=999 -> t_prev=979) | x range: [-4.928, 4.846]
  [DDIM Scheduler] Step  6/50 (t_curr=899 -> t_prev=879) | x range: [-4.928, 4.846]
  [DDIM Scheduler] Step 11/50 (t_curr=799 -> t_prev=779) | x range: [-4.929, 4.846]
  [DDIM Scheduler] Step 16/50 (t_curr=699 -> t_prev=679) | x range: [-4.937, 4.839]
  [DDIM Scheduler] Step 21/50 (t_curr=599 -> t_prev=579) | x range: [-4.957, 4.849]
  [DDIM Scheduler] Step 26/50 (t_curr=499 -> t_prev=479) | x range: [-4.976, 4.891]
  [DDIM Scheduler] Step 31/50 (t_curr=399 -> t_prev=379) | x range: [-4.859, 5.287]
  [DDIM Scheduler] Step 36/50 (t_curr=299 -> t_prev=279) | x range: [-5.359, 5.802]
  [DDIM Scheduler] Step 41/50 (t_curr=199 -> t_prev=179) | x range: [-5.672, 5.999]
  [DDIM Scheduler] Step 46/50 (t_curr= 99 -> t_prev= 79) | x range: [-5.534, 5.697]
  [DDIM Scheduler] Step 50/50 (t_curr= 19 -> t_prev= -1) | x range: [-5.025, 5.022]
  Generated: 3136/5120

  --- Batch 50 (64 samples) ---
  [DDIM Scheduler] Step  1/50 (t_curr=999 -> t_prev=979) | x range: [-4.220, 4.660]
  [DDIM Scheduler] Step  6/50 (t_curr=899 -> t_prev=879) | x range: [-4.218, 4.663]
  [DDIM Scheduler] Step 11/50 (t_curr=799 -> t_prev=779) | x range: [-4.216, 4.665]
  [DDIM Scheduler] Step 16/50 (t_curr=699 -> t_prev=679) | x range: [-4.214, 4.661]
  [DDIM Scheduler] Step 21/50 (t_curr=599 -> t_prev=579) | x range: [-4.165, 4.623]
  [DDIM Scheduler] Step 26/50 (t_curr=499 -> t_prev=479) | x range: [-4.229, 4.495]
  [DDIM Scheduler] Step 31/50 (t_curr=399 -> t_prev=379) | x range: [-4.852, 4.563]
  [DDIM Scheduler] Step 36/50 (t_curr=299 -> t_prev=279) | x range: [-5.414, 5.151]
  [DDIM Scheduler] Step 41/50 (t_curr=199 -> t_prev=179) | x range: [-5.705, 5.482]
  [DDIM Scheduler] Step 46/50 (t_curr= 99 -> t_prev= 79) | x range: [-5.541, 5.443]
  [DDIM Scheduler] Step 50/50 (t_curr= 19 -> t_prev= -1) | x range: [-5.181, 5.082]
  Generated: 3200/5120

  --- Batch 51 (64 samples) ---
  [DDIM Scheduler] Step  1/50 (t_curr=999 -> t_prev=979) | x range: [-4.679, 4.400]
  [DDIM Scheduler] Step  6/50 (t_curr=899 -> t_prev=879) | x range: [-4.680, 4.398]
  [DDIM Scheduler] Step 11/50 (t_curr=799 -> t_prev=779) | x range: [-4.681, 4.395]
  [DDIM Scheduler] Step 16/50 (t_curr=699 -> t_prev=679) | x range: [-4.681, 4.394]
  [DDIM Scheduler] Step 21/50 (t_curr=599 -> t_prev=579) | x range: [-4.695, 4.435]
  [DDIM Scheduler] Step 26/50 (t_curr=499 -> t_prev=479) | x range: [-4.702, 4.562]
  [DDIM Scheduler] Step 31/50 (t_curr=399 -> t_prev=379) | x range: [-5.254, 4.610]
  [DDIM Scheduler] Step 36/50 (t_curr=299 -> t_prev=279) | x range: [-5.701, 5.065]
  [DDIM Scheduler] Step 41/50 (t_curr=199 -> t_prev=179) | x range: [-5.848, 5.455]
  [DDIM Scheduler] Step 46/50 (t_curr= 99 -> t_prev= 79) | x range: [-5.543, 5.422]
  [DDIM Scheduler] Step 50/50 (t_curr= 19 -> t_prev= -1) | x range: [-5.051, 5.028]
  Generated: 3264/5120

  --- Batch 52 (64 samples) ---
  [DDIM Scheduler] Step  1/50 (t_curr=999 -> t_prev=979) | x range: [-4.525, 4.172]
  [DDIM Scheduler] Step  6/50 (t_curr=899 -> t_prev=879) | x range: [-4.525, 4.171]
  [DDIM Scheduler] Step 11/50 (t_curr=799 -> t_prev=779) | x range: [-4.525, 4.170]
  [DDIM Scheduler] Step 16/50 (t_curr=699 -> t_prev=679) | x range: [-4.523, 4.168]
  [DDIM Scheduler] Step 21/50 (t_curr=599 -> t_prev=579) | x range: [-4.571, 4.162]
  [DDIM Scheduler] Step 26/50 (t_curr=499 -> t_prev=479) | x range: [-4.754, 4.179]
  [DDIM Scheduler] Step 31/50 (t_curr=399 -> t_prev=379) | x range: [-4.558, 4.759]
  [DDIM Scheduler] Step 36/50 (t_curr=299 -> t_prev=279) | x range: [-5.040, 5.346]
  [DDIM Scheduler] Step 41/50 (t_curr=199 -> t_prev=179) | x range: [-5.430, 5.667]
  [DDIM Scheduler] Step 46/50 (t_curr= 99 -> t_prev= 79) | x range: [-5.420, 5.532]
  [DDIM Scheduler] Step 50/50 (t_curr= 19 -> t_prev= -1) | x range: [-5.019, 5.020]
  Generated: 3328/5120

  --- Batch 53 (64 samples) ---
  [DDIM Scheduler] Step  1/50 (t_curr=999 -> t_prev=979) | x range: [-4.663, 4.582]
  [DDIM Scheduler] Step  6/50 (t_curr=899 -> t_prev=879) | x range: [-4.660, 4.585]
  [DDIM Scheduler] Step 11/50 (t_curr=799 -> t_prev=779) | x range: [-4.658, 4.588]
  [DDIM Scheduler] Step 16/50 (t_curr=699 -> t_prev=679) | x range: [-4.653, 4.585]
  [DDIM Scheduler] Step 21/50 (t_curr=599 -> t_prev=579) | x range: [-4.627, 4.561]
  [DDIM Scheduler] Step 26/50 (t_curr=499 -> t_prev=479) | x range: [-4.499, 4.453]
  [DDIM Scheduler] Step 31/50 (t_curr=399 -> t_prev=379) | x range: [-5.016, 4.747]
  [DDIM Scheduler] Step 36/50 (t_curr=299 -> t_prev=279) | x range: [-5.565, 5.041]
  [DDIM Scheduler] Step 41/50 (t_curr=199 -> t_prev=179) | x range: [-5.823, 5.326]
  [DDIM Scheduler] Step 46/50 (t_curr= 99 -> t_prev= 79) | x range: [-5.603, 5.370]
  [DDIM Scheduler] Step 50/50 (t_curr= 19 -> t_prev= -1) | x range: [-5.027, 5.018]
  Generated: 3392/5120

  --- Batch 54 (64 samples) ---
  [DDIM Scheduler] Step  1/50 (t_curr=999 -> t_prev=979) | x range: [-4.419, 4.395]
  [DDIM Scheduler] Step  6/50 (t_curr=899 -> t_prev=879) | x range: [-4.420, 4.394]
  [DDIM Scheduler] Step 11/50 (t_curr=799 -> t_prev=779) | x range: [-4.420, 4.393]
  [DDIM Scheduler] Step 16/50 (t_curr=699 -> t_prev=679) | x range: [-4.416, 4.391]
  [DDIM Scheduler] Step 21/50 (t_curr=599 -> t_prev=579) | x range: [-4.328, 4.405]
  [DDIM Scheduler] Step 26/50 (t_curr=499 -> t_prev=479) | x range: [-4.156, 4.392]
  [DDIM Scheduler] Step 31/50 (t_curr=399 -> t_prev=379) | x range: [-4.577, 4.328]
  [DDIM Scheduler] Step 36/50 (t_curr=299 -> t_prev=279) | x range: [-5.169, 4.865]
  [DDIM Scheduler] Step 41/50 (t_curr=199 -> t_prev=179) | x range: [-5.513, 5.238]
  [DDIM Scheduler] Step 46/50 (t_curr= 99 -> t_prev= 79) | x range: [-5.436, 5.309]
  [DDIM Scheduler] Step 50/50 (t_curr= 19 -> t_prev= -1) | x range: [-5.045, 5.039]
  Generated: 3456/5120

  --- Batch 55 (64 samples) ---
  [DDIM Scheduler] Step  1/50 (t_curr=999 -> t_prev=979) | x range: [-4.736, 4.490]
  [DDIM Scheduler] Step  6/50 (t_curr=899 -> t_prev=879) | x range: [-4.743, 4.490]
  [DDIM Scheduler] Step 11/50 (t_curr=799 -> t_prev=779) | x range: [-4.748, 4.490]
  [DDIM Scheduler] Step 16/50 (t_curr=699 -> t_prev=679) | x range: [-4.751, 4.502]
  [DDIM Scheduler] Step 21/50 (t_curr=599 -> t_prev=579) | x range: [-4.735, 4.465]
  [DDIM Scheduler] Step 26/50 (t_curr=499 -> t_prev=479) | x range: [-4.726, 4.302]
  [DDIM Scheduler] Step 31/50 (t_curr=399 -> t_prev=379) | x range: [-5.167, 4.578]
  [DDIM Scheduler] Step 36/50 (t_curr=299 -> t_prev=279) | x range: [-5.477, 4.788]
  [DDIM Scheduler] Step 41/50 (t_curr=199 -> t_prev=179) | x range: [-5.451, 5.134]
  [DDIM Scheduler] Step 46/50 (t_curr= 99 -> t_prev= 79) | x range: [-5.415, 5.261]
  [DDIM Scheduler] Step 50/50 (t_curr= 19 -> t_prev= -1) | x range: [-5.027, 5.019]
  Generated: 3520/5120

  --- Batch 56 (64 samples) ---
  [DDIM Scheduler] Step  1/50 (t_curr=999 -> t_prev=979) | x range: [-4.490, 4.820]
  [DDIM Scheduler] Step  6/50 (t_curr=899 -> t_prev=879) | x range: [-4.492, 4.818]
  [DDIM Scheduler] Step 11/50 (t_curr=799 -> t_prev=779) | x range: [-4.494, 4.816]
  [DDIM Scheduler] Step 16/50 (t_curr=699 -> t_prev=679) | x range: [-4.492, 4.816]
  [DDIM Scheduler] Step 21/50 (t_curr=599 -> t_prev=579) | x range: [-4.471, 4.808]
  [DDIM Scheduler] Step 26/50 (t_curr=499 -> t_prev=479) | x range: [-4.409, 4.759]
  [DDIM Scheduler] Step 31/50 (t_curr=399 -> t_prev=379) | x range: [-4.858, 4.615]
  [DDIM Scheduler] Step 36/50 (t_curr=299 -> t_prev=279) | x range: [-5.253, 5.223]
  [DDIM Scheduler] Step 41/50 (t_curr=199 -> t_prev=179) | x range: [-5.404, 5.580]
  [DDIM Scheduler] Step 46/50 (t_curr= 99 -> t_prev= 79) | x range: [-5.398, 5.491]
  [DDIM Scheduler] Step 50/50 (t_curr= 19 -> t_prev= -1) | x range: [-5.026, 5.221]
  Generated: 3584/5120

  --- Batch 57 (64 samples) ---
  [DDIM Scheduler] Step  1/50 (t_curr=999 -> t_prev=979) | x range: [-4.811, 4.277]
  [DDIM Scheduler] Step  6/50 (t_curr=899 -> t_prev=879) | x range: [-4.812, 4.274]
  [DDIM Scheduler] Step 11/50 (t_curr=799 -> t_prev=779) | x range: [-4.813, 4.271]
  [DDIM Scheduler] Step 16/50 (t_curr=699 -> t_prev=679) | x range: [-4.810, 4.265]
  [DDIM Scheduler] Step 21/50 (t_curr=599 -> t_prev=579) | x range: [-4.680, 4.243]
  [DDIM Scheduler] Step 26/50 (t_curr=499 -> t_prev=479) | x range: [-4.383, 4.285]
  [DDIM Scheduler] Step 31/50 (t_curr=399 -> t_prev=379) | x range: [-4.723, 4.906]
  [DDIM Scheduler] Step 36/50 (t_curr=299 -> t_prev=279) | x range: [-5.324, 5.452]
  [DDIM Scheduler] Step 41/50 (t_curr=199 -> t_prev=179) | x range: [-5.661, 5.728]
  [DDIM Scheduler] Step 46/50 (t_curr= 99 -> t_prev= 79) | x range: [-5.541, 5.553]
  [DDIM Scheduler] Step 50/50 (t_curr= 19 -> t_prev= -1) | x range: [-5.019, 5.029]
  Generated: 3648/5120

  --- Batch 58 (64 samples) ---
  [DDIM Scheduler] Step  1/50 (t_curr=999 -> t_prev=979) | x range: [-4.582, 4.202]
  [DDIM Scheduler] Step  6/50 (t_curr=899 -> t_prev=879) | x range: [-4.581, 4.204]
  [DDIM Scheduler] Step 11/50 (t_curr=799 -> t_prev=779) | x range: [-4.579, 4.205]
  [DDIM Scheduler] Step 16/50 (t_curr=699 -> t_prev=679) | x range: [-4.581, 4.211]
  [DDIM Scheduler] Step 21/50 (t_curr=599 -> t_prev=579) | x range: [-4.510, 4.187]
  [DDIM Scheduler] Step 26/50 (t_curr=499 -> t_prev=479) | x range: [-4.345, 4.660]
  [DDIM Scheduler] Step 31/50 (t_curr=399 -> t_prev=379) | x range: [-4.692, 5.254]
  [DDIM Scheduler] Step 36/50 (t_curr=299 -> t_prev=279) | x range: [-5.288, 5.761]
  [DDIM Scheduler] Step 41/50 (t_curr=199 -> t_prev=179) | x range: [-5.618, 5.958]
  [DDIM Scheduler] Step 46/50 (t_curr= 99 -> t_prev= 79) | x range: [-5.499, 5.668]
  [DDIM Scheduler] Step 50/50 (t_curr= 19 -> t_prev= -1) | x range: [-5.048, 5.020]
  Generated: 3712/5120

  --- Batch 59 (64 samples) ---
  [DDIM Scheduler] Step  1/50 (t_curr=999 -> t_prev=979) | x range: [-4.347, 4.371]
  [DDIM Scheduler] Step  6/50 (t_curr=899 -> t_prev=879) | x range: [-4.346, 4.372]
  [DDIM Scheduler] Step 11/50 (t_curr=799 -> t_prev=779) | x range: [-4.345, 4.373]
  [DDIM Scheduler] Step 16/50 (t_curr=699 -> t_prev=679) | x range: [-4.344, 4.375]
  [DDIM Scheduler] Step 21/50 (t_curr=599 -> t_prev=579) | x range: [-4.322, 4.358]
  [DDIM Scheduler] Step 26/50 (t_curr=499 -> t_prev=479) | x range: [-4.231, 4.270]
  [DDIM Scheduler] Step 31/50 (t_curr=399 -> t_prev=379) | x range: [-4.545, 4.774]
  [DDIM Scheduler] Step 36/50 (t_curr=299 -> t_prev=279) | x range: [-5.069, 5.354]
  [DDIM Scheduler] Step 41/50 (t_curr=199 -> t_prev=179) | x range: [-5.453, 5.667]
  [DDIM Scheduler] Step 46/50 (t_curr= 99 -> t_prev= 79) | x range: [-5.402, 5.526]
  [DDIM Scheduler] Step 50/50 (t_curr= 19 -> t_prev= -1) | x range: [-5.032, 5.095]
  Generated: 3776/5120

  --- Batch 60 (64 samples) ---
  [DDIM Scheduler] Step  1/50 (t_curr=999 -> t_prev=979) | x range: [-4.718, 4.427]
  [DDIM Scheduler] Step  6/50 (t_curr=899 -> t_prev=879) | x range: [-4.717, 4.427]
  [DDIM Scheduler] Step 11/50 (t_curr=799 -> t_prev=779) | x range: [-4.715, 4.426]
  [DDIM Scheduler] Step 16/50 (t_curr=699 -> t_prev=679) | x range: [-4.716, 4.417]
  [DDIM Scheduler] Step 21/50 (t_curr=599 -> t_prev=579) | x range: [-4.688, 4.246]
  [DDIM Scheduler] Step 26/50 (t_curr=499 -> t_prev=479) | x range: [-4.596, 4.472]
  [DDIM Scheduler] Step 31/50 (t_curr=399 -> t_prev=379) | x range: [-4.550, 4.721]
  [DDIM Scheduler] Step 36/50 (t_curr=299 -> t_prev=279) | x range: [-5.095, 4.971]
  [DDIM Scheduler] Step 41/50 (t_curr=199 -> t_prev=179) | x range: [-5.376, 5.386]
  [DDIM Scheduler] Step 46/50 (t_curr= 99 -> t_prev= 79) | x range: [-5.384, 5.385]
  [DDIM Scheduler] Step 50/50 (t_curr= 19 -> t_prev= -1) | x range: [-5.022, 5.024]
  Generated: 3840/5120

  --- Batch 61 (64 samples) ---
  [DDIM Scheduler] Step  1/50 (t_curr=999 -> t_prev=979) | x range: [-4.896, 4.618]
  [DDIM Scheduler] Step  6/50 (t_curr=899 -> t_prev=879) | x range: [-4.895, 4.617]
  [DDIM Scheduler] Step 11/50 (t_curr=799 -> t_prev=779) | x range: [-4.894, 4.615]
  [DDIM Scheduler] Step 16/50 (t_curr=699 -> t_prev=679) | x range: [-4.890, 4.608]
  [DDIM Scheduler] Step 21/50 (t_curr=599 -> t_prev=579) | x range: [-4.757, 4.581]
  [DDIM Scheduler] Step 26/50 (t_curr=499 -> t_prev=479) | x range: [-4.650, 4.384]
  [DDIM Scheduler] Step 31/50 (t_curr=399 -> t_prev=379) | x range: [-4.467, 4.981]
  [DDIM Scheduler] Step 36/50 (t_curr=299 -> t_prev=279) | x range: [-4.991, 5.500]
  [DDIM Scheduler] Step 41/50 (t_curr=199 -> t_prev=179) | x range: [-5.398, 5.748]
  [DDIM Scheduler] Step 46/50 (t_curr= 99 -> t_prev= 79) | x range: [-5.393, 5.568]
  [DDIM Scheduler] Step 50/50 (t_curr= 19 -> t_prev= -1) | x range: [-5.027, 5.057]
  Generated: 3904/5120

  --- Batch 62 (64 samples) ---
  [DDIM Scheduler] Step  1/50 (t_curr=999 -> t_prev=979) | x range: [-4.411, 4.710]
  [DDIM Scheduler] Step  6/50 (t_curr=899 -> t_prev=879) | x range: [-4.412, 4.708]
  [DDIM Scheduler] Step 11/50 (t_curr=799 -> t_prev=779) | x range: [-4.413, 4.706]
  [DDIM Scheduler] Step 16/50 (t_curr=699 -> t_prev=679) | x range: [-4.412, 4.704]
  [DDIM Scheduler] Step 21/50 (t_curr=599 -> t_prev=579) | x range: [-4.375, 4.675]
  [DDIM Scheduler] Step 26/50 (t_curr=499 -> t_prev=479) | x range: [-4.414, 4.546]
  [DDIM Scheduler] Step 31/50 (t_curr=399 -> t_prev=379) | x range: [-4.835, 4.638]
  [DDIM Scheduler] Step 36/50 (t_curr=299 -> t_prev=279) | x range: [-5.299, 5.245]
  [DDIM Scheduler] Step 41/50 (t_curr=199 -> t_prev=179) | x range: [-5.594, 5.597]
  [DDIM Scheduler] Step 46/50 (t_curr= 99 -> t_prev= 79) | x range: [-5.738, 5.501]
  [DDIM Scheduler] Step 50/50 (t_curr= 19 -> t_prev= -1) | x range: [-5.254, 5.015]
  Generated: 3968/5120

  --- Batch 63 (64 samples) ---
  [DDIM Scheduler] Step  1/50 (t_curr=999 -> t_prev=979) | x range: [-4.293, 4.565]
  [DDIM Scheduler] Step  6/50 (t_curr=899 -> t_prev=879) | x range: [-4.295, 4.566]
  [DDIM Scheduler] Step 11/50 (t_curr=799 -> t_prev=779) | x range: [-4.296, 4.567]
  [DDIM Scheduler] Step 16/50 (t_curr=699 -> t_prev=679) | x range: [-4.295, 4.562]
  [DDIM Scheduler] Step 21/50 (t_curr=599 -> t_prev=579) | x range: [-4.267, 4.522]
  [DDIM Scheduler] Step 26/50 (t_curr=499 -> t_prev=479) | x range: [-4.223, 4.202]
  [DDIM Scheduler] Step 31/50 (t_curr=399 -> t_prev=379) | x range: [-4.496, 4.248]
  [DDIM Scheduler] Step 36/50 (t_curr=299 -> t_prev=279) | x range: [-5.118, 4.622]
  [DDIM Scheduler] Step 41/50 (t_curr=199 -> t_prev=179) | x range: [-5.497, 5.091]
  [DDIM Scheduler] Step 46/50 (t_curr= 99 -> t_prev= 79) | x range: [-5.444, 5.238]
  [DDIM Scheduler] Step 50/50 (t_curr= 19 -> t_prev= -1) | x range: [-5.014, 5.036]
  Generated: 4032/5120

  --- Batch 64 (64 samples) ---
  [DDIM Scheduler] Step  1/50 (t_curr=999 -> t_prev=979) | x range: [-4.495, 4.871]
  [DDIM Scheduler] Step  6/50 (t_curr=899 -> t_prev=879) | x range: [-4.494, 4.872]
  [DDIM Scheduler] Step 11/50 (t_curr=799 -> t_prev=779) | x range: [-4.492, 4.873]
  [DDIM Scheduler] Step 16/50 (t_curr=699 -> t_prev=679) | x range: [-4.486, 4.878]
  [DDIM Scheduler] Step 21/50 (t_curr=599 -> t_prev=579) | x range: [-4.469, 4.907]
  [DDIM Scheduler] Step 26/50 (t_curr=499 -> t_prev=479) | x range: [-4.470, 4.858]
  [DDIM Scheduler] Step 31/50 (t_curr=399 -> t_prev=379) | x range: [-4.591, 4.690]
  [DDIM Scheduler] Step 36/50 (t_curr=299 -> t_prev=279) | x range: [-5.149, 5.292]
  [DDIM Scheduler] Step 41/50 (t_curr=199 -> t_prev=179) | x range: [-5.525, 5.636]
  [DDIM Scheduler] Step 46/50 (t_curr= 99 -> t_prev= 79) | x range: [-5.465, 5.529]
  [DDIM Scheduler] Step 50/50 (t_curr= 19 -> t_prev= -1) | x range: [-5.017, 5.015]
  Generated: 4096/5120

  --- Batch 65 (64 samples) ---
  [DDIM Scheduler] Step  1/50 (t_curr=999 -> t_prev=979) | x range: [-5.011, 4.574]
  [DDIM Scheduler] Step  6/50 (t_curr=899 -> t_prev=879) | x range: [-5.010, 4.574]
  [DDIM Scheduler] Step 11/50 (t_curr=799 -> t_prev=779) | x range: [-5.008, 4.573]
  [DDIM Scheduler] Step 16/50 (t_curr=699 -> t_prev=679) | x range: [-5.006, 4.570]
  [DDIM Scheduler] Step 21/50 (t_curr=599 -> t_prev=579) | x range: [-4.986, 4.542]
  [DDIM Scheduler] Step 26/50 (t_curr=499 -> t_prev=479) | x range: [-4.885, 4.686]
  [DDIM Scheduler] Step 31/50 (t_curr=399 -> t_prev=379) | x range: [-4.560, 5.207]
  [DDIM Scheduler] Step 36/50 (t_curr=299 -> t_prev=279) | x range: [-5.050, 5.623]
  [DDIM Scheduler] Step 41/50 (t_curr=199 -> t_prev=179) | x range: [-5.438, 5.726]
  [DDIM Scheduler] Step 46/50 (t_curr= 99 -> t_prev= 79) | x range: [-5.403, 5.351]
  [DDIM Scheduler] Step 50/50 (t_curr= 19 -> t_prev= -1) | x range: [-5.031, 5.020]
  Generated: 4160/5120

  --- Batch 66 (64 samples) ---
  [DDIM Scheduler] Step  1/50 (t_curr=999 -> t_prev=979) | x range: [-4.570, 4.186]
  [DDIM Scheduler] Step  6/50 (t_curr=899 -> t_prev=879) | x range: [-4.570, 4.188]
  [DDIM Scheduler] Step 11/50 (t_curr=799 -> t_prev=779) | x range: [-4.569, 4.190]
  [DDIM Scheduler] Step 16/50 (t_curr=699 -> t_prev=679) | x range: [-4.570, 4.195]
  [DDIM Scheduler] Step 21/50 (t_curr=599 -> t_prev=579) | x range: [-4.543, 4.190]
  [DDIM Scheduler] Step 26/50 (t_curr=499 -> t_prev=479) | x range: [-4.552, 4.071]
  [DDIM Scheduler] Step 31/50 (t_curr=399 -> t_prev=379) | x range: [-5.071, 4.488]
  [DDIM Scheduler] Step 36/50 (t_curr=299 -> t_prev=279) | x range: [-5.523, 5.086]
  [DDIM Scheduler] Step 41/50 (t_curr=199 -> t_prev=179) | x range: [-5.716, 5.472]
  [DDIM Scheduler] Step 46/50 (t_curr= 99 -> t_prev= 79) | x range: [-5.427, 5.430]
  [DDIM Scheduler] Step 50/50 (t_curr= 19 -> t_prev= -1) | x range: [-5.013, 5.023]
  Generated: 4224/5120

  --- Batch 67 (64 samples) ---
  [DDIM Scheduler] Step  1/50 (t_curr=999 -> t_prev=979) | x range: [-4.189, 5.184]
  [DDIM Scheduler] Step  6/50 (t_curr=899 -> t_prev=879) | x range: [-4.190, 5.181]
  [DDIM Scheduler] Step 11/50 (t_curr=799 -> t_prev=779) | x range: [-4.190, 5.178]
  [DDIM Scheduler] Step 16/50 (t_curr=699 -> t_prev=679) | x range: [-4.186, 5.175]
  [DDIM Scheduler] Step 21/50 (t_curr=599 -> t_prev=579) | x range: [-4.161, 5.152]
  [DDIM Scheduler] Step 26/50 (t_curr=499 -> t_prev=479) | x range: [-4.200, 5.072]
  [DDIM Scheduler] Step 31/50 (t_curr=399 -> t_prev=379) | x range: [-4.430, 4.782]
  [DDIM Scheduler] Step 36/50 (t_curr=299 -> t_prev=279) | x range: [-5.018, 5.342]
  [DDIM Scheduler] Step 41/50 (t_curr=199 -> t_prev=179) | x range: [-5.370, 5.658]
  [DDIM Scheduler] Step 46/50 (t_curr= 99 -> t_prev= 79) | x range: [-5.386, 5.524]
  [DDIM Scheduler] Step 50/50 (t_curr= 19 -> t_prev= -1) | x range: [-5.030, 5.013]
  Generated: 4288/5120

  --- Batch 68 (64 samples) ---
  [DDIM Scheduler] Step  1/50 (t_curr=999 -> t_prev=979) | x range: [-4.671, 4.650]
  [DDIM Scheduler] Step  6/50 (t_curr=899 -> t_prev=879) | x range: [-4.673, 4.650]
  [DDIM Scheduler] Step 11/50 (t_curr=799 -> t_prev=779) | x range: [-4.675, 4.648]
  [DDIM Scheduler] Step 16/50 (t_curr=699 -> t_prev=679) | x range: [-4.677, 4.645]
  [DDIM Scheduler] Step 21/50 (t_curr=599 -> t_prev=579) | x range: [-4.659, 4.597]
  [DDIM Scheduler] Step 26/50 (t_curr=499 -> t_prev=479) | x range: [-4.562, 4.577]
  [DDIM Scheduler] Step 31/50 (t_curr=399 -> t_prev=379) | x range: [-4.505, 4.508]
  [DDIM Scheduler] Step 36/50 (t_curr=299 -> t_prev=279) | x range: [-5.138, 5.122]
  [DDIM Scheduler] Step 41/50 (t_curr=199 -> t_prev=179) | x range: [-5.525, 5.498]
  [DDIM Scheduler] Step 46/50 (t_curr= 99 -> t_prev= 79) | x range: [-5.470, 5.443]
  [DDIM Scheduler] Step 50/50 (t_curr= 19 -> t_prev= -1) | x range: [-5.039, 5.019]
  Generated: 4352/5120

  --- Batch 69 (64 samples) ---
  [DDIM Scheduler] Step  1/50 (t_curr=999 -> t_prev=979) | x range: [-4.200, 4.348]
  [DDIM Scheduler] Step  6/50 (t_curr=899 -> t_prev=879) | x range: [-4.202, 4.349]
  [DDIM Scheduler] Step 11/50 (t_curr=799 -> t_prev=779) | x range: [-4.203, 4.351]
  [DDIM Scheduler] Step 16/50 (t_curr=699 -> t_prev=679) | x range: [-4.206, 4.353]
  [DDIM Scheduler] Step 21/50 (t_curr=599 -> t_prev=579) | x range: [-4.205, 4.336]
  [DDIM Scheduler] Step 26/50 (t_curr=499 -> t_prev=479) | x range: [-4.229, 4.245]
  [DDIM Scheduler] Step 31/50 (t_curr=399 -> t_prev=379) | x range: [-4.807, 4.562]
  [DDIM Scheduler] Step 36/50 (t_curr=299 -> t_prev=279) | x range: [-5.394, 5.168]
  [DDIM Scheduler] Step 41/50 (t_curr=199 -> t_prev=179) | x range: [-5.709, 5.526]
  [DDIM Scheduler] Step 46/50 (t_curr= 99 -> t_prev= 79) | x range: [-5.556, 5.447]
  [DDIM Scheduler] Step 50/50 (t_curr= 19 -> t_prev= -1) | x range: [-5.051, 5.022]
  Generated: 4416/5120

  --- Batch 70 (64 samples) ---
  [DDIM Scheduler] Step  1/50 (t_curr=999 -> t_prev=979) | x range: [-4.204, 4.434]
  [DDIM Scheduler] Step  6/50 (t_curr=899 -> t_prev=879) | x range: [-4.199, 4.435]
  [DDIM Scheduler] Step 11/50 (t_curr=799 -> t_prev=779) | x range: [-4.194, 4.436]
  [DDIM Scheduler] Step 16/50 (t_curr=699 -> t_prev=679) | x range: [-4.186, 4.435]
  [DDIM Scheduler] Step 21/50 (t_curr=599 -> t_prev=579) | x range: [-4.138, 4.373]
  [DDIM Scheduler] Step 26/50 (t_curr=499 -> t_prev=479) | x range: [-4.106, 4.297]
  [DDIM Scheduler] Step 31/50 (t_curr=399 -> t_prev=379) | x range: [-4.654, 4.426]
  [DDIM Scheduler] Step 36/50 (t_curr=299 -> t_prev=279) | x range: [-5.233, 5.068]
  [DDIM Scheduler] Step 41/50 (t_curr=199 -> t_prev=179) | x range: [-5.558, 5.460]
  [DDIM Scheduler] Step 46/50 (t_curr= 99 -> t_prev= 79) | x range: [-5.453, 5.418]
  [DDIM Scheduler] Step 50/50 (t_curr= 19 -> t_prev= -1) | x range: [-5.016, 5.018]
  Generated: 4480/5120

  --- Batch 71 (64 samples) ---
  [DDIM Scheduler] Step  1/50 (t_curr=999 -> t_prev=979) | x range: [-4.592, 4.316]
  [DDIM Scheduler] Step  6/50 (t_curr=899 -> t_prev=879) | x range: [-4.593, 4.315]
  [DDIM Scheduler] Step 11/50 (t_curr=799 -> t_prev=779) | x range: [-4.593, 4.314]
  [DDIM Scheduler] Step 16/50 (t_curr=699 -> t_prev=679) | x range: [-4.591, 4.320]
  [DDIM Scheduler] Step 21/50 (t_curr=599 -> t_prev=579) | x range: [-4.568, 4.324]
  [DDIM Scheduler] Step 26/50 (t_curr=499 -> t_prev=479) | x range: [-4.449, 4.239]
  [DDIM Scheduler] Step 31/50 (t_curr=399 -> t_prev=379) | x range: [-5.092, 4.705]
  [DDIM Scheduler] Step 36/50 (t_curr=299 -> t_prev=279) | x range: [-5.651, 5.201]
  [DDIM Scheduler] Step 41/50 (t_curr=199 -> t_prev=179) | x range: [-5.908, 5.532]
  [DDIM Scheduler] Step 46/50 (t_curr= 99 -> t_prev= 79) | x range: [-5.674, 5.458]
  [DDIM Scheduler] Step 50/50 (t_curr= 19 -> t_prev= -1) | x range: [-5.023, 5.027]
  Generated: 4544/5120

  --- Batch 72 (64 samples) ---
  [DDIM Scheduler] Step  1/50 (t_curr=999 -> t_prev=979) | x range: [-5.065, 4.713]
  [DDIM Scheduler] Step  6/50 (t_curr=899 -> t_prev=879) | x range: [-5.065, 4.714]
  [DDIM Scheduler] Step 11/50 (t_curr=799 -> t_prev=779) | x range: [-5.067, 4.714]
  [DDIM Scheduler] Step 16/50 (t_curr=699 -> t_prev=679) | x range: [-5.091, 4.711]
  [DDIM Scheduler] Step 21/50 (t_curr=599 -> t_prev=579) | x range: [-5.271, 4.685]
  [DDIM Scheduler] Step 26/50 (t_curr=499 -> t_prev=479) | x range: [-5.484, 4.607]
  [DDIM Scheduler] Step 31/50 (t_curr=399 -> t_prev=379) | x range: [-5.560, 4.380]
  [DDIM Scheduler] Step 36/50 (t_curr=299 -> t_prev=279) | x range: [-5.252, 4.860]
  [DDIM Scheduler] Step 41/50 (t_curr=199 -> t_prev=179) | x range: [-5.443, 5.337]
  [DDIM Scheduler] Step 46/50 (t_curr= 99 -> t_prev= 79) | x range: [-5.428, 5.394]
  [DDIM Scheduler] Step 50/50 (t_curr= 19 -> t_prev= -1) | x range: [-5.040, 5.035]
  Generated: 4608/5120

  --- Batch 73 (64 samples) ---
  [DDIM Scheduler] Step  1/50 (t_curr=999 -> t_prev=979) | x range: [-4.511, 4.228]
  [DDIM Scheduler] Step  6/50 (t_curr=899 -> t_prev=879) | x range: [-4.509, 4.225]
  [DDIM Scheduler] Step 11/50 (t_curr=799 -> t_prev=779) | x range: [-4.507, 4.223]
  [DDIM Scheduler] Step 16/50 (t_curr=699 -> t_prev=679) | x range: [-4.501, 4.221]
  [DDIM Scheduler] Step 21/50 (t_curr=599 -> t_prev=579) | x range: [-4.477, 4.213]
  [DDIM Scheduler] Step 26/50 (t_curr=499 -> t_prev=479) | x range: [-4.447, 4.157]
  [DDIM Scheduler] Step 31/50 (t_curr=399 -> t_prev=379) | x range: [-5.042, 4.682]
  [DDIM Scheduler] Step 36/50 (t_curr=299 -> t_prev=279) | x range: [-5.582, 5.293]
  [DDIM Scheduler] Step 41/50 (t_curr=199 -> t_prev=179) | x range: [-5.834, 5.638]
  [DDIM Scheduler] Step 46/50 (t_curr= 99 -> t_prev= 79) | x range: [-5.614, 5.535]
  [DDIM Scheduler] Step 50/50 (t_curr= 19 -> t_prev= -1) | x range: [-5.028, 5.033]
  Generated: 4672/5120

  --- Batch 74 (64 samples) ---
  [DDIM Scheduler] Step  1/50 (t_curr=999 -> t_prev=979) | x range: [-4.468, 4.813]
  [DDIM Scheduler] Step  6/50 (t_curr=899 -> t_prev=879) | x range: [-4.467, 4.814]
  [DDIM Scheduler] Step 11/50 (t_curr=799 -> t_prev=779) | x range: [-4.466, 4.814]
  [DDIM Scheduler] Step 16/50 (t_curr=699 -> t_prev=679) | x range: [-4.466, 4.811]
  [DDIM Scheduler] Step 21/50 (t_curr=599 -> t_prev=579) | x range: [-4.454, 4.786]
  [DDIM Scheduler] Step 26/50 (t_curr=499 -> t_prev=479) | x range: [-4.514, 4.711]
  [DDIM Scheduler] Step 31/50 (t_curr=399 -> t_prev=379) | x range: [-4.746, 4.732]
  [DDIM Scheduler] Step 36/50 (t_curr=299 -> t_prev=279) | x range: [-4.999, 5.334]
  [DDIM Scheduler] Step 41/50 (t_curr=199 -> t_prev=179) | x range: [-5.413, 5.666]
  [DDIM Scheduler] Step 46/50 (t_curr= 99 -> t_prev= 79) | x range: [-5.408, 5.536]
  [DDIM Scheduler] Step 50/50 (t_curr= 19 -> t_prev= -1) | x range: [-5.026, 5.028]
  Generated: 4736/5120

  --- Batch 75 (64 samples) ---
  [DDIM Scheduler] Step  1/50 (t_curr=999 -> t_prev=979) | x range: [-4.477, 4.526]
  [DDIM Scheduler] Step  6/50 (t_curr=899 -> t_prev=879) | x range: [-4.478, 4.523]
  [DDIM Scheduler] Step 11/50 (t_curr=799 -> t_prev=779) | x range: [-4.479, 4.519]
  [DDIM Scheduler] Step 16/50 (t_curr=699 -> t_prev=679) | x range: [-4.476, 4.515]
  [DDIM Scheduler] Step 21/50 (t_curr=599 -> t_prev=579) | x range: [-4.447, 4.490]
  [DDIM Scheduler] Step 26/50 (t_curr=499 -> t_prev=479) | x range: [-4.364, 4.401]
  [DDIM Scheduler] Step 31/50 (t_curr=399 -> t_prev=379) | x range: [-4.270, 4.408]
  [DDIM Scheduler] Step 36/50 (t_curr=299 -> t_prev=279) | x range: [-4.842, 4.863]
  [DDIM Scheduler] Step 41/50 (t_curr=199 -> t_prev=179) | x range: [-5.259, 5.319]
  [DDIM Scheduler] Step 46/50 (t_curr= 99 -> t_prev= 79) | x range: [-5.315, 5.366]
  [DDIM Scheduler] Step 50/50 (t_curr= 19 -> t_prev= -1) | x range: [-5.019, 5.023]
  Generated: 4800/5120

  --- Batch 76 (64 samples) ---
  [DDIM Scheduler] Step  1/50 (t_curr=999 -> t_prev=979) | x range: [-4.919, 4.457]
  [DDIM Scheduler] Step  6/50 (t_curr=899 -> t_prev=879) | x range: [-4.918, 4.460]
  [DDIM Scheduler] Step 11/50 (t_curr=799 -> t_prev=779) | x range: [-4.917, 4.462]
  [DDIM Scheduler] Step 16/50 (t_curr=699 -> t_prev=679) | x range: [-4.921, 4.455]
  [DDIM Scheduler] Step 21/50 (t_curr=599 -> t_prev=579) | x range: [-4.918, 4.434]
  [DDIM Scheduler] Step 26/50 (t_curr=499 -> t_prev=479) | x range: [-4.831, 4.585]
  [DDIM Scheduler] Step 31/50 (t_curr=399 -> t_prev=379) | x range: [-4.855, 4.767]
  [DDIM Scheduler] Step 36/50 (t_curr=299 -> t_prev=279) | x range: [-5.445, 5.340]
  [DDIM Scheduler] Step 41/50 (t_curr=199 -> t_prev=179) | x range: [-5.758, 5.654]
  [DDIM Scheduler] Step 46/50 (t_curr= 99 -> t_prev= 79) | x range: [-5.601, 5.521]
  [DDIM Scheduler] Step 50/50 (t_curr= 19 -> t_prev= -1) | x range: [-5.021, 5.025]
  Generated: 4864/5120

  --- Batch 77 (64 samples) ---
  [DDIM Scheduler] Step  1/50 (t_curr=999 -> t_prev=979) | x range: [-4.794, 4.421]
  [DDIM Scheduler] Step  6/50 (t_curr=899 -> t_prev=879) | x range: [-4.798, 4.421]
  [DDIM Scheduler] Step 11/50 (t_curr=799 -> t_prev=779) | x range: [-4.802, 4.421]
  [DDIM Scheduler] Step 16/50 (t_curr=699 -> t_prev=679) | x range: [-4.808, 4.423]
  [DDIM Scheduler] Step 21/50 (t_curr=599 -> t_prev=579) | x range: [-4.772, 4.380]
  [DDIM Scheduler] Step 26/50 (t_curr=499 -> t_prev=479) | x range: [-4.842, 4.590]
  [DDIM Scheduler] Step 31/50 (t_curr=399 -> t_prev=379) | x range: [-5.440, 5.203]
  [DDIM Scheduler] Step 36/50 (t_curr=299 -> t_prev=279) | x range: [-5.937, 5.725]
  [DDIM Scheduler] Step 41/50 (t_curr=199 -> t_prev=179) | x range: [-6.110, 5.936]
  [DDIM Scheduler] Step 46/50 (t_curr= 99 -> t_prev= 79) | x range: [-5.770, 5.659]
  [DDIM Scheduler] Step 50/50 (t_curr= 19 -> t_prev= -1) | x range: [-5.025, 5.013]
  Generated: 4928/5120

  --- Batch 78 (64 samples) ---
  [DDIM Scheduler] Step  1/50 (t_curr=999 -> t_prev=979) | x range: [-4.444, 4.545]
  [DDIM Scheduler] Step  6/50 (t_curr=899 -> t_prev=879) | x range: [-4.443, 4.540]
  [DDIM Scheduler] Step 11/50 (t_curr=799 -> t_prev=779) | x range: [-4.442, 4.535]
  [DDIM Scheduler] Step 16/50 (t_curr=699 -> t_prev=679) | x range: [-4.434, 4.528]
  [DDIM Scheduler] Step 21/50 (t_curr=599 -> t_prev=579) | x range: [-4.415, 4.505]
  [DDIM Scheduler] Step 26/50 (t_curr=499 -> t_prev=479) | x range: [-4.264, 4.424]
  [DDIM Scheduler] Step 31/50 (t_curr=399 -> t_prev=379) | x range: [-4.551, 4.856]
  [DDIM Scheduler] Step 36/50 (t_curr=299 -> t_prev=279) | x range: [-5.177, 5.427]
  [DDIM Scheduler] Step 41/50 (t_curr=199 -> t_prev=179) | x range: [-5.541, 5.732]
  [DDIM Scheduler] Step 46/50 (t_curr= 99 -> t_prev= 79) | x range: [-5.450, 5.577]
  [DDIM Scheduler] Step 50/50 (t_curr= 19 -> t_prev= -1) | x range: [-5.025, 5.023]
  Generated: 4992/5120

  --- Batch 79 (64 samples) ---
  [DDIM Scheduler] Step  1/50 (t_curr=999 -> t_prev=979) | x range: [-4.152, 4.445]
  [DDIM Scheduler] Step  6/50 (t_curr=899 -> t_prev=879) | x range: [-4.152, 4.446]
  [DDIM Scheduler] Step 11/50 (t_curr=799 -> t_prev=779) | x range: [-4.151, 4.447]
  [DDIM Scheduler] Step 16/50 (t_curr=699 -> t_prev=679) | x range: [-4.148, 4.451]
  [DDIM Scheduler] Step 21/50 (t_curr=599 -> t_prev=579) | x range: [-4.166, 4.443]
  [DDIM Scheduler] Step 26/50 (t_curr=499 -> t_prev=479) | x range: [-4.182, 4.369]
  [DDIM Scheduler] Step 31/50 (t_curr=399 -> t_prev=379) | x range: [-4.728, 4.761]
  [DDIM Scheduler] Step 36/50 (t_curr=299 -> t_prev=279) | x range: [-5.310, 5.117]
  [DDIM Scheduler] Step 41/50 (t_curr=199 -> t_prev=179) | x range: [-5.628, 5.272]
  [DDIM Scheduler] Step 46/50 (t_curr= 99 -> t_prev= 79) | x range: [-5.502, 5.346]
  [DDIM Scheduler] Step 50/50 (t_curr= 19 -> t_prev= -1) | x range: [-5.018, 5.047]
  Generated: 5056/5120

  --- Batch 80 (64 samples) ---
  [DDIM Scheduler] Step  1/50 (t_curr=999 -> t_prev=979) | x range: [-4.630, 4.420]
  [DDIM Scheduler] Step  6/50 (t_curr=899 -> t_prev=879) | x range: [-4.630, 4.420]
  [DDIM Scheduler] Step 11/50 (t_curr=799 -> t_prev=779) | x range: [-4.631, 4.418]
  [DDIM Scheduler] Step 16/50 (t_curr=699 -> t_prev=679) | x range: [-4.635, 4.412]
  [DDIM Scheduler] Step 21/50 (t_curr=599 -> t_prev=579) | x range: [-4.604, 4.420]
  [DDIM Scheduler] Step 26/50 (t_curr=499 -> t_prev=479) | x range: [-4.515, 4.417]
  [DDIM Scheduler] Step 31/50 (t_curr=399 -> t_prev=379) | x range: [-4.740, 4.645]
  [DDIM Scheduler] Step 36/50 (t_curr=299 -> t_prev=279) | x range: [-5.331, 5.254]
  [DDIM Scheduler] Step 41/50 (t_curr=199 -> t_prev=179) | x range: [-5.652, 5.605]
  [DDIM Scheduler] Step 46/50 (t_curr= 99 -> t_prev= 79) | x range: [-5.517, 5.507]
  [DDIM Scheduler] Step 50/50 (t_curr= 19 -> t_prev= -1) | x range: [-5.025, 5.022]
  Generated: 5120/5120

[Step 4] Saving to CSV...

============================================================
  Generation Complete!
============================================================
  Output:         output/deep_v9.csv
  Shape:          (5120, 4096)
  Total time:     424.3s
  Time per sample: 82.87ms

  ── SP500 日收益率统计 ──
    Mean:  0.000317
    Std:   0.009070
    Min:   -0.055122
    Max:   0.059757

  ── DGS10 日差分统计 ──
    Mean:  0.000170
    Std:   0.055926
    Min:   -0.337863
    Max:   0.349276
