nohup: ignoring input
[Config] CUDA detected: NVIDIA RTX A6000 x2
[Utils] Random seed set to 42
============================================================
  1D-DDPM Generation Pipeline
============================================================
  Device:       cuda
  Checkpoint:   logs/deep_v9_dit_b_20k/checkpoint_final.pt
  Scaler:       logs/deep_v9_dit_b_20k/scaler.pt
  Num samples:  5120
  Batch size:   64
  Use EMA:      True
  Output:       output/deep_v9_20k_200step.csv
============================================================

[Step 1] Loading scaler...
[Scaler] Parameters loaded from logs/deep_v9_dit_b_20k/scaler.pt
  sp500: mean=0.000315, std=0.010551
  DGS10: mean=0.000026, std=0.066899
  Found run configuration: /home/u00134/src/logs/deep_v9_dit_b_20k/config.json
  Loaded model config: channel_dims=[64, 128, 256, 512, 1024], time_emb_dim=256, T=1000

[Step 2] Loading model...
  Loaded EMA weights
  Trained epoch: 19999
  DIT-B parameters: 57,932,320

[Step 2.5] Loading dataset for conditional generation initial states...
[Dataset] Loaded 14734 rows from /home/u00134/data/train_sp500_us10y.csv
[Dataset] 2538 windows (seq_len=2048, stride=5, total_rows=14734)
  Dataset loaded. Number of available conditions: 2538

[Step 3] Generating 5120 paths...

  --- Batch 1 (64 samples) ---
  [DDIM Scheduler] Step  1/200 (t_curr=999 -> t_prev=994) | x range: [-4.396, 4.768]
  [DDIM Scheduler] Step 21/200 (t_curr=899 -> t_prev=894) | x range: [-4.396, 4.769]
  [DDIM Scheduler] Step 41/200 (t_curr=799 -> t_prev=794) | x range: [-4.396, 4.770]
  [DDIM Scheduler] Step 61/200 (t_curr=699 -> t_prev=694) | x range: [-4.397, 4.771]
  [DDIM Scheduler] Step 81/200 (t_curr=599 -> t_prev=594) | x range: [-4.380, 4.757]
  [DDIM Scheduler] Step 101/200 (t_curr=499 -> t_prev=494) | x range: [-4.439, 4.640]
  [DDIM Scheduler] Step 121/200 (t_curr=399 -> t_prev=394) | x range: [-4.835, 5.032]
  [DDIM Scheduler] Step 141/200 (t_curr=299 -> t_prev=294) | x range: [-5.410, 5.550]
  [DDIM Scheduler] Step 161/200 (t_curr=199 -> t_prev=194) | x range: [-5.752, 5.788]
  [DDIM Scheduler] Step 181/200 (t_curr= 99 -> t_prev= 94) | x range: [-5.650, 5.562]
  [DDIM Scheduler] Step 200/200 (t_curr=  4 -> t_prev= -1) | x range: [-5.016, 5.016]
  Generated: 64/5120

  --- Batch 2 (64 samples) ---
  [DDIM Scheduler] Step  1/200 (t_curr=999 -> t_prev=994) | x range: [-4.210, 4.189]
  [DDIM Scheduler] Step 21/200 (t_curr=899 -> t_prev=894) | x range: [-4.213, 4.190]
  [DDIM Scheduler] Step 41/200 (t_curr=799 -> t_prev=794) | x range: [-4.216, 4.191]
  [DDIM Scheduler] Step 61/200 (t_curr=699 -> t_prev=694) | x range: [-4.217, 4.191]
  [DDIM Scheduler] Step 81/200 (t_curr=599 -> t_prev=594) | x range: [-4.207, 4.152]
  [DDIM Scheduler] Step 101/200 (t_curr=499 -> t_prev=494) | x range: [-4.273, 4.095]
  [DDIM Scheduler] Step 121/200 (t_curr=399 -> t_prev=394) | x range: [-4.881, 4.380]
  [DDIM Scheduler] Step 141/200 (t_curr=299 -> t_prev=294) | x range: [-5.438, 4.990]
  [DDIM Scheduler] Step 161/200 (t_curr=199 -> t_prev=194) | x range: [-5.736, 5.416]
  [DDIM Scheduler] Step 181/200 (t_curr= 99 -> t_prev= 94) | x range: [-5.590, 5.465]
  [DDIM Scheduler] Step 200/200 (t_curr=  4 -> t_prev= -1) | x range: [-5.013, 5.014]
  Generated: 128/5120

  --- Batch 3 (64 samples) ---
  [DDIM Scheduler] Step  1/200 (t_curr=999 -> t_prev=994) | x range: [-4.496, 4.919]
  [DDIM Scheduler] Step 21/200 (t_curr=899 -> t_prev=894) | x range: [-4.495, 4.920]
  [DDIM Scheduler] Step 41/200 (t_curr=799 -> t_prev=794) | x range: [-4.494, 4.920]
  [DDIM Scheduler] Step 61/200 (t_curr=699 -> t_prev=694) | x range: [-4.484, 4.919]
  [DDIM Scheduler] Step 81/200 (t_curr=599 -> t_prev=594) | x range: [-4.418, 4.855]
  [DDIM Scheduler] Step 101/200 (t_curr=499 -> t_prev=494) | x range: [-4.605, 4.654]
  [DDIM Scheduler] Step 121/200 (t_curr=399 -> t_prev=394) | x range: [-5.211, 4.463]
  [DDIM Scheduler] Step 141/200 (t_curr=299 -> t_prev=294) | x range: [-5.750, 5.113]
  [DDIM Scheduler] Step 161/200 (t_curr=199 -> t_prev=194) | x range: [-6.006, 5.537]
  [DDIM Scheduler] Step 181/200 (t_curr= 99 -> t_prev= 94) | x range: [-5.786, 5.540]
  [DDIM Scheduler] Step 200/200 (t_curr=  4 -> t_prev= -1) | x range: [-5.019, 5.016]
  Generated: 192/5120

  --- Batch 4 (64 samples) ---
  [DDIM Scheduler] Step  1/200 (t_curr=999 -> t_prev=994) | x range: [-4.699, 4.744]
  [DDIM Scheduler] Step 21/200 (t_curr=899 -> t_prev=894) | x range: [-4.700, 4.746]
  [DDIM Scheduler] Step 41/200 (t_curr=799 -> t_prev=794) | x range: [-4.700, 4.747]
  [DDIM Scheduler] Step 61/200 (t_curr=699 -> t_prev=694) | x range: [-4.693, 4.747]
  [DDIM Scheduler] Step 81/200 (t_curr=599 -> t_prev=594) | x range: [-4.689, 4.742]
  [DDIM Scheduler] Step 101/200 (t_curr=499 -> t_prev=494) | x range: [-4.651, 4.666]
  [DDIM Scheduler] Step 121/200 (t_curr=399 -> t_prev=394) | x range: [-4.439, 5.122]
  [DDIM Scheduler] Step 141/200 (t_curr=299 -> t_prev=294) | x range: [-5.028, 5.531]
  [DDIM Scheduler] Step 161/200 (t_curr=199 -> t_prev=194) | x range: [-5.390, 5.817]
  [DDIM Scheduler] Step 181/200 (t_curr= 99 -> t_prev= 94) | x range: [-5.395, 5.670]
  [DDIM Scheduler] Step 200/200 (t_curr=  4 -> t_prev= -1) | x range: [-5.207, 5.017]
  Generated: 256/5120

  --- Batch 5 (64 samples) ---
  [DDIM Scheduler] Step  1/200 (t_curr=999 -> t_prev=994) | x range: [-4.381, 4.884]
  [DDIM Scheduler] Step 21/200 (t_curr=899 -> t_prev=894) | x range: [-4.383, 4.885]
  [DDIM Scheduler] Step 41/200 (t_curr=799 -> t_prev=794) | x range: [-4.384, 4.886]
  [DDIM Scheduler] Step 61/200 (t_curr=699 -> t_prev=694) | x range: [-4.385, 4.895]
  [DDIM Scheduler] Step 81/200 (t_curr=599 -> t_prev=594) | x range: [-4.334, 4.946]
  [DDIM Scheduler] Step 101/200 (t_curr=499 -> t_prev=494) | x range: [-4.271, 4.868]
  [DDIM Scheduler] Step 121/200 (t_curr=399 -> t_prev=394) | x range: [-4.693, 4.860]
  [DDIM Scheduler] Step 141/200 (t_curr=299 -> t_prev=294) | x range: [-5.061, 5.429]
  [DDIM Scheduler] Step 161/200 (t_curr=199 -> t_prev=194) | x range: [-5.493, 5.754]
  [DDIM Scheduler] Step 181/200 (t_curr= 99 -> t_prev= 94) | x range: [-5.513, 5.640]
  [DDIM Scheduler] Step 200/200 (t_curr=  4 -> t_prev= -1) | x range: [-5.015, 5.027]
  Generated: 320/5120

  --- Batch 6 (64 samples) ---
  [DDIM Scheduler] Step  1/200 (t_curr=999 -> t_prev=994) | x range: [-4.334, 4.848]
  [DDIM Scheduler] Step 21/200 (t_curr=899 -> t_prev=894) | x range: [-4.334, 4.848]
  [DDIM Scheduler] Step 41/200 (t_curr=799 -> t_prev=794) | x range: [-4.335, 4.849]
  [DDIM Scheduler] Step 61/200 (t_curr=699 -> t_prev=694) | x range: [-4.335, 4.849]
  [DDIM Scheduler] Step 81/200 (t_curr=599 -> t_prev=594) | x range: [-4.331, 4.825]
  [DDIM Scheduler] Step 101/200 (t_curr=499 -> t_prev=494) | x range: [-4.444, 4.585]
  [DDIM Scheduler] Step 121/200 (t_curr=399 -> t_prev=394) | x range: [-5.092, 4.658]
  [DDIM Scheduler] Step 141/200 (t_curr=299 -> t_prev=294) | x range: [-5.678, 5.267]
  [DDIM Scheduler] Step 161/200 (t_curr=199 -> t_prev=194) | x range: [-5.979, 5.646]
  [DDIM Scheduler] Step 181/200 (t_curr= 99 -> t_prev= 94) | x range: [-5.793, 5.595]
  [DDIM Scheduler] Step 200/200 (t_curr=  4 -> t_prev= -1) | x range: [-5.024, 5.019]
  Generated: 384/5120

  --- Batch 7 (64 samples) ---
  [DDIM Scheduler] Step  1/200 (t_curr=999 -> t_prev=994) | x range: [-4.393, 4.441]
  [DDIM Scheduler] Step 21/200 (t_curr=899 -> t_prev=894) | x range: [-4.393, 4.442]
  [DDIM Scheduler] Step 41/200 (t_curr=799 -> t_prev=794) | x range: [-4.392, 4.444]
  [DDIM Scheduler] Step 61/200 (t_curr=699 -> t_prev=694) | x range: [-4.390, 4.440]
  [DDIM Scheduler] Step 81/200 (t_curr=599 -> t_prev=594) | x range: [-4.372, 4.337]
  [DDIM Scheduler] Step 101/200 (t_curr=499 -> t_prev=494) | x range: [-4.681, 4.683]
  [DDIM Scheduler] Step 121/200 (t_curr=399 -> t_prev=394) | x range: [-5.255, 5.104]
  [DDIM Scheduler] Step 141/200 (t_curr=299 -> t_prev=294) | x range: [-5.753, 5.411]
  [DDIM Scheduler] Step 161/200 (t_curr=199 -> t_prev=194) | x range: [-5.972, 5.589]
  [DDIM Scheduler] Step 181/200 (t_curr= 99 -> t_prev= 94) | x range: [-5.715, 5.577]
  [DDIM Scheduler] Step 200/200 (t_curr=  4 -> t_prev= -1) | x range: [-5.015, 5.113]
  Generated: 448/5120

  --- Batch 8 (64 samples) ---
  [DDIM Scheduler] Step  1/200 (t_curr=999 -> t_prev=994) | x range: [-4.781, 4.701]
  [DDIM Scheduler] Step 21/200 (t_curr=899 -> t_prev=894) | x range: [-4.780, 4.704]
  [DDIM Scheduler] Step 41/200 (t_curr=799 -> t_prev=794) | x range: [-4.780, 4.706]
  [DDIM Scheduler] Step 61/200 (t_curr=699 -> t_prev=694) | x range: [-4.773, 4.703]
  [DDIM Scheduler] Step 81/200 (t_curr=599 -> t_prev=594) | x range: [-4.731, 4.702]
  [DDIM Scheduler] Step 101/200 (t_curr=499 -> t_prev=494) | x range: [-4.505, 4.615]
  [DDIM Scheduler] Step 121/200 (t_curr=399 -> t_prev=394) | x range: [-4.829, 5.207]
  [DDIM Scheduler] Step 141/200 (t_curr=299 -> t_prev=294) | x range: [-5.421, 5.751]
  [DDIM Scheduler] Step 161/200 (t_curr=199 -> t_prev=194) | x range: [-5.765, 6.007]
  [DDIM Scheduler] Step 181/200 (t_curr= 99 -> t_prev= 94) | x range: [-5.656, 5.781]
  [DDIM Scheduler] Step 200/200 (t_curr=  4 -> t_prev= -1) | x range: [-5.285, 5.028]
  Generated: 512/5120

  --- Batch 9 (64 samples) ---
  [DDIM Scheduler] Step  1/200 (t_curr=999 -> t_prev=994) | x range: [-4.724, 4.531]
  [DDIM Scheduler] Step 21/200 (t_curr=899 -> t_prev=894) | x range: [-4.726, 4.533]
  [DDIM Scheduler] Step 41/200 (t_curr=799 -> t_prev=794) | x range: [-4.727, 4.534]
  [DDIM Scheduler] Step 61/200 (t_curr=699 -> t_prev=694) | x range: [-4.725, 4.526]
  [DDIM Scheduler] Step 81/200 (t_curr=599 -> t_prev=594) | x range: [-4.703, 4.494]
  [DDIM Scheduler] Step 101/200 (t_curr=499 -> t_prev=494) | x range: [-4.607, 4.353]
  [DDIM Scheduler] Step 121/200 (t_curr=399 -> t_prev=394) | x range: [-5.216, 4.782]
  [DDIM Scheduler] Step 141/200 (t_curr=299 -> t_prev=294) | x range: [-5.769, 5.359]
  [DDIM Scheduler] Step 161/200 (t_curr=199 -> t_prev=194) | x range: [-6.031, 5.697]
  [DDIM Scheduler] Step 181/200 (t_curr= 99 -> t_prev= 94) | x range: [-5.802, 5.603]
  [DDIM Scheduler] Step 200/200 (t_curr=  4 -> t_prev= -1) | x range: [-5.027, 5.033]
  Generated: 576/5120

  --- Batch 10 (64 samples) ---
  [DDIM Scheduler] Step  1/200 (t_curr=999 -> t_prev=994) | x range: [-4.246, 5.150]
  [DDIM Scheduler] Step 21/200 (t_curr=899 -> t_prev=894) | x range: [-4.248, 5.145]
  [DDIM Scheduler] Step 41/200 (t_curr=799 -> t_prev=794) | x range: [-4.251, 5.141]
  [DDIM Scheduler] Step 61/200 (t_curr=699 -> t_prev=694) | x range: [-4.254, 5.136]
  [DDIM Scheduler] Step 81/200 (t_curr=599 -> t_prev=594) | x range: [-4.256, 5.143]
  [DDIM Scheduler] Step 101/200 (t_curr=499 -> t_prev=494) | x range: [-4.294, 5.000]
  [DDIM Scheduler] Step 121/200 (t_curr=399 -> t_prev=394) | x range: [-4.581, 4.617]
  [DDIM Scheduler] Step 141/200 (t_curr=299 -> t_prev=294) | x range: [-5.204, 5.092]
  [DDIM Scheduler] Step 161/200 (t_curr=199 -> t_prev=194) | x range: [-5.592, 5.513]
  [DDIM Scheduler] Step 181/200 (t_curr= 99 -> t_prev= 94) | x range: [-5.548, 5.520]
  [DDIM Scheduler] Step 200/200 (t_curr=  4 -> t_prev= -1) | x range: [-5.022, 5.019]
  Generated: 640/5120

  --- Batch 11 (64 samples) ---
  [DDIM Scheduler] Step  1/200 (t_curr=999 -> t_prev=994) | x range: [-4.553, 4.286]
  [DDIM Scheduler] Step 21/200 (t_curr=899 -> t_prev=894) | x range: [-4.554, 4.285]
  [DDIM Scheduler] Step 41/200 (t_curr=799 -> t_prev=794) | x range: [-4.555, 4.284]
  [DDIM Scheduler] Step 61/200 (t_curr=699 -> t_prev=694) | x range: [-4.553, 4.280]
  [DDIM Scheduler] Step 81/200 (t_curr=599 -> t_prev=594) | x range: [-4.526, 4.269]
  [DDIM Scheduler] Step 101/200 (t_curr=499 -> t_prev=494) | x range: [-4.440, 4.192]
  [DDIM Scheduler] Step 121/200 (t_curr=399 -> t_prev=394) | x range: [-4.769, 4.608]
  [DDIM Scheduler] Step 141/200 (t_curr=299 -> t_prev=294) | x range: [-5.375, 5.237]
  [DDIM Scheduler] Step 161/200 (t_curr=199 -> t_prev=194) | x range: [-5.731, 5.629]
  [DDIM Scheduler] Step 181/200 (t_curr= 99 -> t_prev= 94) | x range: [-5.640, 5.596]
  [DDIM Scheduler] Step 200/200 (t_curr=  4 -> t_prev= -1) | x range: [-5.022, 5.024]
  Generated: 704/5120

  --- Batch 12 (64 samples) ---
  [DDIM Scheduler] Step  1/200 (t_curr=999 -> t_prev=994) | x range: [-5.325, 4.403]
  [DDIM Scheduler] Step 21/200 (t_curr=899 -> t_prev=894) | x range: [-5.324, 4.400]
  [DDIM Scheduler] Step 41/200 (t_curr=799 -> t_prev=794) | x range: [-5.323, 4.396]
  [DDIM Scheduler] Step 61/200 (t_curr=699 -> t_prev=694) | x range: [-5.321, 4.390]
  [DDIM Scheduler] Step 81/200 (t_curr=599 -> t_prev=594) | x range: [-5.268, 4.371]
  [DDIM Scheduler] Step 101/200 (t_curr=499 -> t_prev=494) | x range: [-5.206, 4.422]
  [DDIM Scheduler] Step 121/200 (t_curr=399 -> t_prev=394) | x range: [-4.857, 4.665]
  [DDIM Scheduler] Step 141/200 (t_curr=299 -> t_prev=294) | x range: [-4.975, 4.768]
  [DDIM Scheduler] Step 161/200 (t_curr=199 -> t_prev=194) | x range: [-5.408, 5.219]
  [DDIM Scheduler] Step 181/200 (t_curr= 99 -> t_prev= 94) | x range: [-5.433, 5.368]
  [DDIM Scheduler] Step 200/200 (t_curr=  4 -> t_prev= -1) | x range: [-5.013, 5.030]
  Generated: 768/5120

  --- Batch 13 (64 samples) ---
  [DDIM Scheduler] Step  1/200 (t_curr=999 -> t_prev=994) | x range: [-4.287, 4.569]
  [DDIM Scheduler] Step 21/200 (t_curr=899 -> t_prev=894) | x range: [-4.287, 4.576]
  [DDIM Scheduler] Step 41/200 (t_curr=799 -> t_prev=794) | x range: [-4.288, 4.582]
  [DDIM Scheduler] Step 61/200 (t_curr=699 -> t_prev=694) | x range: [-4.285, 4.584]
  [DDIM Scheduler] Step 81/200 (t_curr=599 -> t_prev=594) | x range: [-4.253, 4.568]
  [DDIM Scheduler] Step 101/200 (t_curr=499 -> t_prev=494) | x range: [-4.390, 4.362]
  [DDIM Scheduler] Step 121/200 (t_curr=399 -> t_prev=394) | x range: [-4.659, 4.722]
  [DDIM Scheduler] Step 141/200 (t_curr=299 -> t_prev=294) | x range: [-5.098, 5.177]
  [DDIM Scheduler] Step 161/200 (t_curr=199 -> t_prev=194) | x range: [-5.511, 5.512]
  [DDIM Scheduler] Step 181/200 (t_curr= 99 -> t_prev= 94) | x range: [-5.513, 5.522]
  [DDIM Scheduler] Step 200/200 (t_curr=  4 -> t_prev= -1) | x range: [-5.086, 5.165]
  Generated: 832/5120

  --- Batch 14 (64 samples) ---
  [DDIM Scheduler] Step  1/200 (t_curr=999 -> t_prev=994) | x range: [-4.747, 4.758]
  [DDIM Scheduler] Step 21/200 (t_curr=899 -> t_prev=894) | x range: [-4.745, 4.755]
  [DDIM Scheduler] Step 41/200 (t_curr=799 -> t_prev=794) | x range: [-4.743, 4.753]
  [DDIM Scheduler] Step 61/200 (t_curr=699 -> t_prev=694) | x range: [-4.754, 4.749]
  [DDIM Scheduler] Step 81/200 (t_curr=599 -> t_prev=594) | x range: [-4.802, 4.720]
  [DDIM Scheduler] Step 101/200 (t_curr=499 -> t_prev=494) | x range: [-4.971, 4.571]
  [DDIM Scheduler] Step 121/200 (t_curr=399 -> t_prev=394) | x range: [-5.555, 4.749]
  [DDIM Scheduler] Step 141/200 (t_curr=299 -> t_prev=294) | x range: [-6.048, 5.347]
  [DDIM Scheduler] Step 161/200 (t_curr=199 -> t_prev=194) | x range: [-6.229, 5.702]
  [DDIM Scheduler] Step 181/200 (t_curr= 99 -> t_prev= 94) | x range: [-5.903, 5.618]
  [DDIM Scheduler] Step 200/200 (t_curr=  4 -> t_prev= -1) | x range: [-5.040, 5.190]
  Generated: 896/5120

  --- Batch 15 (64 samples) ---
  [DDIM Scheduler] Step  1/200 (t_curr=999 -> t_prev=994) | x range: [-4.547, 4.928]
  [DDIM Scheduler] Step 21/200 (t_curr=899 -> t_prev=894) | x range: [-4.546, 4.929]
  [DDIM Scheduler] Step 41/200 (t_curr=799 -> t_prev=794) | x range: [-4.546, 4.930]
  [DDIM Scheduler] Step 61/200 (t_curr=699 -> t_prev=694) | x range: [-4.544, 4.926]
  [DDIM Scheduler] Step 81/200 (t_curr=599 -> t_prev=594) | x range: [-4.489, 4.845]
  [DDIM Scheduler] Step 101/200 (t_curr=499 -> t_prev=494) | x range: [-4.526, 4.639]
  [DDIM Scheduler] Step 121/200 (t_curr=399 -> t_prev=394) | x range: [-4.691, 4.496]
  [DDIM Scheduler] Step 141/200 (t_curr=299 -> t_prev=294) | x range: [-4.989, 5.122]
  [DDIM Scheduler] Step 161/200 (t_curr=199 -> t_prev=194) | x range: [-5.435, 5.523]
  [DDIM Scheduler] Step 181/200 (t_curr= 99 -> t_prev= 94) | x range: [-5.473, 5.510]
  [DDIM Scheduler] Step 200/200 (t_curr=  4 -> t_prev= -1) | x range: [-5.066, 5.031]
  Generated: 960/5120

  --- Batch 16 (64 samples) ---
  [DDIM Scheduler] Step  1/200 (t_curr=999 -> t_prev=994) | x range: [-4.405, 4.466]
  [DDIM Scheduler] Step 21/200 (t_curr=899 -> t_prev=894) | x range: [-4.406, 4.465]
  [DDIM Scheduler] Step 41/200 (t_curr=799 -> t_prev=794) | x range: [-4.407, 4.464]
  [DDIM Scheduler] Step 61/200 (t_curr=699 -> t_prev=694) | x range: [-4.406, 4.463]
  [DDIM Scheduler] Step 81/200 (t_curr=599 -> t_prev=594) | x range: [-4.393, 4.449]
  [DDIM Scheduler] Step 101/200 (t_curr=499 -> t_prev=494) | x range: [-4.371, 4.356]
  [DDIM Scheduler] Step 121/200 (t_curr=399 -> t_prev=394) | x range: [-4.718, 4.581]
  [DDIM Scheduler] Step 141/200 (t_curr=299 -> t_prev=294) | x range: [-5.327, 5.141]
  [DDIM Scheduler] Step 161/200 (t_curr=199 -> t_prev=194) | x range: [-5.695, 5.541]
  [DDIM Scheduler] Step 181/200 (t_curr= 99 -> t_prev= 94) | x range: [-5.625, 5.521]
  [DDIM Scheduler] Step 200/200 (t_curr=  4 -> t_prev= -1) | x range: [-5.040, 5.078]
  Generated: 1024/5120

  --- Batch 17 (64 samples) ---
  [DDIM Scheduler] Step  1/200 (t_curr=999 -> t_prev=994) | x range: [-4.384, 4.498]
  [DDIM Scheduler] Step 21/200 (t_curr=899 -> t_prev=894) | x range: [-4.387, 4.499]
  [DDIM Scheduler] Step 41/200 (t_curr=799 -> t_prev=794) | x range: [-4.389, 4.501]
  [DDIM Scheduler] Step 61/200 (t_curr=699 -> t_prev=694) | x range: [-4.396, 4.505]
  [DDIM Scheduler] Step 81/200 (t_curr=599 -> t_prev=594) | x range: [-4.446, 4.490]
  [DDIM Scheduler] Step 101/200 (t_curr=499 -> t_prev=494) | x range: [-4.474, 4.402]
  [DDIM Scheduler] Step 121/200 (t_curr=399 -> t_prev=394) | x range: [-5.076, 4.430]
  [DDIM Scheduler] Step 141/200 (t_curr=299 -> t_prev=294) | x range: [-5.622, 5.060]
  [DDIM Scheduler] Step 161/200 (t_curr=199 -> t_prev=194) | x range: [-5.897, 5.494]
  [DDIM Scheduler] Step 181/200 (t_curr= 99 -> t_prev= 94) | x range: [-5.713, 5.514]
  [DDIM Scheduler] Step 200/200 (t_curr=  4 -> t_prev= -1) | x range: [-5.020, 5.015]
  Generated: 1088/5120

  --- Batch 18 (64 samples) ---
  [DDIM Scheduler] Step  1/200 (t_curr=999 -> t_prev=994) | x range: [-4.983, 4.743]
  [DDIM Scheduler] Step 21/200 (t_curr=899 -> t_prev=894) | x range: [-4.984, 4.743]
  [DDIM Scheduler] Step 41/200 (t_curr=799 -> t_prev=794) | x range: [-4.987, 4.743]
  [DDIM Scheduler] Step 61/200 (t_curr=699 -> t_prev=694) | x range: [-4.985, 4.740]
  [DDIM Scheduler] Step 81/200 (t_curr=599 -> t_prev=594) | x range: [-4.972, 4.732]
  [DDIM Scheduler] Step 101/200 (t_curr=499 -> t_prev=494) | x range: [-4.814, 4.600]
  [DDIM Scheduler] Step 121/200 (t_curr=399 -> t_prev=394) | x range: [-4.538, 4.958]
  [DDIM Scheduler] Step 141/200 (t_curr=299 -> t_prev=294) | x range: [-5.170, 5.529]
  [DDIM Scheduler] Step 161/200 (t_curr=199 -> t_prev=194) | x range: [-5.575, 5.836]
  [DDIM Scheduler] Step 181/200 (t_curr= 99 -> t_prev= 94) | x range: [-5.554, 5.686]
  [DDIM Scheduler] Step 200/200 (t_curr=  4 -> t_prev= -1) | x range: [-5.027, 5.027]
  Generated: 1152/5120

  --- Batch 19 (64 samples) ---
  [DDIM Scheduler] Step  1/200 (t_curr=999 -> t_prev=994) | x range: [-4.270, 4.568]
  [DDIM Scheduler] Step 21/200 (t_curr=899 -> t_prev=894) | x range: [-4.272, 4.567]
  [DDIM Scheduler] Step 41/200 (t_curr=799 -> t_prev=794) | x range: [-4.275, 4.565]
  [DDIM Scheduler] Step 61/200 (t_curr=699 -> t_prev=694) | x range: [-4.285, 4.560]
  [DDIM Scheduler] Step 81/200 (t_curr=599 -> t_prev=594) | x range: [-4.294, 4.538]
  [DDIM Scheduler] Step 101/200 (t_curr=499 -> t_prev=494) | x range: [-4.504, 4.459]
  [DDIM Scheduler] Step 121/200 (t_curr=399 -> t_prev=394) | x range: [-5.074, 4.644]
  [DDIM Scheduler] Step 141/200 (t_curr=299 -> t_prev=294) | x range: [-5.628, 5.244]
  [DDIM Scheduler] Step 161/200 (t_curr=199 -> t_prev=194) | x range: [-5.909, 5.615]
  [DDIM Scheduler] Step 181/200 (t_curr= 99 -> t_prev= 94) | x range: [-5.718, 5.560]
  [DDIM Scheduler] Step 200/200 (t_curr=  4 -> t_prev= -1) | x range: [-5.017, 5.025]
  Generated: 1216/5120

  --- Batch 20 (64 samples) ---
  [DDIM Scheduler] Step  1/200 (t_curr=999 -> t_prev=994) | x range: [-4.566, 4.636]
  [DDIM Scheduler] Step 21/200 (t_curr=899 -> t_prev=894) | x range: [-4.566, 4.636]
  [DDIM Scheduler] Step 41/200 (t_curr=799 -> t_prev=794) | x range: [-4.565, 4.635]
  [DDIM Scheduler] Step 61/200 (t_curr=699 -> t_prev=694) | x range: [-4.561, 4.638]
  [DDIM Scheduler] Step 81/200 (t_curr=599 -> t_prev=594) | x range: [-4.498, 4.564]
  [DDIM Scheduler] Step 101/200 (t_curr=499 -> t_prev=494) | x range: [-4.302, 4.495]
  [DDIM Scheduler] Step 121/200 (t_curr=399 -> t_prev=394) | x range: [-4.379, 4.987]
  [DDIM Scheduler] Step 141/200 (t_curr=299 -> t_prev=294) | x range: [-5.046, 5.395]
  [DDIM Scheduler] Step 161/200 (t_curr=199 -> t_prev=194) | x range: [-5.490, 5.726]
  [DDIM Scheduler] Step 181/200 (t_curr= 99 -> t_prev= 94) | x range: [-5.516, 5.636]
  [DDIM Scheduler] Step 200/200 (t_curr=  4 -> t_prev= -1) | x range: [-5.029, 5.019]
  Generated: 1280/5120

  --- Batch 21 (64 samples) ---
  [DDIM Scheduler] Step  1/200 (t_curr=999 -> t_prev=994) | x range: [-4.735, 4.274]
  [DDIM Scheduler] Step 21/200 (t_curr=899 -> t_prev=894) | x range: [-4.736, 4.273]
  [DDIM Scheduler] Step 41/200 (t_curr=799 -> t_prev=794) | x range: [-4.737, 4.271]
  [DDIM Scheduler] Step 61/200 (t_curr=699 -> t_prev=694) | x range: [-4.736, 4.270]
  [DDIM Scheduler] Step 81/200 (t_curr=599 -> t_prev=594) | x range: [-4.710, 4.338]
  [DDIM Scheduler] Step 101/200 (t_curr=499 -> t_prev=494) | x range: [-4.575, 4.464]
  [DDIM Scheduler] Step 121/200 (t_curr=399 -> t_prev=394) | x range: [-4.403, 4.601]
  [DDIM Scheduler] Step 141/200 (t_curr=299 -> t_prev=294) | x range: [-5.025, 4.963]
  [DDIM Scheduler] Step 161/200 (t_curr=199 -> t_prev=194) | x range: [-5.439, 5.210]
  [DDIM Scheduler] Step 181/200 (t_curr= 99 -> t_prev= 94) | x range: [-5.457, 5.361]
  [DDIM Scheduler] Step 200/200 (t_curr=  4 -> t_prev= -1) | x range: [-5.033, 5.017]
  Generated: 1344/5120

  --- Batch 22 (64 samples) ---
  [DDIM Scheduler] Step  1/200 (t_curr=999 -> t_prev=994) | x range: [-4.843, 4.441]
  [DDIM Scheduler] Step 21/200 (t_curr=899 -> t_prev=894) | x range: [-4.843, 4.441]
  [DDIM Scheduler] Step 41/200 (t_curr=799 -> t_prev=794) | x range: [-4.843, 4.441]
  [DDIM Scheduler] Step 61/200 (t_curr=699 -> t_prev=694) | x range: [-4.836, 4.446]
  [DDIM Scheduler] Step 81/200 (t_curr=599 -> t_prev=594) | x range: [-4.807, 4.417]
  [DDIM Scheduler] Step 101/200 (t_curr=499 -> t_prev=494) | x range: [-4.782, 4.316]
  [DDIM Scheduler] Step 121/200 (t_curr=399 -> t_prev=394) | x range: [-5.360, 4.908]
  [DDIM Scheduler] Step 141/200 (t_curr=299 -> t_prev=294) | x range: [-5.869, 5.496]
  [DDIM Scheduler] Step 161/200 (t_curr=199 -> t_prev=194) | x range: [-6.088, 5.827]
  [DDIM Scheduler] Step 181/200 (t_curr= 99 -> t_prev= 94) | x range: [-5.819, 5.698]
  [DDIM Scheduler] Step 200/200 (t_curr=  4 -> t_prev= -1) | x range: [-5.021, 5.027]
  Generated: 1408/5120

  --- Batch 23 (64 samples) ---
  [DDIM Scheduler] Step  1/200 (t_curr=999 -> t_prev=994) | x range: [-4.626, 4.450]
  [DDIM Scheduler] Step 21/200 (t_curr=899 -> t_prev=894) | x range: [-4.626, 4.448]
  [DDIM Scheduler] Step 41/200 (t_curr=799 -> t_prev=794) | x range: [-4.627, 4.447]
  [DDIM Scheduler] Step 61/200 (t_curr=699 -> t_prev=694) | x range: [-4.625, 4.446]
  [DDIM Scheduler] Step 81/200 (t_curr=599 -> t_prev=594) | x range: [-4.596, 4.436]
  [DDIM Scheduler] Step 101/200 (t_curr=499 -> t_prev=494) | x range: [-4.482, 4.920]
  [DDIM Scheduler] Step 121/200 (t_curr=399 -> t_prev=394) | x range: [-4.731, 5.502]
  [DDIM Scheduler] Step 141/200 (t_curr=299 -> t_prev=294) | x range: [-5.308, 5.999]
  [DDIM Scheduler] Step 161/200 (t_curr=199 -> t_prev=194) | x range: [-5.651, 6.189]
  [DDIM Scheduler] Step 181/200 (t_curr= 99 -> t_prev= 94) | x range: [-5.584, 5.878]
  [DDIM Scheduler] Step 200/200 (t_curr=  4 -> t_prev= -1) | x range: [-5.016, 5.025]
  Generated: 1472/5120

  --- Batch 24 (64 samples) ---
  [DDIM Scheduler] Step  1/200 (t_curr=999 -> t_prev=994) | x range: [-4.497, 4.418]
  [DDIM Scheduler] Step 21/200 (t_curr=899 -> t_prev=894) | x range: [-4.498, 4.419]
  [DDIM Scheduler] Step 41/200 (t_curr=799 -> t_prev=794) | x range: [-4.499, 4.418]
  [DDIM Scheduler] Step 61/200 (t_curr=699 -> t_prev=694) | x range: [-4.496, 4.425]
  [DDIM Scheduler] Step 81/200 (t_curr=599 -> t_prev=594) | x range: [-4.475, 4.435]
  [DDIM Scheduler] Step 101/200 (t_curr=499 -> t_prev=494) | x range: [-4.396, 4.370]
  [DDIM Scheduler] Step 121/200 (t_curr=399 -> t_prev=394) | x range: [-4.182, 4.344]
  [DDIM Scheduler] Step 141/200 (t_curr=299 -> t_prev=294) | x range: [-4.678, 4.923]
  [DDIM Scheduler] Step 161/200 (t_curr=199 -> t_prev=194) | x range: [-5.235, 5.277]
  [DDIM Scheduler] Step 181/200 (t_curr= 99 -> t_prev= 94) | x range: [-5.391, 5.374]
  [DDIM Scheduler] Step 200/200 (t_curr=  4 -> t_prev= -1) | x range: [-5.014, 5.051]
  Generated: 1536/5120

  --- Batch 25 (64 samples) ---
  [DDIM Scheduler] Step  1/200 (t_curr=999 -> t_prev=994) | x range: [-4.631, 5.161]
  [DDIM Scheduler] Step 21/200 (t_curr=899 -> t_prev=894) | x range: [-4.631, 5.160]
  [DDIM Scheduler] Step 41/200 (t_curr=799 -> t_prev=794) | x range: [-4.633, 5.159]
  [DDIM Scheduler] Step 61/200 (t_curr=699 -> t_prev=694) | x range: [-4.630, 5.155]
  [DDIM Scheduler] Step 81/200 (t_curr=599 -> t_prev=594) | x range: [-4.610, 5.096]
  [DDIM Scheduler] Step 101/200 (t_curr=499 -> t_prev=494) | x range: [-4.544, 4.918]
  [DDIM Scheduler] Step 121/200 (t_curr=399 -> t_prev=394) | x range: [-4.456, 4.580]
  [DDIM Scheduler] Step 141/200 (t_curr=299 -> t_prev=294) | x range: [-5.095, 5.191]
  [DDIM Scheduler] Step 161/200 (t_curr=199 -> t_prev=194) | x range: [-5.505, 5.578]
  [DDIM Scheduler] Step 181/200 (t_curr= 99 -> t_prev= 94) | x range: [-5.499, 5.549]
  [DDIM Scheduler] Step 200/200 (t_curr=  4 -> t_prev= -1) | x range: [-5.017, 5.017]
  Generated: 1600/5120

  --- Batch 26 (64 samples) ---
  [DDIM Scheduler] Step  1/200 (t_curr=999 -> t_prev=994) | x range: [-4.561, 4.612]
  [DDIM Scheduler] Step 21/200 (t_curr=899 -> t_prev=894) | x range: [-4.561, 4.613]
  [DDIM Scheduler] Step 41/200 (t_curr=799 -> t_prev=794) | x range: [-4.560, 4.615]
  [DDIM Scheduler] Step 61/200 (t_curr=699 -> t_prev=694) | x range: [-4.570, 4.618]
  [DDIM Scheduler] Step 81/200 (t_curr=599 -> t_prev=594) | x range: [-4.600, 4.583]
  [DDIM Scheduler] Step 101/200 (t_curr=499 -> t_prev=494) | x range: [-4.658, 4.499]
  [DDIM Scheduler] Step 121/200 (t_curr=399 -> t_prev=394) | x range: [-5.148, 4.936]
  [DDIM Scheduler] Step 141/200 (t_curr=299 -> t_prev=294) | x range: [-5.697, 5.492]
  [DDIM Scheduler] Step 161/200 (t_curr=199 -> t_prev=194) | x range: [-5.970, 5.789]
  [DDIM Scheduler] Step 181/200 (t_curr= 99 -> t_prev= 94) | x range: [-5.771, 5.646]
  [DDIM Scheduler] Step 200/200 (t_curr=  4 -> t_prev= -1) | x range: [-5.019, 5.059]
  Generated: 1664/5120

  --- Batch 27 (64 samples) ---
  [DDIM Scheduler] Step  1/200 (t_curr=999 -> t_prev=994) | x range: [-4.443, 4.637]
  [DDIM Scheduler] Step 21/200 (t_curr=899 -> t_prev=894) | x range: [-4.441, 4.637]
  [DDIM Scheduler] Step 41/200 (t_curr=799 -> t_prev=794) | x range: [-4.439, 4.636]
  [DDIM Scheduler] Step 61/200 (t_curr=699 -> t_prev=694) | x range: [-4.440, 4.633]
  [DDIM Scheduler] Step 81/200 (t_curr=599 -> t_prev=594) | x range: [-4.586, 4.618]
  [DDIM Scheduler] Step 101/200 (t_curr=499 -> t_prev=494) | x range: [-4.785, 4.506]
  [DDIM Scheduler] Step 121/200 (t_curr=399 -> t_prev=394) | x range: [-5.067, 4.945]
  [DDIM Scheduler] Step 141/200 (t_curr=299 -> t_prev=294) | x range: [-5.496, 5.523]
  [DDIM Scheduler] Step 161/200 (t_curr=199 -> t_prev=194) | x range: [-5.643, 5.837]
  [DDIM Scheduler] Step 181/200 (t_curr= 99 -> t_prev= 94) | x range: [-5.524, 5.694]
  [DDIM Scheduler] Step 200/200 (t_curr=  4 -> t_prev= -1) | x range: [-5.022, 5.017]
  Generated: 1728/5120

  --- Batch 28 (64 samples) ---
  [DDIM Scheduler] Step  1/200 (t_curr=999 -> t_prev=994) | x range: [-4.758, 4.699]
  [DDIM Scheduler] Step 21/200 (t_curr=899 -> t_prev=894) | x range: [-4.759, 4.701]
  [DDIM Scheduler] Step 41/200 (t_curr=799 -> t_prev=794) | x range: [-4.759, 4.705]
  [DDIM Scheduler] Step 61/200 (t_curr=699 -> t_prev=694) | x range: [-4.757, 4.711]
  [DDIM Scheduler] Step 81/200 (t_curr=599 -> t_prev=594) | x range: [-4.739, 4.710]
  [DDIM Scheduler] Step 101/200 (t_curr=499 -> t_prev=494) | x range: [-4.686, 4.656]
  [DDIM Scheduler] Step 121/200 (t_curr=399 -> t_prev=394) | x range: [-4.491, 4.874]
  [DDIM Scheduler] Step 141/200 (t_curr=299 -> t_prev=294) | x range: [-4.974, 5.463]
  [DDIM Scheduler] Step 161/200 (t_curr=199 -> t_prev=194) | x range: [-5.426, 5.796]
  [DDIM Scheduler] Step 181/200 (t_curr= 99 -> t_prev= 94) | x range: [-5.475, 5.679]
  [DDIM Scheduler] Step 200/200 (t_curr=  4 -> t_prev= -1) | x range: [-5.017, 5.020]
  Generated: 1792/5120

  --- Batch 29 (64 samples) ---
  [DDIM Scheduler] Step  1/200 (t_curr=999 -> t_prev=994) | x range: [-4.380, 4.636]
  [DDIM Scheduler] Step 21/200 (t_curr=899 -> t_prev=894) | x range: [-4.380, 4.639]
  [DDIM Scheduler] Step 41/200 (t_curr=799 -> t_prev=794) | x range: [-4.380, 4.642]
  [DDIM Scheduler] Step 61/200 (t_curr=699 -> t_prev=694) | x range: [-4.376, 4.644]
  [DDIM Scheduler] Step 81/200 (t_curr=599 -> t_prev=594) | x range: [-4.503, 4.632]
  [DDIM Scheduler] Step 101/200 (t_curr=499 -> t_prev=494) | x range: [-4.853, 4.617]
  [DDIM Scheduler] Step 121/200 (t_curr=399 -> t_prev=394) | x range: [-5.229, 4.481]
  [DDIM Scheduler] Step 141/200 (t_curr=299 -> t_prev=294) | x range: [-5.476, 5.099]
  [DDIM Scheduler] Step 161/200 (t_curr=199 -> t_prev=194) | x range: [-5.798, 5.505]
  [DDIM Scheduler] Step 181/200 (t_curr= 99 -> t_prev= 94) | x range: [-5.668, 5.503]
  [DDIM Scheduler] Step 200/200 (t_curr=  4 -> t_prev= -1) | x range: [-5.019, 5.024]
  Generated: 1856/5120

  --- Batch 30 (64 samples) ---
  [DDIM Scheduler] Step  1/200 (t_curr=999 -> t_prev=994) | x range: [-4.676, 4.302]
  [DDIM Scheduler] Step 21/200 (t_curr=899 -> t_prev=894) | x range: [-4.678, 4.302]
  [DDIM Scheduler] Step 41/200 (t_curr=799 -> t_prev=794) | x range: [-4.679, 4.301]
  [DDIM Scheduler] Step 61/200 (t_curr=699 -> t_prev=694) | x range: [-4.680, 4.290]
  [DDIM Scheduler] Step 81/200 (t_curr=599 -> t_prev=594) | x range: [-4.671, 4.249]
  [DDIM Scheduler] Step 101/200 (t_curr=499 -> t_prev=494) | x range: [-4.596, 4.117]
  [DDIM Scheduler] Step 121/200 (t_curr=399 -> t_prev=394) | x range: [-4.544, 4.425]
  [DDIM Scheduler] Step 141/200 (t_curr=299 -> t_prev=294) | x range: [-5.175, 4.981]
  [DDIM Scheduler] Step 161/200 (t_curr=199 -> t_prev=194) | x range: [-5.583, 5.425]
  [DDIM Scheduler] Step 181/200 (t_curr= 99 -> t_prev= 94) | x range: [-5.563, 5.465]
  [DDIM Scheduler] Step 200/200 (t_curr=  4 -> t_prev= -1) | x range: [-5.012, 5.024]
  Generated: 1920/5120

  --- Batch 31 (64 samples) ---
  [DDIM Scheduler] Step  1/200 (t_curr=999 -> t_prev=994) | x range: [-4.280, 4.833]
  [DDIM Scheduler] Step 21/200 (t_curr=899 -> t_prev=894) | x range: [-4.281, 4.833]
  [DDIM Scheduler] Step 41/200 (t_curr=799 -> t_prev=794) | x range: [-4.282, 4.834]
  [DDIM Scheduler] Step 61/200 (t_curr=699 -> t_prev=694) | x range: [-4.286, 4.835]
  [DDIM Scheduler] Step 81/200 (t_curr=599 -> t_prev=594) | x range: [-4.329, 4.826]
  [DDIM Scheduler] Step 101/200 (t_curr=499 -> t_prev=494) | x range: [-4.458, 4.769]
  [DDIM Scheduler] Step 121/200 (t_curr=399 -> t_prev=394) | x range: [-4.677, 4.731]
  [DDIM Scheduler] Step 141/200 (t_curr=299 -> t_prev=294) | x range: [-5.216, 5.330]
  [DDIM Scheduler] Step 161/200 (t_curr=199 -> t_prev=194) | x range: [-5.604, 5.690]
  [DDIM Scheduler] Step 181/200 (t_curr= 99 -> t_prev= 94) | x range: [-5.567, 5.608]
  [DDIM Scheduler] Step 200/200 (t_curr=  4 -> t_prev= -1) | x range: [-5.015, 5.011]
  Generated: 1984/5120

  --- Batch 32 (64 samples) ---
  [DDIM Scheduler] Step  1/200 (t_curr=999 -> t_prev=994) | x range: [-4.319, 4.378]
  [DDIM Scheduler] Step 21/200 (t_curr=899 -> t_prev=894) | x range: [-4.319, 4.379]
  [DDIM Scheduler] Step 41/200 (t_curr=799 -> t_prev=794) | x range: [-4.319, 4.380]
  [DDIM Scheduler] Step 61/200 (t_curr=699 -> t_prev=694) | x range: [-4.326, 4.377]
  [DDIM Scheduler] Step 81/200 (t_curr=599 -> t_prev=594) | x range: [-4.333, 4.354]
  [DDIM Scheduler] Step 101/200 (t_curr=499 -> t_prev=494) | x range: [-4.315, 4.219]
  [DDIM Scheduler] Step 121/200 (t_curr=399 -> t_prev=394) | x range: [-4.829, 4.662]
  [DDIM Scheduler] Step 141/200 (t_curr=299 -> t_prev=294) | x range: [-5.398, 5.036]
  [DDIM Scheduler] Step 161/200 (t_curr=199 -> t_prev=194) | x range: [-5.716, 5.277]
  [DDIM Scheduler] Step 181/200 (t_curr= 99 -> t_prev= 94) | x range: [-5.589, 5.407]
  [DDIM Scheduler] Step 200/200 (t_curr=  4 -> t_prev= -1) | x range: [-5.032, 5.022]
  Generated: 2048/5120

  --- Batch 33 (64 samples) ---
  [DDIM Scheduler] Step  1/200 (t_curr=999 -> t_prev=994) | x range: [-4.559, 4.745]
  [DDIM Scheduler] Step 21/200 (t_curr=899 -> t_prev=894) | x range: [-4.559, 4.745]
  [DDIM Scheduler] Step 41/200 (t_curr=799 -> t_prev=794) | x range: [-4.560, 4.744]
  [DDIM Scheduler] Step 61/200 (t_curr=699 -> t_prev=694) | x range: [-4.555, 4.738]
  [DDIM Scheduler] Step 81/200 (t_curr=599 -> t_prev=594) | x range: [-4.501, 4.647]
  [DDIM Scheduler] Step 101/200 (t_curr=499 -> t_prev=494) | x range: [-4.363, 4.446]
  [DDIM Scheduler] Step 121/200 (t_curr=399 -> t_prev=394) | x range: [-4.957, 4.749]
  [DDIM Scheduler] Step 141/200 (t_curr=299 -> t_prev=294) | x range: [-5.532, 5.356]
  [DDIM Scheduler] Step 161/200 (t_curr=199 -> t_prev=194) | x range: [-5.838, 5.719]
  [DDIM Scheduler] Step 181/200 (t_curr= 99 -> t_prev= 94) | x range: [-5.686, 5.642]
  [DDIM Scheduler] Step 200/200 (t_curr=  4 -> t_prev= -1) | x range: [-5.041, 5.037]
  Generated: 2112/5120

  --- Batch 34 (64 samples) ---
  [DDIM Scheduler] Step  1/200 (t_curr=999 -> t_prev=994) | x range: [-4.282, 4.216]
  [DDIM Scheduler] Step 21/200 (t_curr=899 -> t_prev=894) | x range: [-4.283, 4.215]
  [DDIM Scheduler] Step 41/200 (t_curr=799 -> t_prev=794) | x range: [-4.285, 4.214]
  [DDIM Scheduler] Step 61/200 (t_curr=699 -> t_prev=694) | x range: [-4.280, 4.210]
  [DDIM Scheduler] Step 81/200 (t_curr=599 -> t_prev=594) | x range: [-4.242, 4.176]
  [DDIM Scheduler] Step 101/200 (t_curr=499 -> t_prev=494) | x range: [-4.423, 4.265]
  [DDIM Scheduler] Step 121/200 (t_curr=399 -> t_prev=394) | x range: [-4.674, 4.534]
  [DDIM Scheduler] Step 141/200 (t_curr=299 -> t_prev=294) | x range: [-5.291, 5.155]
  [DDIM Scheduler] Step 161/200 (t_curr=199 -> t_prev=194) | x range: [-5.666, 5.552]
  [DDIM Scheduler] Step 181/200 (t_curr= 99 -> t_prev= 94) | x range: [-5.598, 5.530]
  [DDIM Scheduler] Step 200/200 (t_curr=  4 -> t_prev= -1) | x range: [-5.017, 5.159]
  Generated: 2176/5120

  --- Batch 35 (64 samples) ---
  [DDIM Scheduler] Step  1/200 (t_curr=999 -> t_prev=994) | x range: [-4.968, 4.755]
  [DDIM Scheduler] Step 21/200 (t_curr=899 -> t_prev=894) | x range: [-4.972, 4.752]
  [DDIM Scheduler] Step 41/200 (t_curr=799 -> t_prev=794) | x range: [-4.975, 4.750]
  [DDIM Scheduler] Step 61/200 (t_curr=699 -> t_prev=694) | x range: [-4.977, 4.749]
  [DDIM Scheduler] Step 81/200 (t_curr=599 -> t_prev=594) | x range: [-4.961, 4.714]
  [DDIM Scheduler] Step 101/200 (t_curr=499 -> t_prev=494) | x range: [-4.899, 4.717]
  [DDIM Scheduler] Step 121/200 (t_curr=399 -> t_prev=394) | x range: [-4.691, 4.792]
  [DDIM Scheduler] Step 141/200 (t_curr=299 -> t_prev=294) | x range: [-4.831, 5.090]
  [DDIM Scheduler] Step 161/200 (t_curr=199 -> t_prev=194) | x range: [-5.316, 5.529]
  [DDIM Scheduler] Step 181/200 (t_curr= 99 -> t_prev= 94) | x range: [-5.409, 5.542]
  [DDIM Scheduler] Step 200/200 (t_curr=  4 -> t_prev= -1) | x range: [-5.030, 5.010]
  Generated: 2240/5120

  --- Batch 36 (64 samples) ---
  [DDIM Scheduler] Step  1/200 (t_curr=999 -> t_prev=994) | x range: [-4.443, 4.252]
  [DDIM Scheduler] Step 21/200 (t_curr=899 -> t_prev=894) | x range: [-4.444, 4.252]
  [DDIM Scheduler] Step 41/200 (t_curr=799 -> t_prev=794) | x range: [-4.445, 4.252]
  [DDIM Scheduler] Step 61/200 (t_curr=699 -> t_prev=694) | x range: [-4.446, 4.268]
  [DDIM Scheduler] Step 81/200 (t_curr=599 -> t_prev=594) | x range: [-4.441, 4.535]
  [DDIM Scheduler] Step 101/200 (t_curr=499 -> t_prev=494) | x range: [-4.378, 5.049]
  [DDIM Scheduler] Step 121/200 (t_curr=399 -> t_prev=394) | x range: [-4.240, 5.626]
  [DDIM Scheduler] Step 141/200 (t_curr=299 -> t_prev=294) | x range: [-4.898, 6.108]
  [DDIM Scheduler] Step 161/200 (t_curr=199 -> t_prev=194) | x range: [-5.363, 6.273]
  [DDIM Scheduler] Step 181/200 (t_curr= 99 -> t_prev= 94) | x range: [-5.439, 5.930]
  [DDIM Scheduler] Step 200/200 (t_curr=  4 -> t_prev= -1) | x range: [-5.210, 5.036]
  Generated: 2304/5120

  --- Batch 37 (64 samples) ---
  [DDIM Scheduler] Step  1/200 (t_curr=999 -> t_prev=994) | x range: [-4.444, 4.950]
  [DDIM Scheduler] Step 21/200 (t_curr=899 -> t_prev=894) | x range: [-4.446, 4.951]
  [DDIM Scheduler] Step 41/200 (t_curr=799 -> t_prev=794) | x range: [-4.449, 4.952]
  [DDIM Scheduler] Step 61/200 (t_curr=699 -> t_prev=694) | x range: [-4.454, 4.953]
  [DDIM Scheduler] Step 81/200 (t_curr=599 -> t_prev=594) | x range: [-4.425, 4.897]
  [DDIM Scheduler] Step 101/200 (t_curr=499 -> t_prev=494) | x range: [-4.525, 4.787]
  [DDIM Scheduler] Step 121/200 (t_curr=399 -> t_prev=394) | x range: [-5.113, 5.365]
  [DDIM Scheduler] Step 141/200 (t_curr=299 -> t_prev=294) | x range: [-5.655, 5.868]
  [DDIM Scheduler] Step 161/200 (t_curr=199 -> t_prev=194) | x range: [-5.928, 6.083]
  [DDIM Scheduler] Step 181/200 (t_curr= 99 -> t_prev= 94) | x range: [-5.733, 5.822]
  [DDIM Scheduler] Step 200/200 (t_curr=  4 -> t_prev= -1) | x range: [-5.031, 5.022]
  Generated: 2368/5120

  --- Batch 38 (64 samples) ---
  [DDIM Scheduler] Step  1/200 (t_curr=999 -> t_prev=994) | x range: [-4.990, 4.807]
  [DDIM Scheduler] Step 21/200 (t_curr=899 -> t_prev=894) | x range: [-4.991, 4.808]
  [DDIM Scheduler] Step 41/200 (t_curr=799 -> t_prev=794) | x range: [-4.992, 4.808]
  [DDIM Scheduler] Step 61/200 (t_curr=699 -> t_prev=694) | x range: [-5.004, 4.808]
  [DDIM Scheduler] Step 81/200 (t_curr=599 -> t_prev=594) | x range: [-5.027, 4.790]
  [DDIM Scheduler] Step 101/200 (t_curr=499 -> t_prev=494) | x range: [-4.902, 4.718]
  [DDIM Scheduler] Step 121/200 (t_curr=399 -> t_prev=394) | x range: [-4.578, 4.809]
  [DDIM Scheduler] Step 141/200 (t_curr=299 -> t_prev=294) | x range: [-5.099, 5.403]
  [DDIM Scheduler] Step 161/200 (t_curr=199 -> t_prev=194) | x range: [-5.515, 5.752]
  [DDIM Scheduler] Step 181/200 (t_curr= 99 -> t_prev= 94) | x range: [-5.509, 5.655]
  [DDIM Scheduler] Step 200/200 (t_curr=  4 -> t_prev= -1) | x range: [-5.016, 5.128]
  Generated: 2432/5120

  --- Batch 39 (64 samples) ---
  [DDIM Scheduler] Step  1/200 (t_curr=999 -> t_prev=994) | x range: [-5.227, 4.694]
  [DDIM Scheduler] Step 21/200 (t_curr=899 -> t_prev=894) | x range: [-5.228, 4.693]
  [DDIM Scheduler] Step 41/200 (t_curr=799 -> t_prev=794) | x range: [-5.230, 4.693]
  [DDIM Scheduler] Step 61/200 (t_curr=699 -> t_prev=694) | x range: [-5.226, 4.691]
  [DDIM Scheduler] Step 81/200 (t_curr=599 -> t_prev=594) | x range: [-5.205, 4.662]
  [DDIM Scheduler] Step 101/200 (t_curr=499 -> t_prev=494) | x range: [-5.088, 4.586]
  [DDIM Scheduler] Step 121/200 (t_curr=399 -> t_prev=394) | x range: [-4.717, 4.327]
  [DDIM Scheduler] Step 141/200 (t_curr=299 -> t_prev=294) | x range: [-4.982, 4.862]
  [DDIM Scheduler] Step 161/200 (t_curr=199 -> t_prev=194) | x range: [-5.428, 5.331]
  [DDIM Scheduler] Step 181/200 (t_curr= 99 -> t_prev= 94) | x range: [-5.469, 5.413]
  [DDIM Scheduler] Step 200/200 (t_curr=  4 -> t_prev= -1) | x range: [-5.022, 5.022]
  Generated: 2496/5120

  --- Batch 40 (64 samples) ---
  [DDIM Scheduler] Step  1/200 (t_curr=999 -> t_prev=994) | x range: [-4.644, 5.087]
  [DDIM Scheduler] Step 21/200 (t_curr=899 -> t_prev=894) | x range: [-4.644, 5.089]
  [DDIM Scheduler] Step 41/200 (t_curr=799 -> t_prev=794) | x range: [-4.646, 5.090]
  [DDIM Scheduler] Step 61/200 (t_curr=699 -> t_prev=694) | x range: [-4.652, 5.092]
  [DDIM Scheduler] Step 81/200 (t_curr=599 -> t_prev=594) | x range: [-4.687, 5.102]
  [DDIM Scheduler] Step 101/200 (t_curr=499 -> t_prev=494) | x range: [-4.702, 4.877]
  [DDIM Scheduler] Step 121/200 (t_curr=399 -> t_prev=394) | x range: [-4.602, 5.056]
  [DDIM Scheduler] Step 141/200 (t_curr=299 -> t_prev=294) | x range: [-5.164, 5.607]
  [DDIM Scheduler] Step 161/200 (t_curr=199 -> t_prev=194) | x range: [-5.563, 5.894]
  [DDIM Scheduler] Step 181/200 (t_curr= 99 -> t_prev= 94) | x range: [-5.538, 5.729]
  [DDIM Scheduler] Step 200/200 (t_curr=  4 -> t_prev= -1) | x range: [-5.043, 5.039]
  Generated: 2560/5120

  --- Batch 41 (64 samples) ---
  [DDIM Scheduler] Step  1/200 (t_curr=999 -> t_prev=994) | x range: [-4.499, 4.567]
  [DDIM Scheduler] Step 21/200 (t_curr=899 -> t_prev=894) | x range: [-4.499, 4.569]
  [DDIM Scheduler] Step 41/200 (t_curr=799 -> t_prev=794) | x range: [-4.500, 4.570]
  [DDIM Scheduler] Step 61/200 (t_curr=699 -> t_prev=694) | x range: [-4.500, 4.569]
  [DDIM Scheduler] Step 81/200 (t_curr=599 -> t_prev=594) | x range: [-4.468, 4.509]
  [DDIM Scheduler] Step 101/200 (t_curr=499 -> t_prev=494) | x range: [-4.321, 4.563]
  [DDIM Scheduler] Step 121/200 (t_curr=399 -> t_prev=394) | x range: [-4.568, 4.639]
  [DDIM Scheduler] Step 141/200 (t_curr=299 -> t_prev=294) | x range: [-5.198, 5.257]
  [DDIM Scheduler] Step 161/200 (t_curr=199 -> t_prev=194) | x range: [-5.598, 5.655]
  [DDIM Scheduler] Step 181/200 (t_curr= 99 -> t_prev= 94) | x range: [-5.566, 5.607]
  [DDIM Scheduler] Step 200/200 (t_curr=  4 -> t_prev= -1) | x range: [-5.032, 5.026]
  Generated: 2624/5120

  --- Batch 42 (64 samples) ---
  [DDIM Scheduler] Step  1/200 (t_curr=999 -> t_prev=994) | x range: [-4.608, 4.776]
  [DDIM Scheduler] Step 21/200 (t_curr=899 -> t_prev=894) | x range: [-4.607, 4.776]
  [DDIM Scheduler] Step 41/200 (t_curr=799 -> t_prev=794) | x range: [-4.607, 4.777]
  [DDIM Scheduler] Step 61/200 (t_curr=699 -> t_prev=694) | x range: [-4.606, 4.776]
  [DDIM Scheduler] Step 81/200 (t_curr=599 -> t_prev=594) | x range: [-4.572, 4.729]
  [DDIM Scheduler] Step 101/200 (t_curr=499 -> t_prev=494) | x range: [-5.008, 4.572]
  [DDIM Scheduler] Step 121/200 (t_curr=399 -> t_prev=394) | x range: [-5.492, 4.905]
  [DDIM Scheduler] Step 141/200 (t_curr=299 -> t_prev=294) | x range: [-5.857, 5.479]
  [DDIM Scheduler] Step 161/200 (t_curr=199 -> t_prev=194) | x range: [-5.901, 5.795]
  [DDIM Scheduler] Step 181/200 (t_curr= 99 -> t_prev= 94) | x range: [-5.614, 5.661]
  [DDIM Scheduler] Step 200/200 (t_curr=  4 -> t_prev= -1) | x range: [-5.018, 5.014]
  Generated: 2688/5120

  --- Batch 43 (64 samples) ---
  [DDIM Scheduler] Step  1/200 (t_curr=999 -> t_prev=994) | x range: [-4.410, 4.462]
  [DDIM Scheduler] Step 21/200 (t_curr=899 -> t_prev=894) | x range: [-4.410, 4.457]
  [DDIM Scheduler] Step 41/200 (t_curr=799 -> t_prev=794) | x range: [-4.411, 4.453]
  [DDIM Scheduler] Step 61/200 (t_curr=699 -> t_prev=694) | x range: [-4.408, 4.448]
  [DDIM Scheduler] Step 81/200 (t_curr=599 -> t_prev=594) | x range: [-4.404, 4.401]
  [DDIM Scheduler] Step 101/200 (t_curr=499 -> t_prev=494) | x range: [-4.491, 4.357]
  [DDIM Scheduler] Step 121/200 (t_curr=399 -> t_prev=394) | x range: [-4.605, 4.950]
  [DDIM Scheduler] Step 141/200 (t_curr=299 -> t_prev=294) | x range: [-5.036, 5.501]
  [DDIM Scheduler] Step 161/200 (t_curr=199 -> t_prev=194) | x range: [-5.472, 5.811]
  [DDIM Scheduler] Step 181/200 (t_curr= 99 -> t_prev= 94) | x range: [-5.499, 5.681]
  [DDIM Scheduler] Step 200/200 (t_curr=  4 -> t_prev= -1) | x range: [-5.012, 5.132]
  Generated: 2752/5120

  --- Batch 44 (64 samples) ---
  [DDIM Scheduler] Step  1/200 (t_curr=999 -> t_prev=994) | x range: [-5.109, 4.777]
  [DDIM Scheduler] Step 21/200 (t_curr=899 -> t_prev=894) | x range: [-5.108, 4.773]
  [DDIM Scheduler] Step 41/200 (t_curr=799 -> t_prev=794) | x range: [-5.109, 4.769]
  [DDIM Scheduler] Step 61/200 (t_curr=699 -> t_prev=694) | x range: [-5.106, 4.771]
  [DDIM Scheduler] Step 81/200 (t_curr=599 -> t_prev=594) | x range: [-5.101, 4.782]
  [DDIM Scheduler] Step 101/200 (t_curr=499 -> t_prev=494) | x range: [-5.058, 4.726]
  [DDIM Scheduler] Step 121/200 (t_curr=399 -> t_prev=394) | x range: [-4.825, 4.926]
  [DDIM Scheduler] Step 141/200 (t_curr=299 -> t_prev=294) | x range: [-5.075, 5.370]
  [DDIM Scheduler] Step 161/200 (t_curr=199 -> t_prev=194) | x range: [-5.506, 5.547]
  [DDIM Scheduler] Step 181/200 (t_curr= 99 -> t_prev= 94) | x range: [-5.521, 5.424]
  [DDIM Scheduler] Step 200/200 (t_curr=  4 -> t_prev= -1) | x range: [-5.015, 5.053]
  Generated: 2816/5120

  --- Batch 45 (64 samples) ---
  [DDIM Scheduler] Step  1/200 (t_curr=999 -> t_prev=994) | x range: [-4.962, 4.514]
  [DDIM Scheduler] Step 21/200 (t_curr=899 -> t_prev=894) | x range: [-4.961, 4.514]
  [DDIM Scheduler] Step 41/200 (t_curr=799 -> t_prev=794) | x range: [-4.960, 4.515]
  [DDIM Scheduler] Step 61/200 (t_curr=699 -> t_prev=694) | x range: [-4.960, 4.512]
  [DDIM Scheduler] Step 81/200 (t_curr=599 -> t_prev=594) | x range: [-4.979, 4.500]
  [DDIM Scheduler] Step 101/200 (t_curr=499 -> t_prev=494) | x range: [-4.957, 4.347]
  [DDIM Scheduler] Step 121/200 (t_curr=399 -> t_prev=394) | x range: [-4.841, 4.403]
  [DDIM Scheduler] Step 141/200 (t_curr=299 -> t_prev=294) | x range: [-5.426, 5.035]
  [DDIM Scheduler] Step 161/200 (t_curr=199 -> t_prev=194) | x range: [-5.761, 5.469]
  [DDIM Scheduler] Step 181/200 (t_curr= 99 -> t_prev= 94) | x range: [-5.650, 5.496]
  [DDIM Scheduler] Step 200/200 (t_curr=  4 -> t_prev= -1) | x range: [-5.012, 5.020]
  Generated: 2880/5120

  --- Batch 46 (64 samples) ---
  [DDIM Scheduler] Step  1/200 (t_curr=999 -> t_prev=994) | x range: [-4.867, 4.343]
  [DDIM Scheduler] Step 21/200 (t_curr=899 -> t_prev=894) | x range: [-4.865, 4.344]
  [DDIM Scheduler] Step 41/200 (t_curr=799 -> t_prev=794) | x range: [-4.863, 4.345]
  [DDIM Scheduler] Step 61/200 (t_curr=699 -> t_prev=694) | x range: [-4.865, 4.349]
  [DDIM Scheduler] Step 81/200 (t_curr=599 -> t_prev=594) | x range: [-4.857, 4.339]
  [DDIM Scheduler] Step 101/200 (t_curr=499 -> t_prev=494) | x range: [-4.777, 4.318]
  [DDIM Scheduler] Step 121/200 (t_curr=399 -> t_prev=394) | x range: [-4.535, 4.273]
  [DDIM Scheduler] Step 141/200 (t_curr=299 -> t_prev=294) | x range: [-5.013, 4.838]
  [DDIM Scheduler] Step 161/200 (t_curr=199 -> t_prev=194) | x range: [-5.443, 5.326]
  [DDIM Scheduler] Step 181/200 (t_curr= 99 -> t_prev= 94) | x range: [-5.479, 5.424]
  [DDIM Scheduler] Step 200/200 (t_curr=  4 -> t_prev= -1) | x range: [-5.034, 5.016]
  Generated: 2944/5120

  --- Batch 47 (64 samples) ---
  [DDIM Scheduler] Step  1/200 (t_curr=999 -> t_prev=994) | x range: [-4.489, 4.961]
  [DDIM Scheduler] Step 21/200 (t_curr=899 -> t_prev=894) | x range: [-4.490, 4.962]
  [DDIM Scheduler] Step 41/200 (t_curr=799 -> t_prev=794) | x range: [-4.490, 4.963]
  [DDIM Scheduler] Step 61/200 (t_curr=699 -> t_prev=694) | x range: [-4.482, 4.966]
  [DDIM Scheduler] Step 81/200 (t_curr=599 -> t_prev=594) | x range: [-4.288, 4.977]
  [DDIM Scheduler] Step 101/200 (t_curr=499 -> t_prev=494) | x range: [-4.222, 4.947]
  [DDIM Scheduler] Step 121/200 (t_curr=399 -> t_prev=394) | x range: [-4.814, 4.733]
  [DDIM Scheduler] Step 141/200 (t_curr=299 -> t_prev=294) | x range: [-5.394, 5.256]
  [DDIM Scheduler] Step 161/200 (t_curr=199 -> t_prev=194) | x range: [-5.730, 5.642]
  [DDIM Scheduler] Step 181/200 (t_curr= 99 -> t_prev= 94) | x range: [-5.630, 5.590]
  [DDIM Scheduler] Step 200/200 (t_curr=  4 -> t_prev= -1) | x range: [-5.017, 5.011]
  Generated: 3008/5120

  --- Batch 48 (64 samples) ---
  [DDIM Scheduler] Step  1/200 (t_curr=999 -> t_prev=994) | x range: [-5.280, 4.696]
  [DDIM Scheduler] Step 21/200 (t_curr=899 -> t_prev=894) | x range: [-5.280, 4.698]
  [DDIM Scheduler] Step 41/200 (t_curr=799 -> t_prev=794) | x range: [-5.281, 4.699]
  [DDIM Scheduler] Step 61/200 (t_curr=699 -> t_prev=694) | x range: [-5.301, 4.703]
  [DDIM Scheduler] Step 81/200 (t_curr=599 -> t_prev=594) | x range: [-5.504, 4.703]
  [DDIM Scheduler] Step 101/200 (t_curr=499 -> t_prev=494) | x range: [-5.851, 4.640]
  [DDIM Scheduler] Step 121/200 (t_curr=399 -> t_prev=394) | x range: [-6.197, 4.459]
  [DDIM Scheduler] Step 141/200 (t_curr=299 -> t_prev=294) | x range: [-6.367, 4.857]
  [DDIM Scheduler] Step 161/200 (t_curr=199 -> t_prev=194) | x range: [-6.165, 5.165]
  [DDIM Scheduler] Step 181/200 (t_curr= 99 -> t_prev= 94) | x range: [-5.732, 5.289]
  [DDIM Scheduler] Step 200/200 (t_curr=  4 -> t_prev= -1) | x range: [-5.077, 5.018]
  Generated: 3072/5120

  --- Batch 49 (64 samples) ---
  [DDIM Scheduler] Step  1/200 (t_curr=999 -> t_prev=994) | x range: [-4.927, 4.845]
  [DDIM Scheduler] Step 21/200 (t_curr=899 -> t_prev=894) | x range: [-4.929, 4.846]
  [DDIM Scheduler] Step 41/200 (t_curr=799 -> t_prev=794) | x range: [-4.930, 4.847]
  [DDIM Scheduler] Step 61/200 (t_curr=699 -> t_prev=694) | x range: [-4.931, 4.841]
  [DDIM Scheduler] Step 81/200 (t_curr=599 -> t_prev=594) | x range: [-4.968, 4.817]
  [DDIM Scheduler] Step 101/200 (t_curr=499 -> t_prev=494) | x range: [-5.007, 4.723]
  [DDIM Scheduler] Step 121/200 (t_curr=399 -> t_prev=394) | x range: [-4.916, 5.080]
  [DDIM Scheduler] Step 141/200 (t_curr=299 -> t_prev=294) | x range: [-5.278, 5.629]
  [DDIM Scheduler] Step 161/200 (t_curr=199 -> t_prev=194) | x range: [-5.645, 5.911]
  [DDIM Scheduler] Step 181/200 (t_curr= 99 -> t_prev= 94) | x range: [-5.584, 5.728]
  [DDIM Scheduler] Step 200/200 (t_curr=  4 -> t_prev= -1) | x range: [-5.026, 5.023]
  Generated: 3136/5120

  --- Batch 50 (64 samples) ---
  [DDIM Scheduler] Step  1/200 (t_curr=999 -> t_prev=994) | x range: [-4.220, 4.659]
  [DDIM Scheduler] Step 21/200 (t_curr=899 -> t_prev=894) | x range: [-4.218, 4.661]
  [DDIM Scheduler] Step 41/200 (t_curr=799 -> t_prev=794) | x range: [-4.217, 4.663]
  [DDIM Scheduler] Step 61/200 (t_curr=699 -> t_prev=694) | x range: [-4.218, 4.660]
  [DDIM Scheduler] Step 81/200 (t_curr=599 -> t_prev=594) | x range: [-4.167, 4.631]
  [DDIM Scheduler] Step 101/200 (t_curr=499 -> t_prev=494) | x range: [-4.157, 4.544]
  [DDIM Scheduler] Step 121/200 (t_curr=399 -> t_prev=394) | x range: [-4.699, 4.496]
  [DDIM Scheduler] Step 141/200 (t_curr=299 -> t_prev=294) | x range: [-5.291, 5.098]
  [DDIM Scheduler] Step 161/200 (t_curr=199 -> t_prev=194) | x range: [-5.648, 5.472]
  [DDIM Scheduler] Step 181/200 (t_curr= 99 -> t_prev= 94) | x range: [-5.577, 5.495]
  [DDIM Scheduler] Step 200/200 (t_curr=  4 -> t_prev= -1) | x range: [-5.026, 5.018]
  Generated: 3200/5120

  --- Batch 51 (64 samples) ---
  [DDIM Scheduler] Step  1/200 (t_curr=999 -> t_prev=994) | x range: [-4.678, 4.399]
  [DDIM Scheduler] Step 21/200 (t_curr=899 -> t_prev=894) | x range: [-4.681, 4.398]
  [DDIM Scheduler] Step 41/200 (t_curr=799 -> t_prev=794) | x range: [-4.683, 4.396]
  [DDIM Scheduler] Step 61/200 (t_curr=699 -> t_prev=694) | x range: [-4.685, 4.391]
  [DDIM Scheduler] Step 81/200 (t_curr=599 -> t_prev=594) | x range: [-4.700, 4.447]
  [DDIM Scheduler] Step 101/200 (t_curr=499 -> t_prev=494) | x range: [-4.784, 4.608]
  [DDIM Scheduler] Step 121/200 (t_curr=399 -> t_prev=394) | x range: [-5.346, 5.016]
  [DDIM Scheduler] Step 141/200 (t_curr=299 -> t_prev=294) | x range: [-5.823, 5.322]
  [DDIM Scheduler] Step 161/200 (t_curr=199 -> t_prev=194) | x range: [-6.015, 5.418]
  [DDIM Scheduler] Step 181/200 (t_curr= 99 -> t_prev= 94) | x range: [-5.753, 5.469]
  [DDIM Scheduler] Step 200/200 (t_curr=  4 -> t_prev= -1) | x range: [-5.044, 5.026]
  Generated: 3264/5120

  --- Batch 52 (64 samples) ---
  [DDIM Scheduler] Step  1/200 (t_curr=999 -> t_prev=994) | x range: [-4.524, 4.171]
  [DDIM Scheduler] Step 21/200 (t_curr=899 -> t_prev=894) | x range: [-4.526, 4.171]
  [DDIM Scheduler] Step 41/200 (t_curr=799 -> t_prev=794) | x range: [-4.527, 4.170]
  [DDIM Scheduler] Step 61/200 (t_curr=699 -> t_prev=694) | x range: [-4.527, 4.169]
  [DDIM Scheduler] Step 81/200 (t_curr=599 -> t_prev=594) | x range: [-4.512, 4.218]
  [DDIM Scheduler] Step 101/200 (t_curr=499 -> t_prev=494) | x range: [-4.454, 4.496]
  [DDIM Scheduler] Step 121/200 (t_curr=399 -> t_prev=394) | x range: [-4.354, 4.764]
  [DDIM Scheduler] Step 141/200 (t_curr=299 -> t_prev=294) | x range: [-4.948, 5.336]
  [DDIM Scheduler] Step 161/200 (t_curr=199 -> t_prev=194) | x range: [-5.410, 5.697]
  [DDIM Scheduler] Step 181/200 (t_curr= 99 -> t_prev= 94) | x range: [-5.473, 5.617]
  [DDIM Scheduler] Step 200/200 (t_curr=  4 -> t_prev= -1) | x range: [-5.019, 5.018]
  Generated: 3328/5120

  --- Batch 53 (64 samples) ---
  [DDIM Scheduler] Step  1/200 (t_curr=999 -> t_prev=994) | x range: [-4.663, 4.580]
  [DDIM Scheduler] Step 21/200 (t_curr=899 -> t_prev=894) | x range: [-4.660, 4.583]
  [DDIM Scheduler] Step 41/200 (t_curr=799 -> t_prev=794) | x range: [-4.657, 4.586]
  [DDIM Scheduler] Step 61/200 (t_curr=699 -> t_prev=694) | x range: [-4.657, 4.587]
  [DDIM Scheduler] Step 81/200 (t_curr=599 -> t_prev=594) | x range: [-4.619, 4.566]
  [DDIM Scheduler] Step 101/200 (t_curr=499 -> t_prev=494) | x range: [-4.530, 4.470]
  [DDIM Scheduler] Step 121/200 (t_curr=399 -> t_prev=394) | x range: [-5.009, 4.460]
  [DDIM Scheduler] Step 141/200 (t_curr=299 -> t_prev=294) | x range: [-5.573, 4.981]
  [DDIM Scheduler] Step 161/200 (t_curr=199 -> t_prev=194) | x range: [-5.870, 5.435]
  [DDIM Scheduler] Step 181/200 (t_curr= 99 -> t_prev= 94) | x range: [-5.705, 5.481]
  [DDIM Scheduler] Step 200/200 (t_curr=  4 -> t_prev= -1) | x range: [-5.027, 5.020]
  Generated: 3392/5120

  --- Batch 54 (64 samples) ---
  [DDIM Scheduler] Step  1/200 (t_curr=999 -> t_prev=994) | x range: [-4.418, 4.394]
  [DDIM Scheduler] Step 21/200 (t_curr=899 -> t_prev=894) | x range: [-4.421, 4.394]
  [DDIM Scheduler] Step 41/200 (t_curr=799 -> t_prev=794) | x range: [-4.424, 4.394]
  [DDIM Scheduler] Step 61/200 (t_curr=699 -> t_prev=694) | x range: [-4.420, 4.394]
  [DDIM Scheduler] Step 81/200 (t_curr=599 -> t_prev=594) | x range: [-4.297, 4.386]
  [DDIM Scheduler] Step 101/200 (t_curr=499 -> t_prev=494) | x range: [-4.260, 4.392]
  [DDIM Scheduler] Step 121/200 (t_curr=399 -> t_prev=394) | x range: [-4.844, 4.790]
  [DDIM Scheduler] Step 141/200 (t_curr=299 -> t_prev=294) | x range: [-5.377, 5.156]
  [DDIM Scheduler] Step 161/200 (t_curr=199 -> t_prev=194) | x range: [-5.651, 5.563]
  [DDIM Scheduler] Step 181/200 (t_curr= 99 -> t_prev= 94) | x range: [-5.527, 5.550]
  [DDIM Scheduler] Step 200/200 (t_curr=  4 -> t_prev= -1) | x range: [-5.049, 5.079]
  Generated: 3456/5120

  --- Batch 55 (64 samples) ---
  [DDIM Scheduler] Step  1/200 (t_curr=999 -> t_prev=994) | x range: [-4.734, 4.490]
  [DDIM Scheduler] Step 21/200 (t_curr=899 -> t_prev=894) | x range: [-4.740, 4.490]
  [DDIM Scheduler] Step 41/200 (t_curr=799 -> t_prev=794) | x range: [-4.745, 4.491]
  [DDIM Scheduler] Step 61/200 (t_curr=699 -> t_prev=694) | x range: [-4.748, 4.496]
  [DDIM Scheduler] Step 81/200 (t_curr=599 -> t_prev=594) | x range: [-4.741, 4.469]
  [DDIM Scheduler] Step 101/200 (t_curr=499 -> t_prev=494) | x range: [-4.725, 4.313]
  [DDIM Scheduler] Step 121/200 (t_curr=399 -> t_prev=394) | x range: [-5.138, 4.561]
  [DDIM Scheduler] Step 141/200 (t_curr=299 -> t_prev=294) | x range: [-5.477, 4.819]
  [DDIM Scheduler] Step 161/200 (t_curr=199 -> t_prev=194) | x range: [-5.507, 5.211]
  [DDIM Scheduler] Step 181/200 (t_curr= 99 -> t_prev= 94) | x range: [-5.465, 5.356]
  [DDIM Scheduler] Step 200/200 (t_curr=  4 -> t_prev= -1) | x range: [-5.045, 5.066]
  Generated: 3520/5120

  --- Batch 56 (64 samples) ---
  [DDIM Scheduler] Step  1/200 (t_curr=999 -> t_prev=994) | x range: [-4.489, 4.820]
  [DDIM Scheduler] Step 21/200 (t_curr=899 -> t_prev=894) | x range: [-4.491, 4.818]
  [DDIM Scheduler] Step 41/200 (t_curr=799 -> t_prev=794) | x range: [-4.493, 4.816]
  [DDIM Scheduler] Step 61/200 (t_curr=699 -> t_prev=694) | x range: [-4.492, 4.817]
  [DDIM Scheduler] Step 81/200 (t_curr=599 -> t_prev=594) | x range: [-4.587, 4.810]
  [DDIM Scheduler] Step 101/200 (t_curr=499 -> t_prev=494) | x range: [-4.783, 4.777]
  [DDIM Scheduler] Step 121/200 (t_curr=399 -> t_prev=394) | x range: [-4.930, 4.605]
  [DDIM Scheduler] Step 141/200 (t_curr=299 -> t_prev=294) | x range: [-5.247, 5.201]
  [DDIM Scheduler] Step 161/200 (t_curr=199 -> t_prev=194) | x range: [-5.394, 5.595]
  [DDIM Scheduler] Step 181/200 (t_curr= 99 -> t_prev= 94) | x range: [-5.449, 5.564]
  [DDIM Scheduler] Step 200/200 (t_curr=  4 -> t_prev= -1) | x range: [-5.033, 5.342]
  Generated: 3584/5120

  --- Batch 57 (64 samples) ---
  [DDIM Scheduler] Step  1/200 (t_curr=999 -> t_prev=994) | x range: [-4.810, 4.277]
  [DDIM Scheduler] Step 21/200 (t_curr=899 -> t_prev=894) | x range: [-4.811, 4.275]
  [DDIM Scheduler] Step 41/200 (t_curr=799 -> t_prev=794) | x range: [-4.812, 4.274]
  [DDIM Scheduler] Step 61/200 (t_curr=699 -> t_prev=694) | x range: [-4.809, 4.270]
  [DDIM Scheduler] Step 81/200 (t_curr=599 -> t_prev=594) | x range: [-4.689, 4.251]
  [DDIM Scheduler] Step 101/200 (t_curr=499 -> t_prev=494) | x range: [-4.421, 4.240]
  [DDIM Scheduler] Step 121/200 (t_curr=399 -> t_prev=394) | x range: [-4.710, 4.818]
  [DDIM Scheduler] Step 141/200 (t_curr=299 -> t_prev=294) | x range: [-5.322, 5.391]
  [DDIM Scheduler] Step 161/200 (t_curr=199 -> t_prev=194) | x range: [-5.693, 5.724]
  [DDIM Scheduler] Step 181/200 (t_curr= 99 -> t_prev= 94) | x range: [-5.623, 5.623]
  [DDIM Scheduler] Step 200/200 (t_curr=  4 -> t_prev= -1) | x range: [-5.012, 5.019]
  Generated: 3648/5120

  --- Batch 58 (64 samples) ---
  [DDIM Scheduler] Step  1/200 (t_curr=999 -> t_prev=994) | x range: [-4.582, 4.201]
  [DDIM Scheduler] Step 21/200 (t_curr=899 -> t_prev=894) | x range: [-4.582, 4.204]
  [DDIM Scheduler] Step 41/200 (t_curr=799 -> t_prev=794) | x range: [-4.583, 4.207]
  [DDIM Scheduler] Step 61/200 (t_curr=699 -> t_prev=694) | x range: [-4.583, 4.212]
  [DDIM Scheduler] Step 81/200 (t_curr=599 -> t_prev=594) | x range: [-4.549, 4.199]
  [DDIM Scheduler] Step 101/200 (t_curr=499 -> t_prev=494) | x range: [-4.399, 4.640]
  [DDIM Scheduler] Step 121/200 (t_curr=399 -> t_prev=394) | x range: [-4.708, 5.230]
  [DDIM Scheduler] Step 141/200 (t_curr=299 -> t_prev=294) | x range: [-5.314, 5.755]
  [DDIM Scheduler] Step 161/200 (t_curr=199 -> t_prev=194) | x range: [-5.683, 6.000]
  [DDIM Scheduler] Step 181/200 (t_curr= 99 -> t_prev= 94) | x range: [-5.602, 5.773]
  [DDIM Scheduler] Step 200/200 (t_curr=  4 -> t_prev= -1) | x range: [-5.025, 5.028]
  Generated: 3712/5120

  --- Batch 59 (64 samples) ---
  [DDIM Scheduler] Step  1/200 (t_curr=999 -> t_prev=994) | x range: [-4.346, 4.370]
  [DDIM Scheduler] Step 21/200 (t_curr=899 -> t_prev=894) | x range: [-4.346, 4.371]
  [DDIM Scheduler] Step 41/200 (t_curr=799 -> t_prev=794) | x range: [-4.345, 4.371]
  [DDIM Scheduler] Step 61/200 (t_curr=699 -> t_prev=694) | x range: [-4.348, 4.370]
  [DDIM Scheduler] Step 81/200 (t_curr=599 -> t_prev=594) | x range: [-4.335, 4.362]
  [DDIM Scheduler] Step 101/200 (t_curr=499 -> t_prev=494) | x range: [-4.272, 4.408]
  [DDIM Scheduler] Step 121/200 (t_curr=399 -> t_prev=394) | x range: [-4.398, 4.533]
  [DDIM Scheduler] Step 141/200 (t_curr=299 -> t_prev=294) | x range: [-5.035, 5.003]
  [DDIM Scheduler] Step 161/200 (t_curr=199 -> t_prev=194) | x range: [-5.456, 5.332]
  [DDIM Scheduler] Step 181/200 (t_curr= 99 -> t_prev= 94) | x range: [-5.463, 5.423]
  [DDIM Scheduler] Step 200/200 (t_curr=  4 -> t_prev= -1) | x range: [-5.067, 5.070]
  Generated: 3776/5120

  --- Batch 60 (64 samples) ---
  [DDIM Scheduler] Step  1/200 (t_curr=999 -> t_prev=994) | x range: [-4.717, 4.426]
  [DDIM Scheduler] Step 21/200 (t_curr=899 -> t_prev=894) | x range: [-4.718, 4.426]
  [DDIM Scheduler] Step 41/200 (t_curr=799 -> t_prev=794) | x range: [-4.717, 4.426]
  [DDIM Scheduler] Step 61/200 (t_curr=699 -> t_prev=694) | x range: [-4.719, 4.410]
  [DDIM Scheduler] Step 81/200 (t_curr=599 -> t_prev=594) | x range: [-4.690, 4.252]
  [DDIM Scheduler] Step 101/200 (t_curr=499 -> t_prev=494) | x range: [-4.562, 4.463]
  [DDIM Scheduler] Step 121/200 (t_curr=399 -> t_prev=394) | x range: [-4.516, 4.765]
  [DDIM Scheduler] Step 141/200 (t_curr=299 -> t_prev=294) | x range: [-5.074, 5.134]
  [DDIM Scheduler] Step 161/200 (t_curr=199 -> t_prev=194) | x range: [-5.392, 5.540]
  [DDIM Scheduler] Step 181/200 (t_curr= 99 -> t_prev= 94) | x range: [-5.435, 5.531]
  [DDIM Scheduler] Step 200/200 (t_curr=  4 -> t_prev= -1) | x range: [-5.217, 5.036]
  Generated: 3840/5120

  --- Batch 61 (64 samples) ---
  [DDIM Scheduler] Step  1/200 (t_curr=999 -> t_prev=994) | x range: [-4.895, 4.617]
  [DDIM Scheduler] Step 21/200 (t_curr=899 -> t_prev=894) | x range: [-4.894, 4.616]
  [DDIM Scheduler] Step 41/200 (t_curr=799 -> t_prev=794) | x range: [-4.894, 4.614]
  [DDIM Scheduler] Step 61/200 (t_curr=699 -> t_prev=694) | x range: [-4.893, 4.606]
  [DDIM Scheduler] Step 81/200 (t_curr=599 -> t_prev=594) | x range: [-4.760, 4.536]
  [DDIM Scheduler] Step 101/200 (t_curr=499 -> t_prev=494) | x range: [-4.663, 4.369]
  [DDIM Scheduler] Step 121/200 (t_curr=399 -> t_prev=394) | x range: [-4.471, 4.999]
  [DDIM Scheduler] Step 141/200 (t_curr=299 -> t_prev=294) | x range: [-4.956, 5.564]
  [DDIM Scheduler] Step 161/200 (t_curr=199 -> t_prev=194) | x range: [-5.411, 5.861]
  [DDIM Scheduler] Step 181/200 (t_curr= 99 -> t_prev= 94) | x range: [-5.463, 5.705]
  [DDIM Scheduler] Step 200/200 (t_curr=  4 -> t_prev= -1) | x range: [-5.026, 5.078]
  Generated: 3904/5120

  --- Batch 62 (64 samples) ---
  [DDIM Scheduler] Step  1/200 (t_curr=999 -> t_prev=994) | x range: [-4.411, 4.710]
  [DDIM Scheduler] Step 21/200 (t_curr=899 -> t_prev=894) | x range: [-4.413, 4.709]
  [DDIM Scheduler] Step 41/200 (t_curr=799 -> t_prev=794) | x range: [-4.415, 4.709]
  [DDIM Scheduler] Step 61/200 (t_curr=699 -> t_prev=694) | x range: [-4.416, 4.713]
  [DDIM Scheduler] Step 81/200 (t_curr=599 -> t_prev=594) | x range: [-4.389, 4.698]
  [DDIM Scheduler] Step 101/200 (t_curr=499 -> t_prev=494) | x range: [-4.409, 4.593]
  [DDIM Scheduler] Step 121/200 (t_curr=399 -> t_prev=394) | x range: [-4.787, 4.601]
  [DDIM Scheduler] Step 141/200 (t_curr=299 -> t_prev=294) | x range: [-5.274, 5.220]
  [DDIM Scheduler] Step 161/200 (t_curr=199 -> t_prev=194) | x range: [-5.505, 5.611]
  [DDIM Scheduler] Step 181/200 (t_curr= 99 -> t_prev= 94) | x range: [-5.582, 5.572]
  [DDIM Scheduler] Step 200/200 (t_curr=  4 -> t_prev= -1) | x range: [-5.047, 5.037]
  Generated: 3968/5120

  --- Batch 63 (64 samples) ---
  [DDIM Scheduler] Step  1/200 (t_curr=999 -> t_prev=994) | x range: [-4.292, 4.564]
  [DDIM Scheduler] Step 21/200 (t_curr=899 -> t_prev=894) | x range: [-4.294, 4.566]
  [DDIM Scheduler] Step 41/200 (t_curr=799 -> t_prev=794) | x range: [-4.296, 4.568]
  [DDIM Scheduler] Step 61/200 (t_curr=699 -> t_prev=694) | x range: [-4.295, 4.568]
  [DDIM Scheduler] Step 81/200 (t_curr=599 -> t_prev=594) | x range: [-4.276, 4.544]
  [DDIM Scheduler] Step 101/200 (t_curr=499 -> t_prev=494) | x range: [-4.245, 4.331]
  [DDIM Scheduler] Step 121/200 (t_curr=399 -> t_prev=394) | x range: [-4.869, 4.247]
  [DDIM Scheduler] Step 141/200 (t_curr=299 -> t_prev=294) | x range: [-5.454, 4.615]
  [DDIM Scheduler] Step 161/200 (t_curr=199 -> t_prev=194) | x range: [-5.784, 5.147]
  [DDIM Scheduler] Step 181/200 (t_curr= 99 -> t_prev= 94) | x range: [-5.658, 5.304]
  [DDIM Scheduler] Step 200/200 (t_curr=  4 -> t_prev= -1) | x range: [-5.011, 5.026]
  Generated: 4032/5120

  --- Batch 64 (64 samples) ---
  [DDIM Scheduler] Step  1/200 (t_curr=999 -> t_prev=994) | x range: [-4.495, 4.871]
  [DDIM Scheduler] Step 21/200 (t_curr=899 -> t_prev=894) | x range: [-4.494, 4.871]
  [DDIM Scheduler] Step 41/200 (t_curr=799 -> t_prev=794) | x range: [-4.494, 4.871]
  [DDIM Scheduler] Step 61/200 (t_curr=699 -> t_prev=694) | x range: [-4.493, 4.870]
  [DDIM Scheduler] Step 81/200 (t_curr=599 -> t_prev=594) | x range: [-4.488, 4.833]
  [DDIM Scheduler] Step 101/200 (t_curr=499 -> t_prev=494) | x range: [-4.509, 4.771]
  [DDIM Scheduler] Step 121/200 (t_curr=399 -> t_prev=394) | x range: [-4.570, 4.597]
  [DDIM Scheduler] Step 141/200 (t_curr=299 -> t_prev=294) | x range: [-5.080, 5.218]
  [DDIM Scheduler] Step 161/200 (t_curr=199 -> t_prev=194) | x range: [-5.504, 5.612]
  [DDIM Scheduler] Step 181/200 (t_curr= 99 -> t_prev= 94) | x range: [-5.514, 5.580]
  [DDIM Scheduler] Step 200/200 (t_curr=  4 -> t_prev= -1) | x range: [-5.015, 5.013]
  Generated: 4096/5120

  --- Batch 65 (64 samples) ---
  [DDIM Scheduler] Step  1/200 (t_curr=999 -> t_prev=994) | x range: [-5.011, 4.573]
  [DDIM Scheduler] Step 21/200 (t_curr=899 -> t_prev=894) | x range: [-5.009, 4.572]
  [DDIM Scheduler] Step 41/200 (t_curr=799 -> t_prev=794) | x range: [-5.008, 4.571]
  [DDIM Scheduler] Step 61/200 (t_curr=699 -> t_prev=694) | x range: [-5.005, 4.570]
  [DDIM Scheduler] Step 81/200 (t_curr=599 -> t_prev=594) | x range: [-4.988, 4.550]
  [DDIM Scheduler] Step 101/200 (t_curr=499 -> t_prev=494) | x range: [-4.907, 4.630]
  [DDIM Scheduler] Step 121/200 (t_curr=399 -> t_prev=394) | x range: [-4.614, 5.154]
  [DDIM Scheduler] Step 141/200 (t_curr=299 -> t_prev=294) | x range: [-5.030, 5.599]
  [DDIM Scheduler] Step 161/200 (t_curr=199 -> t_prev=194) | x range: [-5.453, 5.760]
  [DDIM Scheduler] Step 181/200 (t_curr= 99 -> t_prev= 94) | x range: [-5.471, 5.455]
  [DDIM Scheduler] Step 200/200 (t_curr=  4 -> t_prev= -1) | x range: [-5.025, 5.017]
  Generated: 4160/5120

  --- Batch 66 (64 samples) ---
  [DDIM Scheduler] Step  1/200 (t_curr=999 -> t_prev=994) | x range: [-4.569, 4.185]
  [DDIM Scheduler] Step 21/200 (t_curr=899 -> t_prev=894) | x range: [-4.569, 4.188]
  [DDIM Scheduler] Step 41/200 (t_curr=799 -> t_prev=794) | x range: [-4.569, 4.190]
  [DDIM Scheduler] Step 61/200 (t_curr=699 -> t_prev=694) | x range: [-4.567, 4.197]
  [DDIM Scheduler] Step 81/200 (t_curr=599 -> t_prev=594) | x range: [-4.543, 4.188]
  [DDIM Scheduler] Step 101/200 (t_curr=499 -> t_prev=494) | x range: [-4.484, 4.122]
  [DDIM Scheduler] Step 121/200 (t_curr=399 -> t_prev=394) | x range: [-4.930, 4.434]
  [DDIM Scheduler] Step 141/200 (t_curr=299 -> t_prev=294) | x range: [-5.400, 5.035]
  [DDIM Scheduler] Step 161/200 (t_curr=199 -> t_prev=194) | x range: [-5.657, 5.463]
  [DDIM Scheduler] Step 181/200 (t_curr= 99 -> t_prev= 94) | x range: [-5.466, 5.483]
  [DDIM Scheduler] Step 200/200 (t_curr=  4 -> t_prev= -1) | x range: [-5.013, 5.014]
  Generated: 4224/5120

  --- Batch 67 (64 samples) ---
  [DDIM Scheduler] Step  1/200 (t_curr=999 -> t_prev=994) | x range: [-4.188, 5.184]
  [DDIM Scheduler] Step 21/200 (t_curr=899 -> t_prev=894) | x range: [-4.191, 5.182]
  [DDIM Scheduler] Step 41/200 (t_curr=799 -> t_prev=794) | x range: [-4.192, 5.179]
  [DDIM Scheduler] Step 61/200 (t_curr=699 -> t_prev=694) | x range: [-4.192, 5.176]
  [DDIM Scheduler] Step 81/200 (t_curr=599 -> t_prev=594) | x range: [-4.175, 5.160]
  [DDIM Scheduler] Step 101/200 (t_curr=499 -> t_prev=494) | x range: [-4.174, 5.081]
  [DDIM Scheduler] Step 121/200 (t_curr=399 -> t_prev=394) | x range: [-4.275, 4.835]
  [DDIM Scheduler] Step 141/200 (t_curr=299 -> t_prev=294) | x range: [-4.940, 5.362]
  [DDIM Scheduler] Step 161/200 (t_curr=199 -> t_prev=194) | x range: [-5.402, 5.709]
  [DDIM Scheduler] Step 181/200 (t_curr= 99 -> t_prev= 94) | x range: [-5.459, 5.620]
  [DDIM Scheduler] Step 200/200 (t_curr=  4 -> t_prev= -1) | x range: [-5.012, 5.016]
  Generated: 4288/5120

  --- Batch 68 (64 samples) ---
  [DDIM Scheduler] Step  1/200 (t_curr=999 -> t_prev=994) | x range: [-4.670, 4.650]
  [DDIM Scheduler] Step 21/200 (t_curr=899 -> t_prev=894) | x range: [-4.672, 4.650]
  [DDIM Scheduler] Step 41/200 (t_curr=799 -> t_prev=794) | x range: [-4.674, 4.649]
  [DDIM Scheduler] Step 61/200 (t_curr=699 -> t_prev=694) | x range: [-4.676, 4.648]
  [DDIM Scheduler] Step 81/200 (t_curr=599 -> t_prev=594) | x range: [-4.659, 4.585]
  [DDIM Scheduler] Step 101/200 (t_curr=499 -> t_prev=494) | x range: [-4.572, 4.602]
  [DDIM Scheduler] Step 121/200 (t_curr=399 -> t_prev=394) | x range: [-4.498, 4.668]
  [DDIM Scheduler] Step 141/200 (t_curr=299 -> t_prev=294) | x range: [-5.127, 5.244]
  [DDIM Scheduler] Step 161/200 (t_curr=199 -> t_prev=194) | x range: [-5.537, 5.597]
  [DDIM Scheduler] Step 181/200 (t_curr= 99 -> t_prev= 94) | x range: [-5.532, 5.534]
  [DDIM Scheduler] Step 200/200 (t_curr=  4 -> t_prev= -1) | x range: [-5.136, 5.020]
  Generated: 4352/5120

  --- Batch 69 (64 samples) ---
  [DDIM Scheduler] Step  1/200 (t_curr=999 -> t_prev=994) | x range: [-4.199, 4.347]
  [DDIM Scheduler] Step 21/200 (t_curr=899 -> t_prev=894) | x range: [-4.200, 4.349]
  [DDIM Scheduler] Step 41/200 (t_curr=799 -> t_prev=794) | x range: [-4.201, 4.351]
  [DDIM Scheduler] Step 61/200 (t_curr=699 -> t_prev=694) | x range: [-4.205, 4.352]
  [DDIM Scheduler] Step 81/200 (t_curr=599 -> t_prev=594) | x range: [-4.208, 4.339]
  [DDIM Scheduler] Step 101/200 (t_curr=499 -> t_prev=494) | x range: [-4.146, 4.261]
  [DDIM Scheduler] Step 121/200 (t_curr=399 -> t_prev=394) | x range: [-4.358, 4.617]
  [DDIM Scheduler] Step 141/200 (t_curr=299 -> t_prev=294) | x range: [-4.950, 5.226]
  [DDIM Scheduler] Step 161/200 (t_curr=199 -> t_prev=194) | x range: [-5.354, 5.604]
  [DDIM Scheduler] Step 181/200 (t_curr= 99 -> t_prev= 94) | x range: [-5.424, 5.553]
  [DDIM Scheduler] Step 200/200 (t_curr=  4 -> t_prev= -1) | x range: [-5.059, 5.017]
  Generated: 4416/5120

  --- Batch 70 (64 samples) ---
  [DDIM Scheduler] Step  1/200 (t_curr=999 -> t_prev=994) | x range: [-4.204, 4.433]
  [DDIM Scheduler] Step 21/200 (t_curr=899 -> t_prev=894) | x range: [-4.199, 4.436]
  [DDIM Scheduler] Step 41/200 (t_curr=799 -> t_prev=794) | x range: [-4.194, 4.438]
  [DDIM Scheduler] Step 61/200 (t_curr=699 -> t_prev=694) | x range: [-4.190, 4.441]
  [DDIM Scheduler] Step 81/200 (t_curr=599 -> t_prev=594) | x range: [-4.156, 4.401]
  [DDIM Scheduler] Step 101/200 (t_curr=499 -> t_prev=494) | x range: [-4.116, 4.330]
  [DDIM Scheduler] Step 121/200 (t_curr=399 -> t_prev=394) | x range: [-4.498, 4.681]
  [DDIM Scheduler] Step 141/200 (t_curr=299 -> t_prev=294) | x range: [-5.086, 4.986]
  [DDIM Scheduler] Step 161/200 (t_curr=199 -> t_prev=194) | x range: [-5.468, 5.428]
  [DDIM Scheduler] Step 181/200 (t_curr= 99 -> t_prev= 94) | x range: [-5.499, 5.458]
  [DDIM Scheduler] Step 200/200 (t_curr=  4 -> t_prev= -1) | x range: [-5.041, 5.074]
  Generated: 4480/5120

  --- Batch 71 (64 samples) ---
  [DDIM Scheduler] Step  1/200 (t_curr=999 -> t_prev=994) | x range: [-4.592, 4.315]
  [DDIM Scheduler] Step 21/200 (t_curr=899 -> t_prev=894) | x range: [-4.592, 4.315]
  [DDIM Scheduler] Step 41/200 (t_curr=799 -> t_prev=794) | x range: [-4.593, 4.315]
  [DDIM Scheduler] Step 61/200 (t_curr=699 -> t_prev=694) | x range: [-4.592, 4.321]
  [DDIM Scheduler] Step 81/200 (t_curr=599 -> t_prev=594) | x range: [-4.572, 4.319]
  [DDIM Scheduler] Step 101/200 (t_curr=499 -> t_prev=494) | x range: [-4.476, 4.262]
  [DDIM Scheduler] Step 121/200 (t_curr=399 -> t_prev=394) | x range: [-5.033, 4.668]
  [DDIM Scheduler] Step 141/200 (t_curr=299 -> t_prev=294) | x range: [-5.611, 5.029]
  [DDIM Scheduler] Step 161/200 (t_curr=199 -> t_prev=194) | x range: [-5.919, 5.473]
  [DDIM Scheduler] Step 181/200 (t_curr= 99 -> t_prev= 94) | x range: [-5.758, 5.503]
  [DDIM Scheduler] Step 200/200 (t_curr=  4 -> t_prev= -1) | x range: [-5.117, 5.020]
  Generated: 4544/5120

  --- Batch 72 (64 samples) ---
  [DDIM Scheduler] Step  1/200 (t_curr=999 -> t_prev=994) | x range: [-5.064, 4.712]
  [DDIM Scheduler] Step 21/200 (t_curr=899 -> t_prev=894) | x range: [-5.065, 4.715]
  [DDIM Scheduler] Step 41/200 (t_curr=799 -> t_prev=794) | x range: [-5.067, 4.718]
  [DDIM Scheduler] Step 61/200 (t_curr=699 -> t_prev=694) | x range: [-5.080, 4.717]
  [DDIM Scheduler] Step 81/200 (t_curr=599 -> t_prev=594) | x range: [-5.160, 4.698]
  [DDIM Scheduler] Step 101/200 (t_curr=499 -> t_prev=494) | x range: [-5.226, 4.634]
  [DDIM Scheduler] Step 121/200 (t_curr=399 -> t_prev=394) | x range: [-5.260, 4.378]
  [DDIM Scheduler] Step 141/200 (t_curr=299 -> t_prev=294) | x range: [-5.081, 5.010]
  [DDIM Scheduler] Step 161/200 (t_curr=199 -> t_prev=194) | x range: [-5.434, 5.439]
  [DDIM Scheduler] Step 181/200 (t_curr= 99 -> t_prev= 94) | x range: [-5.481, 5.463]
  [DDIM Scheduler] Step 200/200 (t_curr=  4 -> t_prev= -1) | x range: [-5.044, 5.069]
  Generated: 4608/5120

  --- Batch 73 (64 samples) ---
  [DDIM Scheduler] Step  1/200 (t_curr=999 -> t_prev=994) | x range: [-4.511, 4.228]
  [DDIM Scheduler] Step 21/200 (t_curr=899 -> t_prev=894) | x range: [-4.509, 4.226]
  [DDIM Scheduler] Step 41/200 (t_curr=799 -> t_prev=794) | x range: [-4.507, 4.224]
  [DDIM Scheduler] Step 61/200 (t_curr=699 -> t_prev=694) | x range: [-4.504, 4.224]
  [DDIM Scheduler] Step 81/200 (t_curr=599 -> t_prev=594) | x range: [-4.487, 4.227]
  [DDIM Scheduler] Step 101/200 (t_curr=499 -> t_prev=494) | x range: [-4.463, 4.195]
  [DDIM Scheduler] Step 121/200 (t_curr=399 -> t_prev=394) | x range: [-5.007, 4.617]
  [DDIM Scheduler] Step 141/200 (t_curr=299 -> t_prev=294) | x range: [-5.568, 5.243]
  [DDIM Scheduler] Step 161/200 (t_curr=199 -> t_prev=194) | x range: [-5.866, 5.632]
  [DDIM Scheduler] Step 181/200 (t_curr= 99 -> t_prev= 94) | x range: [-5.708, 5.593]
  [DDIM Scheduler] Step 200/200 (t_curr=  4 -> t_prev= -1) | x range: [-5.025, 5.021]
  Generated: 4672/5120

  --- Batch 74 (64 samples) ---
  [DDIM Scheduler] Step  1/200 (t_curr=999 -> t_prev=994) | x range: [-4.467, 4.813]
  [DDIM Scheduler] Step 21/200 (t_curr=899 -> t_prev=894) | x range: [-4.464, 4.815]
  [DDIM Scheduler] Step 41/200 (t_curr=799 -> t_prev=794) | x range: [-4.462, 4.817]
  [DDIM Scheduler] Step 61/200 (t_curr=699 -> t_prev=694) | x range: [-4.460, 4.818]
  [DDIM Scheduler] Step 81/200 (t_curr=599 -> t_prev=594) | x range: [-4.450, 4.805]
  [DDIM Scheduler] Step 101/200 (t_curr=499 -> t_prev=494) | x range: [-4.510, 4.814]
  [DDIM Scheduler] Step 121/200 (t_curr=399 -> t_prev=394) | x range: [-4.753, 4.671]
  [DDIM Scheduler] Step 141/200 (t_curr=299 -> t_prev=294) | x range: [-4.976, 5.289]
  [DDIM Scheduler] Step 161/200 (t_curr=199 -> t_prev=194) | x range: [-5.248, 5.666]
  [DDIM Scheduler] Step 181/200 (t_curr= 99 -> t_prev= 94) | x range: [-5.341, 5.602]
  [DDIM Scheduler] Step 200/200 (t_curr=  4 -> t_prev= -1) | x range: [-5.033, 5.019]
  Generated: 4736/5120

  --- Batch 75 (64 samples) ---
  [DDIM Scheduler] Step  1/200 (t_curr=999 -> t_prev=994) | x range: [-4.477, 4.526]
  [DDIM Scheduler] Step 21/200 (t_curr=899 -> t_prev=894) | x range: [-4.478, 4.523]
  [DDIM Scheduler] Step 41/200 (t_curr=799 -> t_prev=794) | x range: [-4.478, 4.520]
  [DDIM Scheduler] Step 61/200 (t_curr=699 -> t_prev=694) | x range: [-4.478, 4.515]
  [DDIM Scheduler] Step 81/200 (t_curr=599 -> t_prev=594) | x range: [-4.458, 4.491]
  [DDIM Scheduler] Step 101/200 (t_curr=499 -> t_prev=494) | x range: [-4.392, 4.414]
  [DDIM Scheduler] Step 121/200 (t_curr=399 -> t_prev=394) | x range: [-4.242, 4.440]
  [DDIM Scheduler] Step 141/200 (t_curr=299 -> t_prev=294) | x range: [-4.825, 5.025]
  [DDIM Scheduler] Step 161/200 (t_curr=199 -> t_prev=194) | x range: [-5.278, 5.467]
  [DDIM Scheduler] Step 181/200 (t_curr= 99 -> t_prev= 94) | x range: [-5.376, 5.496]
  [DDIM Scheduler] Step 200/200 (t_curr=  4 -> t_prev= -1) | x range: [-5.012, 5.014]
  Generated: 4800/5120

  --- Batch 76 (64 samples) ---
  [DDIM Scheduler] Step  1/200 (t_curr=999 -> t_prev=994) | x range: [-4.919, 4.456]
  [DDIM Scheduler] Step 21/200 (t_curr=899 -> t_prev=894) | x range: [-4.918, 4.460]
  [DDIM Scheduler] Step 41/200 (t_curr=799 -> t_prev=794) | x range: [-4.917, 4.464]
  [DDIM Scheduler] Step 61/200 (t_curr=699 -> t_prev=694) | x range: [-4.928, 4.459]
  [DDIM Scheduler] Step 81/200 (t_curr=599 -> t_prev=594) | x range: [-4.960, 4.438]
  [DDIM Scheduler] Step 101/200 (t_curr=499 -> t_prev=494) | x range: [-4.888, 4.591]
  [DDIM Scheduler] Step 121/200 (t_curr=399 -> t_prev=394) | x range: [-4.791, 4.852]
  [DDIM Scheduler] Step 141/200 (t_curr=299 -> t_prev=294) | x range: [-5.398, 5.427]
  [DDIM Scheduler] Step 161/200 (t_curr=199 -> t_prev=194) | x range: [-5.759, 5.757]
  [DDIM Scheduler] Step 181/200 (t_curr= 99 -> t_prev= 94) | x range: [-5.670, 5.648]
  [DDIM Scheduler] Step 200/200 (t_curr=  4 -> t_prev= -1) | x range: [-5.023, 5.051]
  Generated: 4864/5120

  --- Batch 77 (64 samples) ---
  [DDIM Scheduler] Step  1/200 (t_curr=999 -> t_prev=994) | x range: [-4.792, 4.420]
  [DDIM Scheduler] Step 21/200 (t_curr=899 -> t_prev=894) | x range: [-4.798, 4.421]
  [DDIM Scheduler] Step 41/200 (t_curr=799 -> t_prev=794) | x range: [-4.803, 4.421]
  [DDIM Scheduler] Step 61/200 (t_curr=699 -> t_prev=694) | x range: [-4.813, 4.428]
  [DDIM Scheduler] Step 81/200 (t_curr=599 -> t_prev=594) | x range: [-4.798, 4.406]
  [DDIM Scheduler] Step 101/200 (t_curr=499 -> t_prev=494) | x range: [-4.794, 4.618]
  [DDIM Scheduler] Step 121/200 (t_curr=399 -> t_prev=394) | x range: [-5.387, 5.230]
  [DDIM Scheduler] Step 141/200 (t_curr=299 -> t_prev=294) | x range: [-5.904, 5.767]
  [DDIM Scheduler] Step 161/200 (t_curr=199 -> t_prev=194) | x range: [-6.130, 6.013]
  [DDIM Scheduler] Step 181/200 (t_curr= 99 -> t_prev= 94) | x range: [-5.864, 5.777]
  [DDIM Scheduler] Step 200/200 (t_curr=  4 -> t_prev= -1) | x range: [-5.023, 5.012]
  Generated: 4928/5120

  --- Batch 78 (64 samples) ---
  [DDIM Scheduler] Step  1/200 (t_curr=999 -> t_prev=994) | x range: [-4.444, 4.545]
  [DDIM Scheduler] Step 21/200 (t_curr=899 -> t_prev=894) | x range: [-4.443, 4.540]
  [DDIM Scheduler] Step 41/200 (t_curr=799 -> t_prev=794) | x range: [-4.442, 4.536]
  [DDIM Scheduler] Step 61/200 (t_curr=699 -> t_prev=694) | x range: [-4.438, 4.532]
  [DDIM Scheduler] Step 81/200 (t_curr=599 -> t_prev=594) | x range: [-4.426, 4.520]
  [DDIM Scheduler] Step 101/200 (t_curr=499 -> t_prev=494) | x range: [-4.281, 4.481]
  [DDIM Scheduler] Step 121/200 (t_curr=399 -> t_prev=394) | x range: [-4.465, 4.303]
  [DDIM Scheduler] Step 141/200 (t_curr=299 -> t_prev=294) | x range: [-5.107, 4.878]
  [DDIM Scheduler] Step 161/200 (t_curr=199 -> t_prev=194) | x range: [-5.521, 5.364]
  [DDIM Scheduler] Step 181/200 (t_curr= 99 -> t_prev= 94) | x range: [-5.505, 5.448]
  [DDIM Scheduler] Step 200/200 (t_curr=  4 -> t_prev= -1) | x range: [-5.019, 5.020]
  Generated: 4992/5120

  --- Batch 79 (64 samples) ---
  [DDIM Scheduler] Step  1/200 (t_curr=999 -> t_prev=994) | x range: [-4.152, 4.445]
  [DDIM Scheduler] Step 21/200 (t_curr=899 -> t_prev=894) | x range: [-4.151, 4.446]
  [DDIM Scheduler] Step 41/200 (t_curr=799 -> t_prev=794) | x range: [-4.150, 4.447]
  [DDIM Scheduler] Step 61/200 (t_curr=699 -> t_prev=694) | x range: [-4.149, 4.451]
  [DDIM Scheduler] Step 81/200 (t_curr=599 -> t_prev=594) | x range: [-4.166, 4.445]
  [DDIM Scheduler] Step 101/200 (t_curr=499 -> t_prev=494) | x range: [-4.218, 4.387]
  [DDIM Scheduler] Step 121/200 (t_curr=399 -> t_prev=394) | x range: [-4.685, 4.647]
  [DDIM Scheduler] Step 141/200 (t_curr=299 -> t_prev=294) | x range: [-5.284, 5.056]
  [DDIM Scheduler] Step 161/200 (t_curr=199 -> t_prev=194) | x range: [-5.648, 5.240]
  [DDIM Scheduler] Step 181/200 (t_curr= 99 -> t_prev= 94) | x range: [-5.586, 5.376]
  [DDIM Scheduler] Step 200/200 (t_curr=  4 -> t_prev= -1) | x range: [-5.019, 5.027]
  Generated: 5056/5120

  --- Batch 80 (64 samples) ---
  [DDIM Scheduler] Step  1/200 (t_curr=999 -> t_prev=994) | x range: [-4.629, 4.420]
  [DDIM Scheduler] Step 21/200 (t_curr=899 -> t_prev=894) | x range: [-4.629, 4.420]
  [DDIM Scheduler] Step 41/200 (t_curr=799 -> t_prev=794) | x range: [-4.629, 4.420]
  [DDIM Scheduler] Step 61/200 (t_curr=699 -> t_prev=694) | x range: [-4.634, 4.418]
  [DDIM Scheduler] Step 81/200 (t_curr=599 -> t_prev=594) | x range: [-4.615, 4.428]
  [DDIM Scheduler] Step 101/200 (t_curr=499 -> t_prev=494) | x range: [-4.539, 4.435]
  [DDIM Scheduler] Step 121/200 (t_curr=399 -> t_prev=394) | x range: [-4.272, 4.803]
  [DDIM Scheduler] Step 141/200 (t_curr=299 -> t_prev=294) | x range: [-4.931, 5.331]
  [DDIM Scheduler] Step 161/200 (t_curr=199 -> t_prev=194) | x range: [-5.390, 5.632]
  [DDIM Scheduler] Step 181/200 (t_curr= 99 -> t_prev= 94) | x range: [-5.438, 5.588]
  [DDIM Scheduler] Step 200/200 (t_curr=  4 -> t_prev= -1) | x range: [-5.027, 5.185]
  Generated: 5120/5120

[Step 4] Saving to CSV...

============================================================
  Generation Complete!
============================================================
  Output:         output/deep_v9_20k_200step.csv
  Shape:          (5120, 4096)
  Total time:     1698.3s
  Time per sample: 331.70ms

  ── SP500 日收益率统计 ──
    Mean:  0.000319
    Std:   0.009322
    Min:   -0.055444
    Max:   0.055019

  ── DGS10 日差分统计 ──
    Mean:  0.000138
    Std:   0.057506
    Min:   -0.340246
    Max:   0.357409
