nohup: ignoring input
[Config] CUDA detected: NVIDIA RTX A6000 x2
[Utils] Random seed set to 42
============================================================
  1D-DDPM Training Pipeline
============================================================
  Backbone:   dit-b
  Device:     cuda
  Epochs:     20000
  Batch size: 64
  LR:         0.0002
  Warmup:     200 epochs
  T:          1000
============================================================

[Phase 1] Loading data...
[Dataset] Loaded 14734 rows from /home/u00134/data/train_sp500_us10y.csv
[Scaler] Fitted on 14734 samples
  sp500: mean=0.000315, std=0.010551
  DGS10: mean=0.000026, std=0.066899
[Dataset] 2538 windows (seq_len=2048, stride=5, total_rows=14734)
  Samples:      2538
  Batches/epoch: 39

[Phase 2] Building model...
  DIT-B parameters: 57,932,320
[Utils] Run directory: /home/u00134/src/logs/deep_v9_dit_b_20k
[Utils] Config snapshot saved to /home/u00134/src/logs/deep_v9_dit_b_20k/config.json
[Scaler] Parameters saved to /home/u00134/src/logs/deep_v9_dit_b_20k/scaler.pt

[Resume] Loading checkpoint from logs/deep_v9_dit_b/checkpoint_final.pt
[Utils] Checkpoint loaded from logs/deep_v9_dit_b/checkpoint_final.pt (epoch 7999)
  Resuming from epoch 8000

[Phase 3] Training starts (epoch 8000 → 19999)...
------------------------------------------------------------
  Epoch 8000/20000  |  Loss: 0.001549  |  LR: 1.00e-06  |  Time: 7.26s
  Epoch 8010/20000  |  Loss: 0.001477  |  LR: 1.00e-06  |  Time: 6.88s
  Epoch 8020/20000  |  Loss: 0.001564  |  LR: 1.00e-06  |  Time: 6.98s
  Epoch 8030/20000  |  Loss: 0.001607  |  LR: 1.00e-06  |  Time: 6.95s
  Epoch 8040/20000  |  Loss: 0.001519  |  LR: 1.00e-06  |  Time: 6.99s
  Epoch 8050/20000  |  Loss: 0.001609  |  LR: 1.00e-06  |  Time: 7.00s
  Epoch 8060/20000  |  Loss: 0.001788  |  LR: 1.00e-06  |  Time: 6.99s
  Epoch 8070/20000  |  Loss: 0.001642  |  LR: 1.00e-06  |  Time: 7.00s
  Epoch 8080/20000  |  Loss: 0.001557  |  LR: 1.00e-06  |  Time: 6.98s
  Epoch 8090/20000  |  Loss: 0.001704  |  LR: 1.00e-06  |  Time: 6.98s
  Epoch 8100/20000  |  Loss: 0.001501  |  LR: 1.00e-06  |  Time: 7.00s
  Epoch 8110/20000  |  Loss: 0.001651  |  LR: 1.00e-06  |  Time: 6.98s
  Epoch 8120/20000  |  Loss: 0.001738  |  LR: 1.00e-06  |  Time: 6.98s
  Epoch 8130/20000  |  Loss: 0.001724  |  LR: 1.00e-06  |  Time: 6.98s
  Epoch 8140/20000  |  Loss: 0.001640  |  LR: 1.00e-06  |  Time: 6.97s
  Epoch 8150/20000  |  Loss: 0.001575  |  LR: 1.00e-06  |  Time: 6.99s
  Epoch 8160/20000  |  Loss: 0.001763  |  LR: 1.00e-06  |  Time: 7.00s
  Epoch 8170/20000  |  Loss: 0.001522  |  LR: 1.00e-06  |  Time: 6.98s
  Epoch 8180/20000  |  Loss: 0.001690  |  LR: 1.00e-06  |  Time: 7.00s
  Epoch 8190/20000  |  Loss: 0.001565  |  LR: 1.00e-06  |  Time: 6.98s
  Epoch 8200/20000  |  Loss: 0.001574  |  LR: 1.00e-06  |  Time: 6.98s
  Epoch 8210/20000  |  Loss: 0.001667  |  LR: 1.00e-06  |  Time: 6.98s
  Epoch 8220/20000  |  Loss: 0.001633  |  LR: 1.00e-06  |  Time: 6.97s
  Epoch 8230/20000  |  Loss: 0.001603  |  LR: 1.00e-06  |  Time: 6.98s
  Epoch 8240/20000  |  Loss: 0.001613  |  LR: 1.00e-06  |  Time: 6.98s
  Epoch 8250/20000  |  Loss: 0.001396  |  LR: 1.00e-06  |  Time: 6.97s
  Epoch 8260/20000  |  Loss: 0.001645  |  LR: 1.00e-06  |  Time: 6.97s
  Epoch 8270/20000  |  Loss: 0.001619  |  LR: 1.00e-06  |  Time: 6.99s
  Epoch 8280/20000  |  Loss: 0.001615  |  LR: 1.00e-06  |  Time: 6.99s
  Epoch 8290/20000  |  Loss: 0.001496  |  LR: 1.00e-06  |  Time: 6.97s
  Epoch 8300/20000  |  Loss: 0.001597  |  LR: 1.00e-06  |  Time: 7.00s
  Epoch 8310/20000  |  Loss: 0.001665  |  LR: 1.00e-06  |  Time: 6.98s
  Epoch 8320/20000  |  Loss: 0.001461  |  LR: 1.00e-06  |  Time: 6.98s
  Epoch 8330/20000  |  Loss: 0.001673  |  LR: 1.00e-06  |  Time: 6.98s
  Epoch 8340/20000  |  Loss: 0.001714  |  LR: 1.00e-06  |  Time: 6.99s
  Epoch 8350/20000  |  Loss: 0.001426  |  LR: 1.00e-06  |  Time: 6.98s
  Epoch 8360/20000  |  Loss: 0.001495  |  LR: 1.00e-06  |  Time: 6.98s
  Epoch 8370/20000  |  Loss: 0.001715  |  LR: 1.00e-06  |  Time: 6.99s
  Epoch 8380/20000  |  Loss: 0.001509  |  LR: 1.00e-06  |  Time: 6.98s
  Epoch 8390/20000  |  Loss: 0.001640  |  LR: 1.00e-06  |  Time: 6.98s
  Epoch 8400/20000  |  Loss: 0.001554  |  LR: 1.00e-06  |  Time: 6.99s
  Epoch 8410/20000  |  Loss: 0.001625  |  LR: 1.00e-06  |  Time: 6.98s
  Epoch 8420/20000  |  Loss: 0.001626  |  LR: 1.00e-06  |  Time: 6.98s
  Epoch 8430/20000  |  Loss: 0.001595  |  LR: 1.00e-06  |  Time: 7.00s
  Epoch 8440/20000  |  Loss: 0.001669  |  LR: 1.00e-06  |  Time: 6.98s
  Epoch 8450/20000  |  Loss: 0.001548  |  LR: 1.00e-06  |  Time: 6.99s
  Epoch 8460/20000  |  Loss: 0.001642  |  LR: 1.00e-06  |  Time: 6.98s
  Epoch 8470/20000  |  Loss: 0.001509  |  LR: 1.00e-06  |  Time: 6.97s
  Epoch 8480/20000  |  Loss: 0.001768  |  LR: 1.00e-06  |  Time: 6.97s
  Epoch 8490/20000  |  Loss: 0.001686  |  LR: 1.00e-06  |  Time: 6.98s
  Epoch 8500/20000  |  Loss: 0.001611  |  LR: 1.00e-06  |  Time: 6.99s
  Epoch 8510/20000  |  Loss: 0.001484  |  LR: 1.00e-06  |  Time: 6.98s
  Epoch 8520/20000  |  Loss: 0.001587  |  LR: 1.00e-06  |  Time: 6.98s
  Epoch 8530/20000  |  Loss: 0.001571  |  LR: 1.00e-06  |  Time: 6.97s
  Epoch 8540/20000  |  Loss: 0.001518  |  LR: 1.00e-06  |  Time: 6.99s
  Epoch 8550/20000  |  Loss: 0.001506  |  LR: 1.00e-06  |  Time: 6.99s
  Epoch 8560/20000  |  Loss: 0.001625  |  LR: 1.00e-06  |  Time: 6.99s
  Epoch 8570/20000  |  Loss: 0.001589  |  LR: 1.00e-06  |  Time: 6.98s
  Epoch 8580/20000  |  Loss: 0.001546  |  LR: 1.00e-06  |  Time: 6.99s
  Epoch 8590/20000  |  Loss: 0.001717  |  LR: 1.00e-06  |  Time: 6.98s
  Epoch 8600/20000  |  Loss: 0.001520  |  LR: 1.00e-06  |  Time: 6.98s
  Epoch 8610/20000  |  Loss: 0.001500  |  LR: 1.00e-06  |  Time: 6.98s
  Epoch 8620/20000  |  Loss: 0.001610  |  LR: 1.00e-06  |  Time: 6.98s
  Epoch 8630/20000  |  Loss: 0.001731  |  LR: 1.00e-06  |  Time: 6.98s
  Epoch 8640/20000  |  Loss: 0.001673  |  LR: 1.00e-06  |  Time: 6.98s
  Epoch 8650/20000  |  Loss: 0.001582  |  LR: 1.00e-06  |  Time: 6.99s
  Epoch 8660/20000  |  Loss: 0.001673  |  LR: 1.00e-06  |  Time: 6.98s
  Epoch 8670/20000  |  Loss: 0.001507  |  LR: 1.00e-06  |  Time: 7.00s
  Epoch 8680/20000  |  Loss: 0.001616  |  LR: 1.00e-06  |  Time: 7.00s
  Epoch 8690/20000  |  Loss: 0.001574  |  LR: 1.00e-06  |  Time: 6.98s
  Epoch 8700/20000  |  Loss: 0.001532  |  LR: 1.00e-06  |  Time: 6.98s
  Epoch 8710/20000  |  Loss: 0.001576  |  LR: 1.00e-06  |  Time: 6.98s
  Epoch 8720/20000  |  Loss: 0.001534  |  LR: 1.00e-06  |  Time: 6.99s
  Epoch 8730/20000  |  Loss: 0.001640  |  LR: 1.00e-06  |  Time: 6.98s
  Epoch 8740/20000  |  Loss: 0.001472  |  LR: 1.00e-06  |  Time: 6.99s
  Epoch 8750/20000  |  Loss: 0.001651  |  LR: 1.00e-06  |  Time: 7.00s
  Epoch 8760/20000  |  Loss: 0.001593  |  LR: 1.00e-06  |  Time: 7.00s
  Epoch 8770/20000  |  Loss: 0.001679  |  LR: 1.00e-06  |  Time: 6.98s
  Epoch 8780/20000  |  Loss: 0.001575  |  LR: 1.00e-06  |  Time: 6.98s
  Epoch 8790/20000  |  Loss: 0.001538  |  LR: 1.00e-06  |  Time: 6.97s
  Epoch 8800/20000  |  Loss: 0.001532  |  LR: 1.00e-06  |  Time: 6.99s
  Epoch 8810/20000  |  Loss: 0.001554  |  LR: 1.00e-06  |  Time: 6.98s
  Epoch 8820/20000  |  Loss: 0.001420  |  LR: 1.00e-06  |  Time: 6.99s
  Epoch 8830/20000  |  Loss: 0.001719  |  LR: 1.00e-06  |  Time: 6.98s
  Epoch 8840/20000  |  Loss: 0.001599  |  LR: 1.00e-06  |  Time: 6.99s
  Epoch 8850/20000  |  Loss: 0.001628  |  LR: 1.00e-06  |  Time: 6.99s
  Epoch 8860/20000  |  Loss: 0.001674  |  LR: 1.00e-06  |  Time: 6.98s
  Epoch 8870/20000  |  Loss: 0.001647  |  LR: 1.00e-06  |  Time: 6.98s
  Epoch 8880/20000  |  Loss: 0.001580  |  LR: 1.00e-06  |  Time: 6.97s
  Epoch 8890/20000  |  Loss: 0.001597  |  LR: 1.00e-06  |  Time: 6.99s
  Epoch 8900/20000  |  Loss: 0.001546  |  LR: 1.00e-06  |  Time: 6.98s
  Epoch 8910/20000  |  Loss: 0.001470  |  LR: 1.00e-06  |  Time: 6.99s
  Epoch 8920/20000  |  Loss: 0.001496  |  LR: 1.00e-06  |  Time: 7.00s
  Epoch 8930/20000  |  Loss: 0.001533  |  LR: 1.00e-06  |  Time: 6.99s
  Epoch 8940/20000  |  Loss: 0.001593  |  LR: 1.00e-06  |  Time: 6.98s
  Epoch 8950/20000  |  Loss: 0.001403  |  LR: 1.00e-06  |  Time: 6.99s
  Epoch 8960/20000  |  Loss: 0.001509  |  LR: 1.00e-06  |  Time: 6.98s
  Epoch 8970/20000  |  Loss: 0.001461  |  LR: 1.00e-06  |  Time: 6.99s
  Epoch 8980/20000  |  Loss: 0.001625  |  LR: 1.00e-06  |  Time: 6.99s
  Epoch 8990/20000  |  Loss: 0.001527  |  LR: 1.00e-06  |  Time: 6.98s
  Epoch 9000/20000  |  Loss: 0.001648  |  LR: 1.00e-06  |  Time: 6.99s
  Epoch 9010/20000  |  Loss: 0.001590  |  LR: 1.00e-06  |  Time: 6.98s
  Epoch 9020/20000  |  Loss: 0.001526  |  LR: 1.00e-06  |  Time: 7.00s
  Epoch 9030/20000  |  Loss: 0.001581  |  LR: 1.00e-06  |  Time: 6.98s
  Epoch 9040/20000  |  Loss: 0.001565  |  LR: 1.00e-06  |  Time: 6.99s
  Epoch 9050/20000  |  Loss: 0.001622  |  LR: 1.00e-06  |  Time: 6.99s
  Epoch 9060/20000  |  Loss: 0.001608  |  LR: 1.00e-06  |  Time: 6.98s
  Epoch 9070/20000  |  Loss: 0.001531  |  LR: 1.00e-06  |  Time: 6.98s
  Epoch 9080/20000  |  Loss: 0.001642  |  LR: 1.00e-06  |  Time: 6.99s
  Epoch 9090/20000  |  Loss: 0.001566  |  LR: 1.00e-06  |  Time: 6.98s
  Epoch 9100/20000  |  Loss: 0.001635  |  LR: 1.00e-06  |  Time: 6.98s
  Epoch 9110/20000  |  Loss: 0.001657  |  LR: 1.00e-06  |  Time: 6.99s
  Epoch 9120/20000  |  Loss: 0.001572  |  LR: 1.00e-06  |  Time: 6.99s
  Epoch 9130/20000  |  Loss: 0.001693  |  LR: 1.00e-06  |  Time: 6.98s
  Epoch 9140/20000  |  Loss: 0.001667  |  LR: 1.00e-06  |  Time: 6.98s
  Epoch 9150/20000  |  Loss: 0.001499  |  LR: 1.00e-06  |  Time: 6.99s
  Epoch 9160/20000  |  Loss: 0.001815  |  LR: 1.00e-06  |  Time: 6.99s
  Epoch 9170/20000  |  Loss: 0.001561  |  LR: 1.00e-06  |  Time: 6.99s
  Epoch 9180/20000  |  Loss: 0.001548  |  LR: 1.00e-06  |  Time: 6.99s
  Epoch 9190/20000  |  Loss: 0.001667  |  LR: 1.00e-06  |  Time: 6.99s
  Epoch 9200/20000  |  Loss: 0.001563  |  LR: 1.00e-06  |  Time: 6.98s
  Epoch 9210/20000  |  Loss: 0.001509  |  LR: 1.00e-06  |  Time: 6.99s
  Epoch 9220/20000  |  Loss: 0.001502  |  LR: 1.00e-06  |  Time: 6.98s
  Epoch 9230/20000  |  Loss: 0.001736  |  LR: 1.00e-06  |  Time: 6.98s
  Epoch 9240/20000  |  Loss: 0.001552  |  LR: 1.00e-06  |  Time: 6.99s
  Epoch 9250/20000  |  Loss: 0.001785  |  LR: 1.00e-06  |  Time: 6.98s
  Epoch 9260/20000  |  Loss: 0.001603  |  LR: 1.00e-06  |  Time: 6.98s
  Epoch 9270/20000  |  Loss: 0.001632  |  LR: 1.00e-06  |  Time: 7.00s
  Epoch 9280/20000  |  Loss: 0.001579  |  LR: 1.00e-06  |  Time: 6.99s
  Epoch 9290/20000  |  Loss: 0.001647  |  LR: 1.00e-06  |  Time: 6.98s
  Epoch 9300/20000  |  Loss: 0.001520  |  LR: 1.00e-06  |  Time: 7.00s
  Epoch 9310/20000  |  Loss: 0.001491  |  LR: 1.00e-06  |  Time: 6.99s
  Epoch 9320/20000  |  Loss: 0.001596  |  LR: 1.00e-06  |  Time: 6.99s
  Epoch 9330/20000  |  Loss: 0.001527  |  LR: 1.00e-06  |  Time: 6.99s
  Epoch 9340/20000  |  Loss: 0.001622  |  LR: 1.00e-06  |  Time: 6.98s
  Epoch 9350/20000  |  Loss: 0.001532  |  LR: 1.00e-06  |  Time: 6.98s
  Epoch 9360/20000  |  Loss: 0.001419  |  LR: 1.00e-06  |  Time: 6.99s
  Epoch 9370/20000  |  Loss: 0.001555  |  LR: 1.00e-06  |  Time: 6.99s
  Epoch 9380/20000  |  Loss: 0.001624  |  LR: 1.00e-06  |  Time: 7.00s
  Epoch 9390/20000  |  Loss: 0.001656  |  LR: 1.00e-06  |  Time: 6.98s
  Epoch 9400/20000  |  Loss: 0.001558  |  LR: 1.00e-06  |  Time: 7.00s
  Epoch 9410/20000  |  Loss: 0.001453  |  LR: 1.00e-06  |  Time: 7.02s
  Epoch 9420/20000  |  Loss: 0.001536  |  LR: 1.00e-06  |  Time: 7.04s
  Epoch 9430/20000  |  Loss: 0.001613  |  LR: 1.00e-06  |  Time: 7.02s
  Epoch 9440/20000  |  Loss: 0.001747  |  LR: 1.00e-06  |  Time: 7.02s
  Epoch 9450/20000  |  Loss: 0.001680  |  LR: 1.00e-06  |  Time: 7.00s
  Epoch 9460/20000  |  Loss: 0.001637  |  LR: 1.00e-06  |  Time: 7.00s
  Epoch 9470/20000  |  Loss: 0.001681  |  LR: 1.00e-06  |  Time: 6.99s
  Epoch 9480/20000  |  Loss: 0.001601  |  LR: 1.00e-06  |  Time: 6.99s
  Epoch 9490/20000  |  Loss: 0.001491  |  LR: 1.00e-06  |  Time: 6.98s
  Epoch 9500/20000  |  Loss: 0.001561  |  LR: 1.00e-06  |  Time: 7.02s
  Epoch 9510/20000  |  Loss: 0.001544  |  LR: 1.00e-06  |  Time: 7.02s
  Epoch 9520/20000  |  Loss: 0.001538  |  LR: 1.00e-06  |  Time: 6.99s
  Epoch 9530/20000  |  Loss: 0.001548  |  LR: 1.00e-06  |  Time: 6.98s
  Epoch 9540/20000  |  Loss: 0.001561  |  LR: 1.00e-06  |  Time: 6.98s
  Epoch 9550/20000  |  Loss: 0.001543  |  LR: 1.00e-06  |  Time: 6.97s
  Epoch 9560/20000  |  Loss: 0.001499  |  LR: 1.00e-06  |  Time: 6.98s
  Epoch 9570/20000  |  Loss: 0.001579  |  LR: 1.00e-06  |  Time: 6.99s
  Epoch 9580/20000  |  Loss: 0.001557  |  LR: 1.00e-06  |  Time: 6.98s
  Epoch 9590/20000  |  Loss: 0.001735  |  LR: 1.00e-06  |  Time: 6.98s
  Epoch 9600/20000  |  Loss: 0.001659  |  LR: 1.00e-06  |  Time: 6.99s
  Epoch 9610/20000  |  Loss: 0.001461  |  LR: 1.00e-06  |  Time: 6.98s
  Epoch 9620/20000  |  Loss: 0.001613  |  LR: 1.00e-06  |  Time: 6.98s
  Epoch 9630/20000  |  Loss: 0.001531  |  LR: 1.00e-06  |  Time: 6.98s
  Epoch 9640/20000  |  Loss: 0.001561  |  LR: 1.00e-06  |  Time: 6.97s
  Epoch 9650/20000  |  Loss: 0.001553  |  LR: 1.00e-06  |  Time: 6.98s
  Epoch 9660/20000  |  Loss: 0.001538  |  LR: 1.00e-06  |  Time: 6.98s
  Epoch 9670/20000  |  Loss: 0.001586  |  LR: 1.00e-06  |  Time: 6.99s
  Epoch 9680/20000  |  Loss: 0.001591  |  LR: 1.00e-06  |  Time: 6.97s
  Epoch 9690/20000  |  Loss: 0.001647  |  LR: 1.00e-06  |  Time: 6.98s
  Epoch 9700/20000  |  Loss: 0.001468  |  LR: 1.00e-06  |  Time: 7.00s
  Epoch 9710/20000  |  Loss: 0.001577  |  LR: 1.00e-06  |  Time: 6.99s
  Epoch 9720/20000  |  Loss: 0.001545  |  LR: 1.00e-06  |  Time: 6.99s
  Epoch 9730/20000  |  Loss: 0.001588  |  LR: 1.00e-06  |  Time: 6.99s
  Epoch 9740/20000  |  Loss: 0.001498  |  LR: 1.00e-06  |  Time: 6.97s
  Epoch 9750/20000  |  Loss: 0.001436  |  LR: 1.00e-06  |  Time: 6.97s
  Epoch 9760/20000  |  Loss: 0.001715  |  LR: 1.00e-06  |  Time: 6.98s
  Epoch 9770/20000  |  Loss: 0.001742  |  LR: 1.00e-06  |  Time: 6.98s
  Epoch 9780/20000  |  Loss: 0.001535  |  LR: 1.00e-06  |  Time: 6.98s
  Epoch 9790/20000  |  Loss: 0.001471  |  LR: 1.00e-06  |  Time: 6.98s
  Epoch 9800/20000  |  Loss: 0.001516  |  LR: 1.00e-06  |  Time: 6.98s
  Epoch 9810/20000  |  Loss: 0.001713  |  LR: 1.00e-06  |  Time: 6.98s
  Epoch 9820/20000  |  Loss: 0.001545  |  LR: 1.00e-06  |  Time: 6.98s
  Epoch 9830/20000  |  Loss: 0.001601  |  LR: 1.00e-06  |  Time: 6.99s
  Epoch 9840/20000  |  Loss: 0.001659  |  LR: 1.00e-06  |  Time: 6.98s
  Epoch 9850/20000  |  Loss: 0.001515  |  LR: 1.00e-06  |  Time: 6.98s
  Epoch 9860/20000  |  Loss: 0.001654  |  LR: 1.00e-06  |  Time: 6.99s
  Epoch 9870/20000  |  Loss: 0.001577  |  LR: 1.00e-06  |  Time: 6.98s
  Epoch 9880/20000  |  Loss: 0.001600  |  LR: 1.00e-06  |  Time: 6.98s
  Epoch 9890/20000  |  Loss: 0.001583  |  LR: 1.00e-06  |  Time: 6.97s
  Epoch 9900/20000  |  Loss: 0.001539  |  LR: 1.00e-06  |  Time: 6.98s
  Epoch 9910/20000  |  Loss: 0.001685  |  LR: 1.00e-06  |  Time: 6.98s
  Epoch 9920/20000  |  Loss: 0.001597  |  LR: 1.00e-06  |  Time: 6.99s
  Epoch 9930/20000  |  Loss: 0.001511  |  LR: 1.00e-06  |  Time: 6.98s
  Epoch 9940/20000  |  Loss: 0.001538  |  LR: 1.00e-06  |  Time: 6.97s
  Epoch 9950/20000  |  Loss: 0.001702  |  LR: 1.00e-06  |  Time: 6.98s
  Epoch 9960/20000  |  Loss: 0.001577  |  LR: 1.00e-06  |  Time: 6.98s
  Epoch 9970/20000  |  Loss: 0.001595  |  LR: 1.00e-06  |  Time: 6.98s
  Epoch 9980/20000  |  Loss: 0.001672  |  LR: 1.00e-06  |  Time: 6.98s
  Epoch 9990/20000  |  Loss: 0.001561  |  LR: 1.00e-06  |  Time: 6.98s
  Epoch 10000/20000  |  Loss: 0.001570  |  LR: 1.00e-06  |  Time: 6.97s
  Epoch 10010/20000  |  Loss: 0.001434  |  LR: 1.00e-06  |  Time: 6.98s
  Epoch 10020/20000  |  Loss: 0.001444  |  LR: 1.00e-06  |  Time: 6.98s
  Epoch 10030/20000  |  Loss: 0.001510  |  LR: 1.00e-06  |  Time: 7.00s
  Epoch 10040/20000  |  Loss: 0.001584  |  LR: 1.00e-06  |  Time: 7.00s
  Epoch 10050/20000  |  Loss: 0.001549  |  LR: 1.00e-06  |  Time: 6.98s
  Epoch 10060/20000  |  Loss: 0.001598  |  LR: 1.00e-06  |  Time: 6.97s
  Epoch 10070/20000  |  Loss: 0.001618  |  LR: 1.00e-06  |  Time: 6.98s
  Epoch 10080/20000  |  Loss: 0.001463  |  LR: 1.00e-06  |  Time: 6.97s
  Epoch 10090/20000  |  Loss: 0.001571  |  LR: 1.00e-06  |  Time: 6.97s
  Epoch 10100/20000  |  Loss: 0.001524  |  LR: 1.00e-06  |  Time: 6.98s
  Epoch 10110/20000  |  Loss: 0.001589  |  LR: 1.00e-06  |  Time: 6.98s
  Epoch 10120/20000  |  Loss: 0.001490  |  LR: 1.00e-06  |  Time: 6.98s
  Epoch 10130/20000  |  Loss: 0.001703  |  LR: 1.00e-06  |  Time: 6.99s
  Epoch 10140/20000  |  Loss: 0.001554  |  LR: 1.00e-06  |  Time: 6.99s
  Epoch 10150/20000  |  Loss: 0.001491  |  LR: 1.00e-06  |  Time: 6.99s
  Epoch 10160/20000  |  Loss: 0.001538  |  LR: 1.00e-06  |  Time: 6.98s
  Epoch 10170/20000  |  Loss: 0.001430  |  LR: 1.00e-06  |  Time: 6.97s
  Epoch 10180/20000  |  Loss: 0.001638  |  LR: 1.00e-06  |  Time: 6.98s
  Epoch 10190/20000  |  Loss: 0.001514  |  LR: 1.00e-06  |  Time: 6.98s
  Epoch 10200/20000  |  Loss: 0.001680  |  LR: 1.00e-06  |  Time: 6.97s
  Epoch 10210/20000  |  Loss: 0.001659  |  LR: 1.00e-06  |  Time: 6.98s
  Epoch 10220/20000  |  Loss: 0.001605  |  LR: 1.00e-06  |  Time: 6.97s
  Epoch 10230/20000  |  Loss: 0.001479  |  LR: 1.00e-06  |  Time: 6.98s
  Epoch 10240/20000  |  Loss: 0.001669  |  LR: 1.00e-06  |  Time: 6.97s
  Epoch 10250/20000  |  Loss: 0.001538  |  LR: 1.00e-06  |  Time: 6.98s
  Epoch 10260/20000  |  Loss: 0.001512  |  LR: 1.00e-06  |  Time: 6.98s
  Epoch 10270/20000  |  Loss: 0.001439  |  LR: 1.00e-06  |  Time: 6.97s
  Epoch 10280/20000  |  Loss: 0.001689  |  LR: 1.00e-06  |  Time: 6.98s
  Epoch 10290/20000  |  Loss: 0.001573  |  LR: 1.00e-06  |  Time: 6.99s
  Epoch 10300/20000  |  Loss: 0.001637  |  LR: 1.00e-06  |  Time: 6.98s
  Epoch 10310/20000  |  Loss: 0.001502  |  LR: 1.00e-06  |  Time: 6.98s
  Epoch 10320/20000  |  Loss: 0.001628  |  LR: 1.00e-06  |  Time: 6.98s
  Epoch 10330/20000  |  Loss: 0.001627  |  LR: 1.00e-06  |  Time: 6.97s
  Epoch 10340/20000  |  Loss: 0.001470  |  LR: 1.00e-06  |  Time: 6.97s
  Epoch 10350/20000  |  Loss: 0.001582  |  LR: 1.00e-06  |  Time: 6.98s
  Epoch 10360/20000  |  Loss: 0.001659  |  LR: 1.00e-06  |  Time: 6.99s
  Epoch 10370/20000  |  Loss: 0.001518  |  LR: 1.00e-06  |  Time: 6.99s
  Epoch 10380/20000  |  Loss: 0.001617  |  LR: 1.00e-06  |  Time: 6.98s
  Epoch 10390/20000  |  Loss: 0.001627  |  LR: 1.00e-06  |  Time: 6.97s
  Epoch 10400/20000  |  Loss: 0.001439  |  LR: 1.00e-06  |  Time: 6.97s
  Epoch 10410/20000  |  Loss: 0.001463  |  LR: 1.00e-06  |  Time: 7.00s
  Epoch 10420/20000  |  Loss: 0.001753  |  LR: 1.00e-06  |  Time: 6.97s
  Epoch 10430/20000  |  Loss: 0.001615  |  LR: 1.00e-06  |  Time: 6.98s
  Epoch 10440/20000  |  Loss: 0.001489  |  LR: 1.00e-06  |  Time: 6.99s
  Epoch 10450/20000  |  Loss: 0.001443  |  LR: 1.00e-06  |  Time: 6.97s
  Epoch 10460/20000  |  Loss: 0.001429  |  LR: 1.00e-06  |  Time: 6.97s
  Epoch 10470/20000  |  Loss: 0.001511  |  LR: 1.00e-06  |  Time: 6.99s
  Epoch 10480/20000  |  Loss: 0.001740  |  LR: 1.00e-06  |  Time: 6.98s
  Epoch 10490/20000  |  Loss: 0.001462  |  LR: 1.00e-06  |  Time: 6.99s
  Epoch 10500/20000  |  Loss: 0.001560  |  LR: 1.00e-06  |  Time: 6.99s
  Epoch 10510/20000  |  Loss: 0.001554  |  LR: 1.00e-06  |  Time: 6.98s
  Epoch 10520/20000  |  Loss: 0.001588  |  LR: 1.00e-06  |  Time: 6.97s
  Epoch 10530/20000  |  Loss: 0.001689  |  LR: 1.00e-06  |  Time: 6.98s
  Epoch 10540/20000  |  Loss: 0.001532  |  LR: 1.00e-06  |  Time: 6.99s
  Epoch 10550/20000  |  Loss: 0.001726  |  LR: 1.00e-06  |  Time: 6.98s
  Epoch 10560/20000  |  Loss: 0.001638  |  LR: 1.00e-06  |  Time: 6.98s
  Epoch 10570/20000  |  Loss: 0.001616  |  LR: 1.00e-06  |  Time: 6.97s
  Epoch 10580/20000  |  Loss: 0.001654  |  LR: 1.00e-06  |  Time: 6.98s
  Epoch 10590/20000  |  Loss: 0.001546  |  LR: 1.00e-06  |  Time: 6.98s
  Epoch 10600/20000  |  Loss: 0.001564  |  LR: 1.00e-06  |  Time: 6.97s
  Epoch 10610/20000  |  Loss: 0.001602  |  LR: 1.00e-06  |  Time: 6.99s
  Epoch 10620/20000  |  Loss: 0.001470  |  LR: 1.00e-06  |  Time: 7.00s
  Epoch 10630/20000  |  Loss: 0.001349  |  LR: 1.00e-06  |  Time: 6.98s
  Epoch 10640/20000  |  Loss: 0.001587  |  LR: 1.00e-06  |  Time: 6.98s
  Epoch 10650/20000  |  Loss: 0.001529  |  LR: 1.00e-06  |  Time: 6.99s
  Epoch 10660/20000  |  Loss: 0.001629  |  LR: 1.00e-06  |  Time: 6.98s
  Epoch 10670/20000  |  Loss: 0.001581  |  LR: 1.00e-06  |  Time: 6.98s
  Epoch 10680/20000  |  Loss: 0.001619  |  LR: 1.00e-06  |  Time: 6.98s
  Epoch 10690/20000  |  Loss: 0.001444  |  LR: 1.00e-06  |  Time: 6.98s
  Epoch 10700/20000  |  Loss: 0.001517  |  LR: 1.00e-06  |  Time: 6.98s
  Epoch 10710/20000  |  Loss: 0.001633  |  LR: 1.00e-06  |  Time: 6.98s
  Epoch 10720/20000  |  Loss: 0.001637  |  LR: 1.00e-06  |  Time: 6.99s
  Epoch 10730/20000  |  Loss: 0.001621  |  LR: 1.00e-06  |  Time: 6.98s
  Epoch 10740/20000  |  Loss: 0.001615  |  LR: 1.00e-06  |  Time: 6.98s
  Epoch 10750/20000  |  Loss: 0.001494  |  LR: 1.00e-06  |  Time: 6.99s
  Epoch 10760/20000  |  Loss: 0.001442  |  LR: 1.00e-06  |  Time: 7.00s
  Epoch 10770/20000  |  Loss: 0.001602  |  LR: 1.00e-06  |  Time: 7.00s
  Epoch 10780/20000  |  Loss: 0.001441  |  LR: 1.00e-06  |  Time: 7.00s
  Epoch 10790/20000  |  Loss: 0.001560  |  LR: 1.00e-06  |  Time: 6.99s
  Epoch 10800/20000  |  Loss: 0.001530  |  LR: 1.00e-06  |  Time: 6.98s
  Epoch 10810/20000  |  Loss: 0.001549  |  LR: 1.00e-06  |  Time: 6.98s
  Epoch 10820/20000  |  Loss: 0.001578  |  LR: 1.00e-06  |  Time: 6.98s
  Epoch 10830/20000  |  Loss: 0.001595  |  LR: 1.00e-06  |  Time: 6.98s
  Epoch 10840/20000  |  Loss: 0.001564  |  LR: 1.00e-06  |  Time: 6.98s
  Epoch 10850/20000  |  Loss: 0.001457  |  LR: 1.00e-06  |  Time: 6.98s
  Epoch 10860/20000  |  Loss: 0.001481  |  LR: 1.00e-06  |  Time: 6.99s
  Epoch 10870/20000  |  Loss: 0.001732  |  LR: 1.00e-06  |  Time: 6.98s
  Epoch 10880/20000  |  Loss: 0.001599  |  LR: 1.00e-06  |  Time: 6.98s
  Epoch 10890/20000  |  Loss: 0.001505  |  LR: 1.00e-06  |  Time: 6.98s
  Epoch 10900/20000  |  Loss: 0.001504  |  LR: 1.00e-06  |  Time: 6.98s
  Epoch 10910/20000  |  Loss: 0.001521  |  LR: 1.00e-06  |  Time: 6.99s
  Epoch 10920/20000  |  Loss: 0.001739  |  LR: 1.00e-06  |  Time: 6.98s
  Epoch 10930/20000  |  Loss: 0.001540  |  LR: 1.00e-06  |  Time: 6.98s
  Epoch 10940/20000  |  Loss: 0.001582  |  LR: 1.00e-06  |  Time: 6.99s
  Epoch 10950/20000  |  Loss: 0.001688  |  LR: 1.00e-06  |  Time: 6.99s
  Epoch 10960/20000  |  Loss: 0.001484  |  LR: 1.00e-06  |  Time: 6.98s
  Epoch 10970/20000  |  Loss: 0.001463  |  LR: 1.00e-06  |  Time: 7.00s
  Epoch 10980/20000  |  Loss: 0.001578  |  LR: 1.00e-06  |  Time: 6.98s
  Epoch 10990/20000  |  Loss: 0.001549  |  LR: 1.00e-06  |  Time: 6.99s
  Epoch 11000/20000  |  Loss: 0.001477  |  LR: 1.00e-06  |  Time: 7.00s
  Epoch 11010/20000  |  Loss: 0.001675  |  LR: 1.00e-06  |  Time: 6.99s
  Epoch 11020/20000  |  Loss: 0.001552  |  LR: 1.00e-06  |  Time: 6.97s
  Epoch 11030/20000  |  Loss: 0.001508  |  LR: 1.00e-06  |  Time: 6.98s
  Epoch 11040/20000  |  Loss: 0.001406  |  LR: 1.00e-06  |  Time: 6.98s
  Epoch 11050/20000  |  Loss: 0.001548  |  LR: 1.00e-06  |  Time: 6.98s
  Epoch 11060/20000  |  Loss: 0.001657  |  LR: 1.00e-06  |  Time: 6.98s
  Epoch 11070/20000  |  Loss: 0.001625  |  LR: 1.00e-06  |  Time: 6.99s
  Epoch 11080/20000  |  Loss: 0.001591  |  LR: 1.00e-06  |  Time: 7.00s
  Epoch 11090/20000  |  Loss: 0.001646  |  LR: 1.00e-06  |  Time: 6.98s
  Epoch 11100/20000  |  Loss: 0.001688  |  LR: 1.00e-06  |  Time: 6.98s
  Epoch 11110/20000  |  Loss: 0.001428  |  LR: 1.00e-06  |  Time: 6.98s
  Epoch 11120/20000  |  Loss: 0.001473  |  LR: 1.00e-06  |  Time: 6.98s
  Epoch 11130/20000  |  Loss: 0.001422  |  LR: 1.00e-06  |  Time: 6.99s
  Epoch 11140/20000  |  Loss: 0.001478  |  LR: 1.00e-06  |  Time: 6.98s
  Epoch 11150/20000  |  Loss: 0.001496  |  LR: 1.00e-06  |  Time: 6.98s
  Epoch 11160/20000  |  Loss: 0.001560  |  LR: 1.00e-06  |  Time: 6.99s
  Epoch 11170/20000  |  Loss: 0.001564  |  LR: 1.00e-06  |  Time: 6.97s
  Epoch 11180/20000  |  Loss: 0.001428  |  LR: 1.00e-06  |  Time: 6.98s
  Epoch 11190/20000  |  Loss: 0.001490  |  LR: 1.00e-06  |  Time: 6.98s
  Epoch 11200/20000  |  Loss: 0.001325  |  LR: 1.00e-06  |  Time: 6.98s
  Epoch 11210/20000  |  Loss: 0.001539  |  LR: 1.00e-06  |  Time: 6.97s
  Epoch 11220/20000  |  Loss: 0.001445  |  LR: 1.00e-06  |  Time: 6.98s
  Epoch 11230/20000  |  Loss: 0.001581  |  LR: 1.00e-06  |  Time: 6.98s
  Epoch 11240/20000  |  Loss: 0.001435  |  LR: 1.00e-06  |  Time: 6.99s
  Epoch 11250/20000  |  Loss: 0.001495  |  LR: 1.00e-06  |  Time: 6.98s
  Epoch 11260/20000  |  Loss: 0.001477  |  LR: 1.00e-06  |  Time: 6.98s
  Epoch 11270/20000  |  Loss: 0.001493  |  LR: 1.00e-06  |  Time: 6.98s
  Epoch 11280/20000  |  Loss: 0.001562  |  LR: 1.00e-06  |  Time: 6.98s
  Epoch 11290/20000  |  Loss: 0.001540  |  LR: 1.00e-06  |  Time: 6.98s
  Epoch 11300/20000  |  Loss: 0.001329  |  LR: 1.00e-06  |  Time: 6.97s
  Epoch 11310/20000  |  Loss: 0.001544  |  LR: 1.00e-06  |  Time: 7.00s
  Epoch 11320/20000  |  Loss: 0.001544  |  LR: 1.00e-06  |  Time: 6.97s
  Epoch 11330/20000  |  Loss: 0.001631  |  LR: 1.00e-06  |  Time: 6.97s
  Epoch 11340/20000  |  Loss: 0.001423  |  LR: 1.00e-06  |  Time: 6.98s
  Epoch 11350/20000  |  Loss: 0.001497  |  LR: 1.00e-06  |  Time: 6.97s
  Epoch 11360/20000  |  Loss: 0.001463  |  LR: 1.00e-06  |  Time: 6.97s
  Epoch 11370/20000  |  Loss: 0.001491  |  LR: 1.00e-06  |  Time: 6.98s
  Epoch 11380/20000  |  Loss: 0.001598  |  LR: 1.00e-06  |  Time: 6.98s
  Epoch 11390/20000  |  Loss: 0.001440  |  LR: 1.00e-06  |  Time: 6.98s
  Epoch 11400/20000  |  Loss: 0.001609  |  LR: 1.00e-06  |  Time: 6.98s
  Epoch 11410/20000  |  Loss: 0.001384  |  LR: 1.00e-06  |  Time: 6.99s
  Epoch 11420/20000  |  Loss: 0.001469  |  LR: 1.00e-06  |  Time: 6.98s
  Epoch 11430/20000  |  Loss: 0.001425  |  LR: 1.00e-06  |  Time: 6.98s
  Epoch 11440/20000  |  Loss: 0.001509  |  LR: 1.00e-06  |  Time: 6.97s
  Epoch 11450/20000  |  Loss: 0.001666  |  LR: 1.00e-06  |  Time: 7.00s
  Epoch 11460/20000  |  Loss: 0.001535  |  LR: 1.00e-06  |  Time: 6.98s
  Epoch 11470/20000  |  Loss: 0.001600  |  LR: 1.00e-06  |  Time: 6.98s
  Epoch 11480/20000  |  Loss: 0.001506  |  LR: 1.00e-06  |  Time: 6.98s
  Epoch 11490/20000  |  Loss: 0.001457  |  LR: 1.00e-06  |  Time: 6.97s
  Epoch 11500/20000  |  Loss: 0.001528  |  LR: 1.00e-06  |  Time: 6.97s
  Epoch 11510/20000  |  Loss: 0.001456  |  LR: 1.00e-06  |  Time: 6.98s
  Epoch 11520/20000  |  Loss: 0.001386  |  LR: 1.00e-06  |  Time: 6.98s
  Epoch 11530/20000  |  Loss: 0.001620  |  LR: 1.00e-06  |  Time: 6.98s
  Epoch 11540/20000  |  Loss: 0.001441  |  LR: 1.00e-06  |  Time: 6.98s
  Epoch 11550/20000  |  Loss: 0.001537  |  LR: 1.00e-06  |  Time: 6.97s
  Epoch 11560/20000  |  Loss: 0.001663  |  LR: 1.00e-06  |  Time: 6.97s
  Epoch 11570/20000  |  Loss: 0.001414  |  LR: 1.00e-06  |  Time: 6.99s
  Epoch 11580/20000  |  Loss: 0.001269  |  LR: 1.00e-06  |  Time: 6.98s
  Epoch 11590/20000  |  Loss: 0.001510  |  LR: 1.00e-06  |  Time: 6.99s
  Epoch 11600/20000  |  Loss: 0.001464  |  LR: 1.00e-06  |  Time: 6.98s
  Epoch 11610/20000  |  Loss: 0.001664  |  LR: 1.00e-06  |  Time: 6.99s
  Epoch 11620/20000  |  Loss: 0.001541  |  LR: 1.00e-06  |  Time: 6.98s
  Epoch 11630/20000  |  Loss: 0.001412  |  LR: 1.00e-06  |  Time: 6.97s
  Epoch 11640/20000  |  Loss: 0.001641  |  LR: 1.00e-06  |  Time: 6.99s
  Epoch 11650/20000  |  Loss: 0.001438  |  LR: 1.00e-06  |  Time: 6.99s
  Epoch 11660/20000  |  Loss: 0.001506  |  LR: 1.00e-06  |  Time: 6.99s
  Epoch 11670/20000  |  Loss: 0.001421  |  LR: 1.00e-06  |  Time: 6.98s
  Epoch 11680/20000  |  Loss: 0.001593  |  LR: 1.00e-06  |  Time: 6.99s
  Epoch 11690/20000  |  Loss: 0.001695  |  LR: 1.00e-06  |  Time: 6.98s
  Epoch 11700/20000  |  Loss: 0.001548  |  LR: 1.00e-06  |  Time: 6.99s
  Epoch 11710/20000  |  Loss: 0.001613  |  LR: 1.00e-06  |  Time: 6.98s
  Epoch 11720/20000  |  Loss: 0.001468  |  LR: 1.00e-06  |  Time: 6.98s
  Epoch 11730/20000  |  Loss: 0.001493  |  LR: 1.00e-06  |  Time: 6.98s
  Epoch 11740/20000  |  Loss: 0.001477  |  LR: 1.00e-06  |  Time: 6.98s
  Epoch 11750/20000  |  Loss: 0.001602  |  LR: 1.00e-06  |  Time: 7.00s
  Epoch 11760/20000  |  Loss: 0.001447  |  LR: 1.00e-06  |  Time: 6.98s
  Epoch 11770/20000  |  Loss: 0.001439  |  LR: 1.00e-06  |  Time: 6.99s
  Epoch 11780/20000  |  Loss: 0.001501  |  LR: 1.00e-06  |  Time: 6.98s
  Epoch 11790/20000  |  Loss: 0.001655  |  LR: 1.00e-06  |  Time: 6.99s
  Epoch 11800/20000  |  Loss: 0.001563  |  LR: 1.00e-06  |  Time: 6.98s
  Epoch 11810/20000  |  Loss: 0.001401  |  LR: 1.00e-06  |  Time: 6.99s
  Epoch 11820/20000  |  Loss: 0.001425  |  LR: 1.00e-06  |  Time: 6.98s
  Epoch 11830/20000  |  Loss: 0.001470  |  LR: 1.00e-06  |  Time: 6.99s
  Epoch 11840/20000  |  Loss: 0.001610  |  LR: 1.00e-06  |  Time: 6.98s
  Epoch 11850/20000  |  Loss: 0.001359  |  LR: 1.00e-06  |  Time: 6.98s
  Epoch 11860/20000  |  Loss: 0.001485  |  LR: 1.00e-06  |  Time: 7.00s
  Epoch 11870/20000  |  Loss: 0.001504  |  LR: 1.00e-06  |  Time: 7.01s
  Epoch 11880/20000  |  Loss: 0.001454  |  LR: 1.00e-06  |  Time: 6.98s
  Epoch 11890/20000  |  Loss: 0.001560  |  LR: 1.00e-06  |  Time: 7.00s
  Epoch 11900/20000  |  Loss: 0.001469  |  LR: 1.00e-06  |  Time: 6.99s
  Epoch 11910/20000  |  Loss: 0.001610  |  LR: 1.00e-06  |  Time: 6.99s
  Epoch 11920/20000  |  Loss: 0.001655  |  LR: 1.00e-06  |  Time: 7.00s
  Epoch 11930/20000  |  Loss: 0.001454  |  LR: 1.00e-06  |  Time: 6.98s
  Epoch 11940/20000  |  Loss: 0.001436  |  LR: 1.00e-06  |  Time: 6.99s
  Epoch 11950/20000  |  Loss: 0.001596  |  LR: 1.00e-06  |  Time: 7.00s
  Epoch 11960/20000  |  Loss: 0.001499  |  LR: 1.00e-06  |  Time: 6.99s
  Epoch 11970/20000  |  Loss: 0.001619  |  LR: 1.00e-06  |  Time: 6.98s
  Epoch 11980/20000  |  Loss: 0.001673  |  LR: 1.00e-06  |  Time: 6.99s
  Epoch 11990/20000  |  Loss: 0.001506  |  LR: 1.00e-06  |  Time: 6.98s
  Epoch 12000/20000  |  Loss: 0.001491  |  LR: 1.00e-06  |  Time: 6.98s
  Epoch 12010/20000  |  Loss: 0.001481  |  LR: 1.00e-06  |  Time: 6.97s
  Epoch 12020/20000  |  Loss: 0.001374  |  LR: 1.00e-06  |  Time: 6.97s
  Epoch 12030/20000  |  Loss: 0.001702  |  LR: 1.00e-06  |  Time: 6.98s
  Epoch 12040/20000  |  Loss: 0.001420  |  LR: 1.00e-06  |  Time: 6.97s
  Epoch 12050/20000  |  Loss: 0.001536  |  LR: 1.00e-06  |  Time: 6.99s
  Epoch 12060/20000  |  Loss: 0.001483  |  LR: 1.00e-06  |  Time: 6.99s
  Epoch 12070/20000  |  Loss: 0.001664  |  LR: 1.00e-06  |  Time: 6.98s
  Epoch 12080/20000  |  Loss: 0.001522  |  LR: 1.00e-06  |  Time: 6.99s
  Epoch 12090/20000  |  Loss: 0.001565  |  LR: 1.00e-06  |  Time: 6.98s
  Epoch 12100/20000  |  Loss: 0.001437  |  LR: 1.00e-06  |  Time: 7.03s
  Epoch 12110/20000  |  Loss: 0.001565  |  LR: 1.00e-06  |  Time: 7.03s
  Epoch 12120/20000  |  Loss: 0.001522  |  LR: 1.00e-06  |  Time: 6.98s
  Epoch 12130/20000  |  Loss: 0.001530  |  LR: 1.00e-06  |  Time: 6.98s
  Epoch 12140/20000  |  Loss: 0.001546  |  LR: 1.00e-06  |  Time: 6.99s
  Epoch 12150/20000  |  Loss: 0.001640  |  LR: 1.00e-06  |  Time: 6.99s
  Epoch 12160/20000  |  Loss: 0.001641  |  LR: 1.00e-06  |  Time: 6.98s
  Epoch 12170/20000  |  Loss: 0.001585  |  LR: 1.00e-06  |  Time: 6.99s
  Epoch 12180/20000  |  Loss: 0.001465  |  LR: 1.00e-06  |  Time: 6.98s
  Epoch 12190/20000  |  Loss: 0.001398  |  LR: 1.00e-06  |  Time: 6.98s
  Epoch 12200/20000  |  Loss: 0.001541  |  LR: 1.00e-06  |  Time: 6.98s
  Epoch 12210/20000  |  Loss: 0.001453  |  LR: 1.00e-06  |  Time: 6.99s
  Epoch 12220/20000  |  Loss: 0.001536  |  LR: 1.00e-06  |  Time: 6.99s
  Epoch 12230/20000  |  Loss: 0.001325  |  LR: 1.00e-06  |  Time: 6.98s
  Epoch 12240/20000  |  Loss: 0.001525  |  LR: 1.00e-06  |  Time: 6.99s
  Epoch 12250/20000  |  Loss: 0.001570  |  LR: 1.00e-06  |  Time: 7.00s
  Epoch 12260/20000  |  Loss: 0.001514  |  LR: 1.00e-06  |  Time: 7.00s
  Epoch 12270/20000  |  Loss: 0.001472  |  LR: 1.00e-06  |  Time: 6.98s
  Epoch 12280/20000  |  Loss: 0.001591  |  LR: 1.00e-06  |  Time: 6.99s
  Epoch 12290/20000  |  Loss: 0.001535  |  LR: 1.00e-06  |  Time: 6.99s
  Epoch 12300/20000  |  Loss: 0.001606  |  LR: 1.00e-06  |  Time: 6.98s
  Epoch 12310/20000  |  Loss: 0.001584  |  LR: 1.00e-06  |  Time: 6.98s
  Epoch 12320/20000  |  Loss: 0.001486  |  LR: 1.00e-06  |  Time: 6.99s
  Epoch 12330/20000  |  Loss: 0.001582  |  LR: 1.00e-06  |  Time: 7.00s
  Epoch 12340/20000  |  Loss: 0.001534  |  LR: 1.00e-06  |  Time: 6.98s
  Epoch 12350/20000  |  Loss: 0.001384  |  LR: 1.00e-06  |  Time: 7.00s
  Epoch 12360/20000  |  Loss: 0.001464  |  LR: 1.00e-06  |  Time: 6.99s
  Epoch 12370/20000  |  Loss: 0.001520  |  LR: 1.00e-06  |  Time: 6.97s
  Epoch 12380/20000  |  Loss: 0.001389  |  LR: 1.00e-06  |  Time: 6.98s
  Epoch 12390/20000  |  Loss: 0.001482  |  LR: 1.00e-06  |  Time: 6.98s
  Epoch 12400/20000  |  Loss: 0.001499  |  LR: 1.00e-06  |  Time: 6.98s
  Epoch 12410/20000  |  Loss: 0.001405  |  LR: 1.00e-06  |  Time: 6.99s
  Epoch 12420/20000  |  Loss: 0.001516  |  LR: 1.00e-06  |  Time: 6.98s
  Epoch 12430/20000  |  Loss: 0.001360  |  LR: 1.00e-06  |  Time: 6.98s
  Epoch 12440/20000  |  Loss: 0.001497  |  LR: 1.00e-06  |  Time: 6.98s
  Epoch 12450/20000  |  Loss: 0.001579  |  LR: 1.00e-06  |  Time: 6.98s
  Epoch 12460/20000  |  Loss: 0.001544  |  LR: 1.00e-06  |  Time: 6.98s
  Epoch 12470/20000  |  Loss: 0.001584  |  LR: 1.00e-06  |  Time: 6.99s
  Epoch 12480/20000  |  Loss: 0.001457  |  LR: 1.00e-06  |  Time: 6.99s
  Epoch 12490/20000  |  Loss: 0.001471  |  LR: 1.00e-06  |  Time: 6.99s
  Epoch 12500/20000  |  Loss: 0.001492  |  LR: 1.00e-06  |  Time: 6.98s
  Epoch 12510/20000  |  Loss: 0.001456  |  LR: 1.00e-06  |  Time: 6.99s
  Epoch 12520/20000  |  Loss: 0.001555  |  LR: 1.00e-06  |  Time: 6.98s
  Epoch 12530/20000  |  Loss: 0.001530  |  LR: 1.00e-06  |  Time: 6.98s
  Epoch 12540/20000  |  Loss: 0.001470  |  LR: 1.00e-06  |  Time: 6.99s
  Epoch 12550/20000  |  Loss: 0.001517  |  LR: 1.00e-06  |  Time: 6.98s
  Epoch 12560/20000  |  Loss: 0.001420  |  LR: 1.00e-06  |  Time: 6.98s
  Epoch 12570/20000  |  Loss: 0.001458  |  LR: 1.00e-06  |  Time: 6.98s
  Epoch 12580/20000  |  Loss: 0.001390  |  LR: 1.00e-06  |  Time: 6.99s
  Epoch 12590/20000  |  Loss: 0.001431  |  LR: 1.00e-06  |  Time: 6.97s
  Epoch 12600/20000  |  Loss: 0.001389  |  LR: 1.00e-06  |  Time: 6.99s
  Epoch 12610/20000  |  Loss: 0.001570  |  LR: 1.00e-06  |  Time: 6.98s
  Epoch 12620/20000  |  Loss: 0.001460  |  LR: 1.00e-06  |  Time: 6.99s
  Epoch 12630/20000  |  Loss: 0.001508  |  LR: 1.00e-06  |  Time: 6.99s
  Epoch 12640/20000  |  Loss: 0.001536  |  LR: 1.00e-06  |  Time: 6.98s
  Epoch 12650/20000  |  Loss: 0.001606  |  LR: 1.00e-06  |  Time: 6.97s
  Epoch 12660/20000  |  Loss: 0.001464  |  LR: 1.00e-06  |  Time: 6.98s
  Epoch 12670/20000  |  Loss: 0.001669  |  LR: 1.00e-06  |  Time: 6.98s
  Epoch 12680/20000  |  Loss: 0.001405  |  LR: 1.00e-06  |  Time: 7.00s
  Epoch 12690/20000  |  Loss: 0.001486  |  LR: 1.00e-06  |  Time: 6.98s
  Epoch 12700/20000  |  Loss: 0.001428  |  LR: 1.00e-06  |  Time: 6.99s
  Epoch 12710/20000  |  Loss: 0.001410  |  LR: 1.00e-06  |  Time: 7.00s
  Epoch 12720/20000  |  Loss: 0.001474  |  LR: 1.00e-06  |  Time: 6.99s
  Epoch 12730/20000  |  Loss: 0.001394  |  LR: 1.00e-06  |  Time: 6.99s
  Epoch 12740/20000  |  Loss: 0.001617  |  LR: 1.00e-06  |  Time: 6.98s
  Epoch 12750/20000  |  Loss: 0.001649  |  LR: 1.00e-06  |  Time: 6.98s
  Epoch 12760/20000  |  Loss: 0.001540  |  LR: 1.00e-06  |  Time: 6.98s
  Epoch 12770/20000  |  Loss: 0.001493  |  LR: 1.00e-06  |  Time: 6.98s
  Epoch 12780/20000  |  Loss: 0.001454  |  LR: 1.00e-06  |  Time: 6.97s
  Epoch 12790/20000  |  Loss: 0.001552  |  LR: 1.00e-06  |  Time: 6.98s
  Epoch 12800/20000  |  Loss: 0.001588  |  LR: 1.00e-06  |  Time: 6.98s
  Epoch 12810/20000  |  Loss: 0.001525  |  LR: 1.00e-06  |  Time: 6.98s
  Epoch 12820/20000  |  Loss: 0.001428  |  LR: 1.00e-06  |  Time: 6.99s
  Epoch 12830/20000  |  Loss: 0.001390  |  LR: 1.00e-06  |  Time: 6.98s
  Epoch 12840/20000  |  Loss: 0.001491  |  LR: 1.00e-06  |  Time: 6.97s
  Epoch 12850/20000  |  Loss: 0.001382  |  LR: 1.00e-06  |  Time: 6.98s
  Epoch 12860/20000  |  Loss: 0.001458  |  LR: 1.00e-06  |  Time: 6.99s
  Epoch 12870/20000  |  Loss: 0.001556  |  LR: 1.00e-06  |  Time: 6.98s
  Epoch 12880/20000  |  Loss: 0.001538  |  LR: 1.00e-06  |  Time: 6.98s
  Epoch 12890/20000  |  Loss: 0.001361  |  LR: 1.00e-06  |  Time: 6.99s
  Epoch 12900/20000  |  Loss: 0.001457  |  LR: 1.00e-06  |  Time: 6.98s
  Epoch 12910/20000  |  Loss: 0.001451  |  LR: 1.00e-06  |  Time: 6.98s
  Epoch 12920/20000  |  Loss: 0.001452  |  LR: 1.00e-06  |  Time: 6.99s
  Epoch 12930/20000  |  Loss: 0.001550  |  LR: 1.00e-06  |  Time: 7.00s
  Epoch 12940/20000  |  Loss: 0.001559  |  LR: 1.00e-06  |  Time: 6.98s
  Epoch 12950/20000  |  Loss: 0.001416  |  LR: 1.00e-06  |  Time: 7.00s
  Epoch 12960/20000  |  Loss: 0.001663  |  LR: 1.00e-06  |  Time: 6.98s
  Epoch 12970/20000  |  Loss: 0.001394  |  LR: 1.00e-06  |  Time: 6.99s
  Epoch 12980/20000  |  Loss: 0.001548  |  LR: 1.00e-06  |  Time: 6.97s
  Epoch 12990/20000  |  Loss: 0.001418  |  LR: 1.00e-06  |  Time: 6.98s
  Epoch 13000/20000  |  Loss: 0.001488  |  LR: 1.00e-06  |  Time: 7.00s
  Epoch 13010/20000  |  Loss: 0.001435  |  LR: 1.00e-06  |  Time: 6.98s
  Epoch 13020/20000  |  Loss: 0.001446  |  LR: 1.00e-06  |  Time: 6.98s
  Epoch 13030/20000  |  Loss: 0.001423  |  LR: 1.00e-06  |  Time: 6.99s
  Epoch 13040/20000  |  Loss: 0.001524  |  LR: 1.00e-06  |  Time: 6.99s
  Epoch 13050/20000  |  Loss: 0.001289  |  LR: 1.00e-06  |  Time: 6.99s
  Epoch 13060/20000  |  Loss: 0.001546  |  LR: 1.00e-06  |  Time: 6.99s
  Epoch 13070/20000  |  Loss: 0.001443  |  LR: 1.00e-06  |  Time: 6.98s
  Epoch 13080/20000  |  Loss: 0.001453  |  LR: 1.00e-06  |  Time: 6.98s
  Epoch 13090/20000  |  Loss: 0.001414  |  LR: 1.00e-06  |  Time: 6.98s
  Epoch 13100/20000  |  Loss: 0.001534  |  LR: 1.00e-06  |  Time: 6.99s
  Epoch 13110/20000  |  Loss: 0.001451  |  LR: 1.00e-06  |  Time: 6.99s
  Epoch 13120/20000  |  Loss: 0.001387  |  LR: 1.00e-06  |  Time: 6.98s
  Epoch 13130/20000  |  Loss: 0.001293  |  LR: 1.00e-06  |  Time: 7.00s
  Epoch 13140/20000  |  Loss: 0.001411  |  LR: 1.00e-06  |  Time: 6.98s
  Epoch 13150/20000  |  Loss: 0.001487  |  LR: 1.00e-06  |  Time: 6.98s
  Epoch 13160/20000  |  Loss: 0.001469  |  LR: 1.00e-06  |  Time: 6.98s
  Epoch 13170/20000  |  Loss: 0.001422  |  LR: 1.00e-06  |  Time: 6.97s
  Epoch 13180/20000  |  Loss: 0.001542  |  LR: 1.00e-06  |  Time: 6.99s
  Epoch 13190/20000  |  Loss: 0.001583  |  LR: 1.00e-06  |  Time: 6.98s
  Epoch 13200/20000  |  Loss: 0.001326  |  LR: 1.00e-06  |  Time: 6.99s
  Epoch 13210/20000  |  Loss: 0.001551  |  LR: 1.00e-06  |  Time: 6.98s
  Epoch 13220/20000  |  Loss: 0.001458  |  LR: 1.00e-06  |  Time: 6.98s
  Epoch 13230/20000  |  Loss: 0.001424  |  LR: 1.00e-06  |  Time: 6.98s
  Epoch 13240/20000  |  Loss: 0.001511  |  LR: 1.00e-06  |  Time: 6.99s
  Epoch 13250/20000  |  Loss: 0.001398  |  LR: 1.00e-06  |  Time: 6.98s
  Epoch 13260/20000  |  Loss: 0.001495  |  LR: 1.00e-06  |  Time: 7.00s
  Epoch 13270/20000  |  Loss: 0.001502  |  LR: 1.00e-06  |  Time: 6.98s
  Epoch 13280/20000  |  Loss: 0.001448  |  LR: 1.00e-06  |  Time: 6.98s
  Epoch 13290/20000  |  Loss: 0.001383  |  LR: 1.00e-06  |  Time: 6.98s
  Epoch 13300/20000  |  Loss: 0.001334  |  LR: 1.00e-06  |  Time: 6.98s
  Epoch 13310/20000  |  Loss: 0.001449  |  LR: 1.00e-06  |  Time: 6.99s
  Epoch 13320/20000  |  Loss: 0.001520  |  LR: 1.00e-06  |  Time: 6.98s
  Epoch 13330/20000  |  Loss: 0.001310  |  LR: 1.00e-06  |  Time: 6.98s
  Epoch 13340/20000  |  Loss: 0.001385  |  LR: 1.00e-06  |  Time: 6.98s
  Epoch 13350/20000  |  Loss: 0.001331  |  LR: 1.00e-06  |  Time: 6.98s
  Epoch 13360/20000  |  Loss: 0.001503  |  LR: 1.00e-06  |  Time: 7.00s
  Epoch 13370/20000  |  Loss: 0.001496  |  LR: 1.00e-06  |  Time: 6.98s
  Epoch 13380/20000  |  Loss: 0.001480  |  LR: 1.00e-06  |  Time: 6.98s
  Epoch 13390/20000  |  Loss: 0.001490  |  LR: 1.00e-06  |  Time: 6.99s
  Epoch 13400/20000  |  Loss: 0.001548  |  LR: 1.00e-06  |  Time: 6.98s
  Epoch 13410/20000  |  Loss: 0.001433  |  LR: 1.00e-06  |  Time: 6.98s
  Epoch 13420/20000  |  Loss: 0.001452  |  LR: 1.00e-06  |  Time: 6.98s
  Epoch 13430/20000  |  Loss: 0.001440  |  LR: 1.00e-06  |  Time: 6.98s
  Epoch 13440/20000  |  Loss: 0.001460  |  LR: 1.00e-06  |  Time: 6.98s
  Epoch 13450/20000  |  Loss: 0.001437  |  LR: 1.00e-06  |  Time: 6.97s
  Epoch 13460/20000  |  Loss: 0.001384  |  LR: 1.00e-06  |  Time: 6.98s
  Epoch 13470/20000  |  Loss: 0.001581  |  LR: 1.00e-06  |  Time: 7.00s
  Epoch 13480/20000  |  Loss: 0.001382  |  LR: 1.00e-06  |  Time: 6.98s
  Epoch 13490/20000  |  Loss: 0.001458  |  LR: 1.00e-06  |  Time: 6.98s
  Epoch 13500/20000  |  Loss: 0.001429  |  LR: 1.00e-06  |  Time: 6.98s
  Epoch 13510/20000  |  Loss: 0.001467  |  LR: 1.00e-06  |  Time: 6.98s
  Epoch 13520/20000  |  Loss: 0.001513  |  LR: 1.00e-06  |  Time: 7.02s
  Epoch 13530/20000  |  Loss: 0.001489  |  LR: 1.00e-06  |  Time: 6.98s
  Epoch 13540/20000  |  Loss: 0.001419  |  LR: 1.00e-06  |  Time: 6.98s
  Epoch 13550/20000  |  Loss: 0.001469  |  LR: 1.00e-06  |  Time: 6.98s
  Epoch 13560/20000  |  Loss: 0.001402  |  LR: 1.00e-06  |  Time: 6.98s
  Epoch 13570/20000  |  Loss: 0.001385  |  LR: 1.00e-06  |  Time: 6.98s
  Epoch 13580/20000  |  Loss: 0.001413  |  LR: 1.00e-06  |  Time: 6.99s
  Epoch 13590/20000  |  Loss: 0.001498  |  LR: 1.00e-06  |  Time: 7.00s
  Epoch 13600/20000  |  Loss: 0.001565  |  LR: 1.00e-06  |  Time: 6.99s
  Epoch 13610/20000  |  Loss: 0.001350  |  LR: 1.00e-06  |  Time: 6.99s
  Epoch 13620/20000  |  Loss: 0.001505  |  LR: 1.00e-06  |  Time: 6.99s
  Epoch 13630/20000  |  Loss: 0.001426  |  LR: 1.00e-06  |  Time: 6.98s
  Epoch 13640/20000  |  Loss: 0.001545  |  LR: 1.00e-06  |  Time: 6.98s
  Epoch 13650/20000  |  Loss: 0.001339  |  LR: 1.00e-06  |  Time: 6.99s
  Epoch 13660/20000  |  Loss: 0.001421  |  LR: 1.00e-06  |  Time: 6.99s
  Epoch 13670/20000  |  Loss: 0.001409  |  LR: 1.00e-06  |  Time: 6.96s
  Epoch 13680/20000  |  Loss: 0.001599  |  LR: 1.00e-06  |  Time: 6.98s
  Epoch 13690/20000  |  Loss: 0.001455  |  LR: 1.00e-06  |  Time: 6.97s
  Epoch 13700/20000  |  Loss: 0.001525  |  LR: 1.00e-06  |  Time: 6.98s
  Epoch 13710/20000  |  Loss: 0.001374  |  LR: 1.00e-06  |  Time: 6.97s
  Epoch 13720/20000  |  Loss: 0.001422  |  LR: 1.00e-06  |  Time: 6.99s
  Epoch 13730/20000  |  Loss: 0.001482  |  LR: 1.00e-06  |  Time: 6.98s
  Epoch 13740/20000  |  Loss: 0.001471  |  LR: 1.00e-06  |  Time: 6.99s
  Epoch 13750/20000  |  Loss: 0.001377  |  LR: 1.00e-06  |  Time: 6.98s
  Epoch 13760/20000  |  Loss: 0.001361  |  LR: 1.00e-06  |  Time: 6.98s
  Epoch 13770/20000  |  Loss: 0.001428  |  LR: 1.00e-06  |  Time: 7.00s
  Epoch 13780/20000  |  Loss: 0.001568  |  LR: 1.00e-06  |  Time: 6.98s
  Epoch 13790/20000  |  Loss: 0.001384  |  LR: 1.00e-06  |  Time: 6.98s
  Epoch 13800/20000  |  Loss: 0.001449  |  LR: 1.00e-06  |  Time: 7.00s
  Epoch 13810/20000  |  Loss: 0.001399  |  LR: 1.00e-06  |  Time: 6.98s
  Epoch 13820/20000  |  Loss: 0.001482  |  LR: 1.00e-06  |  Time: 7.00s
  Epoch 13830/20000  |  Loss: 0.001346  |  LR: 1.00e-06  |  Time: 6.99s
  Epoch 13840/20000  |  Loss: 0.001452  |  LR: 1.00e-06  |  Time: 6.99s
  Epoch 13850/20000  |  Loss: 0.001482  |  LR: 1.00e-06  |  Time: 6.98s
  Epoch 13860/20000  |  Loss: 0.001583  |  LR: 1.00e-06  |  Time: 6.99s
  Epoch 13870/20000  |  Loss: 0.001475  |  LR: 1.00e-06  |  Time: 7.00s
  Epoch 13880/20000  |  Loss: 0.001538  |  LR: 1.00e-06  |  Time: 6.98s
  Epoch 13890/20000  |  Loss: 0.001361  |  LR: 1.00e-06  |  Time: 6.98s
  Epoch 13900/20000  |  Loss: 0.001399  |  LR: 1.00e-06  |  Time: 6.99s
  Epoch 13910/20000  |  Loss: 0.001432  |  LR: 1.00e-06  |  Time: 7.00s
  Epoch 13920/20000  |  Loss: 0.001439  |  LR: 1.00e-06  |  Time: 6.99s
  Epoch 13930/20000  |  Loss: 0.001291  |  LR: 1.00e-06  |  Time: 6.99s
  Epoch 13940/20000  |  Loss: 0.001538  |  LR: 1.00e-06  |  Time: 6.98s
  Epoch 13950/20000  |  Loss: 0.001341  |  LR: 1.00e-06  |  Time: 6.98s
  Epoch 13960/20000  |  Loss: 0.001429  |  LR: 1.00e-06  |  Time: 6.98s
  Epoch 13970/20000  |  Loss: 0.001444  |  LR: 1.00e-06  |  Time: 6.97s
  Epoch 13980/20000  |  Loss: 0.001519  |  LR: 1.00e-06  |  Time: 6.98s
  Epoch 13990/20000  |  Loss: 0.001598  |  LR: 1.00e-06  |  Time: 6.98s
  Epoch 14000/20000  |  Loss: 0.001438  |  LR: 1.00e-06  |  Time: 6.98s
  Epoch 14010/20000  |  Loss: 0.001515  |  LR: 1.00e-06  |  Time: 6.98s
  Epoch 14020/20000  |  Loss: 0.001450  |  LR: 1.00e-06  |  Time: 6.99s
  Epoch 14030/20000  |  Loss: 0.001405  |  LR: 1.00e-06  |  Time: 7.00s
  Epoch 14040/20000  |  Loss: 0.001418  |  LR: 1.00e-06  |  Time: 6.98s
  Epoch 14050/20000  |  Loss: 0.001397  |  LR: 1.00e-06  |  Time: 7.00s
  Epoch 14060/20000  |  Loss: 0.001320  |  LR: 1.00e-06  |  Time: 7.00s
  Epoch 14070/20000  |  Loss: 0.001459  |  LR: 1.00e-06  |  Time: 7.00s
  Epoch 14080/20000  |  Loss: 0.001461  |  LR: 1.00e-06  |  Time: 6.98s
  Epoch 14090/20000  |  Loss: 0.001446  |  LR: 1.00e-06  |  Time: 6.98s
  Epoch 14100/20000  |  Loss: 0.001346  |  LR: 1.00e-06  |  Time: 6.98s
  Epoch 14110/20000  |  Loss: 0.001478  |  LR: 1.00e-06  |  Time: 6.97s
  Epoch 14120/20000  |  Loss: 0.001379  |  LR: 1.00e-06  |  Time: 6.98s
  Epoch 14130/20000  |  Loss: 0.001426  |  LR: 1.00e-06  |  Time: 6.99s
  Epoch 14140/20000  |  Loss: 0.001277  |  LR: 1.00e-06  |  Time: 6.98s
  Epoch 14150/20000  |  Loss: 0.001364  |  LR: 1.00e-06  |  Time: 6.99s
  Epoch 14160/20000  |  Loss: 0.001376  |  LR: 1.00e-06  |  Time: 6.99s
  Epoch 14170/20000  |  Loss: 0.001383  |  LR: 1.00e-06  |  Time: 6.98s
  Epoch 14180/20000  |  Loss: 0.001436  |  LR: 1.00e-06  |  Time: 6.98s
  Epoch 14190/20000  |  Loss: 0.001469  |  LR: 1.00e-06  |  Time: 7.00s
  Epoch 14200/20000  |  Loss: 0.001430  |  LR: 1.00e-06  |  Time: 6.98s
  Epoch 14210/20000  |  Loss: 0.001378  |  LR: 1.00e-06  |  Time: 6.99s
  Epoch 14220/20000  |  Loss: 0.001414  |  LR: 1.00e-06  |  Time: 6.98s
  Epoch 14230/20000  |  Loss: 0.001359  |  LR: 1.00e-06  |  Time: 6.98s
  Epoch 14240/20000  |  Loss: 0.001462  |  LR: 1.00e-06  |  Time: 6.98s
  Epoch 14250/20000  |  Loss: 0.001378  |  LR: 1.00e-06  |  Time: 6.99s
  Epoch 14260/20000  |  Loss: 0.001426  |  LR: 1.00e-06  |  Time: 6.99s
  Epoch 14270/20000  |  Loss: 0.001435  |  LR: 1.00e-06  |  Time: 6.99s
  Epoch 14280/20000  |  Loss: 0.001409  |  LR: 1.00e-06  |  Time: 6.98s
  Epoch 14290/20000  |  Loss: 0.001415  |  LR: 1.00e-06  |  Time: 6.99s
  Epoch 14300/20000  |  Loss: 0.001455  |  LR: 1.00e-06  |  Time: 7.00s
  Epoch 14310/20000  |  Loss: 0.001450  |  LR: 1.00e-06  |  Time: 6.98s
  Epoch 14320/20000  |  Loss: 0.001499  |  LR: 1.00e-06  |  Time: 6.99s
  Epoch 14330/20000  |  Loss: 0.001650  |  LR: 1.00e-06  |  Time: 6.98s
  Epoch 14340/20000  |  Loss: 0.001532  |  LR: 1.00e-06  |  Time: 6.99s
  Epoch 14350/20000  |  Loss: 0.001412  |  LR: 1.00e-06  |  Time: 6.98s
  Epoch 14360/20000  |  Loss: 0.001395  |  LR: 1.00e-06  |  Time: 6.98s
  Epoch 14370/20000  |  Loss: 0.001428  |  LR: 1.00e-06  |  Time: 6.98s
  Epoch 14380/20000  |  Loss: 0.001449  |  LR: 1.00e-06  |  Time: 6.98s
  Epoch 14390/20000  |  Loss: 0.001441  |  LR: 1.00e-06  |  Time: 6.98s
  Epoch 14400/20000  |  Loss: 0.001440  |  LR: 1.00e-06  |  Time: 6.99s
  Epoch 14410/20000  |  Loss: 0.001415  |  LR: 1.00e-06  |  Time: 6.98s
  Epoch 14420/20000  |  Loss: 0.001413  |  LR: 1.00e-06  |  Time: 6.99s
  Epoch 14430/20000  |  Loss: 0.001397  |  LR: 1.00e-06  |  Time: 6.98s
  Epoch 14440/20000  |  Loss: 0.001425  |  LR: 1.00e-06  |  Time: 6.98s
  Epoch 14450/20000  |  Loss: 0.001412  |  LR: 1.00e-06  |  Time: 6.99s
  Epoch 14460/20000  |  Loss: 0.001422  |  LR: 1.00e-06  |  Time: 6.98s
  Epoch 14470/20000  |  Loss: 0.001513  |  LR: 1.00e-06  |  Time: 6.98s
  Epoch 14480/20000  |  Loss: 0.001541  |  LR: 1.00e-06  |  Time: 7.01s
  Epoch 14490/20000  |  Loss: 0.001413  |  LR: 1.00e-06  |  Time: 6.98s
  Epoch 14500/20000  |  Loss: 0.001588  |  LR: 1.00e-06  |  Time: 6.98s
  Epoch 14510/20000  |  Loss: 0.001375  |  LR: 1.00e-06  |  Time: 7.00s
  Epoch 14520/20000  |  Loss: 0.001370  |  LR: 1.00e-06  |  Time: 6.98s
  Epoch 14530/20000  |  Loss: 0.001565  |  LR: 1.00e-06  |  Time: 6.99s
  Epoch 14540/20000  |  Loss: 0.001294  |  LR: 1.00e-06  |  Time: 6.98s
  Epoch 14550/20000  |  Loss: 0.001290  |  LR: 1.00e-06  |  Time: 6.98s
  Epoch 14560/20000  |  Loss: 0.001426  |  LR: 1.00e-06  |  Time: 6.99s
  Epoch 14570/20000  |  Loss: 0.001486  |  LR: 1.00e-06  |  Time: 6.98s
  Epoch 14580/20000  |  Loss: 0.001393  |  LR: 1.00e-06  |  Time: 7.00s
  Epoch 14590/20000  |  Loss: 0.001420  |  LR: 1.00e-06  |  Time: 6.98s
  Epoch 14600/20000  |  Loss: 0.001397  |  LR: 1.00e-06  |  Time: 7.00s
  Epoch 14610/20000  |  Loss: 0.001328  |  LR: 1.00e-06  |  Time: 7.00s
  Epoch 14620/20000  |  Loss: 0.001537  |  LR: 1.00e-06  |  Time: 6.98s
  Epoch 14630/20000  |  Loss: 0.001510  |  LR: 1.00e-06  |  Time: 7.00s
  Epoch 14640/20000  |  Loss: 0.001414  |  LR: 1.00e-06  |  Time: 7.01s
  Epoch 14650/20000  |  Loss: 0.001456  |  LR: 1.00e-06  |  Time: 7.00s
  Epoch 14660/20000  |  Loss: 0.001323  |  LR: 1.00e-06  |  Time: 6.98s
  Epoch 14670/20000  |  Loss: 0.001556  |  LR: 1.00e-06  |  Time: 6.99s
  Epoch 14680/20000  |  Loss: 0.001398  |  LR: 1.00e-06  |  Time: 6.98s
  Epoch 14690/20000  |  Loss: 0.001289  |  LR: 1.00e-06  |  Time: 7.00s
  Epoch 14700/20000  |  Loss: 0.001392  |  LR: 1.00e-06  |  Time: 6.99s
  Epoch 14710/20000  |  Loss: 0.001430  |  LR: 1.00e-06  |  Time: 6.98s
  Epoch 14720/20000  |  Loss: 0.001308  |  LR: 1.00e-06  |  Time: 6.99s
  Epoch 14730/20000  |  Loss: 0.001491  |  LR: 1.00e-06  |  Time: 6.99s
  Epoch 14740/20000  |  Loss: 0.001562  |  LR: 1.00e-06  |  Time: 6.99s
  Epoch 14750/20000  |  Loss: 0.001354  |  LR: 1.00e-06  |  Time: 6.99s
  Epoch 14760/20000  |  Loss: 0.001496  |  LR: 1.00e-06  |  Time: 6.99s
  Epoch 14770/20000  |  Loss: 0.001485  |  LR: 1.00e-06  |  Time: 6.99s
  Epoch 14780/20000  |  Loss: 0.001457  |  LR: 1.00e-06  |  Time: 7.00s
  Epoch 14790/20000  |  Loss: 0.001419  |  LR: 1.00e-06  |  Time: 6.99s
  Epoch 14800/20000  |  Loss: 0.001442  |  LR: 1.00e-06  |  Time: 6.99s
  Epoch 14810/20000  |  Loss: 0.001436  |  LR: 1.00e-06  |  Time: 6.99s
  Epoch 14820/20000  |  Loss: 0.001496  |  LR: 1.00e-06  |  Time: 6.99s
  Epoch 14830/20000  |  Loss: 0.001425  |  LR: 1.00e-06  |  Time: 6.99s
  Epoch 14840/20000  |  Loss: 0.001402  |  LR: 1.00e-06  |  Time: 6.99s
  Epoch 14850/20000  |  Loss: 0.001421  |  LR: 1.00e-06  |  Time: 6.98s
  Epoch 14860/20000  |  Loss: 0.001349  |  LR: 1.00e-06  |  Time: 6.99s
  Epoch 14870/20000  |  Loss: 0.001415  |  LR: 1.00e-06  |  Time: 6.99s
  Epoch 14880/20000  |  Loss: 0.001312  |  LR: 1.00e-06  |  Time: 6.99s
  Epoch 14890/20000  |  Loss: 0.001381  |  LR: 1.00e-06  |  Time: 7.00s
  Epoch 14900/20000  |  Loss: 0.001357  |  LR: 1.00e-06  |  Time: 7.02s
  Epoch 14910/20000  |  Loss: 0.001331  |  LR: 1.00e-06  |  Time: 7.01s
  Epoch 14920/20000  |  Loss: 0.001465  |  LR: 1.00e-06  |  Time: 6.99s
  Epoch 14930/20000  |  Loss: 0.001371  |  LR: 1.00e-06  |  Time: 7.02s
  Epoch 14940/20000  |  Loss: 0.001333  |  LR: 1.00e-06  |  Time: 7.03s
  Epoch 14950/20000  |  Loss: 0.001444  |  LR: 1.00e-06  |  Time: 7.00s
  Epoch 14960/20000  |  Loss: 0.001361  |  LR: 1.00e-06  |  Time: 6.99s
  Epoch 14970/20000  |  Loss: 0.001435  |  LR: 1.00e-06  |  Time: 6.99s
  Epoch 14980/20000  |  Loss: 0.001394  |  LR: 1.00e-06  |  Time: 6.99s
  Epoch 14990/20000  |  Loss: 0.001393  |  LR: 1.00e-06  |  Time: 6.99s
  Epoch 15000/20000  |  Loss: 0.001302  |  LR: 1.00e-06  |  Time: 6.99s
  Epoch 15010/20000  |  Loss: 0.001505  |  LR: 1.00e-06  |  Time: 6.99s
  Epoch 15020/20000  |  Loss: 0.001522  |  LR: 1.00e-06  |  Time: 7.01s
  Epoch 15030/20000  |  Loss: 0.001455  |  LR: 1.00e-06  |  Time: 6.98s
  Epoch 15040/20000  |  Loss: 0.001640  |  LR: 1.00e-06  |  Time: 6.99s
  Epoch 15050/20000  |  Loss: 0.001359  |  LR: 1.00e-06  |  Time: 6.99s
  Epoch 15060/20000  |  Loss: 0.001384  |  LR: 1.00e-06  |  Time: 6.98s
  Epoch 15070/20000  |  Loss: 0.001496  |  LR: 1.00e-06  |  Time: 7.03s
  Epoch 15080/20000  |  Loss: 0.001427  |  LR: 1.00e-06  |  Time: 6.98s
  Epoch 15090/20000  |  Loss: 0.001412  |  LR: 1.00e-06  |  Time: 7.00s
  Epoch 15100/20000  |  Loss: 0.001434  |  LR: 1.00e-06  |  Time: 6.98s
  Epoch 15110/20000  |  Loss: 0.001384  |  LR: 1.00e-06  |  Time: 6.99s
  Epoch 15120/20000  |  Loss: 0.001373  |  LR: 1.00e-06  |  Time: 6.99s
  Epoch 15130/20000  |  Loss: 0.001522  |  LR: 1.00e-06  |  Time: 6.98s
  Epoch 15140/20000  |  Loss: 0.001361  |  LR: 1.00e-06  |  Time: 6.99s
  Epoch 15150/20000  |  Loss: 0.001448  |  LR: 1.00e-06  |  Time: 6.98s
  Epoch 15160/20000  |  Loss: 0.001610  |  LR: 1.00e-06  |  Time: 6.98s
  Epoch 15170/20000  |  Loss: 0.001373  |  LR: 1.00e-06  |  Time: 6.98s
  Epoch 15180/20000  |  Loss: 0.001357  |  LR: 1.00e-06  |  Time: 6.99s
  Epoch 15190/20000  |  Loss: 0.001559  |  LR: 1.00e-06  |  Time: 6.98s
  Epoch 15200/20000  |  Loss: 0.001547  |  LR: 1.00e-06  |  Time: 6.98s
  Epoch 15210/20000  |  Loss: 0.001448  |  LR: 1.00e-06  |  Time: 6.97s
  Epoch 15220/20000  |  Loss: 0.001444  |  LR: 1.00e-06  |  Time: 6.98s
  Epoch 15230/20000  |  Loss: 0.001453  |  LR: 1.00e-06  |  Time: 6.98s
  Epoch 15240/20000  |  Loss: 0.001389  |  LR: 1.00e-06  |  Time: 6.99s
  Epoch 15250/20000  |  Loss: 0.001402  |  LR: 1.00e-06  |  Time: 6.98s
  Epoch 15260/20000  |  Loss: 0.001322  |  LR: 1.00e-06  |  Time: 6.99s
  Epoch 15270/20000  |  Loss: 0.001473  |  LR: 1.00e-06  |  Time: 6.98s
  Epoch 15280/20000  |  Loss: 0.001451  |  LR: 1.00e-06  |  Time: 6.98s
  Epoch 15290/20000  |  Loss: 0.001480  |  LR: 1.00e-06  |  Time: 6.98s
  Epoch 15300/20000  |  Loss: 0.001445  |  LR: 1.00e-06  |  Time: 6.98s
  Epoch 15310/20000  |  Loss: 0.001352  |  LR: 1.00e-06  |  Time: 7.00s
  Epoch 15320/20000  |  Loss: 0.001478  |  LR: 1.00e-06  |  Time: 6.98s
  Epoch 15330/20000  |  Loss: 0.001448  |  LR: 1.00e-06  |  Time: 7.00s
  Epoch 15340/20000  |  Loss: 0.001326  |  LR: 1.00e-06  |  Time: 6.98s
  Epoch 15350/20000  |  Loss: 0.001421  |  LR: 1.00e-06  |  Time: 6.99s
  Epoch 15360/20000  |  Loss: 0.001474  |  LR: 1.00e-06  |  Time: 6.98s
  Epoch 15370/20000  |  Loss: 0.001352  |  LR: 1.00e-06  |  Time: 6.98s
  Epoch 15380/20000  |  Loss: 0.001581  |  LR: 1.00e-06  |  Time: 6.99s
  Epoch 15390/20000  |  Loss: 0.001574  |  LR: 1.00e-06  |  Time: 6.98s
  Epoch 15400/20000  |  Loss: 0.001609  |  LR: 1.00e-06  |  Time: 6.98s
  Epoch 15410/20000  |  Loss: 0.001587  |  LR: 1.00e-06  |  Time: 6.99s
  Epoch 15420/20000  |  Loss: 0.001320  |  LR: 1.00e-06  |  Time: 6.98s
  Epoch 15430/20000  |  Loss: 0.001408  |  LR: 1.00e-06  |  Time: 6.98s
  Epoch 15440/20000  |  Loss: 0.001524  |  LR: 1.00e-06  |  Time: 6.98s
  Epoch 15450/20000  |  Loss: 0.001320  |  LR: 1.00e-06  |  Time: 7.00s
  Epoch 15460/20000  |  Loss: 0.001336  |  LR: 1.00e-06  |  Time: 6.98s
  Epoch 15470/20000  |  Loss: 0.001372  |  LR: 1.00e-06  |  Time: 6.98s
  Epoch 15480/20000  |  Loss: 0.001404  |  LR: 1.00e-06  |  Time: 6.98s
  Epoch 15490/20000  |  Loss: 0.001573  |  LR: 1.00e-06  |  Time: 6.98s
  Epoch 15500/20000  |  Loss: 0.001408  |  LR: 1.00e-06  |  Time: 6.98s
  Epoch 15510/20000  |  Loss: 0.001394  |  LR: 1.00e-06  |  Time: 6.99s
  Epoch 15520/20000  |  Loss: 0.001395  |  LR: 1.00e-06  |  Time: 7.00s
  Epoch 15530/20000  |  Loss: 0.001512  |  LR: 1.00e-06  |  Time: 7.00s
  Epoch 15540/20000  |  Loss: 0.001520  |  LR: 1.00e-06  |  Time: 6.98s
  Epoch 15550/20000  |  Loss: 0.001482  |  LR: 1.00e-06  |  Time: 6.98s
  Epoch 15560/20000  |  Loss: 0.001369  |  LR: 1.00e-06  |  Time: 6.98s
  Epoch 15570/20000  |  Loss: 0.001454  |  LR: 1.00e-06  |  Time: 6.99s
  Epoch 15580/20000  |  Loss: 0.001570  |  LR: 1.00e-06  |  Time: 6.98s
  Epoch 15590/20000  |  Loss: 0.001540  |  LR: 1.00e-06  |  Time: 6.98s
  Epoch 15600/20000  |  Loss: 0.001466  |  LR: 1.00e-06  |  Time: 6.98s
  Epoch 15610/20000  |  Loss: 0.001580  |  LR: 1.00e-06  |  Time: 6.98s
  Epoch 15620/20000  |  Loss: 0.001548  |  LR: 1.00e-06  |  Time: 6.98s
  Epoch 15630/20000  |  Loss: 0.001502  |  LR: 1.00e-06  |  Time: 6.98s
  Epoch 15640/20000  |  Loss: 0.001511  |  LR: 1.00e-06  |  Time: 6.98s
  Epoch 15650/20000  |  Loss: 0.001499  |  LR: 1.00e-06  |  Time: 6.98s
  Epoch 15660/20000  |  Loss: 0.001372  |  LR: 1.00e-06  |  Time: 7.00s
  Epoch 15670/20000  |  Loss: 0.001500  |  LR: 1.00e-06  |  Time: 6.98s
  Epoch 15680/20000  |  Loss: 0.001495  |  LR: 1.00e-06  |  Time: 6.99s
  Epoch 15690/20000  |  Loss: 0.001531  |  LR: 1.00e-06  |  Time: 6.99s
  Epoch 15700/20000  |  Loss: 0.001471  |  LR: 1.00e-06  |  Time: 6.98s
  Epoch 15710/20000  |  Loss: 0.001565  |  LR: 1.00e-06  |  Time: 6.98s
  Epoch 15720/20000  |  Loss: 0.001435  |  LR: 1.00e-06  |  Time: 6.98s
  Epoch 15730/20000  |  Loss: 0.001450  |  LR: 1.00e-06  |  Time: 7.00s
  Epoch 15740/20000  |  Loss: 0.001430  |  LR: 1.00e-06  |  Time: 7.00s
  Epoch 15750/20000  |  Loss: 0.001272  |  LR: 1.00e-06  |  Time: 6.98s
  Epoch 15760/20000  |  Loss: 0.001498  |  LR: 1.00e-06  |  Time: 7.00s
  Epoch 15770/20000  |  Loss: 0.001380  |  LR: 1.00e-06  |  Time: 7.00s
  Epoch 15780/20000  |  Loss: 0.001588  |  LR: 1.00e-06  |  Time: 7.00s
  Epoch 15790/20000  |  Loss: 0.001427  |  LR: 1.00e-06  |  Time: 6.99s
  Epoch 15800/20000  |  Loss: 0.001398  |  LR: 1.00e-06  |  Time: 6.99s
  Epoch 15810/20000  |  Loss: 0.001433  |  LR: 1.00e-06  |  Time: 6.98s
  Epoch 15820/20000  |  Loss: 0.001478  |  LR: 1.00e-06  |  Time: 6.98s
  Epoch 15830/20000  |  Loss: 0.001485  |  LR: 1.00e-06  |  Time: 6.98s
  Epoch 15840/20000  |  Loss: 0.001428  |  LR: 1.00e-06  |  Time: 6.99s
  Epoch 15850/20000  |  Loss: 0.001532  |  LR: 1.00e-06  |  Time: 6.98s
  Epoch 15860/20000  |  Loss: 0.001575  |  LR: 1.00e-06  |  Time: 7.01s
  Epoch 15870/20000  |  Loss: 0.001549  |  LR: 1.00e-06  |  Time: 6.98s
  Epoch 15880/20000  |  Loss: 0.001522  |  LR: 1.00e-06  |  Time: 6.98s
  Epoch 15890/20000  |  Loss: 0.001491  |  LR: 1.00e-06  |  Time: 6.97s
  Epoch 15900/20000  |  Loss: 0.001472  |  LR: 1.00e-06  |  Time: 6.99s
  Epoch 15910/20000  |  Loss: 0.001372  |  LR: 1.00e-06  |  Time: 6.99s
  Epoch 15920/20000  |  Loss: 0.001460  |  LR: 1.00e-06  |  Time: 7.00s
  Epoch 15930/20000  |  Loss: 0.001401  |  LR: 1.00e-06  |  Time: 7.00s
  Epoch 15940/20000  |  Loss: 0.001580  |  LR: 1.00e-06  |  Time: 6.99s
  Epoch 15950/20000  |  Loss: 0.001453  |  LR: 1.00e-06  |  Time: 6.98s
  Epoch 15960/20000  |  Loss: 0.001361  |  LR: 1.00e-06  |  Time: 6.99s
  Epoch 15970/20000  |  Loss: 0.001566  |  LR: 1.00e-06  |  Time: 6.99s
  Epoch 15980/20000  |  Loss: 0.001509  |  LR: 1.00e-06  |  Time: 6.98s
  Epoch 15990/20000  |  Loss: 0.001553  |  LR: 1.00e-06  |  Time: 6.99s
[Utils] Checkpoint saved: /home/u00134/src/logs/deep_v9_dit_b_20k/checkpoint_epoch_15999.pt
  Epoch 16000/20000  |  Loss: 0.001517  |  LR: 1.00e-06  |  Time: 6.98s
  Epoch 16010/20000  |  Loss: 0.001594  |  LR: 1.00e-06  |  Time: 6.98s
  Epoch 16020/20000  |  Loss: 0.001572  |  LR: 1.00e-06  |  Time: 7.01s
  Epoch 16030/20000  |  Loss: 0.001359  |  LR: 1.00e-06  |  Time: 6.99s
  Epoch 16040/20000  |  Loss: 0.001496  |  LR: 1.00e-06  |  Time: 6.98s
  Epoch 16050/20000  |  Loss: 0.001673  |  LR: 1.00e-06  |  Time: 7.01s
  Epoch 16060/20000  |  Loss: 0.001347  |  LR: 1.00e-06  |  Time: 7.02s
  Epoch 16070/20000  |  Loss: 0.001493  |  LR: 1.00e-06  |  Time: 6.98s
  Epoch 16080/20000  |  Loss: 0.001543  |  LR: 1.00e-06  |  Time: 7.02s
  Epoch 16090/20000  |  Loss: 0.001497  |  LR: 1.00e-06  |  Time: 7.03s
  Epoch 16100/20000  |  Loss: 0.001481  |  LR: 1.00e-06  |  Time: 7.05s
  Epoch 16110/20000  |  Loss: 0.001498  |  LR: 1.00e-06  |  Time: 6.98s
  Epoch 16120/20000  |  Loss: 0.001380  |  LR: 1.00e-06  |  Time: 6.97s
  Epoch 16130/20000  |  Loss: 0.001476  |  LR: 1.00e-06  |  Time: 6.98s
  Epoch 16140/20000  |  Loss: 0.001400  |  LR: 1.00e-06  |  Time: 6.98s
  Epoch 16150/20000  |  Loss: 0.001444  |  LR: 1.00e-06  |  Time: 6.98s
  Epoch 16160/20000  |  Loss: 0.001447  |  LR: 1.00e-06  |  Time: 6.98s
  Epoch 16170/20000  |  Loss: 0.001459  |  LR: 1.00e-06  |  Time: 6.97s
  Epoch 16180/20000  |  Loss: 0.001518  |  LR: 1.00e-06  |  Time: 6.98s
  Epoch 16190/20000  |  Loss: 0.001320  |  LR: 1.00e-06  |  Time: 6.97s
  Epoch 16200/20000  |  Loss: 0.001527  |  LR: 1.00e-06  |  Time: 6.98s
  Epoch 16210/20000  |  Loss: 0.001435  |  LR: 1.00e-06  |  Time: 6.99s
  Epoch 16220/20000  |  Loss: 0.001457  |  LR: 1.00e-06  |  Time: 6.98s
  Epoch 16230/20000  |  Loss: 0.001498  |  LR: 1.00e-06  |  Time: 6.98s
  Epoch 16240/20000  |  Loss: 0.001541  |  LR: 1.00e-06  |  Time: 6.98s
  Epoch 16250/20000  |  Loss: 0.001743  |  LR: 1.00e-06  |  Time: 6.97s
  Epoch 16260/20000  |  Loss: 0.001522  |  LR: 1.00e-06  |  Time: 6.98s
  Epoch 16270/20000  |  Loss: 0.001407  |  LR: 1.00e-06  |  Time: 6.98s
  Epoch 16280/20000  |  Loss: 0.001471  |  LR: 1.00e-06  |  Time: 6.97s
  Epoch 16290/20000  |  Loss: 0.001479  |  LR: 1.00e-06  |  Time: 6.98s
  Epoch 16300/20000  |  Loss: 0.001372  |  LR: 1.00e-06  |  Time: 6.97s
  Epoch 16310/20000  |  Loss: 0.001626  |  LR: 1.00e-06  |  Time: 6.98s
  Epoch 16320/20000  |  Loss: 0.001521  |  LR: 1.00e-06  |  Time: 6.98s
  Epoch 16330/20000  |  Loss: 0.001550  |  LR: 1.00e-06  |  Time: 6.98s
  Epoch 16340/20000  |  Loss: 0.001378  |  LR: 1.00e-06  |  Time: 6.97s
  Epoch 16350/20000  |  Loss: 0.001518  |  LR: 1.00e-06  |  Time: 6.99s
  Epoch 16360/20000  |  Loss: 0.001646  |  LR: 1.00e-06  |  Time: 6.98s
  Epoch 16370/20000  |  Loss: 0.001330  |  LR: 1.00e-06  |  Time: 6.99s
  Epoch 16380/20000  |  Loss: 0.001422  |  LR: 1.00e-06  |  Time: 6.99s
  Epoch 16390/20000  |  Loss: 0.001510  |  LR: 1.00e-06  |  Time: 6.97s
  Epoch 16400/20000  |  Loss: 0.001415  |  LR: 1.00e-06  |  Time: 6.96s
  Epoch 16410/20000  |  Loss: 0.001511  |  LR: 1.00e-06  |  Time: 6.97s
  Epoch 16420/20000  |  Loss: 0.001384  |  LR: 1.00e-06  |  Time: 6.98s
  Epoch 16430/20000  |  Loss: 0.001588  |  LR: 1.00e-06  |  Time: 6.98s
  Epoch 16440/20000  |  Loss: 0.001444  |  LR: 1.00e-06  |  Time: 6.98s
  Epoch 16450/20000  |  Loss: 0.001356  |  LR: 1.00e-06  |  Time: 6.97s
  Epoch 16460/20000  |  Loss: 0.001499  |  LR: 1.00e-06  |  Time: 6.99s
  Epoch 16470/20000  |  Loss: 0.001402  |  LR: 1.00e-06  |  Time: 6.98s
  Epoch 16480/20000  |  Loss: 0.001508  |  LR: 1.00e-06  |  Time: 6.98s
  Epoch 16490/20000  |  Loss: 0.001483  |  LR: 1.00e-06  |  Time: 6.98s
  Epoch 16500/20000  |  Loss: 0.001463  |  LR: 1.00e-06  |  Time: 6.99s
  Epoch 16510/20000  |  Loss: 0.001596  |  LR: 1.00e-06  |  Time: 6.98s
  Epoch 16520/20000  |  Loss: 0.001455  |  LR: 1.00e-06  |  Time: 6.97s
  Epoch 16530/20000  |  Loss: 0.001425  |  LR: 1.00e-06  |  Time: 6.97s
  Epoch 16540/20000  |  Loss: 0.001415  |  LR: 1.00e-06  |  Time: 6.99s
  Epoch 16550/20000  |  Loss: 0.001481  |  LR: 1.00e-06  |  Time: 6.98s
  Epoch 16560/20000  |  Loss: 0.001501  |  LR: 1.00e-06  |  Time: 6.99s
  Epoch 16570/20000  |  Loss: 0.001327  |  LR: 1.00e-06  |  Time: 6.98s
  Epoch 16580/20000  |  Loss: 0.001481  |  LR: 1.00e-06  |  Time: 6.98s
  Epoch 16590/20000  |  Loss: 0.001563  |  LR: 1.00e-06  |  Time: 6.98s
  Epoch 16600/20000  |  Loss: 0.001439  |  LR: 1.00e-06  |  Time: 6.98s
  Epoch 16610/20000  |  Loss: 0.001339  |  LR: 1.00e-06  |  Time: 6.99s
  Epoch 16620/20000  |  Loss: 0.001518  |  LR: 1.00e-06  |  Time: 6.98s
  Epoch 16630/20000  |  Loss: 0.001481  |  LR: 1.00e-06  |  Time: 6.98s
  Epoch 16640/20000  |  Loss: 0.001366  |  LR: 1.00e-06  |  Time: 6.98s
  Epoch 16650/20000  |  Loss: 0.001555  |  LR: 1.00e-06  |  Time: 6.99s
  Epoch 16660/20000  |  Loss: 0.001436  |  LR: 1.00e-06  |  Time: 6.99s
  Epoch 16670/20000  |  Loss: 0.001503  |  LR: 1.00e-06  |  Time: 6.99s
  Epoch 16680/20000  |  Loss: 0.001462  |  LR: 1.00e-06  |  Time: 7.04s
  Epoch 16690/20000  |  Loss: 0.001429  |  LR: 1.00e-06  |  Time: 6.99s
  Epoch 16700/20000  |  Loss: 0.001520  |  LR: 1.00e-06  |  Time: 7.00s
  Epoch 16710/20000  |  Loss: 0.001498  |  LR: 1.00e-06  |  Time: 7.01s
  Epoch 16720/20000  |  Loss: 0.001542  |  LR: 1.00e-06  |  Time: 7.00s
  Epoch 16730/20000  |  Loss: 0.001582  |  LR: 1.00e-06  |  Time: 7.03s
  Epoch 16740/20000  |  Loss: 0.001505  |  LR: 1.00e-06  |  Time: 7.01s
  Epoch 16750/20000  |  Loss: 0.001510  |  LR: 1.00e-06  |  Time: 6.99s
  Epoch 16760/20000  |  Loss: 0.001531  |  LR: 1.00e-06  |  Time: 6.98s
  Epoch 16770/20000  |  Loss: 0.001473  |  LR: 1.00e-06  |  Time: 6.99s
  Epoch 16780/20000  |  Loss: 0.001525  |  LR: 1.00e-06  |  Time: 6.98s
  Epoch 16790/20000  |  Loss: 0.001474  |  LR: 1.00e-06  |  Time: 6.98s
  Epoch 16800/20000  |  Loss: 0.001421  |  LR: 1.00e-06  |  Time: 6.98s
  Epoch 16810/20000  |  Loss: 0.001500  |  LR: 1.00e-06  |  Time: 6.98s
  Epoch 16820/20000  |  Loss: 0.001509  |  LR: 1.00e-06  |  Time: 6.98s
  Epoch 16830/20000  |  Loss: 0.001453  |  LR: 1.00e-06  |  Time: 6.97s
  Epoch 16840/20000  |  Loss: 0.001511  |  LR: 1.00e-06  |  Time: 7.00s
  Epoch 16850/20000  |  Loss: 0.001508  |  LR: 1.00e-06  |  Time: 6.97s
  Epoch 16860/20000  |  Loss: 0.001399  |  LR: 1.00e-06  |  Time: 6.99s
  Epoch 16870/20000  |  Loss: 0.001505  |  LR: 1.00e-06  |  Time: 6.97s
  Epoch 16880/20000  |  Loss: 0.001617  |  LR: 1.00e-06  |  Time: 6.97s
  Epoch 16890/20000  |  Loss: 0.001469  |  LR: 1.00e-06  |  Time: 6.99s
  Epoch 16900/20000  |  Loss: 0.001530  |  LR: 1.00e-06  |  Time: 6.98s
  Epoch 16910/20000  |  Loss: 0.001582  |  LR: 1.00e-06  |  Time: 6.98s
  Epoch 16920/20000  |  Loss: 0.001491  |  LR: 1.00e-06  |  Time: 7.03s
  Epoch 16930/20000  |  Loss: 0.001487  |  LR: 1.00e-06  |  Time: 6.97s
  Epoch 16940/20000  |  Loss: 0.001449  |  LR: 1.00e-06  |  Time: 6.98s
  Epoch 16950/20000  |  Loss: 0.001593  |  LR: 1.00e-06  |  Time: 6.99s
  Epoch 16960/20000  |  Loss: 0.001448  |  LR: 1.00e-06  |  Time: 6.99s
  Epoch 16970/20000  |  Loss: 0.001397  |  LR: 1.00e-06  |  Time: 6.97s
  Epoch 16980/20000  |  Loss: 0.001608  |  LR: 1.00e-06  |  Time: 6.98s
  Epoch 16990/20000  |  Loss: 0.001407  |  LR: 1.00e-06  |  Time: 6.97s
  Epoch 17000/20000  |  Loss: 0.001415  |  LR: 1.00e-06  |  Time: 6.98s
  Epoch 17010/20000  |  Loss: 0.001541  |  LR: 1.00e-06  |  Time: 6.98s
  Epoch 17020/20000  |  Loss: 0.001496  |  LR: 1.00e-06  |  Time: 6.98s
  Epoch 17030/20000  |  Loss: 0.001586  |  LR: 1.00e-06  |  Time: 6.99s
  Epoch 17040/20000  |  Loss: 0.001424  |  LR: 1.00e-06  |  Time: 6.98s
  Epoch 17050/20000  |  Loss: 0.001423  |  LR: 1.00e-06  |  Time: 6.97s
  Epoch 17060/20000  |  Loss: 0.001489  |  LR: 1.00e-06  |  Time: 6.98s
  Epoch 17070/20000  |  Loss: 0.001505  |  LR: 1.00e-06  |  Time: 6.97s
  Epoch 17080/20000  |  Loss: 0.001459  |  LR: 1.00e-06  |  Time: 6.98s
  Epoch 17090/20000  |  Loss: 0.001547  |  LR: 1.00e-06  |  Time: 6.97s
  Epoch 17100/20000  |  Loss: 0.001503  |  LR: 1.00e-06  |  Time: 6.97s
  Epoch 17110/20000  |  Loss: 0.001476  |  LR: 1.00e-06  |  Time: 6.98s
  Epoch 17120/20000  |  Loss: 0.001537  |  LR: 1.00e-06  |  Time: 6.97s
  Epoch 17130/20000  |  Loss: 0.001463  |  LR: 1.00e-06  |  Time: 6.98s
  Epoch 17140/20000  |  Loss: 0.001512  |  LR: 1.00e-06  |  Time: 6.98s
  Epoch 17150/20000  |  Loss: 0.001456  |  LR: 1.00e-06  |  Time: 6.98s
  Epoch 17160/20000  |  Loss: 0.001452  |  LR: 1.00e-06  |  Time: 6.97s
  Epoch 17170/20000  |  Loss: 0.001457  |  LR: 1.00e-06  |  Time: 6.98s
  Epoch 17180/20000  |  Loss: 0.001437  |  LR: 1.00e-06  |  Time: 6.98s
  Epoch 17190/20000  |  Loss: 0.001435  |  LR: 1.00e-06  |  Time: 6.98s
  Epoch 17200/20000  |  Loss: 0.001322  |  LR: 1.00e-06  |  Time: 6.97s
  Epoch 17210/20000  |  Loss: 0.001449  |  LR: 1.00e-06  |  Time: 6.97s
  Epoch 17220/20000  |  Loss: 0.001560  |  LR: 1.00e-06  |  Time: 6.99s
  Epoch 17230/20000  |  Loss: 0.001456  |  LR: 1.00e-06  |  Time: 6.98s
  Epoch 17240/20000  |  Loss: 0.001439  |  LR: 1.00e-06  |  Time: 6.99s
  Epoch 17250/20000  |  Loss: 0.001469  |  LR: 1.00e-06  |  Time: 6.99s
  Epoch 17260/20000  |  Loss: 0.001350  |  LR: 1.00e-06  |  Time: 6.99s
  Epoch 17270/20000  |  Loss: 0.001494  |  LR: 1.00e-06  |  Time: 6.98s
  Epoch 17280/20000  |  Loss: 0.001556  |  LR: 1.00e-06  |  Time: 6.98s
  Epoch 17290/20000  |  Loss: 0.001318  |  LR: 1.00e-06  |  Time: 6.99s
  Epoch 17300/20000  |  Loss: 0.001674  |  LR: 1.00e-06  |  Time: 6.98s
  Epoch 17310/20000  |  Loss: 0.001372  |  LR: 1.00e-06  |  Time: 6.98s
  Epoch 17320/20000  |  Loss: 0.001567  |  LR: 1.00e-06  |  Time: 6.98s
  Epoch 17330/20000  |  Loss: 0.001375  |  LR: 1.00e-06  |  Time: 6.97s
  Epoch 17340/20000  |  Loss: 0.001421  |  LR: 1.00e-06  |  Time: 6.98s
  Epoch 17350/20000  |  Loss: 0.001405  |  LR: 1.00e-06  |  Time: 6.99s
  Epoch 17360/20000  |  Loss: 0.001540  |  LR: 1.00e-06  |  Time: 6.98s
  Epoch 17370/20000  |  Loss: 0.001583  |  LR: 1.00e-06  |  Time: 6.98s
  Epoch 17380/20000  |  Loss: 0.001452  |  LR: 1.00e-06  |  Time: 6.98s
  Epoch 17390/20000  |  Loss: 0.001467  |  LR: 1.00e-06  |  Time: 6.97s
  Epoch 17400/20000  |  Loss: 0.001490  |  LR: 1.00e-06  |  Time: 6.99s
  Epoch 17410/20000  |  Loss: 0.001436  |  LR: 1.00e-06  |  Time: 6.98s
  Epoch 17420/20000  |  Loss: 0.001498  |  LR: 1.00e-06  |  Time: 6.98s
  Epoch 17430/20000  |  Loss: 0.001326  |  LR: 1.00e-06  |  Time: 6.99s
  Epoch 17440/20000  |  Loss: 0.001510  |  LR: 1.00e-06  |  Time: 6.98s
  Epoch 17450/20000  |  Loss: 0.001554  |  LR: 1.00e-06  |  Time: 6.98s
  Epoch 17460/20000  |  Loss: 0.001541  |  LR: 1.00e-06  |  Time: 6.97s
  Epoch 17470/20000  |  Loss: 0.001290  |  LR: 1.00e-06  |  Time: 6.99s
  Epoch 17480/20000  |  Loss: 0.001488  |  LR: 1.00e-06  |  Time: 6.98s
  Epoch 17490/20000  |  Loss: 0.001373  |  LR: 1.00e-06  |  Time: 6.97s
  Epoch 17500/20000  |  Loss: 0.001468  |  LR: 1.00e-06  |  Time: 6.97s
  Epoch 17510/20000  |  Loss: 0.001632  |  LR: 1.00e-06  |  Time: 6.98s
  Epoch 17520/20000  |  Loss: 0.001494  |  LR: 1.00e-06  |  Time: 6.97s
  Epoch 17530/20000  |  Loss: 0.001428  |  LR: 1.00e-06  |  Time: 6.98s
  Epoch 17540/20000  |  Loss: 0.001619  |  LR: 1.00e-06  |  Time: 6.98s
  Epoch 17550/20000  |  Loss: 0.001609  |  LR: 1.00e-06  |  Time: 6.98s
  Epoch 17560/20000  |  Loss: 0.001578  |  LR: 1.00e-06  |  Time: 6.97s
  Epoch 17570/20000  |  Loss: 0.001456  |  LR: 1.00e-06  |  Time: 6.97s
  Epoch 17580/20000  |  Loss: 0.001405  |  LR: 1.00e-06  |  Time: 6.98s
  Epoch 17590/20000  |  Loss: 0.001306  |  LR: 1.00e-06  |  Time: 6.98s
  Epoch 17600/20000  |  Loss: 0.001557  |  LR: 1.00e-06  |  Time: 6.98s
  Epoch 17610/20000  |  Loss: 0.001407  |  LR: 1.00e-06  |  Time: 6.98s
  Epoch 17620/20000  |  Loss: 0.001422  |  LR: 1.00e-06  |  Time: 6.98s
  Epoch 17630/20000  |  Loss: 0.001370  |  LR: 1.00e-06  |  Time: 6.98s
  Epoch 17640/20000  |  Loss: 0.001493  |  LR: 1.00e-06  |  Time: 6.99s
  Epoch 17650/20000  |  Loss: 0.001445  |  LR: 1.00e-06  |  Time: 6.99s
  Epoch 17660/20000  |  Loss: 0.001448  |  LR: 1.00e-06  |  Time: 6.97s
  Epoch 17670/20000  |  Loss: 0.001386  |  LR: 1.00e-06  |  Time: 7.00s
  Epoch 17680/20000  |  Loss: 0.001551  |  LR: 1.00e-06  |  Time: 6.98s
  Epoch 17690/20000  |  Loss: 0.001422  |  LR: 1.00e-06  |  Time: 6.96s
  Epoch 17700/20000  |  Loss: 0.001466  |  LR: 1.00e-06  |  Time: 6.98s
  Epoch 17710/20000  |  Loss: 0.001393  |  LR: 1.00e-06  |  Time: 6.98s
  Epoch 17720/20000  |  Loss: 0.001426  |  LR: 1.00e-06  |  Time: 6.97s
  Epoch 17730/20000  |  Loss: 0.001365  |  LR: 1.00e-06  |  Time: 6.98s
  Epoch 17740/20000  |  Loss: 0.001347  |  LR: 1.00e-06  |  Time: 6.98s
  Epoch 17750/20000  |  Loss: 0.001505  |  LR: 1.00e-06  |  Time: 6.98s
  Epoch 17760/20000  |  Loss: 0.001458  |  LR: 1.00e-06  |  Time: 6.98s
  Epoch 17770/20000  |  Loss: 0.001529  |  LR: 1.00e-06  |  Time: 6.98s
  Epoch 17780/20000  |  Loss: 0.001554  |  LR: 1.00e-06  |  Time: 6.98s
  Epoch 17790/20000  |  Loss: 0.001492  |  LR: 1.00e-06  |  Time: 6.99s
  Epoch 17800/20000  |  Loss: 0.001443  |  LR: 1.00e-06  |  Time: 6.97s
  Epoch 17810/20000  |  Loss: 0.001257  |  LR: 1.00e-06  |  Time: 6.97s
  Epoch 17820/20000  |  Loss: 0.001391  |  LR: 1.00e-06  |  Time: 6.99s
  Epoch 17830/20000  |  Loss: 0.001441  |  LR: 1.00e-06  |  Time: 6.98s
  Epoch 17840/20000  |  Loss: 0.001492  |  LR: 1.00e-06  |  Time: 6.97s
  Epoch 17850/20000  |  Loss: 0.001396  |  LR: 1.00e-06  |  Time: 6.97s
  Epoch 17860/20000  |  Loss: 0.001580  |  LR: 1.00e-06  |  Time: 6.98s
  Epoch 17870/20000  |  Loss: 0.001458  |  LR: 1.00e-06  |  Time: 6.98s
  Epoch 17880/20000  |  Loss: 0.001378  |  LR: 1.00e-06  |  Time: 6.98s
  Epoch 17890/20000  |  Loss: 0.001415  |  LR: 1.00e-06  |  Time: 6.98s
  Epoch 17900/20000  |  Loss: 0.001405  |  LR: 1.00e-06  |  Time: 6.96s
  Epoch 17910/20000  |  Loss: 0.001419  |  LR: 1.00e-06  |  Time: 6.99s
  Epoch 17920/20000  |  Loss: 0.001439  |  LR: 1.00e-06  |  Time: 6.99s
  Epoch 17930/20000  |  Loss: 0.001385  |  LR: 1.00e-06  |  Time: 6.98s
  Epoch 17940/20000  |  Loss: 0.001452  |  LR: 1.00e-06  |  Time: 6.97s
  Epoch 17950/20000  |  Loss: 0.001475  |  LR: 1.00e-06  |  Time: 6.98s
  Epoch 17960/20000  |  Loss: 0.001503  |  LR: 1.00e-06  |  Time: 6.98s
  Epoch 17970/20000  |  Loss: 0.001436  |  LR: 1.00e-06  |  Time: 6.98s
  Epoch 17980/20000  |  Loss: 0.001422  |  LR: 1.00e-06  |  Time: 6.97s
  Epoch 17990/20000  |  Loss: 0.001391  |  LR: 1.00e-06  |  Time: 6.97s
  Epoch 18000/20000  |  Loss: 0.001501  |  LR: 1.00e-06  |  Time: 6.99s
  Epoch 18010/20000  |  Loss: 0.001423  |  LR: 1.00e-06  |  Time: 6.97s
  Epoch 18020/20000  |  Loss: 0.001435  |  LR: 1.00e-06  |  Time: 6.98s
  Epoch 18030/20000  |  Loss: 0.001404  |  LR: 1.00e-06  |  Time: 6.97s
  Epoch 18040/20000  |  Loss: 0.001449  |  LR: 1.00e-06  |  Time: 6.97s
  Epoch 18050/20000  |  Loss: 0.001392  |  LR: 1.00e-06  |  Time: 6.97s
  Epoch 18060/20000  |  Loss: 0.001538  |  LR: 1.00e-06  |  Time: 6.98s
  Epoch 18070/20000  |  Loss: 0.001451  |  LR: 1.00e-06  |  Time: 6.97s
  Epoch 18080/20000  |  Loss: 0.001391  |  LR: 1.00e-06  |  Time: 6.99s
  Epoch 18090/20000  |  Loss: 0.001444  |  LR: 1.00e-06  |  Time: 6.97s
  Epoch 18100/20000  |  Loss: 0.001502  |  LR: 1.00e-06  |  Time: 6.98s
  Epoch 18110/20000  |  Loss: 0.001479  |  LR: 1.00e-06  |  Time: 6.99s
  Epoch 18120/20000  |  Loss: 0.001559  |  LR: 1.00e-06  |  Time: 6.97s
  Epoch 18130/20000  |  Loss: 0.001522  |  LR: 1.00e-06  |  Time: 6.98s
  Epoch 18140/20000  |  Loss: 0.001556  |  LR: 1.00e-06  |  Time: 6.98s
  Epoch 18150/20000  |  Loss: 0.001422  |  LR: 1.00e-06  |  Time: 6.98s
  Epoch 18160/20000  |  Loss: 0.001401  |  LR: 1.00e-06  |  Time: 6.99s
  Epoch 18170/20000  |  Loss: 0.001374  |  LR: 1.00e-06  |  Time: 6.97s
  Epoch 18180/20000  |  Loss: 0.001352  |  LR: 1.00e-06  |  Time: 6.98s
  Epoch 18190/20000  |  Loss: 0.001469  |  LR: 1.00e-06  |  Time: 6.97s
  Epoch 18200/20000  |  Loss: 0.001532  |  LR: 1.00e-06  |  Time: 6.99s
  Epoch 18210/20000  |  Loss: 0.001459  |  LR: 1.00e-06  |  Time: 6.96s
  Epoch 18220/20000  |  Loss: 0.001395  |  LR: 1.00e-06  |  Time: 6.97s
  Epoch 18230/20000  |  Loss: 0.001409  |  LR: 1.00e-06  |  Time: 6.99s
  Epoch 18240/20000  |  Loss: 0.001553  |  LR: 1.00e-06  |  Time: 6.97s
  Epoch 18250/20000  |  Loss: 0.001345  |  LR: 1.00e-06  |  Time: 6.99s
  Epoch 18260/20000  |  Loss: 0.001424  |  LR: 1.00e-06  |  Time: 6.97s
  Epoch 18270/20000  |  Loss: 0.001504  |  LR: 1.00e-06  |  Time: 6.98s
  Epoch 18280/20000  |  Loss: 0.001498  |  LR: 1.00e-06  |  Time: 6.98s
  Epoch 18290/20000  |  Loss: 0.001564  |  LR: 1.00e-06  |  Time: 6.97s
  Epoch 18300/20000  |  Loss: 0.001487  |  LR: 1.00e-06  |  Time: 6.98s
  Epoch 18310/20000  |  Loss: 0.001461  |  LR: 1.00e-06  |  Time: 6.98s
  Epoch 18320/20000  |  Loss: 0.001539  |  LR: 1.00e-06  |  Time: 6.97s
  Epoch 18330/20000  |  Loss: 0.001460  |  LR: 1.00e-06  |  Time: 6.98s
  Epoch 18340/20000  |  Loss: 0.001402  |  LR: 1.00e-06  |  Time: 6.98s
  Epoch 18350/20000  |  Loss: 0.001411  |  LR: 1.00e-06  |  Time: 6.97s
  Epoch 18360/20000  |  Loss: 0.001463  |  LR: 1.00e-06  |  Time: 6.98s
  Epoch 18370/20000  |  Loss: 0.001483  |  LR: 1.00e-06  |  Time: 6.97s
  Epoch 18380/20000  |  Loss: 0.001472  |  LR: 1.00e-06  |  Time: 6.97s
  Epoch 18390/20000  |  Loss: 0.001477  |  LR: 1.00e-06  |  Time: 6.98s
  Epoch 18400/20000  |  Loss: 0.001434  |  LR: 1.00e-06  |  Time: 6.97s
  Epoch 18410/20000  |  Loss: 0.001505  |  LR: 1.00e-06  |  Time: 6.98s
  Epoch 18420/20000  |  Loss: 0.001516  |  LR: 1.00e-06  |  Time: 6.97s
  Epoch 18430/20000  |  Loss: 0.001426  |  LR: 1.00e-06  |  Time: 6.97s
  Epoch 18440/20000  |  Loss: 0.001437  |  LR: 1.00e-06  |  Time: 6.98s
  Epoch 18450/20000  |  Loss: 0.001452  |  LR: 1.00e-06  |  Time: 6.97s
  Epoch 18460/20000  |  Loss: 0.001386  |  LR: 1.00e-06  |  Time: 6.97s
  Epoch 18470/20000  |  Loss: 0.001481  |  LR: 1.00e-06  |  Time: 6.97s
  Epoch 18480/20000  |  Loss: 0.001462  |  LR: 1.00e-06  |  Time: 6.97s
  Epoch 18490/20000  |  Loss: 0.001445  |  LR: 1.00e-06  |  Time: 6.99s
  Epoch 18500/20000  |  Loss: 0.001448  |  LR: 1.00e-06  |  Time: 6.97s
  Epoch 18510/20000  |  Loss: 0.001549  |  LR: 1.00e-06  |  Time: 6.97s
  Epoch 18520/20000  |  Loss: 0.001369  |  LR: 1.00e-06  |  Time: 6.98s
  Epoch 18530/20000  |  Loss: 0.001490  |  LR: 1.00e-06  |  Time: 6.99s
  Epoch 18540/20000  |  Loss: 0.001425  |  LR: 1.00e-06  |  Time: 6.98s
  Epoch 18550/20000  |  Loss: 0.001452  |  LR: 1.00e-06  |  Time: 6.97s
  Epoch 18560/20000  |  Loss: 0.001608  |  LR: 1.00e-06  |  Time: 6.97s
  Epoch 18570/20000  |  Loss: 0.001473  |  LR: 1.00e-06  |  Time: 6.97s
  Epoch 18580/20000  |  Loss: 0.001428  |  LR: 1.00e-06  |  Time: 6.97s
  Epoch 18590/20000  |  Loss: 0.001551  |  LR: 1.00e-06  |  Time: 6.97s
  Epoch 18600/20000  |  Loss: 0.001599  |  LR: 1.00e-06  |  Time: 6.98s
  Epoch 18610/20000  |  Loss: 0.001415  |  LR: 1.00e-06  |  Time: 6.97s
  Epoch 18620/20000  |  Loss: 0.001401  |  LR: 1.00e-06  |  Time: 6.98s
  Epoch 18630/20000  |  Loss: 0.001465  |  LR: 1.00e-06  |  Time: 6.97s
  Epoch 18640/20000  |  Loss: 0.001515  |  LR: 1.00e-06  |  Time: 6.98s
  Epoch 18650/20000  |  Loss: 0.001471  |  LR: 1.00e-06  |  Time: 6.97s
  Epoch 18660/20000  |  Loss: 0.001419  |  LR: 1.00e-06  |  Time: 6.97s
  Epoch 18670/20000  |  Loss: 0.001499  |  LR: 1.00e-06  |  Time: 6.97s
  Epoch 18680/20000  |  Loss: 0.001406  |  LR: 1.00e-06  |  Time: 6.98s
  Epoch 18690/20000  |  Loss: 0.001354  |  LR: 1.00e-06  |  Time: 6.97s
  Epoch 18700/20000  |  Loss: 0.001447  |  LR: 1.00e-06  |  Time: 6.97s
  Epoch 18710/20000  |  Loss: 0.001438  |  LR: 1.00e-06  |  Time: 6.96s
  Epoch 18720/20000  |  Loss: 0.001439  |  LR: 1.00e-06  |  Time: 6.98s
  Epoch 18730/20000  |  Loss: 0.001618  |  LR: 1.00e-06  |  Time: 6.97s
  Epoch 18740/20000  |  Loss: 0.001573  |  LR: 1.00e-06  |  Time: 6.98s
  Epoch 18750/20000  |  Loss: 0.001497  |  LR: 1.00e-06  |  Time: 6.97s
  Epoch 18760/20000  |  Loss: 0.001484  |  LR: 1.00e-06  |  Time: 6.98s
  Epoch 18770/20000  |  Loss: 0.001358  |  LR: 1.00e-06  |  Time: 7.00s
  Epoch 18780/20000  |  Loss: 0.001522  |  LR: 1.00e-06  |  Time: 7.00s
  Epoch 18790/20000  |  Loss: 0.001415  |  LR: 1.00e-06  |  Time: 6.98s
  Epoch 18800/20000  |  Loss: 0.001568  |  LR: 1.00e-06  |  Time: 6.98s
  Epoch 18810/20000  |  Loss: 0.001448  |  LR: 1.00e-06  |  Time: 6.96s
  Epoch 18820/20000  |  Loss: 0.001593  |  LR: 1.00e-06  |  Time: 6.97s
  Epoch 18830/20000  |  Loss: 0.001583  |  LR: 1.00e-06  |  Time: 6.98s
  Epoch 18840/20000  |  Loss: 0.001403  |  LR: 1.00e-06  |  Time: 6.98s
  Epoch 18850/20000  |  Loss: 0.001364  |  LR: 1.00e-06  |  Time: 6.98s
  Epoch 18860/20000  |  Loss: 0.001452  |  LR: 1.00e-06  |  Time: 6.98s
  Epoch 18870/20000  |  Loss: 0.001406  |  LR: 1.00e-06  |  Time: 6.98s
  Epoch 18880/20000  |  Loss: 0.001518  |  LR: 1.00e-06  |  Time: 6.98s
  Epoch 18890/20000  |  Loss: 0.001410  |  LR: 1.00e-06  |  Time: 6.97s
  Epoch 18900/20000  |  Loss: 0.001488  |  LR: 1.00e-06  |  Time: 6.98s
  Epoch 18910/20000  |  Loss: 0.001434  |  LR: 1.00e-06  |  Time: 6.97s
  Epoch 18920/20000  |  Loss: 0.001564  |  LR: 1.00e-06  |  Time: 6.98s
  Epoch 18930/20000  |  Loss: 0.001293  |  LR: 1.00e-06  |  Time: 6.96s
  Epoch 18940/20000  |  Loss: 0.001515  |  LR: 1.00e-06  |  Time: 6.98s
  Epoch 18950/20000  |  Loss: 0.001509  |  LR: 1.00e-06  |  Time: 6.98s
  Epoch 18960/20000  |  Loss: 0.001418  |  LR: 1.00e-06  |  Time: 6.97s
  Epoch 18970/20000  |  Loss: 0.001441  |  LR: 1.00e-06  |  Time: 6.97s
  Epoch 18980/20000  |  Loss: 0.001329  |  LR: 1.00e-06  |  Time: 6.98s
  Epoch 18990/20000  |  Loss: 0.001528  |  LR: 1.00e-06  |  Time: 6.98s
  Epoch 19000/20000  |  Loss: 0.001523  |  LR: 1.00e-06  |  Time: 6.99s
  Epoch 19010/20000  |  Loss: 0.001409  |  LR: 1.00e-06  |  Time: 6.98s
  Epoch 19020/20000  |  Loss: 0.001545  |  LR: 1.00e-06  |  Time: 6.98s
  Epoch 19030/20000  |  Loss: 0.001350  |  LR: 1.00e-06  |  Time: 6.99s
  Epoch 19040/20000  |  Loss: 0.001430  |  LR: 1.00e-06  |  Time: 7.02s
  Epoch 19050/20000  |  Loss: 0.001423  |  LR: 1.00e-06  |  Time: 7.18s
  Epoch 19060/20000  |  Loss: 0.001467  |  LR: 1.00e-06  |  Time: 6.98s
  Epoch 19070/20000  |  Loss: 0.001508  |  LR: 1.00e-06  |  Time: 6.98s
  Epoch 19080/20000  |  Loss: 0.001511  |  LR: 1.00e-06  |  Time: 7.02s
  Epoch 19090/20000  |  Loss: 0.001457  |  LR: 1.00e-06  |  Time: 7.02s
  Epoch 19100/20000  |  Loss: 0.001542  |  LR: 1.00e-06  |  Time: 7.01s
  Epoch 19110/20000  |  Loss: 0.001375  |  LR: 1.00e-06  |  Time: 6.98s
  Epoch 19120/20000  |  Loss: 0.001446  |  LR: 1.00e-06  |  Time: 6.98s
  Epoch 19130/20000  |  Loss: 0.001351  |  LR: 1.00e-06  |  Time: 6.98s
  Epoch 19140/20000  |  Loss: 0.001450  |  LR: 1.00e-06  |  Time: 6.97s
  Epoch 19150/20000  |  Loss: 0.001425  |  LR: 1.00e-06  |  Time: 6.98s
  Epoch 19160/20000  |  Loss: 0.001476  |  LR: 1.00e-06  |  Time: 6.98s
  Epoch 19170/20000  |  Loss: 0.001462  |  LR: 1.00e-06  |  Time: 6.98s
  Epoch 19180/20000  |  Loss: 0.001572  |  LR: 1.00e-06  |  Time: 6.98s
  Epoch 19190/20000  |  Loss: 0.001440  |  LR: 1.00e-06  |  Time: 6.98s
  Epoch 19200/20000  |  Loss: 0.001476  |  LR: 1.00e-06  |  Time: 6.98s
  Epoch 19210/20000  |  Loss: 0.001479  |  LR: 1.00e-06  |  Time: 6.97s
  Epoch 19220/20000  |  Loss: 0.001580  |  LR: 1.00e-06  |  Time: 6.96s
  Epoch 19230/20000  |  Loss: 0.001430  |  LR: 1.00e-06  |  Time: 6.99s
  Epoch 19240/20000  |  Loss: 0.001402  |  LR: 1.00e-06  |  Time: 6.97s
  Epoch 19250/20000  |  Loss: 0.001511  |  LR: 1.00e-06  |  Time: 6.97s
  Epoch 19260/20000  |  Loss: 0.001489  |  LR: 1.00e-06  |  Time: 6.97s
  Epoch 19270/20000  |  Loss: 0.001488  |  LR: 1.00e-06  |  Time: 6.98s
  Epoch 19280/20000  |  Loss: 0.001320  |  LR: 1.00e-06  |  Time: 6.97s
  Epoch 19290/20000  |  Loss: 0.001418  |  LR: 1.00e-06  |  Time: 7.01s
  Epoch 19300/20000  |  Loss: 0.001394  |  LR: 1.00e-06  |  Time: 7.01s
  Epoch 19310/20000  |  Loss: 0.001534  |  LR: 1.00e-06  |  Time: 7.01s
  Epoch 19320/20000  |  Loss: 0.001368  |  LR: 1.00e-06  |  Time: 7.01s
  Epoch 19330/20000  |  Loss: 0.001553  |  LR: 1.00e-06  |  Time: 6.97s
  Epoch 19340/20000  |  Loss: 0.001421  |  LR: 1.00e-06  |  Time: 6.97s
  Epoch 19350/20000  |  Loss: 0.001486  |  LR: 1.00e-06  |  Time: 6.98s
  Epoch 19360/20000  |  Loss: 0.001418  |  LR: 1.00e-06  |  Time: 6.97s
  Epoch 19370/20000  |  Loss: 0.001574  |  LR: 1.00e-06  |  Time: 7.02s
  Epoch 19380/20000  |  Loss: 0.001464  |  LR: 1.00e-06  |  Time: 6.98s
  Epoch 19390/20000  |  Loss: 0.001454  |  LR: 1.00e-06  |  Time: 7.02s
  Epoch 19400/20000  |  Loss: 0.001472  |  LR: 1.00e-06  |  Time: 7.02s
  Epoch 19410/20000  |  Loss: 0.001531  |  LR: 1.00e-06  |  Time: 7.03s
  Epoch 19420/20000  |  Loss: 0.001419  |  LR: 1.00e-06  |  Time: 6.99s
  Epoch 19430/20000  |  Loss: 0.001449  |  LR: 1.00e-06  |  Time: 6.97s
  Epoch 19440/20000  |  Loss: 0.001438  |  LR: 1.00e-06  |  Time: 7.01s
  Epoch 19450/20000  |  Loss: 0.001446  |  LR: 1.00e-06  |  Time: 6.98s
  Epoch 19460/20000  |  Loss: 0.001467  |  LR: 1.00e-06  |  Time: 6.97s
  Epoch 19470/20000  |  Loss: 0.001361  |  LR: 1.00e-06  |  Time: 6.97s
  Epoch 19480/20000  |  Loss: 0.001430  |  LR: 1.00e-06  |  Time: 7.01s
  Epoch 19490/20000  |  Loss: 0.001479  |  LR: 1.00e-06  |  Time: 7.01s
  Epoch 19500/20000  |  Loss: 0.001391  |  LR: 1.00e-06  |  Time: 7.03s
  Epoch 19510/20000  |  Loss: 0.001419  |  LR: 1.00e-06  |  Time: 6.98s
  Epoch 19520/20000  |  Loss: 0.001311  |  LR: 1.00e-06  |  Time: 6.97s
  Epoch 19530/20000  |  Loss: 0.001444  |  LR: 1.00e-06  |  Time: 6.97s
  Epoch 19540/20000  |  Loss: 0.001361  |  LR: 1.00e-06  |  Time: 6.99s
  Epoch 19550/20000  |  Loss: 0.001445  |  LR: 1.00e-06  |  Time: 6.97s
  Epoch 19560/20000  |  Loss: 0.001506  |  LR: 1.00e-06  |  Time: 6.97s
  Epoch 19570/20000  |  Loss: 0.001516  |  LR: 1.00e-06  |  Time: 6.97s
  Epoch 19580/20000  |  Loss: 0.001443  |  LR: 1.00e-06  |  Time: 6.97s
  Epoch 19590/20000  |  Loss: 0.001484  |  LR: 1.00e-06  |  Time: 6.97s
  Epoch 19600/20000  |  Loss: 0.001411  |  LR: 1.00e-06  |  Time: 6.97s
  Epoch 19610/20000  |  Loss: 0.001449  |  LR: 1.00e-06  |  Time: 6.98s
  Epoch 19620/20000  |  Loss: 0.001452  |  LR: 1.00e-06  |  Time: 6.98s
  Epoch 19630/20000  |  Loss: 0.001579  |  LR: 1.00e-06  |  Time: 6.98s
  Epoch 19640/20000  |  Loss: 0.001337  |  LR: 1.00e-06  |  Time: 6.98s
  Epoch 19650/20000  |  Loss: 0.001361  |  LR: 1.00e-06  |  Time: 6.97s
  Epoch 19660/20000  |  Loss: 0.001395  |  LR: 1.00e-06  |  Time: 6.98s
  Epoch 19670/20000  |  Loss: 0.001606  |  LR: 1.00e-06  |  Time: 6.98s
  Epoch 19680/20000  |  Loss: 0.001611  |  LR: 1.00e-06  |  Time: 6.98s
  Epoch 19690/20000  |  Loss: 0.001585  |  LR: 1.00e-06  |  Time: 6.98s
  Epoch 19700/20000  |  Loss: 0.001467  |  LR: 1.00e-06  |  Time: 6.98s
  Epoch 19710/20000  |  Loss: 0.001440  |  LR: 1.00e-06  |  Time: 6.98s
  Epoch 19720/20000  |  Loss: 0.001467  |  LR: 1.00e-06  |  Time: 6.97s
  Epoch 19730/20000  |  Loss: 0.001480  |  LR: 1.00e-06  |  Time: 6.97s
  Epoch 19740/20000  |  Loss: 0.001319  |  LR: 1.00e-06  |  Time: 6.98s
  Epoch 19750/20000  |  Loss: 0.001342  |  LR: 1.00e-06  |  Time: 6.97s
  Epoch 19760/20000  |  Loss: 0.001544  |  LR: 1.00e-06  |  Time: 6.97s
  Epoch 19770/20000  |  Loss: 0.001373  |  LR: 1.00e-06  |  Time: 6.98s
  Epoch 19780/20000  |  Loss: 0.001447  |  LR: 1.00e-06  |  Time: 6.97s
  Epoch 19790/20000  |  Loss: 0.001533  |  LR: 1.00e-06  |  Time: 6.97s
  Epoch 19800/20000  |  Loss: 0.001514  |  LR: 1.00e-06  |  Time: 6.98s
  Epoch 19810/20000  |  Loss: 0.001494  |  LR: 1.00e-06  |  Time: 6.99s
  Epoch 19820/20000  |  Loss: 0.001398  |  LR: 1.00e-06  |  Time: 6.98s
  Epoch 19830/20000  |  Loss: 0.001455  |  LR: 1.00e-06  |  Time: 6.99s
  Epoch 19840/20000  |  Loss: 0.001426  |  LR: 1.00e-06  |  Time: 6.98s
  Epoch 19850/20000  |  Loss: 0.001480  |  LR: 1.00e-06  |  Time: 6.97s
  Epoch 19860/20000  |  Loss: 0.001500  |  LR: 1.00e-06  |  Time: 6.98s
  Epoch 19870/20000  |  Loss: 0.001435  |  LR: 1.00e-06  |  Time: 6.98s
  Epoch 19880/20000  |  Loss: 0.001500  |  LR: 1.00e-06  |  Time: 6.97s
  Epoch 19890/20000  |  Loss: 0.001469  |  LR: 1.00e-06  |  Time: 6.99s
  Epoch 19900/20000  |  Loss: 0.001432  |  LR: 1.00e-06  |  Time: 6.98s
  Epoch 19910/20000  |  Loss: 0.001492  |  LR: 1.00e-06  |  Time: 6.98s
  Epoch 19920/20000  |  Loss: 0.001423  |  LR: 1.00e-06  |  Time: 6.97s
  Epoch 19930/20000  |  Loss: 0.001542  |  LR: 1.00e-06  |  Time: 6.97s
  Epoch 19940/20000  |  Loss: 0.001522  |  LR: 1.00e-06  |  Time: 6.99s
  Epoch 19950/20000  |  Loss: 0.001425  |  LR: 1.00e-06  |  Time: 6.98s
  Epoch 19960/20000  |  Loss: 0.001370  |  LR: 1.00e-06  |  Time: 6.98s
  Epoch 19970/20000  |  Loss: 0.001466  |  LR: 1.00e-06  |  Time: 6.98s
  Epoch 19980/20000  |  Loss: 0.001459  |  LR: 1.00e-06  |  Time: 6.98s
  Epoch 19990/20000  |  Loss: 0.001416  |  LR: 1.00e-06  |  Time: 6.97s
  Epoch 19999/20000  |  Loss: 0.001424  |  LR: 1.00e-06  |  Time: 6.98s
[Utils] Checkpoint saved: /home/u00134/src/logs/deep_v9_dit_b_20k/checkpoint_final.pt
------------------------------------------------------------

[Done] Training complete!
  Total time:   83802.5s (1396.7 min)
  Final loss:   0.001424
  Best loss:    0.001238 (epoch 19997)
  Run dir:      /home/u00134/src/logs/deep_v9_dit_b_20k
  Scaler:       /home/u00134/src/logs/deep_v9_dit_b_20k/scaler.pt
  Loss history: /home/u00134/src/logs/deep_v9_dit_b_20k/loss_history.csv
