nohup: ignoring input
[Config] CUDA detected: NVIDIA RTX A6000 x2
[Utils] Random seed set to 42
============================================================
  1D-DDPM Training Pipeline
============================================================
  Backbone:   dit-b
  Device:     cuda
  Epochs:     8000
  Batch size: 64
  LR:         0.0002
  Warmup:     200 epochs
  T:          1000
============================================================

[Phase 1] Loading data...
[Dataset] Loaded 14734 rows from /home/u00134/data/train_sp500_us10y.csv
[Scaler] Fitted on 14734 samples
  sp500: mean=0.000315, std=0.010551
  DGS10: mean=0.000026, std=0.066899
[Dataset] 2538 windows (seq_len=2048, stride=5, total_rows=14734)
  Samples:      2538
  Batches/epoch: 39

[Phase 2] Building model...
  DIT-B parameters: 57,932,320
[Utils] Run directory: /home/u00134/src/logs/deep_v9_dit_b
[Utils] Config snapshot saved to /home/u00134/src/logs/deep_v9_dit_b/config.json
[Scaler] Parameters saved to /home/u00134/src/logs/deep_v9_dit_b/scaler.pt

[Phase 3] Training starts (epoch 0 → 7999)...
------------------------------------------------------------
  Epoch    0/8000  |  Loss: 0.701393  |  LR: 1.00e-06  |  Time: 7.14s
  Epoch   10/8000  |  Loss: 0.287808  |  LR: 1.10e-05  |  Time: 6.79s
  Epoch   20/8000  |  Loss: 0.276456  |  LR: 2.10e-05  |  Time: 6.85s
  Epoch   30/8000  |  Loss: 0.258388  |  LR: 3.10e-05  |  Time: 6.89s
  Epoch   40/8000  |  Loss: 0.260160  |  LR: 4.10e-05  |  Time: 6.90s
  Epoch   50/8000  |  Loss: 0.251557  |  LR: 5.10e-05  |  Time: 6.89s
  Epoch   60/8000  |  Loss: 0.246930  |  LR: 6.10e-05  |  Time: 6.90s
  Epoch   70/8000  |  Loss: 0.242998  |  LR: 7.10e-05  |  Time: 6.89s
  Epoch   80/8000  |  Loss: 0.246422  |  LR: 8.10e-05  |  Time: 6.88s
  Epoch   90/8000  |  Loss: 0.246146  |  LR: 9.10e-05  |  Time: 6.88s
  Epoch  100/8000  |  Loss: 0.235113  |  LR: 1.01e-04  |  Time: 6.89s
  Epoch  110/8000  |  Loss: 0.235212  |  LR: 1.11e-04  |  Time: 6.90s
  Epoch  120/8000  |  Loss: 0.225756  |  LR: 1.21e-04  |  Time: 6.91s
  Epoch  130/8000  |  Loss: 0.236261  |  LR: 1.31e-04  |  Time: 6.90s
  Epoch  140/8000  |  Loss: 0.215339  |  LR: 1.41e-04  |  Time: 6.90s
  Epoch  150/8000  |  Loss: 0.198371  |  LR: 1.51e-04  |  Time: 6.89s
  Epoch  160/8000  |  Loss: 0.197272  |  LR: 1.61e-04  |  Time: 6.91s
  Epoch  170/8000  |  Loss: 0.197887  |  LR: 1.71e-04  |  Time: 6.90s
  Epoch  180/8000  |  Loss: 0.193096  |  LR: 1.81e-04  |  Time: 6.91s
  Epoch  190/8000  |  Loss: 0.181169  |  LR: 1.91e-04  |  Time: 6.91s
  Epoch  200/8000  |  Loss: 0.172019  |  LR: 2.00e-04  |  Time: 6.89s
  Epoch  210/8000  |  Loss: 0.170776  |  LR: 2.00e-04  |  Time: 6.89s
  Epoch  220/8000  |  Loss: 0.158235  |  LR: 2.00e-04  |  Time: 6.91s
  Epoch  230/8000  |  Loss: 0.153741  |  LR: 2.00e-04  |  Time: 6.89s
  Epoch  240/8000  |  Loss: 0.154330  |  LR: 2.00e-04  |  Time: 6.90s
  Epoch  250/8000  |  Loss: 0.141470  |  LR: 2.00e-04  |  Time: 6.89s
  Epoch  260/8000  |  Loss: 0.146162  |  LR: 2.00e-04  |  Time: 6.92s
  Epoch  270/8000  |  Loss: 0.134784  |  LR: 2.00e-04  |  Time: 6.90s
  Epoch  280/8000  |  Loss: 0.122223  |  LR: 2.00e-04  |  Time: 6.89s
  Epoch  290/8000  |  Loss: 0.122749  |  LR: 2.00e-04  |  Time: 6.92s
  Epoch  300/8000  |  Loss: 0.119769  |  LR: 2.00e-04  |  Time: 6.90s
  Epoch  310/8000  |  Loss: 0.118645  |  LR: 2.00e-04  |  Time: 6.89s
  Epoch  320/8000  |  Loss: 0.114763  |  LR: 2.00e-04  |  Time: 6.89s
  Epoch  330/8000  |  Loss: 0.110837  |  LR: 2.00e-04  |  Time: 6.89s
  Epoch  340/8000  |  Loss: 0.107943  |  LR: 2.00e-04  |  Time: 6.90s
  Epoch  350/8000  |  Loss: 0.101503  |  LR: 2.00e-04  |  Time: 6.91s
  Epoch  360/8000  |  Loss: 0.099840  |  LR: 2.00e-04  |  Time: 6.89s
  Epoch  370/8000  |  Loss: 0.099870  |  LR: 2.00e-04  |  Time: 6.89s
  Epoch  380/8000  |  Loss: 0.094744  |  LR: 2.00e-04  |  Time: 6.90s
  Epoch  390/8000  |  Loss: 0.095812  |  LR: 2.00e-04  |  Time: 6.91s
  Epoch  400/8000  |  Loss: 0.094127  |  LR: 2.00e-04  |  Time: 6.91s
  Epoch  410/8000  |  Loss: 0.088963  |  LR: 2.00e-04  |  Time: 6.89s
  Epoch  420/8000  |  Loss: 0.089210  |  LR: 2.00e-04  |  Time: 6.90s
  Epoch  430/8000  |  Loss: 0.083964  |  LR: 2.00e-04  |  Time: 6.90s
  Epoch  440/8000  |  Loss: 0.080582  |  LR: 2.00e-04  |  Time: 6.91s
  Epoch  450/8000  |  Loss: 0.078272  |  LR: 1.99e-04  |  Time: 6.91s
  Epoch  460/8000  |  Loss: 0.077960  |  LR: 1.99e-04  |  Time: 6.89s
  Epoch  470/8000  |  Loss: 0.075487  |  LR: 1.99e-04  |  Time: 6.89s
  Epoch  480/8000  |  Loss: 0.075247  |  LR: 1.99e-04  |  Time: 6.89s
  Epoch  490/8000  |  Loss: 0.067139  |  LR: 1.99e-04  |  Time: 6.90s
  Epoch  500/8000  |  Loss: 0.069808  |  LR: 1.99e-04  |  Time: 6.89s
  Epoch  510/8000  |  Loss: 0.061887  |  LR: 1.99e-04  |  Time: 6.90s
  Epoch  520/8000  |  Loss: 0.062567  |  LR: 1.99e-04  |  Time: 6.89s
  Epoch  530/8000  |  Loss: 0.059344  |  LR: 1.99e-04  |  Time: 6.88s
  Epoch  540/8000  |  Loss: 0.062094  |  LR: 1.99e-04  |  Time: 6.91s
  Epoch  550/8000  |  Loss: 0.057805  |  LR: 1.99e-04  |  Time: 6.88s
  Epoch  560/8000  |  Loss: 0.051896  |  LR: 1.99e-04  |  Time: 6.90s
  Epoch  570/8000  |  Loss: 0.049656  |  LR: 1.99e-04  |  Time: 6.92s
  Epoch  580/8000  |  Loss: 0.050451  |  LR: 1.99e-04  |  Time: 6.90s
  Epoch  590/8000  |  Loss: 0.051307  |  LR: 1.99e-04  |  Time: 6.89s
  Epoch  600/8000  |  Loss: 0.051491  |  LR: 1.99e-04  |  Time: 6.91s
  Epoch  610/8000  |  Loss: 0.044290  |  LR: 1.99e-04  |  Time: 6.90s
  Epoch  620/8000  |  Loss: 0.043385  |  LR: 1.99e-04  |  Time: 6.90s
  Epoch  630/8000  |  Loss: 0.044036  |  LR: 1.99e-04  |  Time: 6.89s
  Epoch  640/8000  |  Loss: 0.039405  |  LR: 1.98e-04  |  Time: 6.90s
  Epoch  650/8000  |  Loss: 0.043942  |  LR: 1.98e-04  |  Time: 6.89s
  Epoch  660/8000  |  Loss: 0.040128  |  LR: 1.98e-04  |  Time: 6.91s
  Epoch  670/8000  |  Loss: 0.040584  |  LR: 1.98e-04  |  Time: 6.91s
  Epoch  680/8000  |  Loss: 0.041093  |  LR: 1.98e-04  |  Time: 6.90s
  Epoch  690/8000  |  Loss: 0.037320  |  LR: 1.98e-04  |  Time: 6.89s
  Epoch  700/8000  |  Loss: 0.035989  |  LR: 1.98e-04  |  Time: 6.91s
  Epoch  710/8000  |  Loss: 0.039562  |  LR: 1.98e-04  |  Time: 6.89s
  Epoch  720/8000  |  Loss: 0.040089  |  LR: 1.98e-04  |  Time: 6.90s
  Epoch  730/8000  |  Loss: 0.039205  |  LR: 1.98e-04  |  Time: 6.90s
  Epoch  740/8000  |  Loss: 0.034870  |  LR: 1.98e-04  |  Time: 6.91s
  Epoch  750/8000  |  Loss: 0.038074  |  LR: 1.98e-04  |  Time: 6.89s
  Epoch  760/8000  |  Loss: 0.034010  |  LR: 1.97e-04  |  Time: 6.91s
  Epoch  770/8000  |  Loss: 0.035600  |  LR: 1.97e-04  |  Time: 6.90s
  Epoch  780/8000  |  Loss: 0.034471  |  LR: 1.97e-04  |  Time: 6.92s
  Epoch  790/8000  |  Loss: 0.031800  |  LR: 1.97e-04  |  Time: 6.90s
  Epoch  800/8000  |  Loss: 0.034258  |  LR: 1.97e-04  |  Time: 6.89s
  Epoch  810/8000  |  Loss: 0.033183  |  LR: 1.97e-04  |  Time: 6.90s
  Epoch  820/8000  |  Loss: 0.034534  |  LR: 1.97e-04  |  Time: 6.91s
  Epoch  830/8000  |  Loss: 0.034289  |  LR: 1.97e-04  |  Time: 6.90s
  Epoch  840/8000  |  Loss: 0.031914  |  LR: 1.97e-04  |  Time: 6.90s
  Epoch  850/8000  |  Loss: 0.031639  |  LR: 1.97e-04  |  Time: 6.90s
  Epoch  860/8000  |  Loss: 0.033454  |  LR: 1.96e-04  |  Time: 6.90s
  Epoch  870/8000  |  Loss: 0.028808  |  LR: 1.96e-04  |  Time: 6.91s
  Epoch  880/8000  |  Loss: 0.032816  |  LR: 1.96e-04  |  Time: 6.92s
  Epoch  890/8000  |  Loss: 0.028836  |  LR: 1.96e-04  |  Time: 6.90s
  Epoch  900/8000  |  Loss: 0.032044  |  LR: 1.96e-04  |  Time: 6.90s
  Epoch  910/8000  |  Loss: 0.029959  |  LR: 1.96e-04  |  Time: 6.89s
  Epoch  920/8000  |  Loss: 0.026565  |  LR: 1.96e-04  |  Time: 6.90s
  Epoch  930/8000  |  Loss: 0.026602  |  LR: 1.96e-04  |  Time: 6.90s
  Epoch  940/8000  |  Loss: 0.028951  |  LR: 1.96e-04  |  Time: 6.89s
  Epoch  950/8000  |  Loss: 0.025026  |  LR: 1.95e-04  |  Time: 6.90s
  Epoch  960/8000  |  Loss: 0.025818  |  LR: 1.95e-04  |  Time: 6.90s
  Epoch  970/8000  |  Loss: 0.024643  |  LR: 1.95e-04  |  Time: 6.91s
  Epoch  980/8000  |  Loss: 0.029619  |  LR: 1.95e-04  |  Time: 6.89s
  Epoch  990/8000  |  Loss: 0.026273  |  LR: 1.95e-04  |  Time: 6.89s
  Epoch 1000/8000  |  Loss: 0.028954  |  LR: 1.95e-04  |  Time: 6.91s
  Epoch 1010/8000  |  Loss: 0.026657  |  LR: 1.95e-04  |  Time: 6.91s
  Epoch 1020/8000  |  Loss: 0.027789  |  LR: 1.95e-04  |  Time: 6.91s
  Epoch 1030/8000  |  Loss: 0.025424  |  LR: 1.94e-04  |  Time: 6.88s
  Epoch 1040/8000  |  Loss: 0.024196  |  LR: 1.94e-04  |  Time: 6.91s
  Epoch 1050/8000  |  Loss: 0.028291  |  LR: 1.94e-04  |  Time: 6.88s
  Epoch 1060/8000  |  Loss: 0.027607  |  LR: 1.94e-04  |  Time: 6.89s
  Epoch 1070/8000  |  Loss: 0.024300  |  LR: 1.94e-04  |  Time: 6.90s
  Epoch 1080/8000  |  Loss: 0.024261  |  LR: 1.94e-04  |  Time: 6.89s
  Epoch 1090/8000  |  Loss: 0.023476  |  LR: 1.94e-04  |  Time: 6.89s
  Epoch 1100/8000  |  Loss: 0.023773  |  LR: 1.94e-04  |  Time: 6.89s
  Epoch 1110/8000  |  Loss: 0.023737  |  LR: 1.93e-04  |  Time: 6.89s
  Epoch 1120/8000  |  Loss: 0.026524  |  LR: 1.93e-04  |  Time: 6.89s
  Epoch 1130/8000  |  Loss: 0.027316  |  LR: 1.93e-04  |  Time: 6.91s
  Epoch 1140/8000  |  Loss: 0.024183  |  LR: 1.93e-04  |  Time: 6.89s
  Epoch 1150/8000  |  Loss: 0.025519  |  LR: 1.93e-04  |  Time: 6.90s
  Epoch 1160/8000  |  Loss: 0.025577  |  LR: 1.93e-04  |  Time: 6.91s
  Epoch 1170/8000  |  Loss: 0.024495  |  LR: 1.92e-04  |  Time: 6.89s
  Epoch 1180/8000  |  Loss: 0.023945  |  LR: 1.92e-04  |  Time: 6.91s
  Epoch 1190/8000  |  Loss: 0.023126  |  LR: 1.92e-04  |  Time: 6.90s
  Epoch 1200/8000  |  Loss: 0.019956  |  LR: 1.92e-04  |  Time: 6.90s
  Epoch 1210/8000  |  Loss: 0.022428  |  LR: 1.92e-04  |  Time: 6.89s
  Epoch 1220/8000  |  Loss: 0.018991  |  LR: 1.92e-04  |  Time: 6.91s
  Epoch 1230/8000  |  Loss: 0.024953  |  LR: 1.92e-04  |  Time: 6.90s
  Epoch 1240/8000  |  Loss: 0.022394  |  LR: 1.91e-04  |  Time: 6.91s
  Epoch 1250/8000  |  Loss: 0.021941  |  LR: 1.91e-04  |  Time: 6.91s
  Epoch 1260/8000  |  Loss: 0.019673  |  LR: 1.91e-04  |  Time: 6.89s
  Epoch 1270/8000  |  Loss: 0.025434  |  LR: 1.91e-04  |  Time: 6.88s
  Epoch 1280/8000  |  Loss: 0.021892  |  LR: 1.91e-04  |  Time: 6.88s
  Epoch 1290/8000  |  Loss: 0.020924  |  LR: 1.91e-04  |  Time: 6.90s
  Epoch 1300/8000  |  Loss: 0.024710  |  LR: 1.90e-04  |  Time: 6.91s
  Epoch 1310/8000  |  Loss: 0.022728  |  LR: 1.90e-04  |  Time: 6.89s
  Epoch 1320/8000  |  Loss: 0.020991  |  LR: 1.90e-04  |  Time: 6.90s
  Epoch 1330/8000  |  Loss: 0.021181  |  LR: 1.90e-04  |  Time: 6.89s
  Epoch 1340/8000  |  Loss: 0.020434  |  LR: 1.90e-04  |  Time: 6.89s
  Epoch 1350/8000  |  Loss: 0.019398  |  LR: 1.89e-04  |  Time: 6.89s
  Epoch 1360/8000  |  Loss: 0.021360  |  LR: 1.89e-04  |  Time: 6.91s
  Epoch 1370/8000  |  Loss: 0.020355  |  LR: 1.89e-04  |  Time: 6.91s
  Epoch 1380/8000  |  Loss: 0.021829  |  LR: 1.89e-04  |  Time: 6.89s
  Epoch 1390/8000  |  Loss: 0.018380  |  LR: 1.89e-04  |  Time: 6.89s
  Epoch 1400/8000  |  Loss: 0.020896  |  LR: 1.89e-04  |  Time: 6.90s
  Epoch 1410/8000  |  Loss: 0.020455  |  LR: 1.88e-04  |  Time: 6.89s
  Epoch 1420/8000  |  Loss: 0.019273  |  LR: 1.88e-04  |  Time: 6.89s
  Epoch 1430/8000  |  Loss: 0.021499  |  LR: 1.88e-04  |  Time: 6.89s
  Epoch 1440/8000  |  Loss: 0.022815  |  LR: 1.88e-04  |  Time: 6.89s
  Epoch 1450/8000  |  Loss: 0.020719  |  LR: 1.88e-04  |  Time: 6.90s
  Epoch 1460/8000  |  Loss: 0.021047  |  LR: 1.87e-04  |  Time: 6.89s
  Epoch 1470/8000  |  Loss: 0.018448  |  LR: 1.87e-04  |  Time: 6.90s
  Epoch 1480/8000  |  Loss: 0.021234  |  LR: 1.87e-04  |  Time: 6.90s
  Epoch 1490/8000  |  Loss: 0.020692  |  LR: 1.87e-04  |  Time: 6.91s
  Epoch 1500/8000  |  Loss: 0.018564  |  LR: 1.87e-04  |  Time: 6.90s
  Epoch 1510/8000  |  Loss: 0.020975  |  LR: 1.86e-04  |  Time: 6.90s
  Epoch 1520/8000  |  Loss: 0.020723  |  LR: 1.86e-04  |  Time: 6.89s
  Epoch 1530/8000  |  Loss: 0.020438  |  LR: 1.86e-04  |  Time: 6.89s
  Epoch 1540/8000  |  Loss: 0.021451  |  LR: 1.86e-04  |  Time: 6.89s
  Epoch 1550/8000  |  Loss: 0.017995  |  LR: 1.86e-04  |  Time: 6.91s
  Epoch 1560/8000  |  Loss: 0.019543  |  LR: 1.85e-04  |  Time: 6.91s
  Epoch 1570/8000  |  Loss: 0.020206  |  LR: 1.85e-04  |  Time: 6.88s
  Epoch 1580/8000  |  Loss: 0.021292  |  LR: 1.85e-04  |  Time: 6.90s
  Epoch 1590/8000  |  Loss: 0.018508  |  LR: 1.85e-04  |  Time: 6.90s
  Epoch 1600/8000  |  Loss: 0.022005  |  LR: 1.85e-04  |  Time: 6.89s
  Epoch 1610/8000  |  Loss: 0.016292  |  LR: 1.84e-04  |  Time: 6.89s
  Epoch 1620/8000  |  Loss: 0.018452  |  LR: 1.84e-04  |  Time: 6.90s
  Epoch 1630/8000  |  Loss: 0.016572  |  LR: 1.84e-04  |  Time: 6.90s
  Epoch 1640/8000  |  Loss: 0.020040  |  LR: 1.84e-04  |  Time: 6.89s
  Epoch 1650/8000  |  Loss: 0.017845  |  LR: 1.83e-04  |  Time: 6.89s
  Epoch 1660/8000  |  Loss: 0.017056  |  LR: 1.83e-04  |  Time: 6.90s
  Epoch 1670/8000  |  Loss: 0.017523  |  LR: 1.83e-04  |  Time: 6.90s
  Epoch 1680/8000  |  Loss: 0.019587  |  LR: 1.83e-04  |  Time: 6.89s
  Epoch 1690/8000  |  Loss: 0.018436  |  LR: 1.83e-04  |  Time: 6.89s
  Epoch 1700/8000  |  Loss: 0.019141  |  LR: 1.82e-04  |  Time: 6.90s
  Epoch 1710/8000  |  Loss: 0.019876  |  LR: 1.82e-04  |  Time: 6.89s
  Epoch 1720/8000  |  Loss: 0.016297  |  LR: 1.82e-04  |  Time: 6.89s
  Epoch 1730/8000  |  Loss: 0.016756  |  LR: 1.82e-04  |  Time: 6.91s
  Epoch 1740/8000  |  Loss: 0.017335  |  LR: 1.81e-04  |  Time: 6.90s
  Epoch 1750/8000  |  Loss: 0.015627  |  LR: 1.81e-04  |  Time: 6.89s
  Epoch 1760/8000  |  Loss: 0.020546  |  LR: 1.81e-04  |  Time: 6.90s
  Epoch 1770/8000  |  Loss: 0.020821  |  LR: 1.81e-04  |  Time: 6.89s
  Epoch 1780/8000  |  Loss: 0.016875  |  LR: 1.80e-04  |  Time: 6.91s
  Epoch 1790/8000  |  Loss: 0.018285  |  LR: 1.80e-04  |  Time: 6.92s
  Epoch 1800/8000  |  Loss: 0.018511  |  LR: 1.80e-04  |  Time: 6.90s
  Epoch 1810/8000  |  Loss: 0.018996  |  LR: 1.80e-04  |  Time: 6.89s
  Epoch 1820/8000  |  Loss: 0.018506  |  LR: 1.80e-04  |  Time: 6.90s
  Epoch 1830/8000  |  Loss: 0.014877  |  LR: 1.79e-04  |  Time: 6.91s
  Epoch 1840/8000  |  Loss: 0.016915  |  LR: 1.79e-04  |  Time: 6.89s
  Epoch 1850/8000  |  Loss: 0.016959  |  LR: 1.79e-04  |  Time: 6.90s
  Epoch 1860/8000  |  Loss: 0.016530  |  LR: 1.79e-04  |  Time: 6.90s
  Epoch 1870/8000  |  Loss: 0.015883  |  LR: 1.78e-04  |  Time: 6.90s
  Epoch 1880/8000  |  Loss: 0.014912  |  LR: 1.78e-04  |  Time: 6.90s
  Epoch 1890/8000  |  Loss: 0.017494  |  LR: 1.78e-04  |  Time: 6.89s
  Epoch 1900/8000  |  Loss: 0.017535  |  LR: 1.78e-04  |  Time: 6.91s
  Epoch 1910/8000  |  Loss: 0.018378  |  LR: 1.77e-04  |  Time: 6.90s
  Epoch 1920/8000  |  Loss: 0.016558  |  LR: 1.77e-04  |  Time: 6.90s
  Epoch 1930/8000  |  Loss: 0.017060  |  LR: 1.77e-04  |  Time: 6.90s
  Epoch 1940/8000  |  Loss: 0.016440  |  LR: 1.77e-04  |  Time: 6.89s
  Epoch 1950/8000  |  Loss: 0.016899  |  LR: 1.76e-04  |  Time: 6.90s
  Epoch 1960/8000  |  Loss: 0.017531  |  LR: 1.76e-04  |  Time: 6.90s
  Epoch 1970/8000  |  Loss: 0.017047  |  LR: 1.76e-04  |  Time: 6.89s
  Epoch 1980/8000  |  Loss: 0.016379  |  LR: 1.75e-04  |  Time: 6.90s
  Epoch 1990/8000  |  Loss: 0.014675  |  LR: 1.75e-04  |  Time: 6.91s
  Epoch 2000/8000  |  Loss: 0.017124  |  LR: 1.75e-04  |  Time: 6.91s
  Epoch 2010/8000  |  Loss: 0.013961  |  LR: 1.75e-04  |  Time: 6.89s
  Epoch 2020/8000  |  Loss: 0.014522  |  LR: 1.74e-04  |  Time: 6.90s
  Epoch 2030/8000  |  Loss: 0.013590  |  LR: 1.74e-04  |  Time: 6.90s
  Epoch 2040/8000  |  Loss: 0.015713  |  LR: 1.74e-04  |  Time: 6.90s
  Epoch 2050/8000  |  Loss: 0.015428  |  LR: 1.74e-04  |  Time: 6.89s
  Epoch 2060/8000  |  Loss: 0.017210  |  LR: 1.73e-04  |  Time: 6.89s
  Epoch 2070/8000  |  Loss: 0.016851  |  LR: 1.73e-04  |  Time: 6.90s
  Epoch 2080/8000  |  Loss: 0.014826  |  LR: 1.73e-04  |  Time: 6.90s
  Epoch 2090/8000  |  Loss: 0.015492  |  LR: 1.73e-04  |  Time: 6.91s
  Epoch 2100/8000  |  Loss: 0.014902  |  LR: 1.72e-04  |  Time: 6.89s
  Epoch 2110/8000  |  Loss: 0.015752  |  LR: 1.72e-04  |  Time: 6.89s
  Epoch 2120/8000  |  Loss: 0.014592  |  LR: 1.72e-04  |  Time: 6.90s
  Epoch 2130/8000  |  Loss: 0.017709  |  LR: 1.71e-04  |  Time: 6.91s
  Epoch 2140/8000  |  Loss: 0.016460  |  LR: 1.71e-04  |  Time: 6.90s
  Epoch 2150/8000  |  Loss: 0.014076  |  LR: 1.71e-04  |  Time: 6.91s
  Epoch 2160/8000  |  Loss: 0.016291  |  LR: 1.71e-04  |  Time: 6.90s
  Epoch 2170/8000  |  Loss: 0.014816  |  LR: 1.70e-04  |  Time: 6.88s
  Epoch 2180/8000  |  Loss: 0.015407  |  LR: 1.70e-04  |  Time: 6.89s
  Epoch 2190/8000  |  Loss: 0.014888  |  LR: 1.70e-04  |  Time: 6.90s
  Epoch 2200/8000  |  Loss: 0.014564  |  LR: 1.69e-04  |  Time: 6.90s
  Epoch 2210/8000  |  Loss: 0.014683  |  LR: 1.69e-04  |  Time: 6.91s
  Epoch 2220/8000  |  Loss: 0.014690  |  LR: 1.69e-04  |  Time: 6.90s
  Epoch 2230/8000  |  Loss: 0.011372  |  LR: 1.69e-04  |  Time: 6.90s
  Epoch 2240/8000  |  Loss: 0.015468  |  LR: 1.68e-04  |  Time: 6.89s
  Epoch 2250/8000  |  Loss: 0.015050  |  LR: 1.68e-04  |  Time: 6.89s
  Epoch 2260/8000  |  Loss: 0.014585  |  LR: 1.68e-04  |  Time: 6.89s
  Epoch 2270/8000  |  Loss: 0.011194  |  LR: 1.67e-04  |  Time: 6.90s
  Epoch 2280/8000  |  Loss: 0.015448  |  LR: 1.67e-04  |  Time: 6.89s
  Epoch 2290/8000  |  Loss: 0.015502  |  LR: 1.67e-04  |  Time: 6.89s
  Epoch 2300/8000  |  Loss: 0.016380  |  LR: 1.66e-04  |  Time: 6.89s
  Epoch 2310/8000  |  Loss: 0.014390  |  LR: 1.66e-04  |  Time: 6.91s
  Epoch 2320/8000  |  Loss: 0.016349  |  LR: 1.66e-04  |  Time: 6.89s
  Epoch 2330/8000  |  Loss: 0.013667  |  LR: 1.66e-04  |  Time: 6.89s
  Epoch 2340/8000  |  Loss: 0.015365  |  LR: 1.65e-04  |  Time: 6.89s
  Epoch 2350/8000  |  Loss: 0.012513  |  LR: 1.65e-04  |  Time: 6.90s
  Epoch 2360/8000  |  Loss: 0.015325  |  LR: 1.65e-04  |  Time: 6.91s
  Epoch 2370/8000  |  Loss: 0.014583  |  LR: 1.64e-04  |  Time: 6.89s
  Epoch 2380/8000  |  Loss: 0.013425  |  LR: 1.64e-04  |  Time: 6.89s
  Epoch 2390/8000  |  Loss: 0.014227  |  LR: 1.64e-04  |  Time: 6.91s
  Epoch 2400/8000  |  Loss: 0.013173  |  LR: 1.63e-04  |  Time: 6.88s
  Epoch 2410/8000  |  Loss: 0.011112  |  LR: 1.63e-04  |  Time: 6.89s
  Epoch 2420/8000  |  Loss: 0.017706  |  LR: 1.63e-04  |  Time: 6.90s
  Epoch 2430/8000  |  Loss: 0.015633  |  LR: 1.62e-04  |  Time: 6.89s
  Epoch 2440/8000  |  Loss: 0.011498  |  LR: 1.62e-04  |  Time: 6.90s
  Epoch 2450/8000  |  Loss: 0.012732  |  LR: 1.62e-04  |  Time: 6.90s
  Epoch 2460/8000  |  Loss: 0.013778  |  LR: 1.62e-04  |  Time: 6.89s
  Epoch 2470/8000  |  Loss: 0.012086  |  LR: 1.61e-04  |  Time: 6.90s
  Epoch 2480/8000  |  Loss: 0.012811  |  LR: 1.61e-04  |  Time: 6.89s
  Epoch 2490/8000  |  Loss: 0.015981  |  LR: 1.61e-04  |  Time: 6.90s
  Epoch 2500/8000  |  Loss: 0.013109  |  LR: 1.60e-04  |  Time: 6.89s
  Epoch 2510/8000  |  Loss: 0.012939  |  LR: 1.60e-04  |  Time: 6.89s
  Epoch 2520/8000  |  Loss: 0.013747  |  LR: 1.60e-04  |  Time: 6.91s
  Epoch 2530/8000  |  Loss: 0.014287  |  LR: 1.59e-04  |  Time: 6.89s
  Epoch 2540/8000  |  Loss: 0.012864  |  LR: 1.59e-04  |  Time: 6.89s
  Epoch 2550/8000  |  Loss: 0.013158  |  LR: 1.59e-04  |  Time: 6.90s
  Epoch 2560/8000  |  Loss: 0.013289  |  LR: 1.58e-04  |  Time: 6.89s
  Epoch 2570/8000  |  Loss: 0.012279  |  LR: 1.58e-04  |  Time: 6.89s
  Epoch 2580/8000  |  Loss: 0.015284  |  LR: 1.58e-04  |  Time: 6.89s
  Epoch 2590/8000  |  Loss: 0.015728  |  LR: 1.57e-04  |  Time: 6.91s
  Epoch 2600/8000  |  Loss: 0.014368  |  LR: 1.57e-04  |  Time: 6.90s
  Epoch 2610/8000  |  Loss: 0.014186  |  LR: 1.57e-04  |  Time: 6.90s
  Epoch 2620/8000  |  Loss: 0.011049  |  LR: 1.56e-04  |  Time: 6.89s
  Epoch 2630/8000  |  Loss: 0.011415  |  LR: 1.56e-04  |  Time: 6.90s
  Epoch 2640/8000  |  Loss: 0.011927  |  LR: 1.56e-04  |  Time: 6.89s
  Epoch 2650/8000  |  Loss: 0.011553  |  LR: 1.55e-04  |  Time: 6.89s
  Epoch 2660/8000  |  Loss: 0.011189  |  LR: 1.55e-04  |  Time: 6.89s
  Epoch 2670/8000  |  Loss: 0.016828  |  LR: 1.55e-04  |  Time: 6.89s
  Epoch 2680/8000  |  Loss: 0.016146  |  LR: 1.54e-04  |  Time: 6.89s
  Epoch 2690/8000  |  Loss: 0.010012  |  LR: 1.54e-04  |  Time: 6.89s
  Epoch 2700/8000  |  Loss: 0.012405  |  LR: 1.54e-04  |  Time: 6.90s
  Epoch 2710/8000  |  Loss: 0.010782  |  LR: 1.53e-04  |  Time: 6.89s
  Epoch 2720/8000  |  Loss: 0.012824  |  LR: 1.53e-04  |  Time: 6.90s
  Epoch 2730/8000  |  Loss: 0.013337  |  LR: 1.53e-04  |  Time: 6.90s
  Epoch 2740/8000  |  Loss: 0.014223  |  LR: 1.52e-04  |  Time: 6.90s
  Epoch 2750/8000  |  Loss: 0.011112  |  LR: 1.52e-04  |  Time: 6.89s
  Epoch 2760/8000  |  Loss: 0.009957  |  LR: 1.52e-04  |  Time: 6.89s
  Epoch 2770/8000  |  Loss: 0.013742  |  LR: 1.51e-04  |  Time: 6.89s
  Epoch 2780/8000  |  Loss: 0.011204  |  LR: 1.51e-04  |  Time: 6.89s
  Epoch 2790/8000  |  Loss: 0.014895  |  LR: 1.51e-04  |  Time: 6.89s
  Epoch 2800/8000  |  Loss: 0.010724  |  LR: 1.50e-04  |  Time: 6.91s
  Epoch 2810/8000  |  Loss: 0.010898  |  LR: 1.50e-04  |  Time: 6.90s
  Epoch 2820/8000  |  Loss: 0.012457  |  LR: 1.50e-04  |  Time: 6.90s
  Epoch 2830/8000  |  Loss: 0.010416  |  LR: 1.49e-04  |  Time: 6.89s
  Epoch 2840/8000  |  Loss: 0.011528  |  LR: 1.49e-04  |  Time: 6.90s
  Epoch 2850/8000  |  Loss: 0.012193  |  LR: 1.48e-04  |  Time: 6.88s
  Epoch 2860/8000  |  Loss: 0.010801  |  LR: 1.48e-04  |  Time: 6.89s
  Epoch 2870/8000  |  Loss: 0.013533  |  LR: 1.48e-04  |  Time: 6.89s
  Epoch 2880/8000  |  Loss: 0.011825  |  LR: 1.47e-04  |  Time: 6.90s
  Epoch 2890/8000  |  Loss: 0.010852  |  LR: 1.47e-04  |  Time: 6.89s
  Epoch 2900/8000  |  Loss: 0.011597  |  LR: 1.47e-04  |  Time: 6.91s
  Epoch 2910/8000  |  Loss: 0.011796  |  LR: 1.46e-04  |  Time: 6.90s
  Epoch 2920/8000  |  Loss: 0.012258  |  LR: 1.46e-04  |  Time: 6.91s
  Epoch 2930/8000  |  Loss: 0.012113  |  LR: 1.46e-04  |  Time: 6.88s
  Epoch 2940/8000  |  Loss: 0.013431  |  LR: 1.45e-04  |  Time: 6.89s
  Epoch 2950/8000  |  Loss: 0.013460  |  LR: 1.45e-04  |  Time: 6.89s
  Epoch 2960/8000  |  Loss: 0.010549  |  LR: 1.45e-04  |  Time: 6.91s
  Epoch 2970/8000  |  Loss: 0.008866  |  LR: 1.44e-04  |  Time: 6.90s
  Epoch 2980/8000  |  Loss: 0.012575  |  LR: 1.44e-04  |  Time: 6.89s
  Epoch 2990/8000  |  Loss: 0.011022  |  LR: 1.43e-04  |  Time: 6.88s
[Utils] Checkpoint saved: /home/u00134/src/logs/deep_v9_dit_b/checkpoint_epoch_2999.pt
  Epoch 3000/8000  |  Loss: 0.009857  |  LR: 1.43e-04  |  Time: 6.90s
  Epoch 3010/8000  |  Loss: 0.012220  |  LR: 1.43e-04  |  Time: 6.91s
  Epoch 3020/8000  |  Loss: 0.013306  |  LR: 1.42e-04  |  Time: 6.90s
  Epoch 3030/8000  |  Loss: 0.012849  |  LR: 1.42e-04  |  Time: 6.90s
  Epoch 3040/8000  |  Loss: 0.009564  |  LR: 1.42e-04  |  Time: 6.90s
  Epoch 3050/8000  |  Loss: 0.010344  |  LR: 1.41e-04  |  Time: 6.91s
  Epoch 3060/8000  |  Loss: 0.012424  |  LR: 1.41e-04  |  Time: 6.90s
  Epoch 3070/8000  |  Loss: 0.013188  |  LR: 1.41e-04  |  Time: 6.90s
  Epoch 3080/8000  |  Loss: 0.010226  |  LR: 1.40e-04  |  Time: 6.90s
  Epoch 3090/8000  |  Loss: 0.012118  |  LR: 1.40e-04  |  Time: 6.89s
  Epoch 3100/8000  |  Loss: 0.011634  |  LR: 1.39e-04  |  Time: 6.90s
  Epoch 3110/8000  |  Loss: 0.009841  |  LR: 1.39e-04  |  Time: 6.91s
  Epoch 3120/8000  |  Loss: 0.009230  |  LR: 1.39e-04  |  Time: 6.91s
  Epoch 3130/8000  |  Loss: 0.010513  |  LR: 1.38e-04  |  Time: 6.90s
  Epoch 3140/8000  |  Loss: 0.011004  |  LR: 1.38e-04  |  Time: 6.90s
  Epoch 3150/8000  |  Loss: 0.011917  |  LR: 1.38e-04  |  Time: 6.92s
  Epoch 3160/8000  |  Loss: 0.008258  |  LR: 1.37e-04  |  Time: 6.89s
  Epoch 3170/8000  |  Loss: 0.010943  |  LR: 1.37e-04  |  Time: 6.91s
  Epoch 3180/8000  |  Loss: 0.009786  |  LR: 1.36e-04  |  Time: 6.89s
  Epoch 3190/8000  |  Loss: 0.013069  |  LR: 1.36e-04  |  Time: 6.90s
  Epoch 3200/8000  |  Loss: 0.007814  |  LR: 1.36e-04  |  Time: 6.89s
  Epoch 3210/8000  |  Loss: 0.011175  |  LR: 1.35e-04  |  Time: 6.89s
  Epoch 3220/8000  |  Loss: 0.009789  |  LR: 1.35e-04  |  Time: 6.90s
  Epoch 3230/8000  |  Loss: 0.011427  |  LR: 1.35e-04  |  Time: 6.89s
  Epoch 3240/8000  |  Loss: 0.008421  |  LR: 1.34e-04  |  Time: 6.89s
  Epoch 3250/8000  |  Loss: 0.009035  |  LR: 1.34e-04  |  Time: 6.91s
  Epoch 3260/8000  |  Loss: 0.010412  |  LR: 1.33e-04  |  Time: 6.89s
  Epoch 3270/8000  |  Loss: 0.009424  |  LR: 1.33e-04  |  Time: 6.89s
  Epoch 3280/8000  |  Loss: 0.012478  |  LR: 1.33e-04  |  Time: 6.89s
  Epoch 3290/8000  |  Loss: 0.009766  |  LR: 1.32e-04  |  Time: 6.88s
  Epoch 3300/8000  |  Loss: 0.009669  |  LR: 1.32e-04  |  Time: 6.90s
  Epoch 3310/8000  |  Loss: 0.009378  |  LR: 1.32e-04  |  Time: 6.89s
  Epoch 3320/8000  |  Loss: 0.009220  |  LR: 1.31e-04  |  Time: 6.90s
  Epoch 3330/8000  |  Loss: 0.013794  |  LR: 1.31e-04  |  Time: 6.90s
  Epoch 3340/8000  |  Loss: 0.009303  |  LR: 1.30e-04  |  Time: 6.89s
  Epoch 3350/8000  |  Loss: 0.010207  |  LR: 1.30e-04  |  Time: 6.90s
  Epoch 3360/8000  |  Loss: 0.009332  |  LR: 1.30e-04  |  Time: 6.89s
  Epoch 3370/8000  |  Loss: 0.009641  |  LR: 1.29e-04  |  Time: 6.90s
  Epoch 3380/8000  |  Loss: 0.009817  |  LR: 1.29e-04  |  Time: 6.89s
  Epoch 3390/8000  |  Loss: 0.009142  |  LR: 1.29e-04  |  Time: 6.90s
  Epoch 3400/8000  |  Loss: 0.011168  |  LR: 1.28e-04  |  Time: 6.90s
  Epoch 3410/8000  |  Loss: 0.007879  |  LR: 1.28e-04  |  Time: 6.89s
  Epoch 3420/8000  |  Loss: 0.009991  |  LR: 1.27e-04  |  Time: 6.91s
  Epoch 3430/8000  |  Loss: 0.010449  |  LR: 1.27e-04  |  Time: 6.89s
  Epoch 3440/8000  |  Loss: 0.009393  |  LR: 1.27e-04  |  Time: 6.89s
  Epoch 3450/8000  |  Loss: 0.011823  |  LR: 1.26e-04  |  Time: 6.89s
  Epoch 3460/8000  |  Loss: 0.013298  |  LR: 1.26e-04  |  Time: 6.90s
  Epoch 3470/8000  |  Loss: 0.011373  |  LR: 1.25e-04  |  Time: 6.91s
  Epoch 3480/8000  |  Loss: 0.009190  |  LR: 1.25e-04  |  Time: 6.89s
  Epoch 3490/8000  |  Loss: 0.008938  |  LR: 1.25e-04  |  Time: 6.89s
  Epoch 3500/8000  |  Loss: 0.008775  |  LR: 1.24e-04  |  Time: 6.90s
  Epoch 3510/8000  |  Loss: 0.009845  |  LR: 1.24e-04  |  Time: 6.91s
  Epoch 3520/8000  |  Loss: 0.010041  |  LR: 1.23e-04  |  Time: 6.90s
  Epoch 3530/8000  |  Loss: 0.011057  |  LR: 1.23e-04  |  Time: 6.89s
  Epoch 3540/8000  |  Loss: 0.007728  |  LR: 1.23e-04  |  Time: 6.90s
  Epoch 3550/8000  |  Loss: 0.009136  |  LR: 1.22e-04  |  Time: 6.89s
  Epoch 3560/8000  |  Loss: 0.012924  |  LR: 1.22e-04  |  Time: 6.90s
  Epoch 3570/8000  |  Loss: 0.008453  |  LR: 1.22e-04  |  Time: 6.89s
  Epoch 3580/8000  |  Loss: 0.007161  |  LR: 1.21e-04  |  Time: 6.88s
  Epoch 3590/8000  |  Loss: 0.011573  |  LR: 1.21e-04  |  Time: 6.89s
  Epoch 3600/8000  |  Loss: 0.008946  |  LR: 1.20e-04  |  Time: 6.89s
  Epoch 3610/8000  |  Loss: 0.010120  |  LR: 1.20e-04  |  Time: 6.90s
  Epoch 3620/8000  |  Loss: 0.009856  |  LR: 1.20e-04  |  Time: 6.90s
  Epoch 3630/8000  |  Loss: 0.010699  |  LR: 1.19e-04  |  Time: 6.90s
  Epoch 3640/8000  |  Loss: 0.009687  |  LR: 1.19e-04  |  Time: 6.90s
  Epoch 3650/8000  |  Loss: 0.007148  |  LR: 1.18e-04  |  Time: 6.88s
  Epoch 3660/8000  |  Loss: 0.009707  |  LR: 1.18e-04  |  Time: 6.89s
  Epoch 3670/8000  |  Loss: 0.009657  |  LR: 1.18e-04  |  Time: 6.89s
  Epoch 3680/8000  |  Loss: 0.009263  |  LR: 1.17e-04  |  Time: 6.89s
  Epoch 3690/8000  |  Loss: 0.009769  |  LR: 1.17e-04  |  Time: 6.90s
  Epoch 3700/8000  |  Loss: 0.010003  |  LR: 1.16e-04  |  Time: 6.91s
  Epoch 3710/8000  |  Loss: 0.009105  |  LR: 1.16e-04  |  Time: 6.91s
  Epoch 3720/8000  |  Loss: 0.008435  |  LR: 1.16e-04  |  Time: 6.90s
  Epoch 3730/8000  |  Loss: 0.008593  |  LR: 1.15e-04  |  Time: 6.89s
  Epoch 3740/8000  |  Loss: 0.008114  |  LR: 1.15e-04  |  Time: 6.89s
  Epoch 3750/8000  |  Loss: 0.010524  |  LR: 1.14e-04  |  Time: 6.89s
  Epoch 3760/8000  |  Loss: 0.007211  |  LR: 1.14e-04  |  Time: 6.89s
  Epoch 3770/8000  |  Loss: 0.008813  |  LR: 1.14e-04  |  Time: 6.90s
  Epoch 3780/8000  |  Loss: 0.008989  |  LR: 1.13e-04  |  Time: 6.89s
  Epoch 3790/8000  |  Loss: 0.010043  |  LR: 1.13e-04  |  Time: 6.89s
  Epoch 3800/8000  |  Loss: 0.009963  |  LR: 1.12e-04  |  Time: 6.90s
  Epoch 3810/8000  |  Loss: 0.008033  |  LR: 1.12e-04  |  Time: 6.91s
  Epoch 3820/8000  |  Loss: 0.009305  |  LR: 1.12e-04  |  Time: 6.89s
  Epoch 3830/8000  |  Loss: 0.008754  |  LR: 1.11e-04  |  Time: 6.92s
  Epoch 3840/8000  |  Loss: 0.008348  |  LR: 1.11e-04  |  Time: 6.90s
  Epoch 3850/8000  |  Loss: 0.009279  |  LR: 1.10e-04  |  Time: 6.90s
  Epoch 3860/8000  |  Loss: 0.006322  |  LR: 1.10e-04  |  Time: 6.89s
  Epoch 3870/8000  |  Loss: 0.008522  |  LR: 1.10e-04  |  Time: 6.91s
  Epoch 3880/8000  |  Loss: 0.007696  |  LR: 1.09e-04  |  Time: 6.89s
  Epoch 3890/8000  |  Loss: 0.008729  |  LR: 1.09e-04  |  Time: 6.91s
  Epoch 3900/8000  |  Loss: 0.010054  |  LR: 1.08e-04  |  Time: 6.90s
  Epoch 3910/8000  |  Loss: 0.011277  |  LR: 1.08e-04  |  Time: 6.90s
  Epoch 3920/8000  |  Loss: 0.010061  |  LR: 1.08e-04  |  Time: 6.90s
  Epoch 3930/8000  |  Loss: 0.008091  |  LR: 1.07e-04  |  Time: 6.89s
  Epoch 3940/8000  |  Loss: 0.008899  |  LR: 1.07e-04  |  Time: 6.90s
  Epoch 3950/8000  |  Loss: 0.011025  |  LR: 1.06e-04  |  Time: 6.89s
  Epoch 3960/8000  |  Loss: 0.009474  |  LR: 1.06e-04  |  Time: 6.90s
  Epoch 3970/8000  |  Loss: 0.009388  |  LR: 1.06e-04  |  Time: 6.91s
  Epoch 3980/8000  |  Loss: 0.009861  |  LR: 1.05e-04  |  Time: 6.88s
  Epoch 3990/8000  |  Loss: 0.007070  |  LR: 1.05e-04  |  Time: 6.89s
  Epoch 4000/8000  |  Loss: 0.007633  |  LR: 1.04e-04  |  Time: 6.89s
  Epoch 4010/8000  |  Loss: 0.008148  |  LR: 1.04e-04  |  Time: 6.91s
  Epoch 4020/8000  |  Loss: 0.007273  |  LR: 1.04e-04  |  Time: 6.89s
  Epoch 4030/8000  |  Loss: 0.009780  |  LR: 1.03e-04  |  Time: 6.89s
  Epoch 4040/8000  |  Loss: 0.007629  |  LR: 1.03e-04  |  Time: 6.89s
  Epoch 4050/8000  |  Loss: 0.009170  |  LR: 1.02e-04  |  Time: 6.89s
  Epoch 4060/8000  |  Loss: 0.008444  |  LR: 1.02e-04  |  Time: 6.90s
  Epoch 4070/8000  |  Loss: 0.008078  |  LR: 1.02e-04  |  Time: 6.91s
  Epoch 4080/8000  |  Loss: 0.007623  |  LR: 1.01e-04  |  Time: 6.90s
  Epoch 4090/8000  |  Loss: 0.009353  |  LR: 1.01e-04  |  Time: 6.89s
  Epoch 4100/8000  |  Loss: 0.008389  |  LR: 1.00e-04  |  Time: 6.91s
  Epoch 4110/8000  |  Loss: 0.010512  |  LR: 1.00e-04  |  Time: 6.90s
  Epoch 4120/8000  |  Loss: 0.007329  |  LR: 9.97e-05  |  Time: 6.89s
  Epoch 4130/8000  |  Loss: 0.008629  |  LR: 9.93e-05  |  Time: 6.90s
  Epoch 4140/8000  |  Loss: 0.008779  |  LR: 9.89e-05  |  Time: 6.89s
  Epoch 4150/8000  |  Loss: 0.008189  |  LR: 9.85e-05  |  Time: 6.88s
  Epoch 4160/8000  |  Loss: 0.007986  |  LR: 9.81e-05  |  Time: 6.89s
  Epoch 4170/8000  |  Loss: 0.008109  |  LR: 9.77e-05  |  Time: 6.89s
  Epoch 4180/8000  |  Loss: 0.008094  |  LR: 9.73e-05  |  Time: 6.88s
  Epoch 4190/8000  |  Loss: 0.006655  |  LR: 9.69e-05  |  Time: 6.89s
  Epoch 4200/8000  |  Loss: 0.009828  |  LR: 9.65e-05  |  Time: 6.89s
  Epoch 4210/8000  |  Loss: 0.008809  |  LR: 9.61e-05  |  Time: 6.90s
  Epoch 4220/8000  |  Loss: 0.006917  |  LR: 9.57e-05  |  Time: 6.89s
  Epoch 4230/8000  |  Loss: 0.007748  |  LR: 9.53e-05  |  Time: 6.89s
  Epoch 4240/8000  |  Loss: 0.008050  |  LR: 9.49e-05  |  Time: 6.89s
  Epoch 4250/8000  |  Loss: 0.008928  |  LR: 9.45e-05  |  Time: 6.88s
  Epoch 4260/8000  |  Loss: 0.006268  |  LR: 9.41e-05  |  Time: 6.89s
  Epoch 4270/8000  |  Loss: 0.006621  |  LR: 9.37e-05  |  Time: 6.89s
  Epoch 4280/8000  |  Loss: 0.008452  |  LR: 9.33e-05  |  Time: 6.89s
  Epoch 4290/8000  |  Loss: 0.007810  |  LR: 9.29e-05  |  Time: 6.89s
  Epoch 4300/8000  |  Loss: 0.006414  |  LR: 9.25e-05  |  Time: 6.89s
  Epoch 4310/8000  |  Loss: 0.008666  |  LR: 9.21e-05  |  Time: 6.90s
  Epoch 4320/8000  |  Loss: 0.008607  |  LR: 9.17e-05  |  Time: 6.89s
  Epoch 4330/8000  |  Loss: 0.008335  |  LR: 9.13e-05  |  Time: 6.88s
  Epoch 4340/8000  |  Loss: 0.006554  |  LR: 9.09e-05  |  Time: 6.91s
  Epoch 4350/8000  |  Loss: 0.006387  |  LR: 9.05e-05  |  Time: 6.89s
  Epoch 4360/8000  |  Loss: 0.007510  |  LR: 9.01e-05  |  Time: 6.90s
  Epoch 4370/8000  |  Loss: 0.006877  |  LR: 8.97e-05  |  Time: 6.89s
  Epoch 4380/8000  |  Loss: 0.008275  |  LR: 8.93e-05  |  Time: 6.90s
  Epoch 4390/8000  |  Loss: 0.006366  |  LR: 8.89e-05  |  Time: 6.89s
  Epoch 4400/8000  |  Loss: 0.006043  |  LR: 8.85e-05  |  Time: 6.91s
  Epoch 4410/8000  |  Loss: 0.007611  |  LR: 8.81e-05  |  Time: 6.89s
  Epoch 4420/8000  |  Loss: 0.006163  |  LR: 8.77e-05  |  Time: 6.89s
  Epoch 4430/8000  |  Loss: 0.007683  |  LR: 8.73e-05  |  Time: 6.90s
  Epoch 4440/8000  |  Loss: 0.005446  |  LR: 8.69e-05  |  Time: 6.90s
  Epoch 4450/8000  |  Loss: 0.005048  |  LR: 8.65e-05  |  Time: 6.89s
  Epoch 4460/8000  |  Loss: 0.008240  |  LR: 8.61e-05  |  Time: 6.90s
  Epoch 4470/8000  |  Loss: 0.009038  |  LR: 8.57e-05  |  Time: 6.90s
  Epoch 4480/8000  |  Loss: 0.006396  |  LR: 8.53e-05  |  Time: 6.89s
  Epoch 4490/8000  |  Loss: 0.006931  |  LR: 8.49e-05  |  Time: 6.89s
  Epoch 4500/8000  |  Loss: 0.007547  |  LR: 8.45e-05  |  Time: 6.89s
  Epoch 4510/8000  |  Loss: 0.005738  |  LR: 8.41e-05  |  Time: 6.89s
  Epoch 4520/8000  |  Loss: 0.007662  |  LR: 8.37e-05  |  Time: 6.88s
  Epoch 4530/8000  |  Loss: 0.006751  |  LR: 8.33e-05  |  Time: 6.90s
  Epoch 4540/8000  |  Loss: 0.008025  |  LR: 8.29e-05  |  Time: 6.89s
  Epoch 4550/8000  |  Loss: 0.007316  |  LR: 8.25e-05  |  Time: 6.89s
  Epoch 4560/8000  |  Loss: 0.006410  |  LR: 8.21e-05  |  Time: 6.91s
  Epoch 4570/8000  |  Loss: 0.006965  |  LR: 8.17e-05  |  Time: 6.90s
  Epoch 4580/8000  |  Loss: 0.006606  |  LR: 8.13e-05  |  Time: 6.88s
  Epoch 4590/8000  |  Loss: 0.007198  |  LR: 8.10e-05  |  Time: 6.90s
  Epoch 4600/8000  |  Loss: 0.007585  |  LR: 8.06e-05  |  Time: 6.89s
  Epoch 4610/8000  |  Loss: 0.007541  |  LR: 8.02e-05  |  Time: 6.90s
  Epoch 4620/8000  |  Loss: 0.007282  |  LR: 7.98e-05  |  Time: 6.93s
  Epoch 4630/8000  |  Loss: 0.006205  |  LR: 7.94e-05  |  Time: 6.89s
  Epoch 4640/8000  |  Loss: 0.006713  |  LR: 7.90e-05  |  Time: 6.90s
  Epoch 4650/8000  |  Loss: 0.006785  |  LR: 7.86e-05  |  Time: 6.89s
  Epoch 4660/8000  |  Loss: 0.005964  |  LR: 7.82e-05  |  Time: 6.89s
  Epoch 4670/8000  |  Loss: 0.007611  |  LR: 7.78e-05  |  Time: 6.88s
  Epoch 4680/8000  |  Loss: 0.005615  |  LR: 7.74e-05  |  Time: 6.89s
  Epoch 4690/8000  |  Loss: 0.006626  |  LR: 7.70e-05  |  Time: 6.91s
  Epoch 4700/8000  |  Loss: 0.005384  |  LR: 7.66e-05  |  Time: 6.89s
  Epoch 4710/8000  |  Loss: 0.005407  |  LR: 7.63e-05  |  Time: 6.90s
  Epoch 4720/8000  |  Loss: 0.005341  |  LR: 7.59e-05  |  Time: 6.90s
  Epoch 4730/8000  |  Loss: 0.005216  |  LR: 7.55e-05  |  Time: 6.91s
  Epoch 4740/8000  |  Loss: 0.007374  |  LR: 7.51e-05  |  Time: 6.89s
  Epoch 4750/8000  |  Loss: 0.007320  |  LR: 7.47e-05  |  Time: 6.89s
  Epoch 4760/8000  |  Loss: 0.008459  |  LR: 7.43e-05  |  Time: 6.89s
  Epoch 4770/8000  |  Loss: 0.005867  |  LR: 7.39e-05  |  Time: 6.90s
  Epoch 4780/8000  |  Loss: 0.008960  |  LR: 7.35e-05  |  Time: 6.89s
  Epoch 4790/8000  |  Loss: 0.005900  |  LR: 7.32e-05  |  Time: 6.90s
  Epoch 4800/8000  |  Loss: 0.006342  |  LR: 7.28e-05  |  Time: 6.89s
  Epoch 4810/8000  |  Loss: 0.006746  |  LR: 7.24e-05  |  Time: 6.91s
  Epoch 4820/8000  |  Loss: 0.004599  |  LR: 7.20e-05  |  Time: 6.89s
  Epoch 4830/8000  |  Loss: 0.005293  |  LR: 7.16e-05  |  Time: 6.89s
  Epoch 4840/8000  |  Loss: 0.005408  |  LR: 7.12e-05  |  Time: 6.92s
  Epoch 4850/8000  |  Loss: 0.005646  |  LR: 7.09e-05  |  Time: 6.88s
  Epoch 4860/8000  |  Loss: 0.006051  |  LR: 7.05e-05  |  Time: 6.90s
  Epoch 4870/8000  |  Loss: 0.006898  |  LR: 7.01e-05  |  Time: 6.89s
  Epoch 4880/8000  |  Loss: 0.005936  |  LR: 6.97e-05  |  Time: 6.91s
  Epoch 4890/8000  |  Loss: 0.005229  |  LR: 6.93e-05  |  Time: 6.90s
  Epoch 4900/8000  |  Loss: 0.004997  |  LR: 6.90e-05  |  Time: 6.90s
  Epoch 4910/8000  |  Loss: 0.005214  |  LR: 6.86e-05  |  Time: 6.91s
  Epoch 4920/8000  |  Loss: 0.005998  |  LR: 6.82e-05  |  Time: 6.90s
  Epoch 4930/8000  |  Loss: 0.005900  |  LR: 6.78e-05  |  Time: 6.91s
  Epoch 4940/8000  |  Loss: 0.008603  |  LR: 6.74e-05  |  Time: 6.90s
  Epoch 4950/8000  |  Loss: 0.005458  |  LR: 6.71e-05  |  Time: 6.91s
  Epoch 4960/8000  |  Loss: 0.006035  |  LR: 6.67e-05  |  Time: 6.92s
  Epoch 4970/8000  |  Loss: 0.004956  |  LR: 6.63e-05  |  Time: 6.90s
  Epoch 4980/8000  |  Loss: 0.005489  |  LR: 6.59e-05  |  Time: 6.92s
  Epoch 4990/8000  |  Loss: 0.005150  |  LR: 6.56e-05  |  Time: 6.89s
  Epoch 5000/8000  |  Loss: 0.005355  |  LR: 6.52e-05  |  Time: 6.90s
  Epoch 5010/8000  |  Loss: 0.005968  |  LR: 6.48e-05  |  Time: 6.90s
  Epoch 5020/8000  |  Loss: 0.005607  |  LR: 6.44e-05  |  Time: 6.90s
  Epoch 5030/8000  |  Loss: 0.005782  |  LR: 6.41e-05  |  Time: 6.89s
  Epoch 5040/8000  |  Loss: 0.005297  |  LR: 6.37e-05  |  Time: 6.89s
  Epoch 5050/8000  |  Loss: 0.004036  |  LR: 6.33e-05  |  Time: 6.89s
  Epoch 5060/8000  |  Loss: 0.006551  |  LR: 6.29e-05  |  Time: 6.90s
  Epoch 5070/8000  |  Loss: 0.004867  |  LR: 6.26e-05  |  Time: 6.90s
  Epoch 5080/8000  |  Loss: 0.004729  |  LR: 6.22e-05  |  Time: 6.90s
  Epoch 5090/8000  |  Loss: 0.006792  |  LR: 6.18e-05  |  Time: 6.89s
  Epoch 5100/8000  |  Loss: 0.004020  |  LR: 6.15e-05  |  Time: 6.91s
  Epoch 5110/8000  |  Loss: 0.004869  |  LR: 6.11e-05  |  Time: 6.90s
  Epoch 5120/8000  |  Loss: 0.004762  |  LR: 6.07e-05  |  Time: 6.89s
  Epoch 5130/8000  |  Loss: 0.004597  |  LR: 6.04e-05  |  Time: 6.91s
  Epoch 5140/8000  |  Loss: 0.005150  |  LR: 6.00e-05  |  Time: 6.89s
  Epoch 5150/8000  |  Loss: 0.005016  |  LR: 5.96e-05  |  Time: 6.90s
  Epoch 5160/8000  |  Loss: 0.005689  |  LR: 5.93e-05  |  Time: 6.90s
  Epoch 5170/8000  |  Loss: 0.004428  |  LR: 5.89e-05  |  Time: 6.91s
  Epoch 5180/8000  |  Loss: 0.004947  |  LR: 5.85e-05  |  Time: 6.89s
  Epoch 5190/8000  |  Loss: 0.005481  |  LR: 5.82e-05  |  Time: 6.89s
  Epoch 5200/8000  |  Loss: 0.003556  |  LR: 5.78e-05  |  Time: 6.89s
  Epoch 5210/8000  |  Loss: 0.006552  |  LR: 5.74e-05  |  Time: 6.90s
  Epoch 5220/8000  |  Loss: 0.005368  |  LR: 5.71e-05  |  Time: 6.89s
  Epoch 5230/8000  |  Loss: 0.004247  |  LR: 5.67e-05  |  Time: 6.89s
  Epoch 5240/8000  |  Loss: 0.004322  |  LR: 5.64e-05  |  Time: 6.90s
  Epoch 5250/8000  |  Loss: 0.005258  |  LR: 5.60e-05  |  Time: 6.89s
  Epoch 5260/8000  |  Loss: 0.005086  |  LR: 5.56e-05  |  Time: 6.90s
  Epoch 5270/8000  |  Loss: 0.004504  |  LR: 5.53e-05  |  Time: 6.89s
  Epoch 5280/8000  |  Loss: 0.005250  |  LR: 5.49e-05  |  Time: 6.90s
  Epoch 5290/8000  |  Loss: 0.005270  |  LR: 5.46e-05  |  Time: 6.90s
  Epoch 5300/8000  |  Loss: 0.005293  |  LR: 5.42e-05  |  Time: 6.90s
  Epoch 5310/8000  |  Loss: 0.005205  |  LR: 5.39e-05  |  Time: 6.90s
  Epoch 5320/8000  |  Loss: 0.004764  |  LR: 5.35e-05  |  Time: 6.89s
  Epoch 5330/8000  |  Loss: 0.005209  |  LR: 5.32e-05  |  Time: 6.89s
  Epoch 5340/8000  |  Loss: 0.005084  |  LR: 5.28e-05  |  Time: 6.91s
  Epoch 5350/8000  |  Loss: 0.005001  |  LR: 5.25e-05  |  Time: 6.89s
  Epoch 5360/8000  |  Loss: 0.005316  |  LR: 5.21e-05  |  Time: 6.89s
  Epoch 5370/8000  |  Loss: 0.004616  |  LR: 5.18e-05  |  Time: 6.89s
  Epoch 5380/8000  |  Loss: 0.005394  |  LR: 5.14e-05  |  Time: 6.89s
  Epoch 5390/8000  |  Loss: 0.004039  |  LR: 5.11e-05  |  Time: 6.90s
  Epoch 5400/8000  |  Loss: 0.003948  |  LR: 5.07e-05  |  Time: 6.90s
  Epoch 5410/8000  |  Loss: 0.005329  |  LR: 5.04e-05  |  Time: 6.89s
  Epoch 5420/8000  |  Loss: 0.005245  |  LR: 5.00e-05  |  Time: 6.89s
  Epoch 5430/8000  |  Loss: 0.003778  |  LR: 4.97e-05  |  Time: 6.88s
  Epoch 5440/8000  |  Loss: 0.004672  |  LR: 4.93e-05  |  Time: 6.90s
  Epoch 5450/8000  |  Loss: 0.004279  |  LR: 4.90e-05  |  Time: 6.90s
  Epoch 5460/8000  |  Loss: 0.003868  |  LR: 4.86e-05  |  Time: 6.90s
  Epoch 5470/8000  |  Loss: 0.005285  |  LR: 4.83e-05  |  Time: 6.89s
  Epoch 5480/8000  |  Loss: 0.004050  |  LR: 4.80e-05  |  Time: 6.90s
  Epoch 5490/8000  |  Loss: 0.004578  |  LR: 4.76e-05  |  Time: 6.89s
  Epoch 5500/8000  |  Loss: 0.003816  |  LR: 4.73e-05  |  Time: 6.90s
  Epoch 5510/8000  |  Loss: 0.004316  |  LR: 4.69e-05  |  Time: 6.89s
  Epoch 5520/8000  |  Loss: 0.004909  |  LR: 4.66e-05  |  Time: 6.90s
  Epoch 5530/8000  |  Loss: 0.003781  |  LR: 4.63e-05  |  Time: 6.91s
  Epoch 5540/8000  |  Loss: 0.004430  |  LR: 4.59e-05  |  Time: 6.91s
  Epoch 5550/8000  |  Loss: 0.004028  |  LR: 4.56e-05  |  Time: 6.89s
  Epoch 5560/8000  |  Loss: 0.004661  |  LR: 4.53e-05  |  Time: 6.89s
  Epoch 5570/8000  |  Loss: 0.003558  |  LR: 4.49e-05  |  Time: 6.90s
  Epoch 5580/8000  |  Loss: 0.004538  |  LR: 4.46e-05  |  Time: 6.90s
  Epoch 5590/8000  |  Loss: 0.005450  |  LR: 4.43e-05  |  Time: 6.90s
  Epoch 5600/8000  |  Loss: 0.005925  |  LR: 4.39e-05  |  Time: 6.89s
  Epoch 5610/8000  |  Loss: 0.004049  |  LR: 4.36e-05  |  Time: 6.90s
  Epoch 5620/8000  |  Loss: 0.003666  |  LR: 4.33e-05  |  Time: 6.89s
  Epoch 5630/8000  |  Loss: 0.005023  |  LR: 4.30e-05  |  Time: 6.91s
  Epoch 5640/8000  |  Loss: 0.003526  |  LR: 4.26e-05  |  Time: 6.90s
  Epoch 5650/8000  |  Loss: 0.002665  |  LR: 4.23e-05  |  Time: 6.91s
  Epoch 5660/8000  |  Loss: 0.005053  |  LR: 4.20e-05  |  Time: 6.90s
  Epoch 5670/8000  |  Loss: 0.003412  |  LR: 4.17e-05  |  Time: 6.90s
  Epoch 5680/8000  |  Loss: 0.004080  |  LR: 4.13e-05  |  Time: 6.91s
  Epoch 5690/8000  |  Loss: 0.004297  |  LR: 4.10e-05  |  Time: 6.89s
  Epoch 5700/8000  |  Loss: 0.003794  |  LR: 4.07e-05  |  Time: 6.89s
  Epoch 5710/8000  |  Loss: 0.004247  |  LR: 4.04e-05  |  Time: 6.90s
  Epoch 5720/8000  |  Loss: 0.004350  |  LR: 4.01e-05  |  Time: 6.89s
  Epoch 5730/8000  |  Loss: 0.004522  |  LR: 3.97e-05  |  Time: 6.89s
  Epoch 5740/8000  |  Loss: 0.005128  |  LR: 3.94e-05  |  Time: 6.90s
  Epoch 5750/8000  |  Loss: 0.004085  |  LR: 3.91e-05  |  Time: 6.89s
  Epoch 5760/8000  |  Loss: 0.003466  |  LR: 3.88e-05  |  Time: 6.89s
  Epoch 5770/8000  |  Loss: 0.003389  |  LR: 3.85e-05  |  Time: 6.90s
  Epoch 5780/8000  |  Loss: 0.004201  |  LR: 3.82e-05  |  Time: 6.90s
  Epoch 5790/8000  |  Loss: 0.003593  |  LR: 3.79e-05  |  Time: 6.89s
  Epoch 5800/8000  |  Loss: 0.004163  |  LR: 3.75e-05  |  Time: 6.91s
  Epoch 5810/8000  |  Loss: 0.003347  |  LR: 3.72e-05  |  Time: 6.90s
  Epoch 5820/8000  |  Loss: 0.003782  |  LR: 3.69e-05  |  Time: 6.90s
  Epoch 5830/8000  |  Loss: 0.004926  |  LR: 3.66e-05  |  Time: 6.89s
  Epoch 5840/8000  |  Loss: 0.003115  |  LR: 3.63e-05  |  Time: 6.90s
  Epoch 5850/8000  |  Loss: 0.004283  |  LR: 3.60e-05  |  Time: 6.90s
  Epoch 5860/8000  |  Loss: 0.004783  |  LR: 3.57e-05  |  Time: 6.90s
  Epoch 5870/8000  |  Loss: 0.003282  |  LR: 3.54e-05  |  Time: 6.90s
  Epoch 5880/8000  |  Loss: 0.003919  |  LR: 3.51e-05  |  Time: 6.90s
  Epoch 5890/8000  |  Loss: 0.002928  |  LR: 3.48e-05  |  Time: 6.91s
  Epoch 5900/8000  |  Loss: 0.003876  |  LR: 3.45e-05  |  Time: 6.89s
  Epoch 5910/8000  |  Loss: 0.003839  |  LR: 3.42e-05  |  Time: 6.89s
  Epoch 5920/8000  |  Loss: 0.003929  |  LR: 3.39e-05  |  Time: 6.90s
  Epoch 5930/8000  |  Loss: 0.002864  |  LR: 3.36e-05  |  Time: 6.90s
  Epoch 5940/8000  |  Loss: 0.004093  |  LR: 3.33e-05  |  Time: 6.89s
  Epoch 5950/8000  |  Loss: 0.003279  |  LR: 3.30e-05  |  Time: 6.91s
  Epoch 5960/8000  |  Loss: 0.003660  |  LR: 3.27e-05  |  Time: 6.90s
  Epoch 5970/8000  |  Loss: 0.003453  |  LR: 3.24e-05  |  Time: 6.89s
  Epoch 5980/8000  |  Loss: 0.003377  |  LR: 3.21e-05  |  Time: 6.89s
  Epoch 5990/8000  |  Loss: 0.003937  |  LR: 3.18e-05  |  Time: 6.90s
[Utils] Checkpoint saved: /home/u00134/src/logs/deep_v9_dit_b/checkpoint_epoch_5999.pt
  Epoch 6000/8000  |  Loss: 0.002858  |  LR: 3.15e-05  |  Time: 6.89s
  Epoch 6010/8000  |  Loss: 0.003112  |  LR: 3.13e-05  |  Time: 6.90s
  Epoch 6020/8000  |  Loss: 0.003591  |  LR: 3.10e-05  |  Time: 6.89s
  Epoch 6030/8000  |  Loss: 0.002714  |  LR: 3.07e-05  |  Time: 6.91s
  Epoch 6040/8000  |  Loss: 0.003457  |  LR: 3.04e-05  |  Time: 6.89s
  Epoch 6050/8000  |  Loss: 0.003226  |  LR: 3.01e-05  |  Time: 6.89s
  Epoch 6060/8000  |  Loss: 0.003542  |  LR: 2.98e-05  |  Time: 6.89s
  Epoch 6070/8000  |  Loss: 0.003104  |  LR: 2.96e-05  |  Time: 6.89s
  Epoch 6080/8000  |  Loss: 0.003733  |  LR: 2.93e-05  |  Time: 6.90s
  Epoch 6090/8000  |  Loss: 0.003721  |  LR: 2.90e-05  |  Time: 6.90s
  Epoch 6100/8000  |  Loss: 0.002708  |  LR: 2.87e-05  |  Time: 6.89s
  Epoch 6110/8000  |  Loss: 0.003140  |  LR: 2.84e-05  |  Time: 6.90s
  Epoch 6120/8000  |  Loss: 0.003772  |  LR: 2.82e-05  |  Time: 6.89s
  Epoch 6130/8000  |  Loss: 0.002780  |  LR: 2.79e-05  |  Time: 6.89s
  Epoch 6140/8000  |  Loss: 0.002273  |  LR: 2.76e-05  |  Time: 6.91s
  Epoch 6150/8000  |  Loss: 0.003251  |  LR: 2.73e-05  |  Time: 6.90s
  Epoch 6160/8000  |  Loss: 0.003442  |  LR: 2.71e-05  |  Time: 6.89s
  Epoch 6170/8000  |  Loss: 0.002143  |  LR: 2.68e-05  |  Time: 6.90s
  Epoch 6180/8000  |  Loss: 0.003012  |  LR: 2.65e-05  |  Time: 6.90s
  Epoch 6190/8000  |  Loss: 0.003552  |  LR: 2.63e-05  |  Time: 6.91s
  Epoch 6200/8000  |  Loss: 0.002600  |  LR: 2.60e-05  |  Time: 6.92s
  Epoch 6210/8000  |  Loss: 0.002809  |  LR: 2.57e-05  |  Time: 6.91s
  Epoch 6220/8000  |  Loss: 0.002537  |  LR: 2.55e-05  |  Time: 6.90s
  Epoch 6230/8000  |  Loss: 0.003009  |  LR: 2.52e-05  |  Time: 6.91s
  Epoch 6240/8000  |  Loss: 0.002758  |  LR: 2.49e-05  |  Time: 6.92s
  Epoch 6250/8000  |  Loss: 0.002624  |  LR: 2.47e-05  |  Time: 6.90s
  Epoch 6260/8000  |  Loss: 0.003210  |  LR: 2.44e-05  |  Time: 6.90s
  Epoch 6270/8000  |  Loss: 0.002662  |  LR: 2.42e-05  |  Time: 6.89s
  Epoch 6280/8000  |  Loss: 0.003165  |  LR: 2.39e-05  |  Time: 6.92s
  Epoch 6290/8000  |  Loss: 0.002988  |  LR: 2.37e-05  |  Time: 6.90s
  Epoch 6300/8000  |  Loss: 0.003083  |  LR: 2.34e-05  |  Time: 6.91s
  Epoch 6310/8000  |  Loss: 0.003241  |  LR: 2.31e-05  |  Time: 6.90s
  Epoch 6320/8000  |  Loss: 0.003035  |  LR: 2.29e-05  |  Time: 6.91s
  Epoch 6330/8000  |  Loss: 0.003036  |  LR: 2.26e-05  |  Time: 6.90s
  Epoch 6340/8000  |  Loss: 0.003129  |  LR: 2.24e-05  |  Time: 6.89s
  Epoch 6350/8000  |  Loss: 0.002912  |  LR: 2.22e-05  |  Time: 6.89s
  Epoch 6360/8000  |  Loss: 0.002741  |  LR: 2.19e-05  |  Time: 6.90s
  Epoch 6370/8000  |  Loss: 0.002581  |  LR: 2.17e-05  |  Time: 6.90s
  Epoch 6380/8000  |  Loss: 0.002678  |  LR: 2.14e-05  |  Time: 6.90s
  Epoch 6390/8000  |  Loss: 0.002789  |  LR: 2.12e-05  |  Time: 6.89s
  Epoch 6400/8000  |  Loss: 0.002907  |  LR: 2.09e-05  |  Time: 6.90s
  Epoch 6410/8000  |  Loss: 0.002282  |  LR: 2.07e-05  |  Time: 6.89s
  Epoch 6420/8000  |  Loss: 0.002417  |  LR: 2.05e-05  |  Time: 6.91s
  Epoch 6430/8000  |  Loss: 0.002866  |  LR: 2.02e-05  |  Time: 6.89s
  Epoch 6440/8000  |  Loss: 0.002395  |  LR: 2.00e-05  |  Time: 6.89s
  Epoch 6450/8000  |  Loss: 0.002933  |  LR: 1.97e-05  |  Time: 6.89s
  Epoch 6460/8000  |  Loss: 0.002638  |  LR: 1.95e-05  |  Time: 6.90s
  Epoch 6470/8000  |  Loss: 0.002523  |  LR: 1.93e-05  |  Time: 6.89s
  Epoch 6480/8000  |  Loss: 0.002827  |  LR: 1.90e-05  |  Time: 6.91s
  Epoch 6490/8000  |  Loss: 0.002606  |  LR: 1.88e-05  |  Time: 6.90s
  Epoch 6500/8000  |  Loss: 0.002917  |  LR: 1.86e-05  |  Time: 6.89s
  Epoch 6510/8000  |  Loss: 0.002367  |  LR: 1.84e-05  |  Time: 6.89s
  Epoch 6520/8000  |  Loss: 0.002267  |  LR: 1.81e-05  |  Time: 6.90s
  Epoch 6530/8000  |  Loss: 0.003018  |  LR: 1.79e-05  |  Time: 6.91s
  Epoch 6540/8000  |  Loss: 0.002299  |  LR: 1.77e-05  |  Time: 6.90s
  Epoch 6550/8000  |  Loss: 0.002397  |  LR: 1.75e-05  |  Time: 6.92s
  Epoch 6560/8000  |  Loss: 0.002620  |  LR: 1.72e-05  |  Time: 6.90s
  Epoch 6570/8000  |  Loss: 0.002526  |  LR: 1.70e-05  |  Time: 6.90s
  Epoch 6580/8000  |  Loss: 0.002337  |  LR: 1.68e-05  |  Time: 6.90s
  Epoch 6590/8000  |  Loss: 0.002435  |  LR: 1.66e-05  |  Time: 6.91s
  Epoch 6600/8000  |  Loss: 0.002217  |  LR: 1.64e-05  |  Time: 6.90s
  Epoch 6610/8000  |  Loss: 0.002130  |  LR: 1.62e-05  |  Time: 6.90s
  Epoch 6620/8000  |  Loss: 0.002513  |  LR: 1.60e-05  |  Time: 6.91s
  Epoch 6630/8000  |  Loss: 0.002913  |  LR: 1.57e-05  |  Time: 6.98s
  Epoch 6640/8000  |  Loss: 0.002422  |  LR: 1.55e-05  |  Time: 6.90s
  Epoch 6650/8000  |  Loss: 0.002721  |  LR: 1.53e-05  |  Time: 6.90s
  Epoch 6660/8000  |  Loss: 0.002005  |  LR: 1.51e-05  |  Time: 6.90s
  Epoch 6670/8000  |  Loss: 0.002426  |  LR: 1.49e-05  |  Time: 6.91s
  Epoch 6680/8000  |  Loss: 0.002228  |  LR: 1.47e-05  |  Time: 6.91s
  Epoch 6690/8000  |  Loss: 0.001998  |  LR: 1.45e-05  |  Time: 6.89s
  Epoch 6700/8000  |  Loss: 0.002147  |  LR: 1.43e-05  |  Time: 6.89s
  Epoch 6710/8000  |  Loss: 0.002333  |  LR: 1.41e-05  |  Time: 6.90s
  Epoch 6720/8000  |  Loss: 0.001808  |  LR: 1.39e-05  |  Time: 6.90s
  Epoch 6730/8000  |  Loss: 0.002352  |  LR: 1.37e-05  |  Time: 6.91s
  Epoch 6740/8000  |  Loss: 0.002630  |  LR: 1.35e-05  |  Time: 6.89s
  Epoch 6750/8000  |  Loss: 0.001923  |  LR: 1.33e-05  |  Time: 6.90s
  Epoch 6760/8000  |  Loss: 0.002299  |  LR: 1.31e-05  |  Time: 6.92s
  Epoch 6770/8000  |  Loss: 0.002555  |  LR: 1.29e-05  |  Time: 6.90s
  Epoch 6780/8000  |  Loss: 0.002289  |  LR: 1.28e-05  |  Time: 6.89s
  Epoch 6790/8000  |  Loss: 0.001926  |  LR: 1.26e-05  |  Time: 6.90s
  Epoch 6800/8000  |  Loss: 0.002038  |  LR: 1.24e-05  |  Time: 6.90s
  Epoch 6810/8000  |  Loss: 0.002205  |  LR: 1.22e-05  |  Time: 6.90s
  Epoch 6820/8000  |  Loss: 0.002248  |  LR: 1.20e-05  |  Time: 6.90s
  Epoch 6830/8000  |  Loss: 0.001896  |  LR: 1.18e-05  |  Time: 6.90s
  Epoch 6840/8000  |  Loss: 0.002029  |  LR: 1.16e-05  |  Time: 6.92s
  Epoch 6850/8000  |  Loss: 0.002008  |  LR: 1.15e-05  |  Time: 6.90s
  Epoch 6860/8000  |  Loss: 0.001822  |  LR: 1.13e-05  |  Time: 6.89s
  Epoch 6870/8000  |  Loss: 0.002234  |  LR: 1.11e-05  |  Time: 6.90s
  Epoch 6880/8000  |  Loss: 0.001852  |  LR: 1.09e-05  |  Time: 6.90s
  Epoch 6890/8000  |  Loss: 0.001822  |  LR: 1.08e-05  |  Time: 6.89s
  Epoch 6900/8000  |  Loss: 0.001803  |  LR: 1.06e-05  |  Time: 6.91s
  Epoch 6910/8000  |  Loss: 0.001964  |  LR: 1.04e-05  |  Time: 6.90s
  Epoch 6920/8000  |  Loss: 0.002267  |  LR: 1.02e-05  |  Time: 6.91s
  Epoch 6930/8000  |  Loss: 0.001992  |  LR: 1.01e-05  |  Time: 6.90s
  Epoch 6940/8000  |  Loss: 0.001738  |  LR: 9.91e-06  |  Time: 6.90s
  Epoch 6950/8000  |  Loss: 0.001968  |  LR: 9.75e-06  |  Time: 6.90s
  Epoch 6960/8000  |  Loss: 0.001934  |  LR: 9.59e-06  |  Time: 6.90s
  Epoch 6970/8000  |  Loss: 0.001809  |  LR: 9.42e-06  |  Time: 6.90s
  Epoch 6980/8000  |  Loss: 0.001942  |  LR: 9.26e-06  |  Time: 6.89s
  Epoch 6990/8000  |  Loss: 0.001965  |  LR: 9.10e-06  |  Time: 6.90s
  Epoch 7000/8000  |  Loss: 0.001634  |  LR: 8.95e-06  |  Time: 6.91s
  Epoch 7010/8000  |  Loss: 0.002149  |  LR: 8.79e-06  |  Time: 6.90s
  Epoch 7020/8000  |  Loss: 0.002065  |  LR: 8.64e-06  |  Time: 6.90s
  Epoch 7030/8000  |  Loss: 0.001806  |  LR: 8.48e-06  |  Time: 6.90s
  Epoch 7040/8000  |  Loss: 0.002303  |  LR: 8.33e-06  |  Time: 6.89s
  Epoch 7050/8000  |  Loss: 0.001761  |  LR: 8.18e-06  |  Time: 6.90s
  Epoch 7060/8000  |  Loss: 0.001807  |  LR: 8.03e-06  |  Time: 6.90s
  Epoch 7070/8000  |  Loss: 0.002107  |  LR: 7.88e-06  |  Time: 6.89s
  Epoch 7080/8000  |  Loss: 0.001900  |  LR: 7.74e-06  |  Time: 6.89s
  Epoch 7090/8000  |  Loss: 0.001805  |  LR: 7.59e-06  |  Time: 6.91s
  Epoch 7100/8000  |  Loss: 0.001761  |  LR: 7.45e-06  |  Time: 6.92s
  Epoch 7110/8000  |  Loss: 0.001693  |  LR: 7.31e-06  |  Time: 6.92s
  Epoch 7120/8000  |  Loss: 0.001712  |  LR: 7.17e-06  |  Time: 6.91s
  Epoch 7130/8000  |  Loss: 0.001984  |  LR: 7.03e-06  |  Time: 6.89s
  Epoch 7140/8000  |  Loss: 0.001737  |  LR: 6.90e-06  |  Time: 6.90s
  Epoch 7150/8000  |  Loss: 0.001917  |  LR: 6.76e-06  |  Time: 6.89s
  Epoch 7160/8000  |  Loss: 0.002221  |  LR: 6.63e-06  |  Time: 6.92s
  Epoch 7170/8000  |  Loss: 0.001664  |  LR: 6.50e-06  |  Time: 6.90s
  Epoch 7180/8000  |  Loss: 0.001726  |  LR: 6.36e-06  |  Time: 6.90s
  Epoch 7190/8000  |  Loss: 0.002045  |  LR: 6.24e-06  |  Time: 6.91s
  Epoch 7200/8000  |  Loss: 0.001999  |  LR: 6.11e-06  |  Time: 6.90s
  Epoch 7210/8000  |  Loss: 0.001806  |  LR: 5.98e-06  |  Time: 6.92s
  Epoch 7220/8000  |  Loss: 0.001762  |  LR: 5.86e-06  |  Time: 6.90s
  Epoch 7230/8000  |  Loss: 0.001814  |  LR: 5.73e-06  |  Time: 6.89s
  Epoch 7240/8000  |  Loss: 0.001610  |  LR: 5.61e-06  |  Time: 6.90s
  Epoch 7250/8000  |  Loss: 0.001716  |  LR: 5.49e-06  |  Time: 6.91s
  Epoch 7260/8000  |  Loss: 0.001609  |  LR: 5.38e-06  |  Time: 6.90s
  Epoch 7270/8000  |  Loss: 0.001862  |  LR: 5.26e-06  |  Time: 6.90s
  Epoch 7280/8000  |  Loss: 0.001737  |  LR: 5.14e-06  |  Time: 6.89s
  Epoch 7290/8000  |  Loss: 0.001871  |  LR: 5.03e-06  |  Time: 6.90s
  Epoch 7300/8000  |  Loss: 0.001733  |  LR: 4.92e-06  |  Time: 6.91s
  Epoch 7310/8000  |  Loss: 0.001745  |  LR: 4.81e-06  |  Time: 6.89s
  Epoch 7320/8000  |  Loss: 0.001705  |  LR: 4.70e-06  |  Time: 6.91s
  Epoch 7330/8000  |  Loss: 0.001786  |  LR: 4.59e-06  |  Time: 6.90s
  Epoch 7340/8000  |  Loss: 0.001596  |  LR: 4.48e-06  |  Time: 6.91s
  Epoch 7350/8000  |  Loss: 0.001714  |  LR: 4.38e-06  |  Time: 6.89s
  Epoch 7360/8000  |  Loss: 0.001757  |  LR: 4.28e-06  |  Time: 6.90s
  Epoch 7370/8000  |  Loss: 0.001553  |  LR: 4.18e-06  |  Time: 6.89s
  Epoch 7380/8000  |  Loss: 0.001914  |  LR: 4.08e-06  |  Time: 6.89s
  Epoch 7390/8000  |  Loss: 0.001875  |  LR: 3.98e-06  |  Time: 6.90s
  Epoch 7400/8000  |  Loss: 0.001929  |  LR: 3.88e-06  |  Time: 6.92s
  Epoch 7410/8000  |  Loss: 0.001907  |  LR: 3.79e-06  |  Time: 6.90s
  Epoch 7420/8000  |  Loss: 0.001617  |  LR: 3.69e-06  |  Time: 6.90s
  Epoch 7430/8000  |  Loss: 0.001646  |  LR: 3.60e-06  |  Time: 6.89s
  Epoch 7440/8000  |  Loss: 0.001856  |  LR: 3.51e-06  |  Time: 6.89s
  Epoch 7450/8000  |  Loss: 0.001469  |  LR: 3.42e-06  |  Time: 6.90s
  Epoch 7460/8000  |  Loss: 0.001584  |  LR: 3.34e-06  |  Time: 6.90s
  Epoch 7470/8000  |  Loss: 0.001581  |  LR: 3.25e-06  |  Time: 6.90s
  Epoch 7480/8000  |  Loss: 0.001592  |  LR: 3.17e-06  |  Time: 6.90s
  Epoch 7490/8000  |  Loss: 0.001855  |  LR: 3.08e-06  |  Time: 6.90s
  Epoch 7500/8000  |  Loss: 0.001603  |  LR: 3.00e-06  |  Time: 6.91s
  Epoch 7510/8000  |  Loss: 0.001589  |  LR: 2.92e-06  |  Time: 6.90s
  Epoch 7520/8000  |  Loss: 0.001593  |  LR: 2.85e-06  |  Time: 6.90s
  Epoch 7530/8000  |  Loss: 0.001725  |  LR: 2.77e-06  |  Time: 6.89s
  Epoch 7540/8000  |  Loss: 0.001777  |  LR: 2.70e-06  |  Time: 6.92s
  Epoch 7550/8000  |  Loss: 0.001696  |  LR: 2.62e-06  |  Time: 6.89s
  Epoch 7560/8000  |  Loss: 0.001537  |  LR: 2.55e-06  |  Time: 6.90s
  Epoch 7570/8000  |  Loss: 0.001662  |  LR: 2.48e-06  |  Time: 6.92s
  Epoch 7580/8000  |  Loss: 0.001795  |  LR: 2.41e-06  |  Time: 6.90s
  Epoch 7590/8000  |  Loss: 0.001803  |  LR: 2.35e-06  |  Time: 6.90s
  Epoch 7600/8000  |  Loss: 0.001684  |  LR: 2.28e-06  |  Time: 6.91s
  Epoch 7610/8000  |  Loss: 0.001831  |  LR: 2.22e-06  |  Time: 6.91s
  Epoch 7620/8000  |  Loss: 0.001717  |  LR: 2.16e-06  |  Time: 6.90s
  Epoch 7630/8000  |  Loss: 0.001697  |  LR: 2.10e-06  |  Time: 6.90s
  Epoch 7640/8000  |  Loss: 0.001704  |  LR: 2.04e-06  |  Time: 6.90s
  Epoch 7650/8000  |  Loss: 0.001645  |  LR: 1.98e-06  |  Time: 6.89s
  Epoch 7660/8000  |  Loss: 0.001535  |  LR: 1.93e-06  |  Time: 6.91s
  Epoch 7670/8000  |  Loss: 0.001664  |  LR: 1.87e-06  |  Time: 6.91s
  Epoch 7680/8000  |  Loss: 0.001668  |  LR: 1.82e-06  |  Time: 6.91s
  Epoch 7690/8000  |  Loss: 0.001693  |  LR: 1.77e-06  |  Time: 6.89s
  Epoch 7700/8000  |  Loss: 0.001642  |  LR: 1.72e-06  |  Time: 6.90s
  Epoch 7710/8000  |  Loss: 0.001801  |  LR: 1.67e-06  |  Time: 6.91s
  Epoch 7720/8000  |  Loss: 0.001574  |  LR: 1.63e-06  |  Time: 6.91s
  Epoch 7730/8000  |  Loss: 0.001629  |  LR: 1.58e-06  |  Time: 6.89s
  Epoch 7740/8000  |  Loss: 0.001560  |  LR: 1.54e-06  |  Time: 6.89s
  Epoch 7750/8000  |  Loss: 0.001375  |  LR: 1.50e-06  |  Time: 6.91s
  Epoch 7760/8000  |  Loss: 0.001615  |  LR: 1.46e-06  |  Time: 6.89s
  Epoch 7770/8000  |  Loss: 0.001523  |  LR: 1.42e-06  |  Time: 6.88s
  Epoch 7780/8000  |  Loss: 0.001802  |  LR: 1.39e-06  |  Time: 6.91s
  Epoch 7790/8000  |  Loss: 0.001562  |  LR: 1.35e-06  |  Time: 6.89s
  Epoch 7800/8000  |  Loss: 0.001519  |  LR: 1.32e-06  |  Time: 6.92s
  Epoch 7810/8000  |  Loss: 0.001615  |  LR: 1.29e-06  |  Time: 6.89s
  Epoch 7820/8000  |  Loss: 0.001636  |  LR: 1.26e-06  |  Time: 6.89s
  Epoch 7830/8000  |  Loss: 0.001639  |  LR: 1.23e-06  |  Time: 6.90s
  Epoch 7840/8000  |  Loss: 0.001562  |  LR: 1.20e-06  |  Time: 6.89s
  Epoch 7850/8000  |  Loss: 0.001663  |  LR: 1.18e-06  |  Time: 6.91s
  Epoch 7860/8000  |  Loss: 0.001719  |  LR: 1.16e-06  |  Time: 6.90s
  Epoch 7870/8000  |  Loss: 0.001736  |  LR: 1.13e-06  |  Time: 6.89s
  Epoch 7880/8000  |  Loss: 0.001695  |  LR: 1.11e-06  |  Time: 6.91s
  Epoch 7890/8000  |  Loss: 0.001662  |  LR: 1.10e-06  |  Time: 6.91s
  Epoch 7900/8000  |  Loss: 0.001609  |  LR: 1.08e-06  |  Time: 6.88s
  Epoch 7910/8000  |  Loss: 0.001496  |  LR: 1.06e-06  |  Time: 6.90s
  Epoch 7920/8000  |  Loss: 0.001603  |  LR: 1.05e-06  |  Time: 6.89s
  Epoch 7930/8000  |  Loss: 0.001556  |  LR: 1.04e-06  |  Time: 6.90s
  Epoch 7940/8000  |  Loss: 0.001731  |  LR: 1.03e-06  |  Time: 6.90s
  Epoch 7950/8000  |  Loss: 0.001602  |  LR: 1.02e-06  |  Time: 6.89s
  Epoch 7960/8000  |  Loss: 0.001476  |  LR: 1.01e-06  |  Time: 6.90s
  Epoch 7970/8000  |  Loss: 0.001712  |  LR: 1.01e-06  |  Time: 6.91s
  Epoch 7980/8000  |  Loss: 0.001682  |  LR: 1.00e-06  |  Time: 6.90s
  Epoch 7990/8000  |  Loss: 0.001685  |  LR: 1.00e-06  |  Time: 6.90s
  Epoch 7999/8000  |  Loss: 0.001862  |  LR: 1.00e-06  |  Time: 6.90s
[Utils] Checkpoint saved: /home/u00134/src/logs/deep_v9_dit_b/checkpoint_final.pt
------------------------------------------------------------

[Done] Training complete!
  Total time:   55183.6s (919.7 min)
  Final loss:   0.001862
  Best loss:    0.001368 (epoch 7905)
  Run dir:      /home/u00134/src/logs/deep_v9_dit_b
  Scaler:       /home/u00134/src/logs/deep_v9_dit_b/scaler.pt
  Loss history: /home/u00134/src/logs/deep_v9_dit_b/loss_history.csv
