nohup: ignoring input
Traceback (most recent call last):
  File "/home/u00134/src/generate.py", line 192, in <module>
    generate()
  File "/home/u00134/src/generate.py", line 105, in generate
    model.load_state_dict(model_state)
  File "/home/u00134/bin/miniconda3/envs/ts_diffusion/lib/python3.10/site-packages/torch/nn/modules/module.py", line 2584, in load_state_dict
    raise RuntimeError(
RuntimeError: Error(s) in loading state_dict for UNet1d:
	size mismatch for init_conv.weight: copying a param with shape torch.Size([128, 2, 7]) from checkpoint, the shape in current model is torch.Size([256, 2, 7]).
	size mismatch for init_conv.bias: copying a param with shape torch.Size([128]) from checkpoint, the shape in current model is torch.Size([256]).
	size mismatch for enc_block1.conv1.weight: copying a param with shape torch.Size([128, 128, 3]) from checkpoint, the shape in current model is torch.Size([256, 256, 3]).
	size mismatch for enc_block1.conv1.bias: copying a param with shape torch.Size([128]) from checkpoint, the shape in current model is torch.Size([256]).
	size mismatch for enc_block1.norm1.weight: copying a param with shape torch.Size([128]) from checkpoint, the shape in current model is torch.Size([256]).
	size mismatch for enc_block1.norm1.bias: copying a param with shape torch.Size([128]) from checkpoint, the shape in current model is torch.Size([256]).
	size mismatch for enc_block1.time_proj.weight: copying a param with shape torch.Size([128, 512]) from checkpoint, the shape in current model is torch.Size([256, 512]).
	size mismatch for enc_block1.time_proj.bias: copying a param with shape torch.Size([128]) from checkpoint, the shape in current model is torch.Size([256]).
	size mismatch for enc_block1.conv2.weight: copying a param with shape torch.Size([128, 128, 3]) from checkpoint, the shape in current model is torch.Size([256, 256, 3]).
	size mismatch for enc_block1.conv2.bias: copying a param with shape torch.Size([128]) from checkpoint, the shape in current model is torch.Size([256]).
	size mismatch for enc_block1.norm2.weight: copying a param with shape torch.Size([128]) from checkpoint, the shape in current model is torch.Size([256]).
	size mismatch for enc_block1.norm2.bias: copying a param with shape torch.Size([128]) from checkpoint, the shape in current model is torch.Size([256]).
	size mismatch for down1.conv.weight: copying a param with shape torch.Size([128, 128, 4]) from checkpoint, the shape in current model is torch.Size([256, 256, 4]).
	size mismatch for down1.conv.bias: copying a param with shape torch.Size([128]) from checkpoint, the shape in current model is torch.Size([256]).
	size mismatch for enc_block2.conv1.weight: copying a param with shape torch.Size([256, 128, 3]) from checkpoint, the shape in current model is torch.Size([512, 256, 3]).
	size mismatch for enc_block2.conv1.bias: copying a param with shape torch.Size([256]) from checkpoint, the shape in current model is torch.Size([512]).
	size mismatch for enc_block2.norm1.weight: copying a param with shape torch.Size([256]) from checkpoint, the shape in current model is torch.Size([512]).
	size mismatch for enc_block2.norm1.bias: copying a param with shape torch.Size([256]) from checkpoint, the shape in current model is torch.Size([512]).
	size mismatch for enc_block2.time_proj.weight: copying a param with shape torch.Size([256, 512]) from checkpoint, the shape in current model is torch.Size([512, 512]).
	size mismatch for enc_block2.time_proj.bias: copying a param with shape torch.Size([256]) from checkpoint, the shape in current model is torch.Size([512]).
	size mismatch for enc_block2.conv2.weight: copying a param with shape torch.Size([256, 256, 3]) from checkpoint, the shape in current model is torch.Size([512, 512, 3]).
	size mismatch for enc_block2.conv2.bias: copying a param with shape torch.Size([256]) from checkpoint, the shape in current model is torch.Size([512]).
	size mismatch for enc_block2.norm2.weight: copying a param with shape torch.Size([256]) from checkpoint, the shape in current model is torch.Size([512]).
	size mismatch for enc_block2.norm2.bias: copying a param with shape torch.Size([256]) from checkpoint, the shape in current model is torch.Size([512]).
	size mismatch for enc_block2.skip.weight: copying a param with shape torch.Size([256, 128, 1]) from checkpoint, the shape in current model is torch.Size([512, 256, 1]).
	size mismatch for enc_block2.skip.bias: copying a param with shape torch.Size([256]) from checkpoint, the shape in current model is torch.Size([512]).
	size mismatch for down2.conv.weight: copying a param with shape torch.Size([256, 256, 4]) from checkpoint, the shape in current model is torch.Size([512, 512, 4]).
	size mismatch for down2.conv.bias: copying a param with shape torch.Size([256]) from checkpoint, the shape in current model is torch.Size([512]).
	size mismatch for enc_block3.conv1.weight: copying a param with shape torch.Size([512, 256, 3]) from checkpoint, the shape in current model is torch.Size([1024, 512, 3]).
	size mismatch for enc_block3.conv1.bias: copying a param with shape torch.Size([512]) from checkpoint, the shape in current model is torch.Size([1024]).
	size mismatch for enc_block3.norm1.weight: copying a param with shape torch.Size([512]) from checkpoint, the shape in current model is torch.Size([1024]).
	size mismatch for enc_block3.norm1.bias: copying a param with shape torch.Size([512]) from checkpoint, the shape in current model is torch.Size([1024]).
	size mismatch for enc_block3.time_proj.weight: copying a param with shape torch.Size([512, 512]) from checkpoint, the shape in current model is torch.Size([1024, 512]).
	size mismatch for enc_block3.time_proj.bias: copying a param with shape torch.Size([512]) from checkpoint, the shape in current model is torch.Size([1024]).
	size mismatch for enc_block3.conv2.weight: copying a param with shape torch.Size([512, 512, 3]) from checkpoint, the shape in current model is torch.Size([1024, 1024, 3]).
	size mismatch for enc_block3.conv2.bias: copying a param with shape torch.Size([512]) from checkpoint, the shape in current model is torch.Size([1024]).
	size mismatch for enc_block3.norm2.weight: copying a param with shape torch.Size([512]) from checkpoint, the shape in current model is torch.Size([1024]).
	size mismatch for enc_block3.norm2.bias: copying a param with shape torch.Size([512]) from checkpoint, the shape in current model is torch.Size([1024]).
	size mismatch for enc_block3.skip.weight: copying a param with shape torch.Size([512, 256, 1]) from checkpoint, the shape in current model is torch.Size([1024, 512, 1]).
	size mismatch for enc_block3.skip.bias: copying a param with shape torch.Size([512]) from checkpoint, the shape in current model is torch.Size([1024]).
	size mismatch for down3.conv.weight: copying a param with shape torch.Size([512, 512, 4]) from checkpoint, the shape in current model is torch.Size([1024, 1024, 4]).
	size mismatch for down3.conv.bias: copying a param with shape torch.Size([512]) from checkpoint, the shape in current model is torch.Size([1024]).
	size mismatch for mid_block1.conv1.weight: copying a param with shape torch.Size([512, 512, 3]) from checkpoint, the shape in current model is torch.Size([1024, 1024, 3]).
	size mismatch for mid_block1.conv1.bias: copying a param with shape torch.Size([512]) from checkpoint, the shape in current model is torch.Size([1024]).
	size mismatch for mid_block1.norm1.weight: copying a param with shape torch.Size([512]) from checkpoint, the shape in current model is torch.Size([1024]).
	size mismatch for mid_block1.norm1.bias: copying a param with shape torch.Size([512]) from checkpoint, the shape in current model is torch.Size([1024]).
	size mismatch for mid_block1.time_proj.weight: copying a param with shape torch.Size([512, 512]) from checkpoint, the shape in current model is torch.Size([1024, 512]).
	size mismatch for mid_block1.time_proj.bias: copying a param with shape torch.Size([512]) from checkpoint, the shape in current model is torch.Size([1024]).
	size mismatch for mid_block1.conv2.weight: copying a param with shape torch.Size([512, 512, 3]) from checkpoint, the shape in current model is torch.Size([1024, 1024, 3]).
	size mismatch for mid_block1.conv2.bias: copying a param with shape torch.Size([512]) from checkpoint, the shape in current model is torch.Size([1024]).
	size mismatch for mid_block1.norm2.weight: copying a param with shape torch.Size([512]) from checkpoint, the shape in current model is torch.Size([1024]).
	size mismatch for mid_block1.norm2.bias: copying a param with shape torch.Size([512]) from checkpoint, the shape in current model is torch.Size([1024]).
	size mismatch for mid_block2.conv1.weight: copying a param with shape torch.Size([512, 512, 3]) from checkpoint, the shape in current model is torch.Size([1024, 1024, 3]).
	size mismatch for mid_block2.conv1.bias: copying a param with shape torch.Size([512]) from checkpoint, the shape in current model is torch.Size([1024]).
	size mismatch for mid_block2.norm1.weight: copying a param with shape torch.Size([512]) from checkpoint, the shape in current model is torch.Size([1024]).
	size mismatch for mid_block2.norm1.bias: copying a param with shape torch.Size([512]) from checkpoint, the shape in current model is torch.Size([1024]).
	size mismatch for mid_block2.time_proj.weight: copying a param with shape torch.Size([512, 512]) from checkpoint, the shape in current model is torch.Size([1024, 512]).
	size mismatch for mid_block2.time_proj.bias: copying a param with shape torch.Size([512]) from checkpoint, the shape in current model is torch.Size([1024]).
	size mismatch for mid_block2.conv2.weight: copying a param with shape torch.Size([512, 512, 3]) from checkpoint, the shape in current model is torch.Size([1024, 1024, 3]).
	size mismatch for mid_block2.conv2.bias: copying a param with shape torch.Size([512]) from checkpoint, the shape in current model is torch.Size([1024]).
	size mismatch for mid_block2.norm2.weight: copying a param with shape torch.Size([512]) from checkpoint, the shape in current model is torch.Size([1024]).
	size mismatch for mid_block2.norm2.bias: copying a param with shape torch.Size([512]) from checkpoint, the shape in current model is torch.Size([1024]).
	size mismatch for up3.conv.weight: copying a param with shape torch.Size([512, 512, 4]) from checkpoint, the shape in current model is torch.Size([1024, 1024, 4]).
	size mismatch for up3.conv.bias: copying a param with shape torch.Size([512]) from checkpoint, the shape in current model is torch.Size([1024]).
	size mismatch for dec_block3.conv1.weight: copying a param with shape torch.Size([256, 1024, 3]) from checkpoint, the shape in current model is torch.Size([512, 2048, 3]).
	size mismatch for dec_block3.conv1.bias: copying a param with shape torch.Size([256]) from checkpoint, the shape in current model is torch.Size([512]).
	size mismatch for dec_block3.norm1.weight: copying a param with shape torch.Size([256]) from checkpoint, the shape in current model is torch.Size([512]).
	size mismatch for dec_block3.norm1.bias: copying a param with shape torch.Size([256]) from checkpoint, the shape in current model is torch.Size([512]).
	size mismatch for dec_block3.time_proj.weight: copying a param with shape torch.Size([256, 512]) from checkpoint, the shape in current model is torch.Size([512, 512]).
	size mismatch for dec_block3.time_proj.bias: copying a param with shape torch.Size([256]) from checkpoint, the shape in current model is torch.Size([512]).
	size mismatch for dec_block3.conv2.weight: copying a param with shape torch.Size([256, 256, 3]) from checkpoint, the shape in current model is torch.Size([512, 512, 3]).
	size mismatch for dec_block3.conv2.bias: copying a param with shape torch.Size([256]) from checkpoint, the shape in current model is torch.Size([512]).
	size mismatch for dec_block3.norm2.weight: copying a param with shape torch.Size([256]) from checkpoint, the shape in current model is torch.Size([512]).
	size mismatch for dec_block3.norm2.bias: copying a param with shape torch.Size([256]) from checkpoint, the shape in current model is torch.Size([512]).
	size mismatch for dec_block3.skip.weight: copying a param with shape torch.Size([256, 1024, 1]) from checkpoint, the shape in current model is torch.Size([512, 2048, 1]).
	size mismatch for dec_block3.skip.bias: copying a param with shape torch.Size([256]) from checkpoint, the shape in current model is torch.Size([512]).
	size mismatch for up2.conv.weight: copying a param with shape torch.Size([256, 256, 4]) from checkpoint, the shape in current model is torch.Size([512, 512, 4]).
	size mismatch for up2.conv.bias: copying a param with shape torch.Size([256]) from checkpoint, the shape in current model is torch.Size([512]).
	size mismatch for dec_block2.conv1.weight: copying a param with shape torch.Size([128, 512, 3]) from checkpoint, the shape in current model is torch.Size([256, 1024, 3]).
	size mismatch for dec_block2.conv1.bias: copying a param with shape torch.Size([128]) from checkpoint, the shape in current model is torch.Size([256]).
	size mismatch for dec_block2.norm1.weight: copying a param with shape torch.Size([128]) from checkpoint, the shape in current model is torch.Size([256]).
	size mismatch for dec_block2.norm1.bias: copying a param with shape torch.Size([128]) from checkpoint, the shape in current model is torch.Size([256]).
	size mismatch for dec_block2.time_proj.weight: copying a param with shape torch.Size([128, 512]) from checkpoint, the shape in current model is torch.Size([256, 512]).
	size mismatch for dec_block2.time_proj.bias: copying a param with shape torch.Size([128]) from checkpoint, the shape in current model is torch.Size([256]).
	size mismatch for dec_block2.conv2.weight: copying a param with shape torch.Size([128, 128, 3]) from checkpoint, the shape in current model is torch.Size([256, 256, 3]).
	size mismatch for dec_block2.conv2.bias: copying a param with shape torch.Size([128]) from checkpoint, the shape in current model is torch.Size([256]).
	size mismatch for dec_block2.norm2.weight: copying a param with shape torch.Size([128]) from checkpoint, the shape in current model is torch.Size([256]).
	size mismatch for dec_block2.norm2.bias: copying a param with shape torch.Size([128]) from checkpoint, the shape in current model is torch.Size([256]).
	size mismatch for dec_block2.skip.weight: copying a param with shape torch.Size([128, 512, 1]) from checkpoint, the shape in current model is torch.Size([256, 1024, 1]).
	size mismatch for dec_block2.skip.bias: copying a param with shape torch.Size([128]) from checkpoint, the shape in current model is torch.Size([256]).
	size mismatch for up1.conv.weight: copying a param with shape torch.Size([128, 128, 4]) from checkpoint, the shape in current model is torch.Size([256, 256, 4]).
	size mismatch for up1.conv.bias: copying a param with shape torch.Size([128]) from checkpoint, the shape in current model is torch.Size([256]).
	size mismatch for dec_block1.conv1.weight: copying a param with shape torch.Size([128, 256, 3]) from checkpoint, the shape in current model is torch.Size([256, 512, 3]).
	size mismatch for dec_block1.conv1.bias: copying a param with shape torch.Size([128]) from checkpoint, the shape in current model is torch.Size([256]).
	size mismatch for dec_block1.norm1.weight: copying a param with shape torch.Size([128]) from checkpoint, the shape in current model is torch.Size([256]).
	size mismatch for dec_block1.norm1.bias: copying a param with shape torch.Size([128]) from checkpoint, the shape in current model is torch.Size([256]).
	size mismatch for dec_block1.time_proj.weight: copying a param with shape torch.Size([128, 512]) from checkpoint, the shape in current model is torch.Size([256, 512]).
	size mismatch for dec_block1.time_proj.bias: copying a param with shape torch.Size([128]) from checkpoint, the shape in current model is torch.Size([256]).
	size mismatch for dec_block1.conv2.weight: copying a param with shape torch.Size([128, 128, 3]) from checkpoint, the shape in current model is torch.Size([256, 256, 3]).
	size mismatch for dec_block1.conv2.bias: copying a param with shape torch.Size([128]) from checkpoint, the shape in current model is torch.Size([256]).
	size mismatch for dec_block1.norm2.weight: copying a param with shape torch.Size([128]) from checkpoint, the shape in current model is torch.Size([256]).
	size mismatch for dec_block1.norm2.bias: copying a param with shape torch.Size([128]) from checkpoint, the shape in current model is torch.Size([256]).
	size mismatch for dec_block1.skip.weight: copying a param with shape torch.Size([128, 256, 1]) from checkpoint, the shape in current model is torch.Size([256, 512, 1]).
	size mismatch for dec_block1.skip.bias: copying a param with shape torch.Size([128]) from checkpoint, the shape in current model is torch.Size([256]).
	size mismatch for final_conv.0.weight: copying a param with shape torch.Size([128]) from checkpoint, the shape in current model is torch.Size([256]).
	size mismatch for final_conv.0.bias: copying a param with shape torch.Size([128]) from checkpoint, the shape in current model is torch.Size([256]).
	size mismatch for final_conv.2.weight: copying a param with shape torch.Size([2, 128, 1]) from checkpoint, the shape in current model is torch.Size([2, 256, 1]).
ERROR conda.cli.main_run:execute(148): `conda run python -u src/generate.py --checkpoint ./src/logs/deep_training_v2/checkpoint_final.pt --scaler src/logs/deep_training_v2/scaler.pt --num_samples 1261 --output src/output/deep_v2_1261.csv` failed. (See above for error)
[Config] CUDA detected: NVIDIA RTX A6000 x2
[Utils] Random seed set to 42
============================================================
  1D-DDPM Generation Pipeline
============================================================
  Device:       cuda
  Checkpoint:   ./src/logs/deep_training_v2/checkpoint_final.pt
  Scaler:       src/logs/deep_training_v2/scaler.pt
  Num samples:  1261
  Batch size:   256
  Use EMA:      True
  Output:       src/output/deep_v2_1261.csv
============================================================

[Step 1] Loading scaler...
[Scaler] Parameters loaded from src/logs/deep_training_v2/scaler.pt
  sp500: mean=0.000315, std=0.010551
  DGS10: mean=0.000026, std=0.066899

[Step 2] Loading model...
