nohup: ignoring input
[Config] CUDA detected: NVIDIA RTX A6000 x2
[Utils] Random seed set to 42
============================================================
  1D-DDPM Training Pipeline
============================================================
  Device:     cuda
  Epochs:     7000
  Batch size: 64
  LR:         0.0002
  T:          3000
============================================================

[Phase 1] Loading data...
[Dataset] Loaded 14734 rows from /home/u00134/data/train_sp500_us10y.csv
[Scaler] Fitted on 14734 samples
  sp500: mean=0.000315, std=0.010551
  DGS10: mean=0.000026, std=0.066899
[Dataset] 2538 windows (seq_len=2048, stride=5, total_rows=14734)
  Samples:      2538
  Batches/epoch: 39

[Phase 2] Building model...
  U-Net parameters: 42,121,730
[Utils] Run directory: /home/u00134/src/logs/run_20260528_174311
[Utils] Config snapshot saved to /home/u00134/src/logs/run_20260528_174311/config.json
[Scaler] Parameters saved to /home/u00134/src/logs/run_20260528_174311/scaler.pt

[Phase 3] Training starts (epoch 0 → 6999)...
------------------------------------------------------------
  Epoch    0/7000  |  Loss: 0.255526  |  LR: 2.00e-04  |  Time: 9.53s
  Epoch   10/7000  |  Loss: 0.135666  |  LR: 2.00e-04  |  Time: 9.25s
  Epoch   20/7000  |  Loss: 0.108114  |  LR: 2.00e-04  |  Time: 9.28s
  Epoch   30/7000  |  Loss: 0.086458  |  LR: 2.00e-04  |  Time: 9.29s
  Epoch   40/7000  |  Loss: 0.066444  |  LR: 2.00e-04  |  Time: 9.29s
  Epoch   50/7000  |  Loss: 0.058108  |  LR: 2.00e-04  |  Time: 9.30s
  Epoch   60/7000  |  Loss: 0.044196  |  LR: 2.00e-04  |  Time: 9.29s
  Epoch   70/7000  |  Loss: 0.041659  |  LR: 2.00e-04  |  Time: 9.29s
  Epoch   80/7000  |  Loss: 0.043447  |  LR: 2.00e-04  |  Time: 9.30s
  Epoch   90/7000  |  Loss: 0.038311  |  LR: 2.00e-04  |  Time: 9.29s
  Epoch  100/7000  |  Loss: 0.035779  |  LR: 2.00e-04  |  Time: 9.29s
  Epoch  110/7000  |  Loss: 0.032424  |  LR: 2.00e-04  |  Time: 9.30s
  Epoch  120/7000  |  Loss: 0.034429  |  LR: 2.00e-04  |  Time: 9.30s
  Epoch  130/7000  |  Loss: 0.027163  |  LR: 2.00e-04  |  Time: 9.29s
  Epoch  140/7000  |  Loss: 0.030609  |  LR: 2.00e-04  |  Time: 9.30s
  Epoch  150/7000  |  Loss: 0.027922  |  LR: 2.00e-04  |  Time: 9.29s
  Epoch  160/7000  |  Loss: 0.029536  |  LR: 2.00e-04  |  Time: 9.29s
  Epoch  170/7000  |  Loss: 0.027937  |  LR: 2.00e-04  |  Time: 9.29s
  Epoch  180/7000  |  Loss: 0.027509  |  LR: 2.00e-04  |  Time: 9.31s
  Epoch  190/7000  |  Loss: 0.027937  |  LR: 2.00e-04  |  Time: 9.30s
  Epoch  200/7000  |  Loss: 0.025938  |  LR: 2.00e-04  |  Time: 9.30s
  Epoch  210/7000  |  Loss: 0.024617  |  LR: 2.00e-04  |  Time: 9.30s
  Epoch  220/7000  |  Loss: 0.026577  |  LR: 2.00e-04  |  Time: 9.30s
  Epoch  230/7000  |  Loss: 0.024079  |  LR: 1.99e-04  |  Time: 9.30s
  Epoch  240/7000  |  Loss: 0.025914  |  LR: 1.99e-04  |  Time: 9.29s
  Epoch  250/7000  |  Loss: 0.025692  |  LR: 1.99e-04  |  Time: 9.31s
  Epoch  260/7000  |  Loss: 0.021227  |  LR: 1.99e-04  |  Time: 9.29s
  Epoch  270/7000  |  Loss: 0.022551  |  LR: 1.99e-04  |  Time: 9.30s
  Epoch  280/7000  |  Loss: 0.022140  |  LR: 1.99e-04  |  Time: 9.30s
  Epoch  290/7000  |  Loss: 0.022111  |  LR: 1.99e-04  |  Time: 9.30s
  Epoch  300/7000  |  Loss: 0.021327  |  LR: 1.99e-04  |  Time: 9.30s
  Epoch  310/7000  |  Loss: 0.021856  |  LR: 1.99e-04  |  Time: 9.29s
  Epoch  320/7000  |  Loss: 0.022631  |  LR: 1.99e-04  |  Time: 9.31s
  Epoch  330/7000  |  Loss: 0.020612  |  LR: 1.99e-04  |  Time: 9.30s
  Epoch  340/7000  |  Loss: 0.022619  |  LR: 1.99e-04  |  Time: 9.30s
  Epoch  350/7000  |  Loss: 0.018314  |  LR: 1.99e-04  |  Time: 9.29s
  Epoch  360/7000  |  Loss: 0.020466  |  LR: 1.99e-04  |  Time: 9.30s
  Epoch  370/7000  |  Loss: 0.023918  |  LR: 1.99e-04  |  Time: 9.28s
  Epoch  380/7000  |  Loss: 0.019455  |  LR: 1.99e-04  |  Time: 9.29s
  Epoch  390/7000  |  Loss: 0.019674  |  LR: 1.98e-04  |  Time: 9.29s
  Epoch  400/7000  |  Loss: 0.017038  |  LR: 1.98e-04  |  Time: 9.29s
  Epoch  410/7000  |  Loss: 0.017205  |  LR: 1.98e-04  |  Time: 9.28s
  Epoch  420/7000  |  Loss: 0.017593  |  LR: 1.98e-04  |  Time: 9.30s
  Epoch  430/7000  |  Loss: 0.020911  |  LR: 1.98e-04  |  Time: 9.31s
  Epoch  440/7000  |  Loss: 0.017218  |  LR: 1.98e-04  |  Time: 9.29s
  Epoch  450/7000  |  Loss: 0.018108  |  LR: 1.98e-04  |  Time: 9.29s
  Epoch  460/7000  |  Loss: 0.017007  |  LR: 1.98e-04  |  Time: 9.29s
  Epoch  470/7000  |  Loss: 0.017687  |  LR: 1.98e-04  |  Time: 9.29s
  Epoch  480/7000  |  Loss: 0.019237  |  LR: 1.98e-04  |  Time: 9.29s
  Epoch  490/7000  |  Loss: 0.017973  |  LR: 1.98e-04  |  Time: 9.29s
  Epoch  500/7000  |  Loss: 0.016704  |  LR: 1.97e-04  |  Time: 9.29s
  Epoch  510/7000  |  Loss: 0.018461  |  LR: 1.97e-04  |  Time: 9.30s
  Epoch  520/7000  |  Loss: 0.016162  |  LR: 1.97e-04  |  Time: 9.28s
  Epoch  530/7000  |  Loss: 0.015784  |  LR: 1.97e-04  |  Time: 9.30s
  Epoch  540/7000  |  Loss: 0.016522  |  LR: 1.97e-04  |  Time: 9.28s
  Epoch  550/7000  |  Loss: 0.016035  |  LR: 1.97e-04  |  Time: 9.29s
  Epoch  560/7000  |  Loss: 0.017256  |  LR: 1.97e-04  |  Time: 9.29s
  Epoch  570/7000  |  Loss: 0.016082  |  LR: 1.97e-04  |  Time: 9.30s
  Epoch  580/7000  |  Loss: 0.016472  |  LR: 1.97e-04  |  Time: 9.29s
  Epoch  590/7000  |  Loss: 0.018320  |  LR: 1.97e-04  |  Time: 9.29s
  Epoch  600/7000  |  Loss: 0.016280  |  LR: 1.96e-04  |  Time: 9.29s
  Epoch  610/7000  |  Loss: 0.015658  |  LR: 1.96e-04  |  Time: 9.31s
  Epoch  620/7000  |  Loss: 0.015745  |  LR: 1.96e-04  |  Time: 9.29s
  Epoch  630/7000  |  Loss: 0.016090  |  LR: 1.96e-04  |  Time: 9.29s
  Epoch  640/7000  |  Loss: 0.015278  |  LR: 1.96e-04  |  Time: 9.29s
  Epoch  650/7000  |  Loss: 0.016745  |  LR: 1.96e-04  |  Time: 9.29s
  Epoch  660/7000  |  Loss: 0.015179  |  LR: 1.96e-04  |  Time: 9.29s
  Epoch  670/7000  |  Loss: 0.015615  |  LR: 1.96e-04  |  Time: 9.32s
  Epoch  680/7000  |  Loss: 0.016950  |  LR: 1.95e-04  |  Time: 9.29s
  Epoch  690/7000  |  Loss: 0.018847  |  LR: 1.95e-04  |  Time: 9.29s
  Epoch  700/7000  |  Loss: 0.013050  |  LR: 1.95e-04  |  Time: 9.31s
  Epoch  710/7000  |  Loss: 0.013099  |  LR: 1.95e-04  |  Time: 9.29s
  Epoch  720/7000  |  Loss: 0.013921  |  LR: 1.95e-04  |  Time: 9.31s
  Epoch  730/7000  |  Loss: 0.015907  |  LR: 1.95e-04  |  Time: 9.31s
  Epoch  740/7000  |  Loss: 0.015488  |  LR: 1.95e-04  |  Time: 9.30s
  Epoch  750/7000  |  Loss: 0.013396  |  LR: 1.94e-04  |  Time: 9.30s
  Epoch  760/7000  |  Loss: 0.015924  |  LR: 1.94e-04  |  Time: 9.31s
  Epoch  770/7000  |  Loss: 0.014950  |  LR: 1.94e-04  |  Time: 9.29s
  Epoch  780/7000  |  Loss: 0.014952  |  LR: 1.94e-04  |  Time: 9.31s
  Epoch  790/7000  |  Loss: 0.020401  |  LR: 1.94e-04  |  Time: 9.32s
  Epoch  800/7000  |  Loss: 0.015589  |  LR: 1.94e-04  |  Time: 9.29s
  Epoch  810/7000  |  Loss: 0.012502  |  LR: 1.93e-04  |  Time: 9.29s
  Epoch  820/7000  |  Loss: 0.013025  |  LR: 1.93e-04  |  Time: 9.30s
  Epoch  830/7000  |  Loss: 0.014738  |  LR: 1.93e-04  |  Time: 9.31s
  Epoch  840/7000  |  Loss: 0.014244  |  LR: 1.93e-04  |  Time: 9.29s
  Epoch  850/7000  |  Loss: 0.016651  |  LR: 1.93e-04  |  Time: 9.30s
  Epoch  860/7000  |  Loss: 0.014212  |  LR: 1.93e-04  |  Time: 9.30s
  Epoch  870/7000  |  Loss: 0.015333  |  LR: 1.92e-04  |  Time: 9.31s
  Epoch  880/7000  |  Loss: 0.011994  |  LR: 1.92e-04  |  Time: 9.30s
  Epoch  890/7000  |  Loss: 0.013809  |  LR: 1.92e-04  |  Time: 9.29s
  Epoch  900/7000  |  Loss: 0.012677  |  LR: 1.92e-04  |  Time: 9.30s
  Epoch  910/7000  |  Loss: 0.013185  |  LR: 1.92e-04  |  Time: 9.31s
  Epoch  920/7000  |  Loss: 0.012982  |  LR: 1.92e-04  |  Time: 9.30s
  Epoch  930/7000  |  Loss: 0.013729  |  LR: 1.91e-04  |  Time: 9.30s
  Epoch  940/7000  |  Loss: 0.015031  |  LR: 1.91e-04  |  Time: 9.31s
  Epoch  950/7000  |  Loss: 0.013670  |  LR: 1.91e-04  |  Time: 9.29s
  Epoch  960/7000  |  Loss: 0.012291  |  LR: 1.91e-04  |  Time: 9.31s
  Epoch  970/7000  |  Loss: 0.014336  |  LR: 1.91e-04  |  Time: 9.28s
  Epoch  980/7000  |  Loss: 0.013268  |  LR: 1.91e-04  |  Time: 9.31s
  Epoch  990/7000  |  Loss: 0.011925  |  LR: 1.90e-04  |  Time: 9.29s
  Epoch 1000/7000  |  Loss: 0.014856  |  LR: 1.90e-04  |  Time: 9.30s
  Epoch 1010/7000  |  Loss: 0.012090  |  LR: 1.90e-04  |  Time: 9.28s
  Epoch 1020/7000  |  Loss: 0.011970  |  LR: 1.90e-04  |  Time: 9.30s
  Epoch 1030/7000  |  Loss: 0.012762  |  LR: 1.90e-04  |  Time: 9.30s
  Epoch 1040/7000  |  Loss: 0.013812  |  LR: 1.89e-04  |  Time: 9.29s
  Epoch 1050/7000  |  Loss: 0.010575  |  LR: 1.89e-04  |  Time: 9.30s
  Epoch 1060/7000  |  Loss: 0.011546  |  LR: 1.89e-04  |  Time: 9.29s
  Epoch 1070/7000  |  Loss: 0.012431  |  LR: 1.89e-04  |  Time: 9.30s
  Epoch 1080/7000  |  Loss: 0.013252  |  LR: 1.89e-04  |  Time: 9.29s
  Epoch 1090/7000  |  Loss: 0.010293  |  LR: 1.88e-04  |  Time: 9.31s
  Epoch 1100/7000  |  Loss: 0.010922  |  LR: 1.88e-04  |  Time: 9.30s
  Epoch 1110/7000  |  Loss: 0.013145  |  LR: 1.88e-04  |  Time: 9.30s
  Epoch 1120/7000  |  Loss: 0.016227  |  LR: 1.88e-04  |  Time: 9.31s
  Epoch 1130/7000  |  Loss: 0.012275  |  LR: 1.87e-04  |  Time: 9.29s
  Epoch 1140/7000  |  Loss: 0.011755  |  LR: 1.87e-04  |  Time: 9.30s
  Epoch 1150/7000  |  Loss: 0.011535  |  LR: 1.87e-04  |  Time: 9.30s
  Epoch 1160/7000  |  Loss: 0.011356  |  LR: 1.87e-04  |  Time: 9.29s
  Epoch 1170/7000  |  Loss: 0.012189  |  LR: 1.87e-04  |  Time: 9.29s
  Epoch 1180/7000  |  Loss: 0.012689  |  LR: 1.86e-04  |  Time: 9.28s
  Epoch 1190/7000  |  Loss: 0.014266  |  LR: 1.86e-04  |  Time: 9.28s
  Epoch 1200/7000  |  Loss: 0.013290  |  LR: 1.86e-04  |  Time: 9.29s
  Epoch 1210/7000  |  Loss: 0.012577  |  LR: 1.86e-04  |  Time: 9.29s
  Epoch 1220/7000  |  Loss: 0.013276  |  LR: 1.85e-04  |  Time: 9.30s
  Epoch 1230/7000  |  Loss: 0.011050  |  LR: 1.85e-04  |  Time: 9.29s
  Epoch 1240/7000  |  Loss: 0.011241  |  LR: 1.85e-04  |  Time: 9.29s
  Epoch 1250/7000  |  Loss: 0.012613  |  LR: 1.85e-04  |  Time: 9.29s
  Epoch 1260/7000  |  Loss: 0.010753  |  LR: 1.84e-04  |  Time: 9.29s
  Epoch 1270/7000  |  Loss: 0.012127  |  LR: 1.84e-04  |  Time: 9.28s
  Epoch 1280/7000  |  Loss: 0.012684  |  LR: 1.84e-04  |  Time: 9.30s
  Epoch 1290/7000  |  Loss: 0.011380  |  LR: 1.84e-04  |  Time: 9.31s
  Epoch 1300/7000  |  Loss: 0.012907  |  LR: 1.84e-04  |  Time: 9.31s
  Epoch 1310/7000  |  Loss: 0.012861  |  LR: 1.83e-04  |  Time: 9.29s
  Epoch 1320/7000  |  Loss: 0.012132  |  LR: 1.83e-04  |  Time: 9.30s
  Epoch 1330/7000  |  Loss: 0.011936  |  LR: 1.83e-04  |  Time: 9.31s
  Epoch 1340/7000  |  Loss: 0.011285  |  LR: 1.83e-04  |  Time: 9.29s
  Epoch 1350/7000  |  Loss: 0.012786  |  LR: 1.82e-04  |  Time: 9.29s
  Epoch 1360/7000  |  Loss: 0.011277  |  LR: 1.82e-04  |  Time: 9.30s
  Epoch 1370/7000  |  Loss: 0.011318  |  LR: 1.82e-04  |  Time: 9.28s
  Epoch 1380/7000  |  Loss: 0.011555  |  LR: 1.81e-04  |  Time: 9.30s
  Epoch 1390/7000  |  Loss: 0.011416  |  LR: 1.81e-04  |  Time: 9.31s
  Epoch 1400/7000  |  Loss: 0.011658  |  LR: 1.81e-04  |  Time: 9.28s
  Epoch 1410/7000  |  Loss: 0.009891  |  LR: 1.81e-04  |  Time: 9.30s
  Epoch 1420/7000  |  Loss: 0.011784  |  LR: 1.80e-04  |  Time: 9.29s
  Epoch 1430/7000  |  Loss: 0.010382  |  LR: 1.80e-04  |  Time: 9.29s
  Epoch 1440/7000  |  Loss: 0.009710  |  LR: 1.80e-04  |  Time: 9.28s
  Epoch 1450/7000  |  Loss: 0.009818  |  LR: 1.80e-04  |  Time: 9.29s
  Epoch 1460/7000  |  Loss: 0.011741  |  LR: 1.79e-04  |  Time: 9.29s
  Epoch 1470/7000  |  Loss: 0.011053  |  LR: 1.79e-04  |  Time: 9.29s
  Epoch 1480/7000  |  Loss: 0.009389  |  LR: 1.79e-04  |  Time: 9.31s
  Epoch 1490/7000  |  Loss: 0.010445  |  LR: 1.79e-04  |  Time: 9.28s
[Utils] Checkpoint saved: /home/u00134/src/logs/run_20260528_174311/checkpoint_epoch_1499.pt
  Epoch 1500/7000  |  Loss: 0.011684  |  LR: 1.78e-04  |  Time: 9.30s
  Epoch 1510/7000  |  Loss: 0.011654  |  LR: 1.78e-04  |  Time: 9.29s
  Epoch 1520/7000  |  Loss: 0.012452  |  LR: 1.78e-04  |  Time: 9.30s
  Epoch 1530/7000  |  Loss: 0.010458  |  LR: 1.77e-04  |  Time: 9.29s
  Epoch 1540/7000  |  Loss: 0.010635  |  LR: 1.77e-04  |  Time: 9.30s
  Epoch 1550/7000  |  Loss: 0.012567  |  LR: 1.77e-04  |  Time: 9.29s
  Epoch 1560/7000  |  Loss: 0.009459  |  LR: 1.77e-04  |  Time: 9.29s
  Epoch 1570/7000  |  Loss: 0.009161  |  LR: 1.76e-04  |  Time: 9.30s
  Epoch 1580/7000  |  Loss: 0.011040  |  LR: 1.76e-04  |  Time: 9.29s
  Epoch 1590/7000  |  Loss: 0.010411  |  LR: 1.76e-04  |  Time: 9.30s
  Epoch 1600/7000  |  Loss: 0.012111  |  LR: 1.75e-04  |  Time: 9.29s
  Epoch 1610/7000  |  Loss: 0.009471  |  LR: 1.75e-04  |  Time: 9.31s
  Epoch 1620/7000  |  Loss: 0.010213  |  LR: 1.75e-04  |  Time: 9.29s
  Epoch 1630/7000  |  Loss: 0.011193  |  LR: 1.75e-04  |  Time: 9.29s
  Epoch 1640/7000  |  Loss: 0.010931  |  LR: 1.74e-04  |  Time: 9.29s
  Epoch 1650/7000  |  Loss: 0.009134  |  LR: 1.74e-04  |  Time: 9.30s
  Epoch 1660/7000  |  Loss: 0.009681  |  LR: 1.74e-04  |  Time: 9.29s
  Epoch 1670/7000  |  Loss: 0.012817  |  LR: 1.73e-04  |  Time: 9.31s
  Epoch 1680/7000  |  Loss: 0.010211  |  LR: 1.73e-04  |  Time: 9.30s
  Epoch 1690/7000  |  Loss: 0.010872  |  LR: 1.73e-04  |  Time: 9.31s
  Epoch 1700/7000  |  Loss: 0.009838  |  LR: 1.72e-04  |  Time: 9.30s
  Epoch 1710/7000  |  Loss: 0.010289  |  LR: 1.72e-04  |  Time: 9.28s
  Epoch 1720/7000  |  Loss: 0.009010  |  LR: 1.72e-04  |  Time: 9.29s
  Epoch 1730/7000  |  Loss: 0.010621  |  LR: 1.71e-04  |  Time: 9.31s
  Epoch 1740/7000  |  Loss: 0.010054  |  LR: 1.71e-04  |  Time: 9.29s
  Epoch 1750/7000  |  Loss: 0.012686  |  LR: 1.71e-04  |  Time: 9.29s
  Epoch 1760/7000  |  Loss: 0.009927  |  LR: 1.71e-04  |  Time: 9.31s
  Epoch 1770/7000  |  Loss: 0.010002  |  LR: 1.70e-04  |  Time: 9.28s
  Epoch 1780/7000  |  Loss: 0.009750  |  LR: 1.70e-04  |  Time: 9.30s
  Epoch 1790/7000  |  Loss: 0.007885  |  LR: 1.70e-04  |  Time: 9.30s
  Epoch 1800/7000  |  Loss: 0.013765  |  LR: 1.69e-04  |  Time: 9.31s
  Epoch 1810/7000  |  Loss: 0.010286  |  LR: 1.69e-04  |  Time: 9.31s
  Epoch 1820/7000  |  Loss: 0.009574  |  LR: 1.69e-04  |  Time: 9.30s
  Epoch 1830/7000  |  Loss: 0.008441  |  LR: 1.68e-04  |  Time: 9.31s
  Epoch 1840/7000  |  Loss: 0.011055  |  LR: 1.68e-04  |  Time: 9.29s
  Epoch 1850/7000  |  Loss: 0.008149  |  LR: 1.68e-04  |  Time: 9.29s
  Epoch 1860/7000  |  Loss: 0.008728  |  LR: 1.67e-04  |  Time: 9.28s
  Epoch 1870/7000  |  Loss: 0.010073  |  LR: 1.67e-04  |  Time: 9.30s
  Epoch 1880/7000  |  Loss: 0.008510  |  LR: 1.67e-04  |  Time: 9.30s
  Epoch 1890/7000  |  Loss: 0.008458  |  LR: 1.66e-04  |  Time: 9.30s
  Epoch 1900/7000  |  Loss: 0.009677  |  LR: 1.66e-04  |  Time: 9.28s
  Epoch 1910/7000  |  Loss: 0.009196  |  LR: 1.66e-04  |  Time: 9.30s
  Epoch 1920/7000  |  Loss: 0.009190  |  LR: 1.65e-04  |  Time: 9.30s
  Epoch 1930/7000  |  Loss: 0.009168  |  LR: 1.65e-04  |  Time: 9.29s
  Epoch 1940/7000  |  Loss: 0.009565  |  LR: 1.65e-04  |  Time: 9.29s
  Epoch 1950/7000  |  Loss: 0.008916  |  LR: 1.64e-04  |  Time: 9.29s
  Epoch 1960/7000  |  Loss: 0.009748  |  LR: 1.64e-04  |  Time: 9.29s
  Epoch 1970/7000  |  Loss: 0.008815  |  LR: 1.64e-04  |  Time: 9.31s
  Epoch 1980/7000  |  Loss: 0.008907  |  LR: 1.63e-04  |  Time: 9.28s
  Epoch 1990/7000  |  Loss: 0.008753  |  LR: 1.63e-04  |  Time: 9.30s
  Epoch 2000/7000  |  Loss: 0.009531  |  LR: 1.63e-04  |  Time: 9.28s
  Epoch 2010/7000  |  Loss: 0.010826  |  LR: 1.62e-04  |  Time: 9.31s
  Epoch 2020/7000  |  Loss: 0.010078  |  LR: 1.62e-04  |  Time: 9.30s
  Epoch 2030/7000  |  Loss: 0.008281  |  LR: 1.61e-04  |  Time: 9.29s
  Epoch 2040/7000  |  Loss: 0.008724  |  LR: 1.61e-04  |  Time: 9.29s
  Epoch 2050/7000  |  Loss: 0.008891  |  LR: 1.61e-04  |  Time: 9.31s
  Epoch 2060/7000  |  Loss: 0.008989  |  LR: 1.60e-04  |  Time: 9.29s
  Epoch 2070/7000  |  Loss: 0.010073  |  LR: 1.60e-04  |  Time: 9.29s
  Epoch 2080/7000  |  Loss: 0.008770  |  LR: 1.60e-04  |  Time: 9.30s
  Epoch 2090/7000  |  Loss: 0.008194  |  LR: 1.59e-04  |  Time: 9.29s
  Epoch 2100/7000  |  Loss: 0.010305  |  LR: 1.59e-04  |  Time: 9.30s
  Epoch 2110/7000  |  Loss: 0.009620  |  LR: 1.59e-04  |  Time: 9.30s
  Epoch 2120/7000  |  Loss: 0.009189  |  LR: 1.58e-04  |  Time: 9.29s
  Epoch 2130/7000  |  Loss: 0.008565  |  LR: 1.58e-04  |  Time: 9.30s
  Epoch 2140/7000  |  Loss: 0.009097  |  LR: 1.57e-04  |  Time: 9.28s
  Epoch 2150/7000  |  Loss: 0.009443  |  LR: 1.57e-04  |  Time: 9.28s
  Epoch 2160/7000  |  Loss: 0.009607  |  LR: 1.57e-04  |  Time: 9.30s
  Epoch 2170/7000  |  Loss: 0.009513  |  LR: 1.56e-04  |  Time: 9.29s
  Epoch 2180/7000  |  Loss: 0.007175  |  LR: 1.56e-04  |  Time: 9.30s
  Epoch 2190/7000  |  Loss: 0.007915  |  LR: 1.56e-04  |  Time: 9.28s
  Epoch 2200/7000  |  Loss: 0.008944  |  LR: 1.55e-04  |  Time: 9.30s
  Epoch 2210/7000  |  Loss: 0.008583  |  LR: 1.55e-04  |  Time: 9.29s
  Epoch 2220/7000  |  Loss: 0.010281  |  LR: 1.55e-04  |  Time: 9.29s
  Epoch 2230/7000  |  Loss: 0.007862  |  LR: 1.54e-04  |  Time: 9.30s
  Epoch 2240/7000  |  Loss: 0.007275  |  LR: 1.54e-04  |  Time: 9.29s
  Epoch 2250/7000  |  Loss: 0.008548  |  LR: 1.53e-04  |  Time: 9.31s
  Epoch 2260/7000  |  Loss: 0.007743  |  LR: 1.53e-04  |  Time: 9.30s
  Epoch 2270/7000  |  Loss: 0.008467  |  LR: 1.53e-04  |  Time: 9.32s
  Epoch 2280/7000  |  Loss: 0.008600  |  LR: 1.52e-04  |  Time: 9.29s
  Epoch 2290/7000  |  Loss: 0.007882  |  LR: 1.52e-04  |  Time: 9.29s
  Epoch 2300/7000  |  Loss: 0.008142  |  LR: 1.51e-04  |  Time: 9.30s
  Epoch 2310/7000  |  Loss: 0.008498  |  LR: 1.51e-04  |  Time: 9.31s
  Epoch 2320/7000  |  Loss: 0.010376  |  LR: 1.51e-04  |  Time: 9.28s
  Epoch 2330/7000  |  Loss: 0.007833  |  LR: 1.50e-04  |  Time: 9.28s
  Epoch 2340/7000  |  Loss: 0.008466  |  LR: 1.50e-04  |  Time: 9.31s
  Epoch 2350/7000  |  Loss: 0.009298  |  LR: 1.50e-04  |  Time: 9.29s
  Epoch 2360/7000  |  Loss: 0.008105  |  LR: 1.49e-04  |  Time: 9.31s
  Epoch 2370/7000  |  Loss: 0.009097  |  LR: 1.49e-04  |  Time: 9.29s
  Epoch 2380/7000  |  Loss: 0.007851  |  LR: 1.48e-04  |  Time: 9.29s
  Epoch 2390/7000  |  Loss: 0.008373  |  LR: 1.48e-04  |  Time: 9.29s
  Epoch 2400/7000  |  Loss: 0.011363  |  LR: 1.48e-04  |  Time: 9.30s
  Epoch 2410/7000  |  Loss: 0.007272  |  LR: 1.47e-04  |  Time: 9.29s
  Epoch 2420/7000  |  Loss: 0.008243  |  LR: 1.47e-04  |  Time: 9.28s
  Epoch 2430/7000  |  Loss: 0.007911  |  LR: 1.46e-04  |  Time: 9.29s
  Epoch 2440/7000  |  Loss: 0.008612  |  LR: 1.46e-04  |  Time: 9.29s
  Epoch 2450/7000  |  Loss: 0.008587  |  LR: 1.46e-04  |  Time: 9.28s
  Epoch 2460/7000  |  Loss: 0.007556  |  LR: 1.45e-04  |  Time: 9.28s
  Epoch 2470/7000  |  Loss: 0.008096  |  LR: 1.45e-04  |  Time: 9.28s
  Epoch 2480/7000  |  Loss: 0.007685  |  LR: 1.44e-04  |  Time: 9.30s
  Epoch 2490/7000  |  Loss: 0.007779  |  LR: 1.44e-04  |  Time: 9.29s
  Epoch 2500/7000  |  Loss: 0.007634  |  LR: 1.44e-04  |  Time: 9.28s
  Epoch 2510/7000  |  Loss: 0.008744  |  LR: 1.43e-04  |  Time: 9.28s
  Epoch 2520/7000  |  Loss: 0.007430  |  LR: 1.43e-04  |  Time: 9.30s
  Epoch 2530/7000  |  Loss: 0.007637  |  LR: 1.42e-04  |  Time: 9.29s
  Epoch 2540/7000  |  Loss: 0.008904  |  LR: 1.42e-04  |  Time: 9.30s
  Epoch 2550/7000  |  Loss: 0.008256  |  LR: 1.42e-04  |  Time: 9.29s
  Epoch 2560/7000  |  Loss: 0.007956  |  LR: 1.41e-04  |  Time: 9.27s
  Epoch 2570/7000  |  Loss: 0.007177  |  LR: 1.41e-04  |  Time: 9.28s
  Epoch 2580/7000  |  Loss: 0.008126  |  LR: 1.40e-04  |  Time: 9.29s
  Epoch 2590/7000  |  Loss: 0.008853  |  LR: 1.40e-04  |  Time: 9.31s
  Epoch 2600/7000  |  Loss: 0.009542  |  LR: 1.40e-04  |  Time: 9.30s
  Epoch 2610/7000  |  Loss: 0.008126  |  LR: 1.39e-04  |  Time: 9.28s
  Epoch 2620/7000  |  Loss: 0.006969  |  LR: 1.39e-04  |  Time: 9.27s
  Epoch 2630/7000  |  Loss: 0.008647  |  LR: 1.38e-04  |  Time: 9.28s
  Epoch 2640/7000  |  Loss: 0.011304  |  LR: 1.38e-04  |  Time: 9.29s
  Epoch 2650/7000  |  Loss: 0.008611  |  LR: 1.38e-04  |  Time: 9.29s
  Epoch 2660/7000  |  Loss: 0.007495  |  LR: 1.37e-04  |  Time: 9.30s
  Epoch 2670/7000  |  Loss: 0.007589  |  LR: 1.37e-04  |  Time: 9.28s
  Epoch 2680/7000  |  Loss: 0.008359  |  LR: 1.36e-04  |  Time: 9.30s
  Epoch 2690/7000  |  Loss: 0.007665  |  LR: 1.36e-04  |  Time: 9.29s
  Epoch 2700/7000  |  Loss: 0.007450  |  LR: 1.35e-04  |  Time: 9.31s
  Epoch 2710/7000  |  Loss: 0.008005  |  LR: 1.35e-04  |  Time: 9.28s
  Epoch 2720/7000  |  Loss: 0.010645  |  LR: 1.35e-04  |  Time: 9.29s
  Epoch 2730/7000  |  Loss: 0.009578  |  LR: 1.34e-04  |  Time: 9.28s
  Epoch 2740/7000  |  Loss: 0.006215  |  LR: 1.34e-04  |  Time: 9.29s
  Epoch 2750/7000  |  Loss: 0.008838  |  LR: 1.33e-04  |  Time: 9.28s
  Epoch 2760/7000  |  Loss: 0.007854  |  LR: 1.33e-04  |  Time: 9.30s
  Epoch 2770/7000  |  Loss: 0.006734  |  LR: 1.32e-04  |  Time: 9.29s
  Epoch 2780/7000  |  Loss: 0.007386  |  LR: 1.32e-04  |  Time: 9.30s
  Epoch 2790/7000  |  Loss: 0.007860  |  LR: 1.32e-04  |  Time: 9.29s
  Epoch 2800/7000  |  Loss: 0.007413  |  LR: 1.31e-04  |  Time: 9.29s
  Epoch 2810/7000  |  Loss: 0.007943  |  LR: 1.31e-04  |  Time: 9.28s
  Epoch 2820/7000  |  Loss: 0.007651  |  LR: 1.30e-04  |  Time: 9.29s
  Epoch 2830/7000  |  Loss: 0.008259  |  LR: 1.30e-04  |  Time: 9.28s
  Epoch 2840/7000  |  Loss: 0.007215  |  LR: 1.30e-04  |  Time: 9.29s
  Epoch 2850/7000  |  Loss: 0.008153  |  LR: 1.29e-04  |  Time: 9.28s
  Epoch 2860/7000  |  Loss: 0.008256  |  LR: 1.29e-04  |  Time: 9.28s
  Epoch 2870/7000  |  Loss: 0.009544  |  LR: 1.28e-04  |  Time: 9.28s
  Epoch 2880/7000  |  Loss: 0.007512  |  LR: 1.28e-04  |  Time: 9.28s
  Epoch 2890/7000  |  Loss: 0.006902  |  LR: 1.27e-04  |  Time: 9.29s
  Epoch 2900/7000  |  Loss: 0.007150  |  LR: 1.27e-04  |  Time: 9.29s
  Epoch 2910/7000  |  Loss: 0.007489  |  LR: 1.26e-04  |  Time: 9.28s
  Epoch 2920/7000  |  Loss: 0.008285  |  LR: 1.26e-04  |  Time: 9.27s
  Epoch 2930/7000  |  Loss: 0.008052  |  LR: 1.26e-04  |  Time: 9.28s
  Epoch 2940/7000  |  Loss: 0.007715  |  LR: 1.25e-04  |  Time: 9.28s
  Epoch 2950/7000  |  Loss: 0.008051  |  LR: 1.25e-04  |  Time: 9.30s
  Epoch 2960/7000  |  Loss: 0.006339  |  LR: 1.24e-04  |  Time: 9.28s
  Epoch 2970/7000  |  Loss: 0.007828  |  LR: 1.24e-04  |  Time: 9.30s
  Epoch 2980/7000  |  Loss: 0.007757  |  LR: 1.23e-04  |  Time: 9.29s
  Epoch 2990/7000  |  Loss: 0.006783  |  LR: 1.23e-04  |  Time: 9.30s
[Utils] Checkpoint saved: /home/u00134/src/logs/run_20260528_174311/checkpoint_epoch_2999.pt
  Epoch 3000/7000  |  Loss: 0.007123  |  LR: 1.23e-04  |  Time: 9.30s
  Epoch 3010/7000  |  Loss: 0.006722  |  LR: 1.22e-04  |  Time: 9.30s
  Epoch 3020/7000  |  Loss: 0.007079  |  LR: 1.22e-04  |  Time: 9.29s
  Epoch 3030/7000  |  Loss: 0.006681  |  LR: 1.21e-04  |  Time: 9.30s
  Epoch 3040/7000  |  Loss: 0.006786  |  LR: 1.21e-04  |  Time: 9.28s
  Epoch 3050/7000  |  Loss: 0.008817  |  LR: 1.20e-04  |  Time: 9.29s
  Epoch 3060/7000  |  Loss: 0.007288  |  LR: 1.20e-04  |  Time: 9.29s
  Epoch 3070/7000  |  Loss: 0.006692  |  LR: 1.20e-04  |  Time: 9.28s
  Epoch 3080/7000  |  Loss: 0.007395  |  LR: 1.19e-04  |  Time: 9.28s
  Epoch 3090/7000  |  Loss: 0.008831  |  LR: 1.19e-04  |  Time: 9.29s
  Epoch 3100/7000  |  Loss: 0.006786  |  LR: 1.18e-04  |  Time: 9.30s
  Epoch 3110/7000  |  Loss: 0.007579  |  LR: 1.18e-04  |  Time: 9.28s
  Epoch 3120/7000  |  Loss: 0.007668  |  LR: 1.17e-04  |  Time: 9.30s
  Epoch 3130/7000  |  Loss: 0.007144  |  LR: 1.17e-04  |  Time: 9.30s
  Epoch 3140/7000  |  Loss: 0.007147  |  LR: 1.16e-04  |  Time: 9.28s
  Epoch 3150/7000  |  Loss: 0.005827  |  LR: 1.16e-04  |  Time: 9.30s
  Epoch 3160/7000  |  Loss: 0.007759  |  LR: 1.16e-04  |  Time: 9.30s
  Epoch 3170/7000  |  Loss: 0.006608  |  LR: 1.15e-04  |  Time: 9.30s
  Epoch 3180/7000  |  Loss: 0.006138  |  LR: 1.15e-04  |  Time: 9.28s
  Epoch 3190/7000  |  Loss: 0.007001  |  LR: 1.14e-04  |  Time: 9.30s
  Epoch 3200/7000  |  Loss: 0.008929  |  LR: 1.14e-04  |  Time: 9.28s
  Epoch 3210/7000  |  Loss: 0.006836  |  LR: 1.13e-04  |  Time: 9.28s
  Epoch 3220/7000  |  Loss: 0.007765  |  LR: 1.13e-04  |  Time: 9.30s
  Epoch 3230/7000  |  Loss: 0.005749  |  LR: 1.12e-04  |  Time: 9.28s
  Epoch 3240/7000  |  Loss: 0.008082  |  LR: 1.12e-04  |  Time: 9.29s
  Epoch 3250/7000  |  Loss: 0.007818  |  LR: 1.12e-04  |  Time: 9.28s
  Epoch 3260/7000  |  Loss: 0.006860  |  LR: 1.11e-04  |  Time: 9.28s
  Epoch 3270/7000  |  Loss: 0.006651  |  LR: 1.11e-04  |  Time: 9.30s
  Epoch 3280/7000  |  Loss: 0.008509  |  LR: 1.10e-04  |  Time: 9.29s
  Epoch 3290/7000  |  Loss: 0.007609  |  LR: 1.10e-04  |  Time: 9.29s
  Epoch 3300/7000  |  Loss: 0.006686  |  LR: 1.09e-04  |  Time: 9.28s
  Epoch 3310/7000  |  Loss: 0.006847  |  LR: 1.09e-04  |  Time: 9.27s
  Epoch 3320/7000  |  Loss: 0.005787  |  LR: 1.08e-04  |  Time: 9.29s
  Epoch 3330/7000  |  Loss: 0.006838  |  LR: 1.08e-04  |  Time: 9.30s
  Epoch 3340/7000  |  Loss: 0.007268  |  LR: 1.08e-04  |  Time: 9.28s
  Epoch 3350/7000  |  Loss: 0.006726  |  LR: 1.07e-04  |  Time: 9.28s
  Epoch 3360/7000  |  Loss: 0.005922  |  LR: 1.07e-04  |  Time: 9.28s
  Epoch 3370/7000  |  Loss: 0.006999  |  LR: 1.06e-04  |  Time: 9.29s
  Epoch 3380/7000  |  Loss: 0.006750  |  LR: 1.06e-04  |  Time: 9.28s
  Epoch 3390/7000  |  Loss: 0.006692  |  LR: 1.05e-04  |  Time: 9.29s
  Epoch 3400/7000  |  Loss: 0.006847  |  LR: 1.05e-04  |  Time: 9.28s
  Epoch 3410/7000  |  Loss: 0.006096  |  LR: 1.04e-04  |  Time: 9.28s
  Epoch 3420/7000  |  Loss: 0.006333  |  LR: 1.04e-04  |  Time: 9.30s
  Epoch 3430/7000  |  Loss: 0.006249  |  LR: 1.04e-04  |  Time: 9.28s
  Epoch 3440/7000  |  Loss: 0.006470  |  LR: 1.03e-04  |  Time: 9.30s
  Epoch 3450/7000  |  Loss: 0.006230  |  LR: 1.03e-04  |  Time: 9.29s
  Epoch 3460/7000  |  Loss: 0.007691  |  LR: 1.02e-04  |  Time: 9.29s
  Epoch 3470/7000  |  Loss: 0.006680  |  LR: 1.02e-04  |  Time: 9.30s
  Epoch 3480/7000  |  Loss: 0.006513  |  LR: 1.01e-04  |  Time: 9.29s
  Epoch 3490/7000  |  Loss: 0.007437  |  LR: 1.01e-04  |  Time: 9.29s
  Epoch 3500/7000  |  Loss: 0.005659  |  LR: 1.00e-04  |  Time: 9.29s
  Epoch 3510/7000  |  Loss: 0.007503  |  LR: 1.00e-04  |  Time: 9.28s
  Epoch 3520/7000  |  Loss: 0.006082  |  LR: 9.96e-05  |  Time: 9.29s
  Epoch 3530/7000  |  Loss: 0.006880  |  LR: 9.91e-05  |  Time: 9.28s
  Epoch 3540/7000  |  Loss: 0.005941  |  LR: 9.87e-05  |  Time: 9.29s
  Epoch 3550/7000  |  Loss: 0.006372  |  LR: 9.82e-05  |  Time: 9.28s
  Epoch 3560/7000  |  Loss: 0.006114  |  LR: 9.78e-05  |  Time: 9.28s
  Epoch 3570/7000  |  Loss: 0.005361  |  LR: 9.73e-05  |  Time: 9.28s
  Epoch 3580/7000  |  Loss: 0.006868  |  LR: 9.69e-05  |  Time: 9.30s
  Epoch 3590/7000  |  Loss: 0.006626  |  LR: 9.64e-05  |  Time: 9.29s
  Epoch 3600/7000  |  Loss: 0.005948  |  LR: 9.60e-05  |  Time: 9.30s
  Epoch 3610/7000  |  Loss: 0.006107  |  LR: 9.55e-05  |  Time: 9.32s
  Epoch 3620/7000  |  Loss: 0.006717  |  LR: 9.51e-05  |  Time: 9.31s
  Epoch 3630/7000  |  Loss: 0.007895  |  LR: 9.47e-05  |  Time: 9.31s
  Epoch 3640/7000  |  Loss: 0.005475  |  LR: 9.42e-05  |  Time: 9.32s
  Epoch 3650/7000  |  Loss: 0.005616  |  LR: 9.38e-05  |  Time: 9.33s
  Epoch 3660/7000  |  Loss: 0.006273  |  LR: 9.33e-05  |  Time: 9.32s
  Epoch 3670/7000  |  Loss: 0.006455  |  LR: 9.29e-05  |  Time: 9.33s
  Epoch 3680/7000  |  Loss: 0.006514  |  LR: 9.24e-05  |  Time: 9.32s
  Epoch 3690/7000  |  Loss: 0.005982  |  LR: 9.20e-05  |  Time: 9.29s
  Epoch 3700/7000  |  Loss: 0.006036  |  LR: 9.15e-05  |  Time: 9.30s
  Epoch 3710/7000  |  Loss: 0.007381  |  LR: 9.11e-05  |  Time: 9.29s
  Epoch 3720/7000  |  Loss: 0.006688  |  LR: 9.06e-05  |  Time: 9.34s
  Epoch 3730/7000  |  Loss: 0.005450  |  LR: 9.02e-05  |  Time: 9.31s
  Epoch 3740/7000  |  Loss: 0.007184  |  LR: 8.98e-05  |  Time: 9.34s
  Epoch 3750/7000  |  Loss: 0.005209  |  LR: 8.93e-05  |  Time: 9.34s
  Epoch 3760/7000  |  Loss: 0.006278  |  LR: 8.89e-05  |  Time: 9.33s
  Epoch 3770/7000  |  Loss: 0.007382  |  LR: 8.84e-05  |  Time: 9.32s
  Epoch 3780/7000  |  Loss: 0.007174  |  LR: 8.80e-05  |  Time: 9.33s
  Epoch 3790/7000  |  Loss: 0.005756  |  LR: 8.75e-05  |  Time: 9.32s
  Epoch 3800/7000  |  Loss: 0.006934  |  LR: 8.71e-05  |  Time: 9.33s
  Epoch 3810/7000  |  Loss: 0.006540  |  LR: 8.67e-05  |  Time: 9.34s
  Epoch 3820/7000  |  Loss: 0.006728  |  LR: 8.62e-05  |  Time: 9.33s
  Epoch 3830/7000  |  Loss: 0.007540  |  LR: 8.58e-05  |  Time: 9.33s
  Epoch 3840/7000  |  Loss: 0.005427  |  LR: 8.53e-05  |  Time: 9.34s
  Epoch 3850/7000  |  Loss: 0.005702  |  LR: 8.49e-05  |  Time: 9.34s
  Epoch 3860/7000  |  Loss: 0.006834  |  LR: 8.44e-05  |  Time: 9.35s
  Epoch 3870/7000  |  Loss: 0.005373  |  LR: 8.40e-05  |  Time: 9.34s
  Epoch 3880/7000  |  Loss: 0.005488  |  LR: 8.36e-05  |  Time: 9.34s
  Epoch 3890/7000  |  Loss: 0.005572  |  LR: 8.31e-05  |  Time: 9.31s
  Epoch 3900/7000  |  Loss: 0.005662  |  LR: 8.27e-05  |  Time: 9.34s
  Epoch 3910/7000  |  Loss: 0.006393  |  LR: 8.23e-05  |  Time: 9.32s
  Epoch 3920/7000  |  Loss: 0.005615  |  LR: 8.18e-05  |  Time: 9.34s
  Epoch 3930/7000  |  Loss: 0.006711  |  LR: 8.14e-05  |  Time: 9.33s
  Epoch 3940/7000  |  Loss: 0.005946  |  LR: 8.09e-05  |  Time: 9.34s
  Epoch 3950/7000  |  Loss: 0.005891  |  LR: 8.05e-05  |  Time: 9.32s
  Epoch 3960/7000  |  Loss: 0.006490  |  LR: 8.01e-05  |  Time: 9.32s
  Epoch 3970/7000  |  Loss: 0.005993  |  LR: 7.96e-05  |  Time: 9.32s
  Epoch 3980/7000  |  Loss: 0.005577  |  LR: 7.92e-05  |  Time: 9.34s
  Epoch 3990/7000  |  Loss: 0.006068  |  LR: 7.88e-05  |  Time: 9.34s
  Epoch 4000/7000  |  Loss: 0.006277  |  LR: 7.83e-05  |  Time: 9.33s
  Epoch 4010/7000  |  Loss: 0.006403  |  LR: 7.79e-05  |  Time: 9.35s
  Epoch 4020/7000  |  Loss: 0.005498  |  LR: 7.74e-05  |  Time: 9.34s
  Epoch 4030/7000  |  Loss: 0.005348  |  LR: 7.70e-05  |  Time: 9.33s
  Epoch 4040/7000  |  Loss: 0.005689  |  LR: 7.66e-05  |  Time: 9.32s
  Epoch 4050/7000  |  Loss: 0.006004  |  LR: 7.61e-05  |  Time: 9.34s
  Epoch 4060/7000  |  Loss: 0.006210  |  LR: 7.57e-05  |  Time: 9.35s
  Epoch 4070/7000  |  Loss: 0.007321  |  LR: 7.53e-05  |  Time: 9.33s
  Epoch 4080/7000  |  Loss: 0.005729  |  LR: 7.48e-05  |  Time: 9.38s
  Epoch 4090/7000  |  Loss: 0.005158  |  LR: 7.44e-05  |  Time: 9.33s
  Epoch 4100/7000  |  Loss: 0.006935  |  LR: 7.40e-05  |  Time: 9.34s
  Epoch 4110/7000  |  Loss: 0.005088  |  LR: 7.36e-05  |  Time: 9.34s
  Epoch 4120/7000  |  Loss: 0.005393  |  LR: 7.31e-05  |  Time: 9.32s
  Epoch 4130/7000  |  Loss: 0.005691  |  LR: 7.27e-05  |  Time: 9.32s
  Epoch 4140/7000  |  Loss: 0.005007  |  LR: 7.23e-05  |  Time: 9.34s
  Epoch 4150/7000  |  Loss: 0.005403  |  LR: 7.18e-05  |  Time: 9.74s
  Epoch 4160/7000  |  Loss: 0.006729  |  LR: 7.14e-05  |  Time: 9.33s
  Epoch 4170/7000  |  Loss: 0.005434  |  LR: 7.10e-05  |  Time: 9.33s
  Epoch 4180/7000  |  Loss: 0.005624  |  LR: 7.06e-05  |  Time: 9.31s
  Epoch 4190/7000  |  Loss: 0.005628  |  LR: 7.01e-05  |  Time: 9.52s
  Epoch 4200/7000  |  Loss: 0.005095  |  LR: 6.97e-05  |  Time: 9.32s
  Epoch 4210/7000  |  Loss: 0.005556  |  LR: 6.93e-05  |  Time: 9.32s
  Epoch 4220/7000  |  Loss: 0.005241  |  LR: 6.89e-05  |  Time: 9.32s
  Epoch 4230/7000  |  Loss: 0.006037  |  LR: 6.84e-05  |  Time: 9.56s
  Epoch 4240/7000  |  Loss: 0.005405  |  LR: 6.80e-05  |  Time: 9.39s
  Epoch 4250/7000  |  Loss: 0.005982  |  LR: 6.76e-05  |  Time: 9.30s
  Epoch 4260/7000  |  Loss: 0.007885  |  LR: 6.72e-05  |  Time: 9.30s
  Epoch 4270/7000  |  Loss: 0.005129  |  LR: 6.68e-05  |  Time: 9.43s
  Epoch 4280/7000  |  Loss: 0.005768  |  LR: 6.63e-05  |  Time: 9.39s
  Epoch 4290/7000  |  Loss: 0.005488  |  LR: 6.59e-05  |  Time: 9.29s
  Epoch 4300/7000  |  Loss: 0.005020  |  LR: 6.55e-05  |  Time: 9.32s
  Epoch 4310/7000  |  Loss: 0.005561  |  LR: 6.51e-05  |  Time: 9.33s
  Epoch 4320/7000  |  Loss: 0.005419  |  LR: 6.47e-05  |  Time: 9.38s
  Epoch 4330/7000  |  Loss: 0.005462  |  LR: 6.42e-05  |  Time: 9.35s
  Epoch 4340/7000  |  Loss: 0.005602  |  LR: 6.38e-05  |  Time: 9.49s
  Epoch 4350/7000  |  Loss: 0.005873  |  LR: 6.34e-05  |  Time: 9.53s
  Epoch 4360/7000  |  Loss: 0.006513  |  LR: 6.30e-05  |  Time: 9.42s
  Epoch 4370/7000  |  Loss: 0.005090  |  LR: 6.26e-05  |  Time: 9.43s
  Epoch 4380/7000  |  Loss: 0.005764  |  LR: 6.22e-05  |  Time: 9.39s
  Epoch 4390/7000  |  Loss: 0.005245  |  LR: 6.18e-05  |  Time: 9.32s
  Epoch 4400/7000  |  Loss: 0.005429  |  LR: 6.14e-05  |  Time: 9.32s
  Epoch 4410/7000  |  Loss: 0.005942  |  LR: 6.09e-05  |  Time: 9.31s
  Epoch 4420/7000  |  Loss: 0.005056  |  LR: 6.05e-05  |  Time: 9.30s
  Epoch 4430/7000  |  Loss: 0.005024  |  LR: 6.01e-05  |  Time: 27.20s
  Epoch 4440/7000  |  Loss: 0.005730  |  LR: 5.97e-05  |  Time: 9.30s
  Epoch 4450/7000  |  Loss: 0.005556  |  LR: 5.93e-05  |  Time: 9.31s
  Epoch 4460/7000  |  Loss: 0.005623  |  LR: 5.89e-05  |  Time: 9.32s
  Epoch 4470/7000  |  Loss: 0.005740  |  LR: 5.85e-05  |  Time: 9.30s
  Epoch 4480/7000  |  Loss: 0.006644  |  LR: 5.81e-05  |  Time: 13.80s
  Epoch 4490/7000  |  Loss: 0.005271  |  LR: 5.77e-05  |  Time: 13.73s
[Utils] Checkpoint saved: /home/u00134/src/logs/run_20260528_174311/checkpoint_epoch_4499.pt
  Epoch 4500/7000  |  Loss: 0.005032  |  LR: 5.73e-05  |  Time: 14.64s
  Epoch 4510/7000  |  Loss: 0.005368  |  LR: 5.69e-05  |  Time: 12.88s
  Epoch 4520/7000  |  Loss: 0.005347  |  LR: 5.65e-05  |  Time: 9.29s
  Epoch 4530/7000  |  Loss: 0.005036  |  LR: 5.61e-05  |  Time: 17.69s
  Epoch 4540/7000  |  Loss: 0.005256  |  LR: 5.57e-05  |  Time: 9.30s
  Epoch 4550/7000  |  Loss: 0.004808  |  LR: 5.53e-05  |  Time: 23.31s
  Epoch 4560/7000  |  Loss: 0.006020  |  LR: 5.49e-05  |  Time: 9.30s
  Epoch 4570/7000  |  Loss: 0.005200  |  LR: 5.45e-05  |  Time: 9.30s
  Epoch 4580/7000  |  Loss: 0.004937  |  LR: 5.41e-05  |  Time: 16.79s
  Epoch 4590/7000  |  Loss: 0.006141  |  LR: 5.37e-05  |  Time: 9.34s
  Epoch 4600/7000  |  Loss: 0.005397  |  LR: 5.33e-05  |  Time: 9.32s
  Epoch 4610/7000  |  Loss: 0.005224  |  LR: 5.29e-05  |  Time: 9.32s
  Epoch 4620/7000  |  Loss: 0.004898  |  LR: 5.25e-05  |  Time: 9.33s
  Epoch 4630/7000  |  Loss: 0.005455  |  LR: 5.21e-05  |  Time: 9.32s
  Epoch 4640/7000  |  Loss: 0.004938  |  LR: 5.17e-05  |  Time: 9.32s
  Epoch 4650/7000  |  Loss: 0.005009  |  LR: 5.14e-05  |  Time: 9.32s
  Epoch 4660/7000  |  Loss: 0.005251  |  LR: 5.10e-05  |  Time: 9.32s
  Epoch 4670/7000  |  Loss: 0.005084  |  LR: 5.06e-05  |  Time: 9.32s
  Epoch 4680/7000  |  Loss: 0.005675  |  LR: 5.02e-05  |  Time: 9.33s
  Epoch 4690/7000  |  Loss: 0.005456  |  LR: 4.98e-05  |  Time: 9.29s
  Epoch 4700/7000  |  Loss: 0.006045  |  LR: 4.94e-05  |  Time: 9.30s
  Epoch 4710/7000  |  Loss: 0.004680  |  LR: 4.90e-05  |  Time: 9.31s
  Epoch 4720/7000  |  Loss: 0.005250  |  LR: 4.87e-05  |  Time: 9.31s
  Epoch 4730/7000  |  Loss: 0.004869  |  LR: 4.83e-05  |  Time: 9.30s
  Epoch 4740/7000  |  Loss: 0.005943  |  LR: 4.79e-05  |  Time: 9.32s
  Epoch 4750/7000  |  Loss: 0.004986  |  LR: 4.75e-05  |  Time: 9.31s
  Epoch 4760/7000  |  Loss: 0.004841  |  LR: 4.71e-05  |  Time: 9.30s
  Epoch 4770/7000  |  Loss: 0.005155  |  LR: 4.68e-05  |  Time: 9.29s
  Epoch 4780/7000  |  Loss: 0.005049  |  LR: 4.64e-05  |  Time: 9.31s
  Epoch 4790/7000  |  Loss: 0.005092  |  LR: 4.60e-05  |  Time: 9.29s
  Epoch 4800/7000  |  Loss: 0.004617  |  LR: 4.56e-05  |  Time: 9.31s
  Epoch 4810/7000  |  Loss: 0.004933  |  LR: 4.53e-05  |  Time: 9.33s
  Epoch 4820/7000  |  Loss: 0.005242  |  LR: 4.49e-05  |  Time: 9.32s
  Epoch 4830/7000  |  Loss: 0.004969  |  LR: 4.45e-05  |  Time: 9.31s
  Epoch 4840/7000  |  Loss: 0.005306  |  LR: 4.42e-05  |  Time: 9.30s
  Epoch 4850/7000  |  Loss: 0.005116  |  LR: 4.38e-05  |  Time: 9.30s
  Epoch 4860/7000  |  Loss: 0.005191  |  LR: 4.34e-05  |  Time: 9.31s
  Epoch 4870/7000  |  Loss: 0.005091  |  LR: 4.31e-05  |  Time: 9.30s
  Epoch 4880/7000  |  Loss: 0.005371  |  LR: 4.27e-05  |  Time: 9.31s
  Epoch 4890/7000  |  Loss: 0.004924  |  LR: 4.23e-05  |  Time: 9.32s
  Epoch 4900/7000  |  Loss: 0.005234  |  LR: 4.20e-05  |  Time: 9.29s
  Epoch 4910/7000  |  Loss: 0.005067  |  LR: 4.16e-05  |  Time: 9.32s
  Epoch 4920/7000  |  Loss: 0.005578  |  LR: 4.13e-05  |  Time: 9.29s
  Epoch 4930/7000  |  Loss: 0.004763  |  LR: 4.09e-05  |  Time: 9.28s
  Epoch 4940/7000  |  Loss: 0.004304  |  LR: 4.05e-05  |  Time: 9.29s
  Epoch 4950/7000  |  Loss: 0.005223  |  LR: 4.02e-05  |  Time: 9.31s
  Epoch 4960/7000  |  Loss: 0.004670  |  LR: 3.98e-05  |  Time: 9.31s
  Epoch 4970/7000  |  Loss: 0.005309  |  LR: 3.95e-05  |  Time: 9.30s
  Epoch 4980/7000  |  Loss: 0.004810  |  LR: 3.91e-05  |  Time: 9.30s
  Epoch 4990/7000  |  Loss: 0.004853  |  LR: 3.88e-05  |  Time: 9.31s
  Epoch 5000/7000  |  Loss: 0.005096  |  LR: 3.84e-05  |  Time: 9.33s
  Epoch 5010/7000  |  Loss: 0.004879  |  LR: 3.81e-05  |  Time: 9.29s
  Epoch 5020/7000  |  Loss: 0.004629  |  LR: 3.77e-05  |  Time: 9.30s
  Epoch 5030/7000  |  Loss: 0.004833  |  LR: 3.74e-05  |  Time: 9.29s
  Epoch 5040/7000  |  Loss: 0.004919  |  LR: 3.70e-05  |  Time: 9.29s
  Epoch 5050/7000  |  Loss: 0.004924  |  LR: 3.67e-05  |  Time: 9.31s
  Epoch 5060/7000  |  Loss: 0.005213  |  LR: 3.64e-05  |  Time: 9.30s
  Epoch 5070/7000  |  Loss: 0.005064  |  LR: 3.60e-05  |  Time: 9.31s
  Epoch 5080/7000  |  Loss: 0.005103  |  LR: 3.57e-05  |  Time: 9.31s
  Epoch 5090/7000  |  Loss: 0.005229  |  LR: 3.53e-05  |  Time: 9.29s
  Epoch 5100/7000  |  Loss: 0.004519  |  LR: 3.50e-05  |  Time: 9.31s
  Epoch 5110/7000  |  Loss: 0.004685  |  LR: 3.47e-05  |  Time: 9.31s
  Epoch 5120/7000  |  Loss: 0.004554  |  LR: 3.43e-05  |  Time: 9.29s
  Epoch 5130/7000  |  Loss: 0.004577  |  LR: 3.40e-05  |  Time: 9.29s
  Epoch 5140/7000  |  Loss: 0.004725  |  LR: 3.37e-05  |  Time: 9.28s
  Epoch 5150/7000  |  Loss: 0.004640  |  LR: 3.33e-05  |  Time: 9.31s
  Epoch 5160/7000  |  Loss: 0.004875  |  LR: 3.30e-05  |  Time: 9.30s
  Epoch 5170/7000  |  Loss: 0.004505  |  LR: 3.27e-05  |  Time: 9.30s
  Epoch 5180/7000  |  Loss: 0.004672  |  LR: 3.24e-05  |  Time: 9.28s
  Epoch 5190/7000  |  Loss: 0.005123  |  LR: 3.20e-05  |  Time: 9.31s
  Epoch 5200/7000  |  Loss: 0.004533  |  LR: 3.17e-05  |  Time: 9.32s
  Epoch 5210/7000  |  Loss: 0.004691  |  LR: 3.14e-05  |  Time: 9.29s
  Epoch 5220/7000  |  Loss: 0.004773  |  LR: 3.11e-05  |  Time: 9.30s
  Epoch 5230/7000  |  Loss: 0.004684  |  LR: 3.07e-05  |  Time: 9.30s
  Epoch 5240/7000  |  Loss: 0.004912  |  LR: 3.04e-05  |  Time: 9.30s
  Epoch 5250/7000  |  Loss: 0.004652  |  LR: 3.01e-05  |  Time: 9.30s
  Epoch 5260/7000  |  Loss: 0.004966  |  LR: 2.98e-05  |  Time: 9.29s
  Epoch 5270/7000  |  Loss: 0.004631  |  LR: 2.95e-05  |  Time: 9.30s
  Epoch 5280/7000  |  Loss: 0.004248  |  LR: 2.92e-05  |  Time: 9.29s
  Epoch 5290/7000  |  Loss: 0.005446  |  LR: 2.89e-05  |  Time: 9.28s
  Epoch 5300/7000  |  Loss: 0.004214  |  LR: 2.86e-05  |  Time: 9.31s
  Epoch 5310/7000  |  Loss: 0.004741  |  LR: 2.82e-05  |  Time: 9.31s
  Epoch 5320/7000  |  Loss: 0.004769  |  LR: 2.79e-05  |  Time: 9.29s
  Epoch 5330/7000  |  Loss: 0.004673  |  LR: 2.76e-05  |  Time: 9.29s
  Epoch 5340/7000  |  Loss: 0.005360  |  LR: 2.73e-05  |  Time: 9.29s
  Epoch 5350/7000  |  Loss: 0.004920  |  LR: 2.70e-05  |  Time: 9.31s
  Epoch 5360/7000  |  Loss: 0.004850  |  LR: 2.67e-05  |  Time: 9.28s
  Epoch 5370/7000  |  Loss: 0.004654  |  LR: 2.64e-05  |  Time: 9.31s
  Epoch 5380/7000  |  Loss: 0.004317  |  LR: 2.61e-05  |  Time: 9.29s
  Epoch 5390/7000  |  Loss: 0.004386  |  LR: 2.58e-05  |  Time: 9.29s
  Epoch 5400/7000  |  Loss: 0.005596  |  LR: 2.55e-05  |  Time: 9.32s
  Epoch 5410/7000  |  Loss: 0.004837  |  LR: 2.52e-05  |  Time: 9.31s
  Epoch 5420/7000  |  Loss: 0.004457  |  LR: 2.50e-05  |  Time: 9.31s
  Epoch 5430/7000  |  Loss: 0.004822  |  LR: 2.47e-05  |  Time: 9.31s
  Epoch 5440/7000  |  Loss: 0.004221  |  LR: 2.44e-05  |  Time: 9.29s
  Epoch 5450/7000  |  Loss: 0.004101  |  LR: 2.41e-05  |  Time: 9.29s
  Epoch 5460/7000  |  Loss: 0.004821  |  LR: 2.38e-05  |  Time: 9.31s
  Epoch 5470/7000  |  Loss: 0.004679  |  LR: 2.35e-05  |  Time: 9.29s
  Epoch 5480/7000  |  Loss: 0.004377  |  LR: 2.32e-05  |  Time: 9.29s
  Epoch 5490/7000  |  Loss: 0.004956  |  LR: 2.30e-05  |  Time: 9.29s
  Epoch 5500/7000  |  Loss: 0.004590  |  LR: 2.27e-05  |  Time: 9.29s
  Epoch 5510/7000  |  Loss: 0.004517  |  LR: 2.24e-05  |  Time: 9.30s
  Epoch 5520/7000  |  Loss: 0.004558  |  LR: 2.21e-05  |  Time: 9.30s
  Epoch 5530/7000  |  Loss: 0.004514  |  LR: 2.19e-05  |  Time: 9.31s
  Epoch 5540/7000  |  Loss: 0.004507  |  LR: 2.16e-05  |  Time: 9.31s
  Epoch 5550/7000  |  Loss: 0.004369  |  LR: 2.13e-05  |  Time: 9.31s
  Epoch 5560/7000  |  Loss: 0.004024  |  LR: 2.10e-05  |  Time: 9.31s
  Epoch 5570/7000  |  Loss: 0.004387  |  LR: 2.08e-05  |  Time: 9.31s
  Epoch 5580/7000  |  Loss: 0.004773  |  LR: 2.05e-05  |  Time: 9.30s
  Epoch 5590/7000  |  Loss: 0.004163  |  LR: 2.02e-05  |  Time: 9.31s
  Epoch 5600/7000  |  Loss: 0.004383  |  LR: 2.00e-05  |  Time: 9.29s
  Epoch 5610/7000  |  Loss: 0.004310  |  LR: 1.97e-05  |  Time: 9.30s
  Epoch 5620/7000  |  Loss: 0.004307  |  LR: 1.95e-05  |  Time: 9.31s
  Epoch 5630/7000  |  Loss: 0.004418  |  LR: 1.92e-05  |  Time: 9.31s
  Epoch 5640/7000  |  Loss: 0.004427  |  LR: 1.89e-05  |  Time: 9.30s
  Epoch 5650/7000  |  Loss: 0.004549  |  LR: 1.87e-05  |  Time: 9.31s
  Epoch 5660/7000  |  Loss: 0.004384  |  LR: 1.84e-05  |  Time: 9.30s
  Epoch 5670/7000  |  Loss: 0.004451  |  LR: 1.82e-05  |  Time: 9.28s
  Epoch 5680/7000  |  Loss: 0.004869  |  LR: 1.79e-05  |  Time: 9.29s
  Epoch 5690/7000  |  Loss: 0.004679  |  LR: 1.77e-05  |  Time: 9.29s
  Epoch 5700/7000  |  Loss: 0.004369  |  LR: 1.74e-05  |  Time: 9.30s
  Epoch 5710/7000  |  Loss: 0.004430  |  LR: 1.72e-05  |  Time: 9.31s
  Epoch 5720/7000  |  Loss: 0.004362  |  LR: 1.69e-05  |  Time: 9.29s
  Epoch 5730/7000  |  Loss: 0.004439  |  LR: 1.67e-05  |  Time: 9.29s
  Epoch 5740/7000  |  Loss: 0.004433  |  LR: 1.65e-05  |  Time: 9.30s
  Epoch 5750/7000  |  Loss: 0.004492  |  LR: 1.62e-05  |  Time: 9.31s
  Epoch 5760/7000  |  Loss: 0.004023  |  LR: 1.60e-05  |  Time: 9.30s
  Epoch 5770/7000  |  Loss: 0.004376  |  LR: 1.58e-05  |  Time: 9.30s
  Epoch 5780/7000  |  Loss: 0.004570  |  LR: 1.55e-05  |  Time: 9.30s
  Epoch 5790/7000  |  Loss: 0.004348  |  LR: 1.53e-05  |  Time: 9.30s
  Epoch 5800/7000  |  Loss: 0.004090  |  LR: 1.51e-05  |  Time: 9.31s
  Epoch 5810/7000  |  Loss: 0.004070  |  LR: 1.48e-05  |  Time: 9.31s
  Epoch 5820/7000  |  Loss: 0.004397  |  LR: 1.46e-05  |  Time: 9.29s
  Epoch 5830/7000  |  Loss: 0.004617  |  LR: 1.44e-05  |  Time: 9.29s
  Epoch 5840/7000  |  Loss: 0.004071  |  LR: 1.42e-05  |  Time: 9.30s
  Epoch 5850/7000  |  Loss: 0.004225  |  LR: 1.39e-05  |  Time: 9.31s
  Epoch 5860/7000  |  Loss: 0.003876  |  LR: 1.37e-05  |  Time: 9.30s
  Epoch 5870/7000  |  Loss: 0.004393  |  LR: 1.35e-05  |  Time: 9.30s
  Epoch 5880/7000  |  Loss: 0.004625  |  LR: 1.33e-05  |  Time: 9.30s
  Epoch 5890/7000  |  Loss: 0.004129  |  LR: 1.31e-05  |  Time: 9.30s
  Epoch 5900/7000  |  Loss: 0.004092  |  LR: 1.29e-05  |  Time: 9.30s
  Epoch 5910/7000  |  Loss: 0.004491  |  LR: 1.26e-05  |  Time: 9.28s
  Epoch 5920/7000  |  Loss: 0.004100  |  LR: 1.24e-05  |  Time: 9.30s
  Epoch 5930/7000  |  Loss: 0.004168  |  LR: 1.22e-05  |  Time: 9.30s
  Epoch 5940/7000  |  Loss: 0.003885  |  LR: 1.20e-05  |  Time: 9.29s
  Epoch 5950/7000  |  Loss: 0.004463  |  LR: 1.18e-05  |  Time: 9.29s
  Epoch 5960/7000  |  Loss: 0.004112  |  LR: 1.16e-05  |  Time: 9.30s
  Epoch 5970/7000  |  Loss: 0.004014  |  LR: 1.14e-05  |  Time: 9.31s
  Epoch 5980/7000  |  Loss: 0.004562  |  LR: 1.12e-05  |  Time: 9.29s
  Epoch 5990/7000  |  Loss: 0.004409  |  LR: 1.10e-05  |  Time: 9.29s
[Utils] Checkpoint saved: /home/u00134/src/logs/run_20260528_174311/checkpoint_epoch_5999.pt
  Epoch 6000/7000  |  Loss: 0.004371  |  LR: 1.08e-05  |  Time: 9.31s
  Epoch 6010/7000  |  Loss: 0.004376  |  LR: 1.06e-05  |  Time: 9.30s
  Epoch 6020/7000  |  Loss: 0.004459  |  LR: 1.05e-05  |  Time: 9.29s
  Epoch 6030/7000  |  Loss: 0.004063  |  LR: 1.03e-05  |  Time: 9.31s
  Epoch 6040/7000  |  Loss: 0.004399  |  LR: 1.01e-05  |  Time: 9.30s
  Epoch 6050/7000  |  Loss: 0.004285  |  LR: 9.89e-06  |  Time: 9.30s
  Epoch 6060/7000  |  Loss: 0.004102  |  LR: 9.71e-06  |  Time: 9.29s
  Epoch 6070/7000  |  Loss: 0.004392  |  LR: 9.52e-06  |  Time: 9.29s
  Epoch 6080/7000  |  Loss: 0.004061  |  LR: 9.34e-06  |  Time: 9.31s
  Epoch 6090/7000  |  Loss: 0.004390  |  LR: 9.17e-06  |  Time: 9.31s
  Epoch 6100/7000  |  Loss: 0.004047  |  LR: 8.99e-06  |  Time: 9.30s
  Epoch 6110/7000  |  Loss: 0.004070  |  LR: 8.82e-06  |  Time: 9.32s
  Epoch 6120/7000  |  Loss: 0.004135  |  LR: 8.64e-06  |  Time: 9.29s
  Epoch 6130/7000  |  Loss: 0.004092  |  LR: 8.47e-06  |  Time: 9.29s
  Epoch 6140/7000  |  Loss: 0.004303  |  LR: 8.30e-06  |  Time: 9.31s
  Epoch 6150/7000  |  Loss: 0.004002  |  LR: 8.14e-06  |  Time: 9.31s
  Epoch 6160/7000  |  Loss: 0.004477  |  LR: 7.97e-06  |  Time: 9.30s
  Epoch 6170/7000  |  Loss: 0.003955  |  LR: 7.81e-06  |  Time: 9.29s
  Epoch 6180/7000  |  Loss: 0.004674  |  LR: 7.65e-06  |  Time: 9.29s
  Epoch 6190/7000  |  Loss: 0.004395  |  LR: 7.49e-06  |  Time: 9.29s
  Epoch 6200/7000  |  Loss: 0.004272  |  LR: 7.33e-06  |  Time: 9.30s
  Epoch 6210/7000  |  Loss: 0.004480  |  LR: 7.17e-06  |  Time: 9.31s
  Epoch 6220/7000  |  Loss: 0.004216  |  LR: 7.02e-06  |  Time: 9.28s
  Epoch 6230/7000  |  Loss: 0.003955  |  LR: 6.87e-06  |  Time: 9.30s
  Epoch 6240/7000  |  Loss: 0.004323  |  LR: 6.72e-06  |  Time: 9.29s
  Epoch 6250/7000  |  Loss: 0.004154  |  LR: 6.57e-06  |  Time: 9.33s
  Epoch 6260/7000  |  Loss: 0.004284  |  LR: 6.42e-06  |  Time: 9.29s
  Epoch 6270/7000  |  Loss: 0.004098  |  LR: 6.28e-06  |  Time: 9.30s
  Epoch 6280/7000  |  Loss: 0.004315  |  LR: 6.14e-06  |  Time: 9.31s
  Epoch 6290/7000  |  Loss: 0.004349  |  LR: 5.99e-06  |  Time: 9.30s
  Epoch 6300/7000  |  Loss: 0.004295  |  LR: 5.86e-06  |  Time: 9.31s
  Epoch 6310/7000  |  Loss: 0.004073  |  LR: 5.72e-06  |  Time: 9.31s
  Epoch 6320/7000  |  Loss: 0.004235  |  LR: 5.58e-06  |  Time: 9.31s
  Epoch 6330/7000  |  Loss: 0.004405  |  LR: 5.45e-06  |  Time: 9.30s
  Epoch 6340/7000  |  Loss: 0.004233  |  LR: 5.32e-06  |  Time: 9.31s
  Epoch 6350/7000  |  Loss: 0.004319  |  LR: 5.19e-06  |  Time: 9.29s
  Epoch 6360/7000  |  Loss: 0.004141  |  LR: 5.06e-06  |  Time: 9.29s
  Epoch 6370/7000  |  Loss: 0.003940  |  LR: 4.94e-06  |  Time: 9.29s
  Epoch 6380/7000  |  Loss: 0.003953  |  LR: 4.81e-06  |  Time: 9.30s
  Epoch 6390/7000  |  Loss: 0.004180  |  LR: 4.69e-06  |  Time: 9.29s
  Epoch 6400/7000  |  Loss: 0.004225  |  LR: 4.57e-06  |  Time: 9.30s
  Epoch 6410/7000  |  Loss: 0.004109  |  LR: 4.46e-06  |  Time: 9.30s
  Epoch 6420/7000  |  Loss: 0.004011  |  LR: 4.34e-06  |  Time: 9.30s
  Epoch 6430/7000  |  Loss: 0.004046  |  LR: 4.23e-06  |  Time: 9.31s
  Epoch 6440/7000  |  Loss: 0.004483  |  LR: 4.11e-06  |  Time: 9.29s
  Epoch 6450/7000  |  Loss: 0.004315  |  LR: 4.00e-06  |  Time: 9.30s
  Epoch 6460/7000  |  Loss: 0.004459  |  LR: 3.90e-06  |  Time: 9.30s
  Epoch 6470/7000  |  Loss: 0.004046  |  LR: 3.79e-06  |  Time: 9.31s
  Epoch 6480/7000  |  Loss: 0.004320  |  LR: 3.69e-06  |  Time: 9.31s
  Epoch 6490/7000  |  Loss: 0.003968  |  LR: 3.58e-06  |  Time: 9.30s
  Epoch 6500/7000  |  Loss: 0.004128  |  LR: 3.48e-06  |  Time: 9.29s
  Epoch 6510/7000  |  Loss: 0.004162  |  LR: 3.39e-06  |  Time: 9.29s
  Epoch 6520/7000  |  Loss: 0.004037  |  LR: 3.29e-06  |  Time: 9.31s
  Epoch 6530/7000  |  Loss: 0.003932  |  LR: 3.20e-06  |  Time: 9.29s
  Epoch 6540/7000  |  Loss: 0.004317  |  LR: 3.10e-06  |  Time: 9.29s
  Epoch 6550/7000  |  Loss: 0.004587  |  LR: 3.01e-06  |  Time: 9.29s
  Epoch 6560/7000  |  Loss: 0.004062  |  LR: 2.92e-06  |  Time: 9.29s
  Epoch 6570/7000  |  Loss: 0.003803  |  LR: 2.84e-06  |  Time: 9.32s
  Epoch 6580/7000  |  Loss: 0.004341  |  LR: 2.75e-06  |  Time: 9.32s
  Epoch 6590/7000  |  Loss: 0.004589  |  LR: 2.67e-06  |  Time: 9.29s
  Epoch 6600/7000  |  Loss: 0.003965  |  LR: 2.59e-06  |  Time: 9.31s
  Epoch 6610/7000  |  Loss: 0.004098  |  LR: 2.51e-06  |  Time: 9.31s
  Epoch 6620/7000  |  Loss: 0.004096  |  LR: 2.44e-06  |  Time: 9.30s
  Epoch 6630/7000  |  Loss: 0.004302  |  LR: 2.36e-06  |  Time: 9.31s
  Epoch 6640/7000  |  Loss: 0.003942  |  LR: 2.29e-06  |  Time: 9.30s
  Epoch 6650/7000  |  Loss: 0.004422  |  LR: 2.22e-06  |  Time: 9.29s
  Epoch 6660/7000  |  Loss: 0.003809  |  LR: 2.15e-06  |  Time: 9.31s
  Epoch 6670/7000  |  Loss: 0.004375  |  LR: 2.08e-06  |  Time: 9.33s
  Epoch 6680/7000  |  Loss: 0.003988  |  LR: 2.02e-06  |  Time: 9.29s
  Epoch 6690/7000  |  Loss: 0.004271  |  LR: 1.96e-06  |  Time: 9.30s
  Epoch 6700/7000  |  Loss: 0.004107  |  LR: 1.89e-06  |  Time: 9.31s
  Epoch 6710/7000  |  Loss: 0.004051  |  LR: 1.84e-06  |  Time: 9.30s
  Epoch 6720/7000  |  Loss: 0.003961  |  LR: 1.78e-06  |  Time: 9.29s
  Epoch 6730/7000  |  Loss: 0.004116  |  LR: 1.72e-06  |  Time: 9.29s
  Epoch 6740/7000  |  Loss: 0.003862  |  LR: 1.67e-06  |  Time: 9.31s
  Epoch 6750/7000  |  Loss: 0.004061  |  LR: 1.62e-06  |  Time: 9.29s
  Epoch 6760/7000  |  Loss: 0.004274  |  LR: 1.57e-06  |  Time: 9.31s
  Epoch 6770/7000  |  Loss: 0.004114  |  LR: 1.53e-06  |  Time: 9.29s
  Epoch 6780/7000  |  Loss: 0.004041  |  LR: 1.48e-06  |  Time: 9.29s
  Epoch 6790/7000  |  Loss: 0.004062  |  LR: 1.44e-06  |  Time: 9.29s
  Epoch 6800/7000  |  Loss: 0.004221  |  LR: 1.40e-06  |  Time: 9.31s
  Epoch 6810/7000  |  Loss: 0.004167  |  LR: 1.36e-06  |  Time: 9.29s
  Epoch 6820/7000  |  Loss: 0.004103  |  LR: 1.32e-06  |  Time: 9.30s
  Epoch 6830/7000  |  Loss: 0.004068  |  LR: 1.29e-06  |  Time: 9.30s
  Epoch 6840/7000  |  Loss: 0.004206  |  LR: 1.25e-06  |  Time: 9.29s
  Epoch 6850/7000  |  Loss: 0.004245  |  LR: 1.22e-06  |  Time: 9.30s
  Epoch 6860/7000  |  Loss: 0.004097  |  LR: 1.19e-06  |  Time: 9.29s
  Epoch 6870/7000  |  Loss: 0.003905  |  LR: 1.17e-06  |  Time: 9.30s
  Epoch 6880/7000  |  Loss: 0.004727  |  LR: 1.14e-06  |  Time: 9.31s
  Epoch 6890/7000  |  Loss: 0.004116  |  LR: 1.12e-06  |  Time: 9.31s
  Epoch 6900/7000  |  Loss: 0.004263  |  LR: 1.10e-06  |  Time: 9.30s
  Epoch 6910/7000  |  Loss: 0.004056  |  LR: 1.08e-06  |  Time: 9.31s
  Epoch 6920/7000  |  Loss: 0.004088  |  LR: 1.06e-06  |  Time: 9.29s
  Epoch 6930/7000  |  Loss: 0.004358  |  LR: 1.05e-06  |  Time: 9.30s
  Epoch 6940/7000  |  Loss: 0.004295  |  LR: 1.03e-06  |  Time: 9.29s
  Epoch 6950/7000  |  Loss: 0.004031  |  LR: 1.02e-06  |  Time: 9.29s
  Epoch 6960/7000  |  Loss: 0.004432  |  LR: 1.02e-06  |  Time: 9.31s
  Epoch 6970/7000  |  Loss: 0.004287  |  LR: 1.01e-06  |  Time: 9.31s
  Epoch 6980/7000  |  Loss: 0.004313  |  LR: 1.00e-06  |  Time: 9.30s
  Epoch 6990/7000  |  Loss: 0.004295  |  LR: 1.00e-06  |  Time: 9.30s
  Epoch 6999/7000  |  Loss: 0.003946  |  LR: 1.00e-06  |  Time: 9.31s
[Utils] Checkpoint saved: /home/u00134/src/logs/run_20260528_174311/checkpoint_final.pt
------------------------------------------------------------

[Done] Training complete!
  Total time:   65992.8s (1099.9 min)
  Final loss:   0.003946
  Best loss:    0.003631 (epoch 6675)
  Run dir:      /home/u00134/src/logs/run_20260528_174311
  Scaler:       /home/u00134/src/logs/run_20260528_174311/scaler.pt
  Loss history: /home/u00134/src/logs/run_20260528_174311/loss_history.csv
