nohup: ignoring input
[Config] CUDA detected: NVIDIA RTX A6000 x2
[Utils] Random seed set to 2026
============================================================
  1D-DDPM Training Pipeline
============================================================
  Device:     cuda
  Epochs:     5000
  Batch size: 64
  LR:         0.0002
  T:          3000
============================================================

[Phase 1] Loading data...
[Dataset] Loaded 14734 rows from /home/u00134/data/train_sp500_us10y.csv
[Scaler] Fitted on 14734 samples
  sp500: mean=0.000315, std=0.010551
  DGS10: mean=0.000026, std=0.066899
[Dataset] 2922 windows (seq_len=128, stride=5, total_rows=14734)
  Samples:      2922
  Batches/epoch: 45

[Phase 2] Building model...
  U-Net parameters: 42,121,730
[Utils] Run directory: /home/u00134/src/logs/deep_v5_epochs5000_300T_2026s_5120
[Utils] Config snapshot saved to /home/u00134/src/logs/deep_v5_epochs5000_300T_2026s_5120/config.json
[Scaler] Parameters saved to /home/u00134/src/logs/deep_v5_epochs5000_300T_2026s_5120/scaler.pt

[Phase 3] Training starts (epoch 0 → 4999)...
------------------------------------------------------------
  Epoch    0/5000  |  Loss: 0.220934  |  LR: 2.00e-04  |  Time: 2.77s
  Epoch   10/5000  |  Loss: 0.136663  |  LR: 2.00e-04  |  Time: 2.26s
  Epoch   20/5000  |  Loss: 0.138253  |  LR: 2.00e-04  |  Time: 2.38s
  Epoch   30/5000  |  Loss: 0.132255  |  LR: 2.00e-04  |  Time: 2.13s
  Epoch   40/5000  |  Loss: 0.134254  |  LR: 2.00e-04  |  Time: 2.22s
  Epoch   50/5000  |  Loss: 0.132581  |  LR: 2.00e-04  |  Time: 2.11s
  Epoch   60/5000  |  Loss: 0.126850  |  LR: 2.00e-04  |  Time: 2.18s
  Epoch   70/5000  |  Loss: 0.123711  |  LR: 2.00e-04  |  Time: 2.13s
  Epoch   80/5000  |  Loss: 0.121509  |  LR: 2.00e-04  |  Time: 2.19s
  Epoch   90/5000  |  Loss: 0.123516  |  LR: 2.00e-04  |  Time: 2.10s
  Epoch  100/5000  |  Loss: 0.115583  |  LR: 2.00e-04  |  Time: 2.13s
  Epoch  110/5000  |  Loss: 0.108628  |  LR: 2.00e-04  |  Time: 2.18s
  Epoch  120/5000  |  Loss: 0.110100  |  LR: 2.00e-04  |  Time: 2.12s
  Epoch  130/5000  |  Loss: 0.104537  |  LR: 2.00e-04  |  Time: 2.19s
  Epoch  140/5000  |  Loss: 0.098537  |  LR: 2.00e-04  |  Time: 2.10s
  Epoch  150/5000  |  Loss: 0.094508  |  LR: 2.00e-04  |  Time: 2.17s
  Epoch  160/5000  |  Loss: 0.093487  |  LR: 1.99e-04  |  Time: 2.17s
  Epoch  170/5000  |  Loss: 0.094845  |  LR: 1.99e-04  |  Time: 2.16s
  Epoch  180/5000  |  Loss: 0.092893  |  LR: 1.99e-04  |  Time: 2.30s
  Epoch  190/5000  |  Loss: 0.089509  |  LR: 1.99e-04  |  Time: 2.20s
  Epoch  200/5000  |  Loss: 0.091999  |  LR: 1.99e-04  |  Time: 2.23s
  Epoch  210/5000  |  Loss: 0.085492  |  LR: 1.99e-04  |  Time: 2.14s
  Epoch  220/5000  |  Loss: 0.086358  |  LR: 1.99e-04  |  Time: 2.19s
  Epoch  230/5000  |  Loss: 0.080007  |  LR: 1.99e-04  |  Time: 2.11s
  Epoch  240/5000  |  Loss: 0.083033  |  LR: 1.99e-04  |  Time: 2.07s
  Epoch  250/5000  |  Loss: 0.078831  |  LR: 1.99e-04  |  Time: 2.19s
  Epoch  260/5000  |  Loss: 0.079821  |  LR: 1.99e-04  |  Time: 2.19s
  Epoch  270/5000  |  Loss: 0.078369  |  LR: 1.99e-04  |  Time: 1.59s
  Epoch  280/5000  |  Loss: 0.079260  |  LR: 1.98e-04  |  Time: 2.14s
  Epoch  290/5000  |  Loss: 0.081712  |  LR: 1.98e-04  |  Time: 2.19s
  Epoch  300/5000  |  Loss: 0.072687  |  LR: 1.98e-04  |  Time: 2.09s
  Epoch  310/5000  |  Loss: 0.078878  |  LR: 1.98e-04  |  Time: 2.25s
  Epoch  320/5000  |  Loss: 0.071843  |  LR: 1.98e-04  |  Time: 2.12s
  Epoch  330/5000  |  Loss: 0.076701  |  LR: 1.98e-04  |  Time: 2.22s
  Epoch  340/5000  |  Loss: 0.069594  |  LR: 1.98e-04  |  Time: 2.26s
  Epoch  350/5000  |  Loss: 0.073387  |  LR: 1.98e-04  |  Time: 2.20s
  Epoch  360/5000  |  Loss: 0.073486  |  LR: 1.97e-04  |  Time: 2.21s
  Epoch  370/5000  |  Loss: 0.072253  |  LR: 1.97e-04  |  Time: 2.51s
  Epoch  380/5000  |  Loss: 0.073361  |  LR: 1.97e-04  |  Time: 2.14s
  Epoch  390/5000  |  Loss: 0.067673  |  LR: 1.97e-04  |  Time: 2.20s
  Epoch  400/5000  |  Loss: 0.070503  |  LR: 1.97e-04  |  Time: 2.48s
  Epoch  410/5000  |  Loss: 0.072045  |  LR: 1.97e-04  |  Time: 2.10s
  Epoch  420/5000  |  Loss: 0.067255  |  LR: 1.97e-04  |  Time: 2.16s
  Epoch  430/5000  |  Loss: 0.071120  |  LR: 1.96e-04  |  Time: 2.16s
  Epoch  440/5000  |  Loss: 0.067614  |  LR: 1.96e-04  |  Time: 2.22s
  Epoch  450/5000  |  Loss: 0.064153  |  LR: 1.96e-04  |  Time: 2.31s
  Epoch  460/5000  |  Loss: 0.065134  |  LR: 1.96e-04  |  Time: 2.30s
  Epoch  470/5000  |  Loss: 0.064619  |  LR: 1.96e-04  |  Time: 2.27s
  Epoch  480/5000  |  Loss: 0.060931  |  LR: 1.95e-04  |  Time: 2.31s
  Epoch  490/5000  |  Loss: 0.065324  |  LR: 1.95e-04  |  Time: 2.27s
  Epoch  500/5000  |  Loss: 0.067400  |  LR: 1.95e-04  |  Time: 2.25s
  Epoch  510/5000  |  Loss: 0.061717  |  LR: 1.95e-04  |  Time: 2.29s
  Epoch  520/5000  |  Loss: 0.063548  |  LR: 1.95e-04  |  Time: 2.29s
  Epoch  530/5000  |  Loss: 0.061759  |  LR: 1.95e-04  |  Time: 2.51s
  Epoch  540/5000  |  Loss: 0.058249  |  LR: 1.94e-04  |  Time: 2.36s
  Epoch  550/5000  |  Loss: 0.060736  |  LR: 1.94e-04  |  Time: 2.28s
  Epoch  560/5000  |  Loss: 0.060273  |  LR: 1.94e-04  |  Time: 2.16s
  Epoch  570/5000  |  Loss: 0.060449  |  LR: 1.94e-04  |  Time: 2.17s
  Epoch  580/5000  |  Loss: 0.060721  |  LR: 1.93e-04  |  Time: 2.08s
  Epoch  590/5000  |  Loss: 0.060835  |  LR: 1.93e-04  |  Time: 2.14s
  Epoch  600/5000  |  Loss: 0.056264  |  LR: 1.93e-04  |  Time: 2.12s
  Epoch  610/5000  |  Loss: 0.058615  |  LR: 1.93e-04  |  Time: 2.12s
  Epoch  620/5000  |  Loss: 0.057798  |  LR: 1.93e-04  |  Time: 2.09s
  Epoch  630/5000  |  Loss: 0.058254  |  LR: 1.92e-04  |  Time: 2.21s
  Epoch  640/5000  |  Loss: 0.056386  |  LR: 1.92e-04  |  Time: 2.22s
  Epoch  650/5000  |  Loss: 0.059088  |  LR: 1.92e-04  |  Time: 2.24s
  Epoch  660/5000  |  Loss: 0.055810  |  LR: 1.92e-04  |  Time: 2.10s
  Epoch  670/5000  |  Loss: 0.054319  |  LR: 1.91e-04  |  Time: 2.16s
  Epoch  680/5000  |  Loss: 0.057141  |  LR: 1.91e-04  |  Time: 2.22s
  Epoch  690/5000  |  Loss: 0.053102  |  LR: 1.91e-04  |  Time: 2.08s
  Epoch  700/5000  |  Loss: 0.056645  |  LR: 1.91e-04  |  Time: 2.10s
  Epoch  710/5000  |  Loss: 0.049584  |  LR: 1.90e-04  |  Time: 2.16s
  Epoch  720/5000  |  Loss: 0.055910  |  LR: 1.90e-04  |  Time: 2.50s
  Epoch  730/5000  |  Loss: 0.051235  |  LR: 1.90e-04  |  Time: 2.16s
  Epoch  740/5000  |  Loss: 0.053923  |  LR: 1.89e-04  |  Time: 2.13s
  Epoch  750/5000  |  Loss: 0.049560  |  LR: 1.89e-04  |  Time: 2.49s
  Epoch  760/5000  |  Loss: 0.052374  |  LR: 1.89e-04  |  Time: 2.17s
  Epoch  770/5000  |  Loss: 0.054585  |  LR: 1.89e-04  |  Time: 2.09s
  Epoch  780/5000  |  Loss: 0.053163  |  LR: 1.88e-04  |  Time: 2.26s
  Epoch  790/5000  |  Loss: 0.050595  |  LR: 1.88e-04  |  Time: 2.19s
  Epoch  800/5000  |  Loss: 0.050455  |  LR: 1.88e-04  |  Time: 2.17s
  Epoch  810/5000  |  Loss: 0.050901  |  LR: 1.87e-04  |  Time: 2.46s
  Epoch  820/5000  |  Loss: 0.049920  |  LR: 1.87e-04  |  Time: 2.19s
  Epoch  830/5000  |  Loss: 0.045139  |  LR: 1.87e-04  |  Time: 2.17s
  Epoch  840/5000  |  Loss: 0.046058  |  LR: 1.86e-04  |  Time: 2.30s
  Epoch  850/5000  |  Loss: 0.048658  |  LR: 1.86e-04  |  Time: 2.39s
  Epoch  860/5000  |  Loss: 0.048058  |  LR: 1.86e-04  |  Time: 2.34s
  Epoch  870/5000  |  Loss: 0.045236  |  LR: 1.85e-04  |  Time: 2.19s
  Epoch  880/5000  |  Loss: 0.045251  |  LR: 1.85e-04  |  Time: 1.81s
  Epoch  890/5000  |  Loss: 0.048186  |  LR: 1.85e-04  |  Time: 2.11s
  Epoch  900/5000  |  Loss: 0.047665  |  LR: 1.84e-04  |  Time: 2.10s
  Epoch  910/5000  |  Loss: 0.048550  |  LR: 1.84e-04  |  Time: 2.12s
  Epoch  920/5000  |  Loss: 0.043116  |  LR: 1.84e-04  |  Time: 2.12s
  Epoch  930/5000  |  Loss: 0.046539  |  LR: 1.83e-04  |  Time: 2.23s
  Epoch  940/5000  |  Loss: 0.042207  |  LR: 1.83e-04  |  Time: 2.22s
  Epoch  950/5000  |  Loss: 0.042988  |  LR: 1.83e-04  |  Time: 2.21s
  Epoch  960/5000  |  Loss: 0.045336  |  LR: 1.82e-04  |  Time: 2.17s
  Epoch  970/5000  |  Loss: 0.044650  |  LR: 1.82e-04  |  Time: 2.01s
  Epoch  980/5000  |  Loss: 0.042223  |  LR: 1.82e-04  |  Time: 2.16s
  Epoch  990/5000  |  Loss: 0.042616  |  LR: 1.81e-04  |  Time: 2.15s
  Epoch 1000/5000  |  Loss: 0.045904  |  LR: 1.81e-04  |  Time: 2.50s
  Epoch 1010/5000  |  Loss: 0.044465  |  LR: 1.81e-04  |  Time: 2.13s
  Epoch 1020/5000  |  Loss: 0.043595  |  LR: 1.80e-04  |  Time: 2.12s
  Epoch 1030/5000  |  Loss: 0.042363  |  LR: 1.80e-04  |  Time: 2.24s
  Epoch 1040/5000  |  Loss: 0.047059  |  LR: 1.79e-04  |  Time: 2.29s
  Epoch 1050/5000  |  Loss: 0.040642  |  LR: 1.79e-04  |  Time: 2.23s
  Epoch 1060/5000  |  Loss: 0.044378  |  LR: 1.79e-04  |  Time: 2.18s
  Epoch 1070/5000  |  Loss: 0.041835  |  LR: 1.78e-04  |  Time: 2.40s
  Epoch 1080/5000  |  Loss: 0.041453  |  LR: 1.78e-04  |  Time: 2.19s
  Epoch 1090/5000  |  Loss: 0.039769  |  LR: 1.78e-04  |  Time: 2.18s
  Epoch 1100/5000  |  Loss: 0.042452  |  LR: 1.77e-04  |  Time: 2.43s
  Epoch 1110/5000  |  Loss: 0.041780  |  LR: 1.77e-04  |  Time: 2.16s
  Epoch 1120/5000  |  Loss: 0.042485  |  LR: 1.76e-04  |  Time: 2.19s
  Epoch 1130/5000  |  Loss: 0.043139  |  LR: 1.76e-04  |  Time: 2.21s
  Epoch 1140/5000  |  Loss: 0.038061  |  LR: 1.76e-04  |  Time: 2.18s
  Epoch 1150/5000  |  Loss: 0.041769  |  LR: 1.75e-04  |  Time: 2.21s
  Epoch 1160/5000  |  Loss: 0.039629  |  LR: 1.75e-04  |  Time: 2.29s
  Epoch 1170/5000  |  Loss: 0.040484  |  LR: 1.74e-04  |  Time: 2.18s
  Epoch 1180/5000  |  Loss: 0.043808  |  LR: 1.74e-04  |  Time: 2.16s
  Epoch 1190/5000  |  Loss: 0.040135  |  LR: 1.73e-04  |  Time: 2.52s
  Epoch 1200/5000  |  Loss: 0.037110  |  LR: 1.73e-04  |  Time: 2.15s
  Epoch 1210/5000  |  Loss: 0.039883  |  LR: 1.73e-04  |  Time: 1.91s
  Epoch 1220/5000  |  Loss: 0.038506  |  LR: 1.72e-04  |  Time: 2.12s
  Epoch 1230/5000  |  Loss: 0.036659  |  LR: 1.72e-04  |  Time: 2.11s
  Epoch 1240/5000  |  Loss: 0.036090  |  LR: 1.71e-04  |  Time: 2.18s
  Epoch 1250/5000  |  Loss: 0.037901  |  LR: 1.71e-04  |  Time: 2.47s
  Epoch 1260/5000  |  Loss: 0.035662  |  LR: 1.70e-04  |  Time: 2.21s
  Epoch 1270/5000  |  Loss: 0.036270  |  LR: 1.70e-04  |  Time: 2.18s
  Epoch 1280/5000  |  Loss: 0.036377  |  LR: 1.69e-04  |  Time: 2.13s
  Epoch 1290/5000  |  Loss: 0.039960  |  LR: 1.69e-04  |  Time: 2.13s
  Epoch 1300/5000  |  Loss: 0.037971  |  LR: 1.69e-04  |  Time: 2.13s
  Epoch 1310/5000  |  Loss: 0.039274  |  LR: 1.68e-04  |  Time: 2.18s
  Epoch 1320/5000  |  Loss: 0.035696  |  LR: 1.68e-04  |  Time: 2.23s
  Epoch 1330/5000  |  Loss: 0.039820  |  LR: 1.67e-04  |  Time: 2.11s
  Epoch 1340/5000  |  Loss: 0.035548  |  LR: 1.67e-04  |  Time: 2.10s
  Epoch 1350/5000  |  Loss: 0.036839  |  LR: 1.66e-04  |  Time: 2.12s
  Epoch 1360/5000  |  Loss: 0.036159  |  LR: 1.66e-04  |  Time: 2.21s
  Epoch 1370/5000  |  Loss: 0.037451  |  LR: 1.65e-04  |  Time: 2.20s
  Epoch 1380/5000  |  Loss: 0.037182  |  LR: 1.65e-04  |  Time: 2.27s
  Epoch 1390/5000  |  Loss: 0.035659  |  LR: 1.64e-04  |  Time: 2.24s
  Epoch 1400/5000  |  Loss: 0.035075  |  LR: 1.64e-04  |  Time: 2.16s
  Epoch 1410/5000  |  Loss: 0.037589  |  LR: 1.63e-04  |  Time: 2.24s
  Epoch 1420/5000  |  Loss: 0.036489  |  LR: 1.63e-04  |  Time: 2.04s
  Epoch 1430/5000  |  Loss: 0.034517  |  LR: 1.62e-04  |  Time: 2.20s
  Epoch 1440/5000  |  Loss: 0.032605  |  LR: 1.62e-04  |  Time: 2.08s
  Epoch 1450/5000  |  Loss: 0.034997  |  LR: 1.61e-04  |  Time: 2.11s
  Epoch 1460/5000  |  Loss: 0.035169  |  LR: 1.61e-04  |  Time: 2.28s
  Epoch 1470/5000  |  Loss: 0.031824  |  LR: 1.60e-04  |  Time: 2.18s
  Epoch 1480/5000  |  Loss: 0.033662  |  LR: 1.60e-04  |  Time: 2.13s
  Epoch 1490/5000  |  Loss: 0.036893  |  LR: 1.59e-04  |  Time: 2.16s
  Epoch 1500/5000  |  Loss: 0.034343  |  LR: 1.59e-04  |  Time: 2.31s
  Epoch 1510/5000  |  Loss: 0.035169  |  LR: 1.58e-04  |  Time: 2.11s
  Epoch 1520/5000  |  Loss: 0.033604  |  LR: 1.58e-04  |  Time: 2.21s
  Epoch 1530/5000  |  Loss: 0.036887  |  LR: 1.57e-04  |  Time: 2.15s
  Epoch 1540/5000  |  Loss: 0.032854  |  LR: 1.57e-04  |  Time: 2.14s
  Epoch 1550/5000  |  Loss: 0.036102  |  LR: 1.56e-04  |  Time: 2.16s
  Epoch 1560/5000  |  Loss: 0.035347  |  LR: 1.56e-04  |  Time: 2.22s
  Epoch 1570/5000  |  Loss: 0.034523  |  LR: 1.55e-04  |  Time: 2.27s
  Epoch 1580/5000  |  Loss: 0.030959  |  LR: 1.55e-04  |  Time: 2.15s
  Epoch 1590/5000  |  Loss: 0.033585  |  LR: 1.54e-04  |  Time: 2.17s
  Epoch 1600/5000  |  Loss: 0.031355  |  LR: 1.54e-04  |  Time: 2.10s
  Epoch 1610/5000  |  Loss: 0.033376  |  LR: 1.53e-04  |  Time: 2.20s
  Epoch 1620/5000  |  Loss: 0.034019  |  LR: 1.53e-04  |  Time: 2.10s
  Epoch 1630/5000  |  Loss: 0.034235  |  LR: 1.52e-04  |  Time: 1.94s
  Epoch 1640/5000  |  Loss: 0.032622  |  LR: 1.52e-04  |  Time: 2.15s
  Epoch 1650/5000  |  Loss: 0.033670  |  LR: 1.51e-04  |  Time: 2.19s
  Epoch 1660/5000  |  Loss: 0.031892  |  LR: 1.51e-04  |  Time: 1.76s
  Epoch 1670/5000  |  Loss: 0.035022  |  LR: 1.50e-04  |  Time: 2.19s
  Epoch 1680/5000  |  Loss: 0.032083  |  LR: 1.49e-04  |  Time: 2.15s
  Epoch 1690/5000  |  Loss: 0.031145  |  LR: 1.49e-04  |  Time: 2.27s
  Epoch 1700/5000  |  Loss: 0.034153  |  LR: 1.48e-04  |  Time: 2.18s
  Epoch 1710/5000  |  Loss: 0.031417  |  LR: 1.48e-04  |  Time: 2.23s
  Epoch 1720/5000  |  Loss: 0.030833  |  LR: 1.47e-04  |  Time: 2.28s
  Epoch 1730/5000  |  Loss: 0.031445  |  LR: 1.47e-04  |  Time: 2.16s
  Epoch 1740/5000  |  Loss: 0.031658  |  LR: 1.46e-04  |  Time: 2.11s
  Epoch 1750/5000  |  Loss: 0.031256  |  LR: 1.46e-04  |  Time: 2.17s
  Epoch 1760/5000  |  Loss: 0.032943  |  LR: 1.45e-04  |  Time: 2.02s
  Epoch 1770/5000  |  Loss: 0.029176  |  LR: 1.44e-04  |  Time: 2.19s
  Epoch 1780/5000  |  Loss: 0.030058  |  LR: 1.44e-04  |  Time: 2.28s
  Epoch 1790/5000  |  Loss: 0.030750  |  LR: 1.43e-04  |  Time: 2.17s
  Epoch 1800/5000  |  Loss: 0.031260  |  LR: 1.43e-04  |  Time: 2.15s
  Epoch 1810/5000  |  Loss: 0.031310  |  LR: 1.42e-04  |  Time: 2.25s
  Epoch 1820/5000  |  Loss: 0.030864  |  LR: 1.42e-04  |  Time: 2.14s
  Epoch 1830/5000  |  Loss: 0.031057  |  LR: 1.41e-04  |  Time: 2.18s
  Epoch 1840/5000  |  Loss: 0.032002  |  LR: 1.41e-04  |  Time: 2.18s
  Epoch 1850/5000  |  Loss: 0.031858  |  LR: 1.40e-04  |  Time: 2.17s
  Epoch 1860/5000  |  Loss: 0.031478  |  LR: 1.39e-04  |  Time: 2.13s
  Epoch 1870/5000  |  Loss: 0.030751  |  LR: 1.39e-04  |  Time: 2.37s
  Epoch 1880/5000  |  Loss: 0.030647  |  LR: 1.38e-04  |  Time: 2.23s
  Epoch 1890/5000  |  Loss: 0.030091  |  LR: 1.38e-04  |  Time: 2.21s
  Epoch 1900/5000  |  Loss: 0.028631  |  LR: 1.37e-04  |  Time: 1.82s
  Epoch 1910/5000  |  Loss: 0.028023  |  LR: 1.36e-04  |  Time: 2.24s
  Epoch 1920/5000  |  Loss: 0.028820  |  LR: 1.36e-04  |  Time: 2.14s
  Epoch 1930/5000  |  Loss: 0.027746  |  LR: 1.35e-04  |  Time: 2.17s
  Epoch 1940/5000  |  Loss: 0.030002  |  LR: 1.35e-04  |  Time: 2.16s
  Epoch 1950/5000  |  Loss: 0.030162  |  LR: 1.34e-04  |  Time: 2.21s
  Epoch 1960/5000  |  Loss: 0.029949  |  LR: 1.34e-04  |  Time: 2.11s
  Epoch 1970/5000  |  Loss: 0.029097  |  LR: 1.33e-04  |  Time: 2.21s
  Epoch 1980/5000  |  Loss: 0.028542  |  LR: 1.32e-04  |  Time: 2.14s
  Epoch 1990/5000  |  Loss: 0.031861  |  LR: 1.32e-04  |  Time: 2.13s
  Epoch 2000/5000  |  Loss: 0.031525  |  LR: 1.31e-04  |  Time: 2.06s
  Epoch 2010/5000  |  Loss: 0.030207  |  LR: 1.31e-04  |  Time: 2.17s
  Epoch 2020/5000  |  Loss: 0.028488  |  LR: 1.30e-04  |  Time: 2.21s
  Epoch 2030/5000  |  Loss: 0.030435  |  LR: 1.29e-04  |  Time: 2.21s
  Epoch 2040/5000  |  Loss: 0.029712  |  LR: 1.29e-04  |  Time: 2.15s
  Epoch 2050/5000  |  Loss: 0.026677  |  LR: 1.28e-04  |  Time: 2.19s
  Epoch 2060/5000  |  Loss: 0.027893  |  LR: 1.28e-04  |  Time: 2.04s
  Epoch 2070/5000  |  Loss: 0.027511  |  LR: 1.27e-04  |  Time: 2.14s
  Epoch 2080/5000  |  Loss: 0.026796  |  LR: 1.26e-04  |  Time: 2.13s
  Epoch 2090/5000  |  Loss: 0.026220  |  LR: 1.26e-04  |  Time: 1.98s
  Epoch 2100/5000  |  Loss: 0.028633  |  LR: 1.25e-04  |  Time: 2.16s
  Epoch 2110/5000  |  Loss: 0.028175  |  LR: 1.25e-04  |  Time: 2.13s
  Epoch 2120/5000  |  Loss: 0.026275  |  LR: 1.24e-04  |  Time: 1.88s
  Epoch 2130/5000  |  Loss: 0.027432  |  LR: 1.23e-04  |  Time: 2.23s
  Epoch 2140/5000  |  Loss: 0.028133  |  LR: 1.23e-04  |  Time: 2.13s
  Epoch 2150/5000  |  Loss: 0.025465  |  LR: 1.22e-04  |  Time: 2.25s
  Epoch 2160/5000  |  Loss: 0.029749  |  LR: 1.22e-04  |  Time: 1.95s
  Epoch 2170/5000  |  Loss: 0.024887  |  LR: 1.21e-04  |  Time: 2.22s
  Epoch 2180/5000  |  Loss: 0.030064  |  LR: 1.20e-04  |  Time: 2.13s
  Epoch 2190/5000  |  Loss: 0.027802  |  LR: 1.20e-04  |  Time: 2.08s
  Epoch 2200/5000  |  Loss: 0.027902  |  LR: 1.19e-04  |  Time: 2.14s
  Epoch 2210/5000  |  Loss: 0.025016  |  LR: 1.18e-04  |  Time: 2.26s
  Epoch 2220/5000  |  Loss: 0.024267  |  LR: 1.18e-04  |  Time: 2.29s
  Epoch 2230/5000  |  Loss: 0.027541  |  LR: 1.17e-04  |  Time: 2.13s
  Epoch 2240/5000  |  Loss: 0.025957  |  LR: 1.17e-04  |  Time: 2.13s
  Epoch 2250/5000  |  Loss: 0.026618  |  LR: 1.16e-04  |  Time: 2.19s
  Epoch 2260/5000  |  Loss: 0.027480  |  LR: 1.15e-04  |  Time: 2.09s
  Epoch 2270/5000  |  Loss: 0.027256  |  LR: 1.15e-04  |  Time: 2.15s
  Epoch 2280/5000  |  Loss: 0.024531  |  LR: 1.14e-04  |  Time: 2.07s
  Epoch 2290/5000  |  Loss: 0.027451  |  LR: 1.14e-04  |  Time: 2.12s
  Epoch 2300/5000  |  Loss: 0.026790  |  LR: 1.13e-04  |  Time: 2.13s
  Epoch 2310/5000  |  Loss: 0.026403  |  LR: 1.12e-04  |  Time: 2.13s
  Epoch 2320/5000  |  Loss: 0.026799  |  LR: 1.12e-04  |  Time: 2.16s
  Epoch 2330/5000  |  Loss: 0.026464  |  LR: 1.11e-04  |  Time: 2.22s
  Epoch 2340/5000  |  Loss: 0.025569  |  LR: 1.10e-04  |  Time: 2.19s
  Epoch 2350/5000  |  Loss: 0.027039  |  LR: 1.10e-04  |  Time: 2.22s
  Epoch 2360/5000  |  Loss: 0.025547  |  LR: 1.09e-04  |  Time: 2.14s
  Epoch 2370/5000  |  Loss: 0.025855  |  LR: 1.09e-04  |  Time: 2.21s
  Epoch 2380/5000  |  Loss: 0.029789  |  LR: 1.08e-04  |  Time: 2.13s
  Epoch 2390/5000  |  Loss: 0.025205  |  LR: 1.07e-04  |  Time: 2.29s
  Epoch 2400/5000  |  Loss: 0.026974  |  LR: 1.07e-04  |  Time: 2.18s
  Epoch 2410/5000  |  Loss: 0.026247  |  LR: 1.06e-04  |  Time: 2.16s
  Epoch 2420/5000  |  Loss: 0.026927  |  LR: 1.05e-04  |  Time: 2.15s
  Epoch 2430/5000  |  Loss: 0.025703  |  LR: 1.05e-04  |  Time: 2.15s
  Epoch 2440/5000  |  Loss: 0.025900  |  LR: 1.04e-04  |  Time: 2.47s
  Epoch 2450/5000  |  Loss: 0.026329  |  LR: 1.04e-04  |  Time: 2.18s
  Epoch 2460/5000  |  Loss: 0.024530  |  LR: 1.03e-04  |  Time: 2.13s
  Epoch 2470/5000  |  Loss: 0.024610  |  LR: 1.02e-04  |  Time: 2.30s
  Epoch 2480/5000  |  Loss: 0.027480  |  LR: 1.02e-04  |  Time: 1.98s
  Epoch 2490/5000  |  Loss: 0.024798  |  LR: 1.01e-04  |  Time: 2.04s
  Epoch 2500/5000  |  Loss: 0.024586  |  LR: 1.00e-04  |  Time: 2.14s
  Epoch 2510/5000  |  Loss: 0.026602  |  LR: 9.98e-05  |  Time: 2.15s
  Epoch 2520/5000  |  Loss: 0.028584  |  LR: 9.92e-05  |  Time: 2.15s
  Epoch 2530/5000  |  Loss: 0.023862  |  LR: 9.86e-05  |  Time: 1.97s
  Epoch 2540/5000  |  Loss: 0.026318  |  LR: 9.79e-05  |  Time: 2.18s
  Epoch 2550/5000  |  Loss: 0.023571  |  LR: 9.73e-05  |  Time: 2.30s
  Epoch 2560/5000  |  Loss: 0.024653  |  LR: 9.67e-05  |  Time: 2.39s
  Epoch 2570/5000  |  Loss: 0.026324  |  LR: 9.61e-05  |  Time: 2.39s
  Epoch 2580/5000  |  Loss: 0.023708  |  LR: 9.54e-05  |  Time: 2.41s
  Epoch 2590/5000  |  Loss: 0.023856  |  LR: 9.48e-05  |  Time: 2.19s
  Epoch 2600/5000  |  Loss: 0.025309  |  LR: 9.42e-05  |  Time: 2.16s
  Epoch 2610/5000  |  Loss: 0.022977  |  LR: 9.36e-05  |  Time: 2.54s
  Epoch 2620/5000  |  Loss: 0.023423  |  LR: 9.29e-05  |  Time: 2.14s
  Epoch 2630/5000  |  Loss: 0.024550  |  LR: 9.23e-05  |  Time: 2.17s
  Epoch 2640/5000  |  Loss: 0.024986  |  LR: 9.17e-05  |  Time: 2.16s
  Epoch 2650/5000  |  Loss: 0.021767  |  LR: 9.11e-05  |  Time: 2.17s
  Epoch 2660/5000  |  Loss: 0.023815  |  LR: 9.05e-05  |  Time: 2.15s
  Epoch 2670/5000  |  Loss: 0.020915  |  LR: 8.98e-05  |  Time: 2.29s
  Epoch 2680/5000  |  Loss: 0.023998  |  LR: 8.92e-05  |  Time: 2.17s
  Epoch 2690/5000  |  Loss: 0.022233  |  LR: 8.86e-05  |  Time: 2.16s
  Epoch 2700/5000  |  Loss: 0.026184  |  LR: 8.80e-05  |  Time: 2.13s
  Epoch 2710/5000  |  Loss: 0.023007  |  LR: 8.73e-05  |  Time: 2.19s
  Epoch 2720/5000  |  Loss: 0.022799  |  LR: 8.67e-05  |  Time: 2.19s
  Epoch 2730/5000  |  Loss: 0.024917  |  LR: 8.61e-05  |  Time: 2.09s
  Epoch 2740/5000  |  Loss: 0.022799  |  LR: 8.55e-05  |  Time: 2.14s
  Epoch 2750/5000  |  Loss: 0.022972  |  LR: 8.49e-05  |  Time: 2.28s
  Epoch 2760/5000  |  Loss: 0.022921  |  LR: 8.43e-05  |  Time: 2.18s
  Epoch 2770/5000  |  Loss: 0.020934  |  LR: 8.36e-05  |  Time: 2.15s
  Epoch 2780/5000  |  Loss: 0.022959  |  LR: 8.30e-05  |  Time: 2.07s
  Epoch 2790/5000  |  Loss: 0.023387  |  LR: 8.24e-05  |  Time: 2.11s
  Epoch 2800/5000  |  Loss: 0.022611  |  LR: 8.18e-05  |  Time: 2.19s
  Epoch 2810/5000  |  Loss: 0.022706  |  LR: 8.12e-05  |  Time: 2.28s
  Epoch 2820/5000  |  Loss: 0.023264  |  LR: 8.06e-05  |  Time: 2.15s
  Epoch 2830/5000  |  Loss: 0.023375  |  LR: 8.00e-05  |  Time: 2.13s
  Epoch 2840/5000  |  Loss: 0.022723  |  LR: 7.93e-05  |  Time: 2.44s
  Epoch 2850/5000  |  Loss: 0.023879  |  LR: 7.87e-05  |  Time: 2.24s
  Epoch 2860/5000  |  Loss: 0.023472  |  LR: 7.81e-05  |  Time: 2.37s
  Epoch 2870/5000  |  Loss: 0.019730  |  LR: 7.75e-05  |  Time: 2.14s
  Epoch 2880/5000  |  Loss: 0.020117  |  LR: 7.69e-05  |  Time: 2.27s
  Epoch 2890/5000  |  Loss: 0.020583  |  LR: 7.63e-05  |  Time: 2.19s
  Epoch 2900/5000  |  Loss: 0.024904  |  LR: 7.57e-05  |  Time: 2.20s
  Epoch 2910/5000  |  Loss: 0.022655  |  LR: 7.51e-05  |  Time: 2.10s
  Epoch 2920/5000  |  Loss: 0.020383  |  LR: 7.45e-05  |  Time: 2.17s
  Epoch 2930/5000  |  Loss: 0.021544  |  LR: 7.39e-05  |  Time: 2.16s
  Epoch 2940/5000  |  Loss: 0.019766  |  LR: 7.33e-05  |  Time: 2.12s
  Epoch 2950/5000  |  Loss: 0.020240  |  LR: 7.27e-05  |  Time: 2.22s
  Epoch 2960/5000  |  Loss: 0.021351  |  LR: 7.21e-05  |  Time: 2.38s
  Epoch 2970/5000  |  Loss: 0.022864  |  LR: 7.15e-05  |  Time: 2.13s
  Epoch 2980/5000  |  Loss: 0.021256  |  LR: 7.09e-05  |  Time: 2.40s
  Epoch 2990/5000  |  Loss: 0.021842  |  LR: 7.03e-05  |  Time: 2.14s
[Utils] Checkpoint saved: /home/u00134/src/logs/deep_v5_epochs5000_300T_2026s_5120/checkpoint_epoch_2999.pt
  Epoch 3000/5000  |  Loss: 0.021856  |  LR: 6.97e-05  |  Time: 2.10s
  Epoch 3010/5000  |  Loss: 0.019627  |  LR: 6.91e-05  |  Time: 2.01s
  Epoch 3020/5000  |  Loss: 0.020648  |  LR: 6.85e-05  |  Time: 2.16s
  Epoch 3030/5000  |  Loss: 0.019937  |  LR: 6.79e-05  |  Time: 2.18s
  Epoch 3040/5000  |  Loss: 0.023341  |  LR: 6.73e-05  |  Time: 2.07s
  Epoch 3050/5000  |  Loss: 0.020530  |  LR: 6.67e-05  |  Time: 2.22s
  Epoch 3060/5000  |  Loss: 0.020552  |  LR: 6.61e-05  |  Time: 2.21s
  Epoch 3070/5000  |  Loss: 0.020708  |  LR: 6.56e-05  |  Time: 2.32s
  Epoch 3080/5000  |  Loss: 0.020629  |  LR: 6.50e-05  |  Time: 2.13s
  Epoch 3090/5000  |  Loss: 0.021750  |  LR: 6.44e-05  |  Time: 2.14s
  Epoch 3100/5000  |  Loss: 0.020318  |  LR: 6.38e-05  |  Time: 2.11s
  Epoch 3110/5000  |  Loss: 0.021361  |  LR: 6.32e-05  |  Time: 2.47s
  Epoch 3120/5000  |  Loss: 0.020903  |  LR: 6.27e-05  |  Time: 2.09s
  Epoch 3130/5000  |  Loss: 0.020340  |  LR: 6.21e-05  |  Time: 2.05s
  Epoch 3140/5000  |  Loss: 0.019532  |  LR: 6.15e-05  |  Time: 2.05s
  Epoch 3150/5000  |  Loss: 0.019718  |  LR: 6.09e-05  |  Time: 2.04s
  Epoch 3160/5000  |  Loss: 0.019113  |  LR: 6.04e-05  |  Time: 2.03s
  Epoch 3170/5000  |  Loss: 0.019254  |  LR: 5.98e-05  |  Time: 2.00s
  Epoch 3180/5000  |  Loss: 0.021017  |  LR: 5.92e-05  |  Time: 2.04s
  Epoch 3190/5000  |  Loss: 0.019296  |  LR: 5.86e-05  |  Time: 2.04s
  Epoch 3200/5000  |  Loss: 0.020093  |  LR: 5.81e-05  |  Time: 2.03s
  Epoch 3210/5000  |  Loss: 0.018207  |  LR: 5.75e-05  |  Time: 2.03s
  Epoch 3220/5000  |  Loss: 0.020342  |  LR: 5.70e-05  |  Time: 2.03s
  Epoch 3230/5000  |  Loss: 0.020260  |  LR: 5.64e-05  |  Time: 2.04s
  Epoch 3240/5000  |  Loss: 0.019166  |  LR: 5.58e-05  |  Time: 2.04s
  Epoch 3250/5000  |  Loss: 0.020115  |  LR: 5.53e-05  |  Time: 2.03s
  Epoch 3260/5000  |  Loss: 0.020468  |  LR: 5.47e-05  |  Time: 2.02s
  Epoch 3270/5000  |  Loss: 0.019819  |  LR: 5.42e-05  |  Time: 2.06s
  Epoch 3280/5000  |  Loss: 0.019586  |  LR: 5.36e-05  |  Time: 2.02s
  Epoch 3290/5000  |  Loss: 0.020851  |  LR: 5.31e-05  |  Time: 2.04s
  Epoch 3300/5000  |  Loss: 0.020610  |  LR: 5.25e-05  |  Time: 2.03s
  Epoch 3310/5000  |  Loss: 0.019092  |  LR: 5.20e-05  |  Time: 2.00s
  Epoch 3320/5000  |  Loss: 0.020642  |  LR: 5.14e-05  |  Time: 2.05s
  Epoch 3330/5000  |  Loss: 0.018132  |  LR: 5.09e-05  |  Time: 2.04s
  Epoch 3340/5000  |  Loss: 0.019115  |  LR: 5.03e-05  |  Time: 2.05s
  Epoch 3350/5000  |  Loss: 0.018191  |  LR: 4.98e-05  |  Time: 2.04s
  Epoch 3360/5000  |  Loss: 0.019221  |  LR: 4.93e-05  |  Time: 2.06s
  Epoch 3370/5000  |  Loss: 0.020598  |  LR: 4.87e-05  |  Time: 2.05s
  Epoch 3380/5000  |  Loss: 0.018810  |  LR: 4.82e-05  |  Time: 2.04s
  Epoch 3390/5000  |  Loss: 0.018514  |  LR: 4.77e-05  |  Time: 2.02s
  Epoch 3400/5000  |  Loss: 0.018823  |  LR: 4.71e-05  |  Time: 2.05s
  Epoch 3410/5000  |  Loss: 0.019026  |  LR: 4.66e-05  |  Time: 2.04s
  Epoch 3420/5000  |  Loss: 0.018274  |  LR: 4.61e-05  |  Time: 2.02s
  Epoch 3430/5000  |  Loss: 0.018059  |  LR: 4.56e-05  |  Time: 2.05s
  Epoch 3440/5000  |  Loss: 0.018233  |  LR: 4.50e-05  |  Time: 2.03s
  Epoch 3450/5000  |  Loss: 0.019836  |  LR: 4.45e-05  |  Time: 2.04s
  Epoch 3460/5000  |  Loss: 0.020307  |  LR: 4.40e-05  |  Time: 2.03s
  Epoch 3470/5000  |  Loss: 0.016472  |  LR: 4.35e-05  |  Time: 2.04s
  Epoch 3480/5000  |  Loss: 0.018268  |  LR: 4.30e-05  |  Time: 2.03s
  Epoch 3490/5000  |  Loss: 0.016775  |  LR: 4.25e-05  |  Time: 2.02s
  Epoch 3500/5000  |  Loss: 0.018347  |  LR: 4.20e-05  |  Time: 2.05s
  Epoch 3510/5000  |  Loss: 0.017001  |  LR: 4.15e-05  |  Time: 2.05s
  Epoch 3520/5000  |  Loss: 0.018832  |  LR: 4.10e-05  |  Time: 2.04s
  Epoch 3530/5000  |  Loss: 0.018349  |  LR: 4.05e-05  |  Time: 2.03s
  Epoch 3540/5000  |  Loss: 0.018683  |  LR: 4.00e-05  |  Time: 2.03s
  Epoch 3550/5000  |  Loss: 0.018704  |  LR: 3.95e-05  |  Time: 2.03s
  Epoch 3560/5000  |  Loss: 0.017611  |  LR: 3.90e-05  |  Time: 2.00s
  Epoch 3570/5000  |  Loss: 0.018793  |  LR: 3.85e-05  |  Time: 2.04s
  Epoch 3580/5000  |  Loss: 0.018524  |  LR: 3.80e-05  |  Time: 2.04s
  Epoch 3590/5000  |  Loss: 0.018792  |  LR: 3.75e-05  |  Time: 2.04s
  Epoch 3600/5000  |  Loss: 0.018658  |  LR: 3.70e-05  |  Time: 2.17s
  Epoch 3610/5000  |  Loss: 0.017333  |  LR: 3.65e-05  |  Time: 2.10s
  Epoch 3620/5000  |  Loss: 0.016681  |  LR: 3.61e-05  |  Time: 2.03s
  Epoch 3630/5000  |  Loss: 0.017152  |  LR: 3.56e-05  |  Time: 2.02s
  Epoch 3640/5000  |  Loss: 0.017798  |  LR: 3.51e-05  |  Time: 2.04s
  Epoch 3650/5000  |  Loss: 0.016979  |  LR: 3.47e-05  |  Time: 2.05s
  Epoch 3660/5000  |  Loss: 0.017136  |  LR: 3.42e-05  |  Time: 2.03s
  Epoch 3670/5000  |  Loss: 0.017806  |  LR: 3.37e-05  |  Time: 2.05s
  Epoch 3680/5000  |  Loss: 0.016931  |  LR: 3.33e-05  |  Time: 2.04s
  Epoch 3690/5000  |  Loss: 0.016238  |  LR: 3.28e-05  |  Time: 2.03s
  Epoch 3700/5000  |  Loss: 0.017404  |  LR: 3.23e-05  |  Time: 2.04s
  Epoch 3710/5000  |  Loss: 0.017369  |  LR: 3.19e-05  |  Time: 2.04s
  Epoch 3720/5000  |  Loss: 0.016709  |  LR: 3.14e-05  |  Time: 2.03s
  Epoch 3730/5000  |  Loss: 0.017557  |  LR: 3.10e-05  |  Time: 2.01s
  Epoch 3740/5000  |  Loss: 0.014995  |  LR: 3.05e-05  |  Time: 2.02s
  Epoch 3750/5000  |  Loss: 0.016104  |  LR: 3.01e-05  |  Time: 2.04s
  Epoch 3760/5000  |  Loss: 0.016722  |  LR: 2.97e-05  |  Time: 2.02s
  Epoch 3770/5000  |  Loss: 0.017858  |  LR: 2.92e-05  |  Time: 2.03s
  Epoch 3780/5000  |  Loss: 0.018537  |  LR: 2.88e-05  |  Time: 1.99s
  Epoch 3790/5000  |  Loss: 0.016649  |  LR: 2.84e-05  |  Time: 1.93s
  Epoch 3800/5000  |  Loss: 0.016995  |  LR: 2.79e-05  |  Time: 1.95s
  Epoch 3810/5000  |  Loss: 0.016580  |  LR: 2.75e-05  |  Time: 2.01s
  Epoch 3820/5000  |  Loss: 0.016427  |  LR: 2.71e-05  |  Time: 2.03s
  Epoch 3830/5000  |  Loss: 0.016695  |  LR: 2.67e-05  |  Time: 2.03s
  Epoch 3840/5000  |  Loss: 0.016313  |  LR: 2.62e-05  |  Time: 2.03s
  Epoch 3850/5000  |  Loss: 0.016394  |  LR: 2.58e-05  |  Time: 2.04s
  Epoch 3860/5000  |  Loss: 0.015557  |  LR: 2.54e-05  |  Time: 2.03s
  Epoch 3870/5000  |  Loss: 0.016778  |  LR: 2.50e-05  |  Time: 2.00s
  Epoch 3880/5000  |  Loss: 0.015849  |  LR: 2.46e-05  |  Time: 2.02s
  Epoch 3890/5000  |  Loss: 0.016192  |  LR: 2.42e-05  |  Time: 2.03s
  Epoch 3900/5000  |  Loss: 0.016939  |  LR: 2.38e-05  |  Time: 2.01s
  Epoch 3910/5000  |  Loss: 0.016716  |  LR: 2.34e-05  |  Time: 2.03s
  Epoch 3920/5000  |  Loss: 0.017836  |  LR: 2.30e-05  |  Time: 2.00s
  Epoch 3930/5000  |  Loss: 0.017059  |  LR: 2.26e-05  |  Time: 2.05s
  Epoch 3940/5000  |  Loss: 0.016609  |  LR: 2.22e-05  |  Time: 2.01s
  Epoch 3950/5000  |  Loss: 0.016915  |  LR: 2.18e-05  |  Time: 2.04s
  Epoch 3960/5000  |  Loss: 0.016431  |  LR: 2.15e-05  |  Time: 2.03s
  Epoch 3970/5000  |  Loss: 0.016199  |  LR: 2.11e-05  |  Time: 2.02s
  Epoch 3980/5000  |  Loss: 0.015405  |  LR: 2.07e-05  |  Time: 2.03s
  Epoch 3990/5000  |  Loss: 0.016248  |  LR: 2.03e-05  |  Time: 2.03s
  Epoch 4000/5000  |  Loss: 0.015943  |  LR: 2.00e-05  |  Time: 2.01s
  Epoch 4010/5000  |  Loss: 0.014943  |  LR: 1.96e-05  |  Time: 2.04s
  Epoch 4020/5000  |  Loss: 0.016477  |  LR: 1.92e-05  |  Time: 2.05s
  Epoch 4030/5000  |  Loss: 0.016787  |  LR: 1.89e-05  |  Time: 2.01s
  Epoch 4040/5000  |  Loss: 0.016050  |  LR: 1.85e-05  |  Time: 2.04s
  Epoch 4050/5000  |  Loss: 0.016125  |  LR: 1.82e-05  |  Time: 2.04s
  Epoch 4060/5000  |  Loss: 0.015484  |  LR: 1.78e-05  |  Time: 2.06s
  Epoch 4070/5000  |  Loss: 0.015582  |  LR: 1.75e-05  |  Time: 2.04s
  Epoch 4080/5000  |  Loss: 0.016801  |  LR: 1.71e-05  |  Time: 2.03s
  Epoch 4090/5000  |  Loss: 0.015436  |  LR: 1.68e-05  |  Time: 2.05s
  Epoch 4100/5000  |  Loss: 0.015864  |  LR: 1.65e-05  |  Time: 2.03s
  Epoch 4110/5000  |  Loss: 0.016007  |  LR: 1.61e-05  |  Time: 2.04s
  Epoch 4120/5000  |  Loss: 0.016122  |  LR: 1.58e-05  |  Time: 2.04s
  Epoch 4130/5000  |  Loss: 0.015628  |  LR: 1.55e-05  |  Time: 2.04s
  Epoch 4140/5000  |  Loss: 0.015843  |  LR: 1.51e-05  |  Time: 1.90s
  Epoch 4150/5000  |  Loss: 0.015573  |  LR: 1.48e-05  |  Time: 2.05s
  Epoch 4160/5000  |  Loss: 0.015737  |  LR: 1.45e-05  |  Time: 2.05s
  Epoch 4170/5000  |  Loss: 0.015818  |  LR: 1.42e-05  |  Time: 2.26s
  Epoch 4180/5000  |  Loss: 0.014805  |  LR: 1.39e-05  |  Time: 2.16s
  Epoch 4190/5000  |  Loss: 0.015090  |  LR: 1.36e-05  |  Time: 2.16s
  Epoch 4200/5000  |  Loss: 0.015971  |  LR: 1.33e-05  |  Time: 2.23s
  Epoch 4210/5000  |  Loss: 0.015732  |  LR: 1.30e-05  |  Time: 2.27s
  Epoch 4220/5000  |  Loss: 0.015724  |  LR: 1.27e-05  |  Time: 2.19s
  Epoch 4230/5000  |  Loss: 0.016724  |  LR: 1.24e-05  |  Time: 2.20s
  Epoch 4240/5000  |  Loss: 0.014660  |  LR: 1.21e-05  |  Time: 2.30s
  Epoch 4250/5000  |  Loss: 0.015094  |  LR: 1.18e-05  |  Time: 2.13s
  Epoch 4260/5000  |  Loss: 0.015553  |  LR: 1.15e-05  |  Time: 2.19s
  Epoch 4270/5000  |  Loss: 0.015521  |  LR: 1.13e-05  |  Time: 2.29s
  Epoch 4280/5000  |  Loss: 0.015211  |  LR: 1.10e-05  |  Time: 2.20s
  Epoch 4290/5000  |  Loss: 0.015987  |  LR: 1.07e-05  |  Time: 2.06s
  Epoch 4300/5000  |  Loss: 0.016155  |  LR: 1.04e-05  |  Time: 2.15s
  Epoch 4310/5000  |  Loss: 0.014182  |  LR: 1.02e-05  |  Time: 2.14s
  Epoch 4320/5000  |  Loss: 0.015014  |  LR: 9.92e-06  |  Time: 2.07s
  Epoch 4330/5000  |  Loss: 0.016066  |  LR: 9.66e-06  |  Time: 2.08s
  Epoch 4340/5000  |  Loss: 0.015477  |  LR: 9.41e-06  |  Time: 2.24s
  Epoch 4350/5000  |  Loss: 0.016465  |  LR: 9.16e-06  |  Time: 2.16s
  Epoch 4360/5000  |  Loss: 0.015213  |  LR: 8.91e-06  |  Time: 2.09s
  Epoch 4370/5000  |  Loss: 0.016034  |  LR: 8.67e-06  |  Time: 2.15s
  Epoch 4380/5000  |  Loss: 0.013575  |  LR: 8.43e-06  |  Time: 2.18s
  Epoch 4390/5000  |  Loss: 0.014834  |  LR: 8.20e-06  |  Time: 2.20s
  Epoch 4400/5000  |  Loss: 0.013904  |  LR: 7.96e-06  |  Time: 2.27s
  Epoch 4410/5000  |  Loss: 0.014225  |  LR: 7.74e-06  |  Time: 2.19s
  Epoch 4420/5000  |  Loss: 0.013578  |  LR: 7.51e-06  |  Time: 2.17s
  Epoch 4430/5000  |  Loss: 0.016067  |  LR: 7.29e-06  |  Time: 2.52s
  Epoch 4440/5000  |  Loss: 0.014843  |  LR: 7.07e-06  |  Time: 2.22s
  Epoch 4450/5000  |  Loss: 0.015003  |  LR: 6.86e-06  |  Time: 2.19s
  Epoch 4460/5000  |  Loss: 0.015102  |  LR: 6.65e-06  |  Time: 2.26s
  Epoch 4470/5000  |  Loss: 0.015805  |  LR: 6.45e-06  |  Time: 2.19s
  Epoch 4480/5000  |  Loss: 0.014280  |  LR: 6.24e-06  |  Time: 2.21s
  Epoch 4490/5000  |  Loss: 0.014780  |  LR: 6.05e-06  |  Time: 2.09s
  Epoch 4500/5000  |  Loss: 0.014235  |  LR: 5.85e-06  |  Time: 2.16s
  Epoch 4510/5000  |  Loss: 0.014897  |  LR: 5.66e-06  |  Time: 2.16s
  Epoch 4520/5000  |  Loss: 0.014352  |  LR: 5.47e-06  |  Time: 2.10s
  Epoch 4530/5000  |  Loss: 0.013826  |  LR: 5.29e-06  |  Time: 2.14s
  Epoch 4540/5000  |  Loss: 0.014409  |  LR: 5.11e-06  |  Time: 2.29s
  Epoch 4550/5000  |  Loss: 0.015121  |  LR: 4.93e-06  |  Time: 2.14s
  Epoch 4560/5000  |  Loss: 0.015687  |  LR: 4.76e-06  |  Time: 2.30s
  Epoch 4570/5000  |  Loss: 0.014071  |  LR: 4.59e-06  |  Time: 2.19s
  Epoch 4580/5000  |  Loss: 0.016455  |  LR: 4.43e-06  |  Time: 2.20s
  Epoch 4590/5000  |  Loss: 0.015697  |  LR: 4.27e-06  |  Time: 2.22s
  Epoch 4600/5000  |  Loss: 0.015281  |  LR: 4.11e-06  |  Time: 2.18s
  Epoch 4610/5000  |  Loss: 0.014481  |  LR: 3.96e-06  |  Time: 2.46s
  Epoch 4620/5000  |  Loss: 0.014082  |  LR: 3.81e-06  |  Time: 2.08s
  Epoch 4630/5000  |  Loss: 0.014625  |  LR: 3.66e-06  |  Time: 2.18s
  Epoch 4640/5000  |  Loss: 0.014106  |  LR: 3.52e-06  |  Time: 2.29s
  Epoch 4650/5000  |  Loss: 0.014246  |  LR: 3.38e-06  |  Time: 2.11s
  Epoch 4660/5000  |  Loss: 0.014866  |  LR: 3.25e-06  |  Time: 2.16s
  Epoch 4670/5000  |  Loss: 0.013981  |  LR: 3.12e-06  |  Time: 2.20s
  Epoch 4680/5000  |  Loss: 0.014890  |  LR: 2.99e-06  |  Time: 2.24s
  Epoch 4690/5000  |  Loss: 0.015206  |  LR: 2.87e-06  |  Time: 2.17s
  Epoch 4700/5000  |  Loss: 0.014481  |  LR: 2.75e-06  |  Time: 2.15s
  Epoch 4710/5000  |  Loss: 0.014906  |  LR: 2.64e-06  |  Time: 2.19s
  Epoch 4720/5000  |  Loss: 0.014287  |  LR: 2.52e-06  |  Time: 2.21s
  Epoch 4730/5000  |  Loss: 0.015330  |  LR: 2.42e-06  |  Time: 2.16s
  Epoch 4740/5000  |  Loss: 0.013846  |  LR: 2.31e-06  |  Time: 2.16s
  Epoch 4750/5000  |  Loss: 0.015029  |  LR: 2.22e-06  |  Time: 2.17s
  Epoch 4760/5000  |  Loss: 0.013873  |  LR: 2.12e-06  |  Time: 2.19s
  Epoch 4770/5000  |  Loss: 0.014561  |  LR: 2.03e-06  |  Time: 1.87s
  Epoch 4780/5000  |  Loss: 0.013995  |  LR: 1.94e-06  |  Time: 2.19s
  Epoch 4790/5000  |  Loss: 0.015477  |  LR: 1.86e-06  |  Time: 2.16s
  Epoch 4800/5000  |  Loss: 0.014189  |  LR: 1.78e-06  |  Time: 2.08s
  Epoch 4810/5000  |  Loss: 0.014566  |  LR: 1.70e-06  |  Time: 2.11s
  Epoch 4820/5000  |  Loss: 0.014086  |  LR: 1.63e-06  |  Time: 2.15s
  Epoch 4830/5000  |  Loss: 0.013596  |  LR: 1.56e-06  |  Time: 2.19s
  Epoch 4840/5000  |  Loss: 0.014710  |  LR: 1.50e-06  |  Time: 2.51s
  Epoch 4850/5000  |  Loss: 0.014244  |  LR: 1.44e-06  |  Time: 2.18s
  Epoch 4860/5000  |  Loss: 0.015250  |  LR: 1.38e-06  |  Time: 2.18s
  Epoch 4870/5000  |  Loss: 0.014227  |  LR: 1.33e-06  |  Time: 2.05s
  Epoch 4880/5000  |  Loss: 0.014340  |  LR: 1.28e-06  |  Time: 2.14s
  Epoch 4890/5000  |  Loss: 0.015193  |  LR: 1.23e-06  |  Time: 2.20s
  Epoch 4900/5000  |  Loss: 0.014317  |  LR: 1.19e-06  |  Time: 2.50s
  Epoch 4910/5000  |  Loss: 0.014867  |  LR: 1.16e-06  |  Time: 2.19s
  Epoch 4920/5000  |  Loss: 0.014015  |  LR: 1.12e-06  |  Time: 2.17s
  Epoch 4930/5000  |  Loss: 0.015844  |  LR: 1.09e-06  |  Time: 2.14s
  Epoch 4940/5000  |  Loss: 0.014339  |  LR: 1.07e-06  |  Time: 2.10s
  Epoch 4950/5000  |  Loss: 0.014576  |  LR: 1.05e-06  |  Time: 2.15s
  Epoch 4960/5000  |  Loss: 0.014995  |  LR: 1.03e-06  |  Time: 2.03s
  Epoch 4970/5000  |  Loss: 0.015955  |  LR: 1.02e-06  |  Time: 2.18s
  Epoch 4980/5000  |  Loss: 0.014928  |  LR: 1.01e-06  |  Time: 2.15s
  Epoch 4990/5000  |  Loss: 0.014473  |  LR: 1.00e-06  |  Time: 1.94s
  Epoch 4999/5000  |  Loss: 0.015276  |  LR: 1.00e-06  |  Time: 2.17s
[Utils] Checkpoint saved: /home/u00134/src/logs/deep_v5_epochs5000_300T_2026s_5120/checkpoint_final.pt
------------------------------------------------------------

[Done] Training complete!
  Total time:   10767.2s (179.5 min)
  Final loss:   0.015276
  Best loss:    0.012632 (epoch 4616)
  Run dir:      /home/u00134/src/logs/deep_v5_epochs5000_300T_2026s_5120
  Scaler:       /home/u00134/src/logs/deep_v5_epochs5000_300T_2026s_5120/scaler.pt
  Loss history: /home/u00134/src/logs/deep_v5_epochs5000_300T_2026s_5120/loss_history.csv
